             VMA              LMA     Size Align Out     In      Symbol
               0                0 80200000     1 . = 0x80200000
        80200000                0        0     1 __kernel_base = .
        80200000         80200000      bd0     4 .text
        80200000         80200000        e     2         /tmp/kernel-4174d1.o:(.text.boot)
        80200000         80200000        0     1                 
        80200000         80200000        0     1                 
        80200000         80200000        0     1                 .Lpcrel_hi50
        80200000         80200000        0     1                 $x.1
        80200000         80200000        0     1                 
        80200000         80200000        e     1                 boot
        8020000e         8020000e        0     1                 
        8020000e         8020000e        0     1                 
        80200010         80200010      940     4         /tmp/kernel-4174d1.o:(.text)
        80200010         80200010        0     1                 
        80200010         80200010        0     1                 
        80200010         80200010        0     1                 $x.0
        80200010         80200010        0     1                 
        80200010         80200010        6     1                 sbi_call
        80200014         80200014        0     1                 
        80200016         80200016        0     1                 
        80200016         80200016        0     1                 
        80200016         80200016        0     1                 
        80200016         80200016       14     1                 putchar
        80200028         80200028        0     1                 
        8020002a         8020002a        0     1                 
        8020002a         8020002a        0     1                 
        8020002a         8020002a        0     1                 
        8020002a         8020002a       16     1                 getchar
        8020003e         8020003e        0     1                 
        80200040         80200040        0     1                 
        80200040         80200040        0     1                 
        80200040         80200040        0     1                 
        80200040         80200040       9c     1                 kernel_entry
        802000dc         802000dc        0     1                 
        802000dc         802000dc        0     1                 
        802000dc         802000dc        0     1                 
        802000dc         802000dc       22     1                 myfunc
        802000e0         802000e0        0     1                 .Lpcrel_hi0
        802000e0         802000e0        0     1                 
        802000e8         802000e8        0     1                 .Lpcrel_hi1
        802000fc         802000fc        0     1                 
        802000fe         802000fe        0     1                 
        802000fe         802000fe        0     1                 
        802000fe         802000fe        0     1                 
        802000fe         802000fe        0     1                 
        802000fe         802000fe        0     1                 
        802000fe         802000fe       46     1                 switch_context
        80200144         80200144        0     1                 
        80200144         80200144        0     1                 
        80200144         80200144        0     1                 
        80200144         80200144       5a     1                 alloc_pages
        8020014a         8020014a        0     1                 .Lpcrel_hi2
        8020014a         8020014a        0     1                 
        80200152         80200152        0     1                 
        80200152         80200152        0     1                 
        80200156         80200156        0     1                 
        8020015a         8020015a        0     1                 
        8020015a         8020015a        0     1                 .Lpcrel_hi3
        8020015a         8020015a        0     1                 
        80200162         80200162        0     1                 
        80200166         80200166        0     1                 
        8020016a         8020016a        0     1                 .Lpcrel_hi4
        8020016a         8020016a        0     1                 
        80200172         80200172        0     1                 .Lpcrel_hi5
        80200186         80200186        0     1                 
        80200188         80200188        0     1                 
        80200194         80200194        0     1                 
        80200194         80200194        0     1                 
        8020019a         8020019a        0     1                 
        8020019a         8020019a        0     1                 
        8020019e         8020019e        0     1                 
        8020019e         8020019e        0     1                 
        8020019e         8020019e        0     1                 
        8020019e         8020019e        0     1                 
        8020019e         8020019e        0     1                 
        8020019e         8020019e      164     1                 map_page
        802001ae         802001ae        0     1                 
        802001ae         802001ae        0     1                 
        802001b0         802001b0        0     1                 
        802001b2         802001b2        0     1                 .Lpcrel_hi6
        802001b2         802001b2        0     1                 
        802001b6         802001b6        0     1                 
        802001ba         802001ba        0     1                 .Lpcrel_hi7
        802001c6         802001c6        0     1                 
        802001c8         802001c8        0     1                 
        802001d0         802001d0        0     1                 
        802001d2         802001d2        0     1                 
        802001d2         802001d2        0     1                 
        802001d6         802001d6        0     1                 
        802001d8         802001d8        0     1                 
        802001da         802001da        0     1                 .Lpcrel_hi8
        802001da         802001da        0     1                 
        802001de         802001de        0     1                 
        802001e2         802001e2        0     1                 .Lpcrel_hi9
        802001ec         802001ec        0     1                 
        802001f0         802001f0        0     1                 
        802001f8         802001f8        0     1                 
        802001fa         802001fa        0     1                 
        802001fa         802001fa        0     1                 
        80200200         80200200        0     1                 
        80200200         80200200        0     1                 
        80200202         80200202        0     1                 
        80200208         80200208        0     1                 
        80200208         80200208        0     1                 
        8020020c         8020020c        0     1                 
        8020020e         8020020e        0     1                 
        8020020e         8020020e        0     1                 .Lpcrel_hi10
        8020020e         8020020e        0     1                 
        80200216         80200216        0     1                 
        80200216         80200216        0     1                 
        80200218         80200218        0     1                 
        8020021a         8020021a        0     1                 .Lpcrel_hi11
        8020021a         8020021a        0     1                 
        80200222         80200222        0     1                 
        80200226         80200226        0     1                 
        8020022a         8020022a        0     1                 .Lpcrel_hi12
        8020022a         8020022a        0     1                 
        80200232         80200232        0     1                 .Lpcrel_hi13
        8020023e         8020023e        0     1                 
        80200246         80200246        0     1                 
        80200248         80200248        0     1                 
        80200248         80200248        0     1                 
        8020024a         8020024a        0     1                 
        8020024a         8020024a        0     1                 
        80200252         80200252        0     1                 
        8020025a         8020025a        0     1                 
        8020025a         8020025a        0     1                 
        8020025e         8020025e        0     1                 
        8020025e         8020025e        0     1                 
        80200264         80200264        0     1                 
        80200266         80200266        0     1                 
        80200268         80200268        0     1                 
        80200268         80200268        0     1                 
        8020026e         8020026e        0     1                 
        8020026e         8020026e        0     1                 
        80200272         80200272        0     1                 
        80200272         80200272        0     1                 
        80200274         80200274        0     1                 
        8020027a         8020027a        0     1                 
        8020027a         8020027a        0     1                 
        8020027e         8020027e        0     1                 
        80200280         80200280        0     1                 
        80200280         80200280        0     1                 .Lpcrel_hi14
        80200280         80200280        0     1                 
        80200288         80200288        0     1                 
        80200288         80200288        0     1                 
        8020028a         8020028a        0     1                 
        8020028c         8020028c        0     1                 .Lpcrel_hi15
        8020028c         8020028c        0     1                 
        80200294         80200294        0     1                 
        80200298         80200298        0     1                 
        8020029c         8020029c        0     1                 .Lpcrel_hi16
        8020029c         8020029c        0     1                 
        802002a4         802002a4        0     1                 .Lpcrel_hi17
        802002b8         802002b8        0     1                 
        802002ba         802002ba        0     1                 
        802002bc         802002bc        0     1                 
        802002cc         802002cc        0     1                 
        802002cc         802002cc        0     1                 
        802002d0         802002d0        0     1                 
        802002d0         802002d0        0     1                 
        802002d6         802002d6        0     1                 
        802002d8         802002d8        0     1                 
        802002da         802002da        0     1                 
        802002da         802002da        0     1                 
        802002de         802002de        0     1                 
        802002de         802002de        0     1                 
        802002e0         802002e0        0     1                 
        802002e6         802002e6        0     1                 
        802002e8         802002e8        0     1                 
        802002e8         802002e8        0     1                 
        802002ec         802002ec        0     1                 
        802002f0         802002f0        0     1                 
        802002f0         802002f0        0     1                 
        802002fe         802002fe        0     1                 
        80200302         80200302        0     1                 
        80200302         80200302        0     1                 
        80200302         80200302        0     1                 
        80200302         80200302        0     1                 
        80200302         80200302        0     1                 
        80200302         80200302       1e     1                 user_entry
        8020030a         8020030a        0     1                 
        80200320         80200320        0     1                 
        80200320         80200320        0     1                 
        80200320         80200320        0     1                 
        80200320         80200320      240     1                 create_process
        8020033c         8020033c        0     1                 .Lpcrel_hi18
        8020033c         8020033c        0     1                 
        8020034a         8020034a        0     1                 
        8020034a         8020034a        0     1                 
        8020034c         8020034c        0     1                 
        8020034c         8020034c        0     1                 
        8020034e         8020034e        0     1                 
        8020034e         8020034e        0     1                 .Lpcrel_hi19
        8020034e         8020034e        0     1                 
        80200362         80200362        0     1                 
        80200364         80200364        0     1                 
        80200364         80200364        0     1                 
        8020036a         8020036a        0     1                 
        80200370         80200370        0     1                 
        80200372         80200372        0     1                 
        80200372         80200372        0     1                 
        80200378         80200378        0     1                 
        8020037e         8020037e        0     1                 
        80200380         80200380        0     1                 
        80200380         80200380        0     1                 
        80200386         80200386        0     1                 
        8020038c         8020038c        0     1                 
        8020038e         8020038e        0     1                 
        8020038e         8020038e        0     1                 
        80200394         80200394        0     1                 
        8020039a         8020039a        0     1                 
        8020039c         8020039c        0     1                 
        8020039c         8020039c        0     1                 
        802003a2         802003a2        0     1                 
        802003a8         802003a8        0     1                 
        802003aa         802003aa        0     1                 
        802003aa         802003aa        0     1                 
        802003b0         802003b0        0     1                 
        802003b6         802003b6        0     1                 
        802003b8         802003b8        0     1                 
        802003b8         802003b8        0     1                 .Lpcrel_hi20
        802003b8         802003b8        0     1                 
        802003c0         802003c0        0     1                 .Lpcrel_hi21
        802003d4         802003d4        0     1                 
        802003d6         802003d6        0     1                 
        802003d6         802003d6        0     1                 
        802003da         802003da        0     1                 
        802003de         802003de        0     1                 
        802003e2         802003e2        0     1                 
        802003e6         802003e6        0     1                 
        802003ea         802003ea        0     1                 
        802003ee         802003ee        0     1                 
        802003f2         802003f2        0     1                 
        802003f4         802003f4        0     1                 
        802003fa         802003fa        0     1                 
        802003fc         802003fc        0     1                 
        802003fc         802003fc        0     1                 
        80200400         80200400        0     1                 
        80200400         80200400        0     1                 
        80200404         80200404        0     1                 
        80200404         80200404        0     1                 
        80200408         80200408        0     1                 
        80200408         80200408        0     1                 
        8020040c         8020040c        0     1                 
        8020040c         8020040c        0     1                 
        80200410         80200410        0     1                 
        80200410         80200410        0     1                 
        80200414         80200414        0     1                 
        80200414         80200414        0     1                 
        80200418         80200418        0     1                 
        80200418         80200418        0     1                 
        8020041c         8020041c        0     1                 
        8020041c         8020041c        0     1                 
        80200420         80200420        0     1                 
        80200420         80200420        0     1                 
        80200424         80200424        0     1                 
        80200424         80200424        0     1                 
        80200428         80200428        0     1                 
        80200428         80200428        0     1                 
        8020042c         8020042c        0     1                 
        8020042c         8020042c        0     1                 .Lpcrel_hi22
        8020042c         8020042c        0     1                 
        80200430         80200430        0     1                 .Lpcrel_hi23
        80200430         80200430        0     1                 
        80200430         80200430        0     1                 
        80200438         80200438        0     1                 
        80200438         80200438        0     1                 
        80200442         80200442        0     1                 
        80200442         80200442        0     1                 
        80200444         80200444        0     1                 .Lpcrel_hi24
        80200444         80200444        0     1                 
        8020044c         8020044c        0     1                 
        80200454         80200454        0     1                 .Lpcrel_hi25
        80200454         80200454        0     1                 
        8020045c         8020045c        0     1                 .Lpcrel_hi26
        80200470         80200470        0     1                 
        80200472         80200472        0     1                 
        80200474         80200474        0     1                 
        80200484         80200484        0     1                 
        80200484         80200484        0     1                 .Lpcrel_hi27
        80200484         80200484        0     1                 
        80200490         80200490        0     1                 
        80200490         80200490        0     1                 
        802004a0         802004a0        0     1                 
        802004a0         802004a0        0     1                 
        802004a2         802004a2        0     1                 
        802004a6         802004a6        0     1                 
        802004a6         802004a6        0     1                 
        802004aa         802004aa        0     1                 
        802004b8         802004b8        0     1                 
        802004ba         802004ba        0     1                 
        802004ba         802004ba        0     1                 
        802004bc         802004bc        0     1                 
        802004c6         802004c6        0     1                 
        802004c6         802004c6        0     1                 
        802004ca         802004ca        0     1                 
        802004d8         802004d8        0     1                 
        802004d8         802004d8        0     1                 
        802004da         802004da        0     1                 
        802004da         802004da        0     1                 
        802004e2         802004e2        0     1                 
        802004e6         802004e6        0     1                 
        802004e6         802004e6        0     1                 
        802004ea         802004ea        0     1                 
        802004ea         802004ea        0     1                 
        802004f2         802004f2        0     1                 
        802004f6         802004f6        0     1                 
        80200504         80200504        0     1                 
        80200504         80200504        0     1                 
        80200506         80200506        0     1                 
        80200506         80200506        0     1                 
        8020050a         8020050a        0     1                 
        8020050a         8020050a        0     1                 
        80200510         80200510        0     1                 
        80200516         80200516        0     1                 
        8020051a         8020051a        0     1                 
        8020051e         8020051e        0     1                 
        80200522         80200522        0     1                 
        80200530         80200530        0     1                 
        80200530         80200530        0     1                 
        80200532         80200532        0     1                 
        80200534         80200534        0     1                 
        80200538         80200538        0     1                 
        8020053e         8020053e        0     1                 
        80200542         80200542        0     1                 
        80200542         80200542        0     1                 .Lpcrel_hi28
        80200542         80200542        0     1                 
        8020054a         8020054a        0     1                 .Lpcrel_hi29
        8020055e         8020055e        0     1                 
        80200560         80200560        0     1                 
        80200560         80200560        0     1                 
        80200560         80200560        0     1                 
        80200560         80200560        0     1                 
        80200560         80200560        0     1                 
        80200560         80200560        0     1                 .Lpcrel_hi31
        80200560         80200560        0     1                 
        80200560         80200560      18c     1                 yield
        8020056c         8020056c        0     1                 .Lpcrel_hi30
        8020056c         8020056c        0     1                 
        80200570         80200570        0     1                 
        80200570         80200570        0     1                 
        80200582         80200582        0     1                 
        80200586         80200586        0     1                 .Lpcrel_hi32
        80200590         80200590        0     1                 
        80200590         80200590        0     1                 
        80200592         80200592        0     1                 
        80200592         80200592        0     1                 
        80200596         80200596        0     1                 
        80200596         80200596        0     1                 
        80200598         80200598        0     1                 
        80200598         80200598        0     1                 
        8020059c         8020059c        0     1                 
        8020059e         8020059e        0     1                 
        802005a2         802005a2        0     1                 
        802005a2         802005a2        0     1                 
        802005a6         802005a6        0     1                 
        802005aa         802005aa        0     1                 
        802005b4         802005b4        0     1                 
        802005ba         802005ba        0     1                 
        802005ba         802005ba        0     1                 
        802005bc         802005bc        0     1                 
        802005c0         802005c0        0     1                 
        802005c2         802005c2        0     1                 
        802005c6         802005c6        0     1                 
        802005c6         802005c6        0     1                 
        802005ca         802005ca        0     1                 
        802005dc         802005dc        0     1                 
        802005e0         802005e0        0     1                 
        802005e2         802005e2        0     1                 
        802005e2         802005e2        0     1                 
        802005e6         802005e6        0     1                 
        802005ea         802005ea        0     1                 
        802005ec         802005ec        0     1                 
        802005f0         802005f0        0     1                 
        802005f0         802005f0        0     1                 
        802005f4         802005f4        0     1                 
        802005f8         802005f8        0     1                 
        80200602         80200602        0     1                 
        80200608         80200608        0     1                 
        80200608         80200608        0     1                 
        8020060a         8020060a        0     1                 
        8020060e         8020060e        0     1                 
        80200610         80200610        0     1                 
        80200614         80200614        0     1                 
        80200614         80200614        0     1                 
        80200618         80200618        0     1                 
        8020062a         8020062a        0     1                 
        8020062e         8020062e        0     1                 
        80200630         80200630        0     1                 
        80200630         80200630        0     1                 
        80200634         80200634        0     1                 
        80200638         80200638        0     1                 
        8020063a         8020063a        0     1                 
        8020063e         8020063e        0     1                 
        8020063e         8020063e        0     1                 
        80200642         80200642        0     1                 
        80200646         80200646        0     1                 
        80200650         80200650        0     1                 
        80200656         80200656        0     1                 
        80200656         80200656        0     1                 
        80200658         80200658        0     1                 
        8020065c         8020065c        0     1                 
        8020065e         8020065e        0     1                 
        80200662         80200662        0     1                 
        80200662         80200662        0     1                 
        80200666         80200666        0     1                 
        80200678         80200678        0     1                 
        8020067c         8020067c        0     1                 
        8020067e         8020067e        0     1                 
        8020067e         8020067e        0     1                 
        80200682         80200682        0     1                 
        80200686         80200686        0     1                 
        80200688         80200688        0     1                 
        8020068c         8020068c        0     1                 
        8020068c         8020068c        0     1                 
        8020068e         8020068e        0     1                 
        8020069c         8020069c        0     1                 
        802006a0         802006a0        0     1                 
        802006a2         802006a2        0     1                 
        802006a2         802006a2        0     1                 
        802006a4         802006a4        0     1                 
        802006a8         802006a8        0     1                 
        802006aa         802006aa        0     1                 
        802006ae         802006ae        0     1                 
        802006ae         802006ae        0     1                 
        802006b0         802006b0        0     1                 
        802006b0         802006b0        0     1                 
        802006b4         802006b4        0     1                 
        802006b6         802006b6        0     1                 
        802006bc         802006bc        0     1                 
        802006c2         802006c2        0     1                 
        802006c4         802006c4        0     1                 
        802006d4         802006d4        0     1                 
        802006d8         802006d8        0     1                 
        802006d8         802006d8        0     1                 
        802006da         802006da        0     1                 
        802006da         802006da        0     1                 
        802006de         802006de        0     1                 
        802006e2         802006e2        0     1                 
        802006ea         802006ea        0     1                 
        802006ea         802006ea        0     1                 
        802006ec         802006ec        0     1                 
        802006ec         802006ec        0     1                 
        802006ec         802006ec        0     1                 
        802006ec         802006ec        0     1                 
        802006ec         802006ec        0     1                 
        802006ec         802006ec       10     1                 delay
        802006f4         802006f4        0     1                 
        802006f4         802006f4        0     1                 
        802006f6         802006f6        0     1                 
        802006f6         802006f6        0     1                 
        802006f8         802006f8        0     1                 
        802006f8         802006f8        0     1                 
        802006fa         802006fa        0     1                 
        802006fa         802006fa        0     1                 
        802006fc         802006fc        0     1                 
        802006fc         802006fc        0     1                 
        802006fc         802006fc        0     1                 
        802006fc         802006fc        0     1                 
        802006fc         802006fc        0     1                 
        802006fc         802006fc       46     1                 proc_a_entry
        80200702         80200702        0     1                 .Lpcrel_hi33
        80200702         80200702        0     1                 
        80200712         80200712        0     1                 
        80200712         80200712        0     1                 
        8020071a         8020071a        0     1                 
        8020071a         8020071a        0     1                 
        80200730         80200730        0     1                 
        80200730         80200730        0     1                 
        80200738         80200738        0     1                 
        80200738         80200738        0     1                 
        8020073a         8020073a        0     1                 
        8020073a         8020073a        0     1                 
        8020073c         8020073c        0     1                 
        8020073c         8020073c        0     1                 
        8020073e         8020073e        0     1                 
        8020073e         8020073e        0     1                 
        80200742         80200742        0     1                 
        80200742         80200742        0     1                 
        80200742         80200742        0     1                 
        80200742         80200742        0     1                 
        80200742         80200742        0     1                 
        80200742         80200742        0     1                 
        80200742         80200742       46     1                 proc_b_entry
        80200748         80200748        0     1                 .Lpcrel_hi34
        80200748         80200748        0     1                 
        80200758         80200758        0     1                 
        80200758         80200758        0     1                 
        80200760         80200760        0     1                 
        80200760         80200760        0     1                 
        80200776         80200776        0     1                 
        80200776         80200776        0     1                 
        8020077e         8020077e        0     1                 
        8020077e         8020077e        0     1                 
        80200780         80200780        0     1                 
        80200780         80200780        0     1                 
        80200782         80200782        0     1                 
        80200782         80200782        0     1                 
        80200784         80200784        0     1                 
        80200784         80200784        0     1                 
        80200788         80200788        0     1                 
        80200788         80200788        0     1                 
        80200788         80200788        0     1                 
        80200788         80200788        0     1                 
        80200788         80200788        0     1                 
        80200788         80200788        0     1                 
        80200788         80200788       82     1                 handle_syscall
        802007c8         802007c8        0     1                 
        802007cc         802007cc        0     1                 
        802007d0         802007d0        0     1                 
        802007d0         802007d0        0     1                 
        802007e2         802007e2        0     1                 
        802007e2         802007e2        0     1                 
        802007e4         802007e4        0     1                 
        802007e6         802007e6        0     1                 
        802007e8         802007e8        0     1                 .Lpcrel_hi35
        802007e8         802007e8        0     1                 
        802007ec         802007ec        0     1                 
        802007f0         802007f0        0     1                 .Lpcrel_hi36
        80200804         80200804        0     1                 
        80200804         80200804        0     1                 
        80200808         80200808        0     1                 
        8020080a         8020080a        0     1                 
        8020080a         8020080a        0     1                 
        8020080a         8020080a        0     1                 
        8020080a         8020080a        0     1                 
        8020080a         8020080a        0     1                 
        8020080a         8020080a       ba     1                 handle_trap
        8020080e         8020080e        0     1                 
        8020080e         8020080e        0     1                 
        80200812         80200812        0     1                 
        80200812         80200812        0     1                 
        80200816         80200816        0     1                 
        80200816         80200816        0     1                 
        80200818         80200818        0     1                 
        80200818         80200818        0     1                 
        8020081c         8020081c        0     1                 
        8020081c         8020081c        0     1                 
        80200820         80200820        0     1                 
        80200820         80200820        0     1                 
        8020082c         8020082c        0     1                 
        80200830         80200830        0     1                 
        80200860         80200860        0     1                 
        80200864         80200864        0     1                 
        80200868         80200868        0     1                 
        80200868         80200868        0     1                 
        8020087a         8020087a        0     1                 
        8020087a         8020087a        0     1                 
        8020087c         8020087c        0     1                 
        8020087c         8020087c        0     1                 
        80200882         80200882        0     1                 
        80200886         80200886        0     1                 
        80200886         80200886        0     1                 .Lpcrel_hi39
        80200886         80200886        0     1                 
        8020088a         8020088a        0     1                 
        8020088e         8020088e        0     1                 .Lpcrel_hi40
        802008a4         802008a4        0     1                 
        802008a6         802008a6        0     1                 
        802008a6         802008a6        0     1                 .Lpcrel_hi37
        802008a6         802008a6        0     1                 
        802008aa         802008aa        0     1                 
        802008ae         802008ae        0     1                 .Lpcrel_hi38
        802008c2         802008c2        0     1                 
        802008c4         802008c4        0     1                 
        802008c4         802008c4        0     1                 
        802008c4         802008c4        0     1                 
        802008c4         802008c4        0     1                 
        802008c4         802008c4        0     1                 
        802008c4         802008c4        0     1                 
        802008c4         802008c4       8c     1                 kernel_main
        802008c8         802008c8        0     1                 .Lpcrel_hi41
        802008c8         802008c8        0     1                 
        802008d0         802008d0        0     1                 .Lpcrel_hi42
        802008e4         802008e4        0     1                 
        802008e4         802008e4        0     1                 .Lpcrel_hi43
        802008e4         802008e4        0     1                 
        802008ec         802008ec        0     1                 
        802008f0         802008f0        0     1                 
        802008f2         802008f2        0     1                 
        802008fc         802008fc        0     1                 
        802008fc         802008fc        0     1                 .Lpcrel_hi44
        802008fc         802008fc        0     1                 
        80200904         80200904        0     1                 
        80200908         80200908        0     1                 .Lpcrel_hi45
        80200908         80200908        0     1                 
        80200910         80200910        0     1                 .Lpcrel_hi46
        80200910         80200910        0     1                 
        80200918         80200918        0     1                 .Lpcrel_hi47
        8020092a         8020092a        0     1                 
        8020092a         8020092a        0     1                 
        80200932         80200932        0     1                 
        80200932         80200932        0     1                 .Lpcrel_hi48
        80200932         80200932        0     1                 
        8020093a         8020093a        0     1                 .Lpcrel_hi49
        8020094e         8020094e        0     1                 
        80200950         80200950        0     1                 
        80200950         80200950        0     1                 
        80200950         80200950      280     2         /tmp/common-220981.o:(.text)
        80200950         80200950        0     1                 
        80200950         80200950        0     1                 
        80200950         80200950        0     1                 $x.0
        80200950         80200950        0     1                 
        80200950         80200950       16     1                 memset
        80200954         80200954        0     1                 
        80200954         80200954        0     1                 
        80200956         80200956        0     1                 
        80200956         80200956        0     1                 
        8020095a         8020095a        0     1                 
        8020095a         8020095a        0     1                 
        8020095e         8020095e        0     1                 
        80200960         80200960        0     1                 
        80200960         80200960        0     1                 
        80200964         80200964        0     1                 
        80200964         80200964        0     1                 
        80200966         80200966        0     1                 
        80200966         80200966        0     1                 
        80200966         80200966        0     1                 
        80200966         80200966        0     1                 
        80200966         80200966        0     1                 
        80200966         80200966       1c     1                 memcpy
        8020096a         8020096a        0     1                 
        8020096a         8020096a        0     1                 
        8020096c         8020096c        0     1                 
        8020096c         8020096c        0     1                 
        80200970         80200970        0     1                 
        80200972         80200972        0     1                 
        80200976         80200976        0     1                 
        80200976         80200976        0     1                 
        8020097a         8020097a        0     1                 
        8020097c         8020097c        0     1                 
        8020097c         8020097c        0     1                 
        80200980         80200980        0     1                 
        80200980         80200980        0     1                 
        80200982         80200982        0     1                 
        80200982         80200982        0     1                 
        80200982         80200982        0     1                 
        80200982         80200982        0     1                 
        80200982         80200982        0     1                 
        80200982         80200982       24     1                 strcpy
        80200988         80200988        0     1                 
        8020098c         8020098c        0     1                 
        8020098c         8020098c        0     1                 
        8020098e         8020098e        0     1                 
        8020098e         8020098e        0     1                 
        80200992         80200992        0     1                 
        80200996         80200996        0     1                 
        8020099a         8020099a        0     1                 
        8020099a         8020099a        0     1                 
        8020099c         8020099c        0     1                 
        8020099c         8020099c        0     1                 
        8020099e         8020099e        0     1                 
        802009a0         802009a0        0     1                 
        802009a0         802009a0        0     1                 
        802009a4         802009a4        0     1                 
        802009a6         802009a6        0     1                 
        802009a6         802009a6        0     1                 
        802009a6         802009a6        0     1                 
        802009a6         802009a6        0     1                 
        802009a6         802009a6        0     1                 
        802009a6         802009a6       2e     1                 strcmp
        802009aa         802009aa        0     1                 
        802009ac         802009ac        0     1                 
        802009ae         802009ae        0     1                 
        802009ae         802009ae        0     1                 
        802009b6         802009b6        0     1                 
        802009ba         802009ba        0     1                 
        802009ba         802009ba        0     1                 
        802009be         802009be        0     1                 
        802009c0         802009c0        0     1                 
        802009c2         802009c2        0     1                 
        802009c4         802009c4        0     1                 
        802009ca         802009ca        0     1                 
        802009ca         802009ca        0     1                 
        802009cc         802009cc        0     1                 
        802009cc         802009cc        0     1                 
        802009d0         802009d0        0     1                 
        802009d0         802009d0        0     1                 
        802009d2         802009d2        0     1                 
        802009d4         802009d4        0     1                 
        802009d4         802009d4        0     1                 
        802009d4         802009d4        0     1                 
        802009d4         802009d4        0     1                 
        802009d4         802009d4        0     1                 
        802009d4         802009d4      1fc     1                 printf
        802009f2         802009f2        0     1                 
        80200a02         80200a02        0     1                 
        80200a22         80200a22        0     1                 .Lpcrel_hi0
        80200a2c         80200a2c        0     1                 
        80200a30         80200a30        0     1                 
        80200a32         80200a32        0     1                 
        80200a36         80200a36        0     1                 
        80200a3e         80200a3e        0     1                 
        80200a46         80200a46        0     1                 
        80200a46         80200a46        0     1                 
        80200a48         80200a48        0     1                 
        80200a4a         80200a4a        0     1                 
        80200a4e         80200a4e        0     1                 
        80200a50         80200a50        0     1                 
        80200a60         80200a60        0     1                 
        80200a60         80200a60        0     1                 
        80200a6c         80200a6c        0     1                 
        80200a70         80200a70        0     1                 
        80200a70         80200a70        0     1                 
        80200a72         80200a72        0     1                 
        80200a78         80200a78        0     1                 
        80200a78         80200a78        0     1                 
        80200a80         80200a80        0     1                 
        80200a80         80200a80        0     1                 
        80200a8c         80200a8c        0     1                 
        80200a8c         80200a8c        0     1                 
        80200a90         80200a90        0     1                 
        80200a90         80200a90        0     1                 
        80200a92         80200a92        0     1                 
        80200a96         80200a96        0     1                 
        80200a9e         80200a9e        0     1                 
        80200a9e         80200a9e        0     1                 
        80200aa4         80200aa4        0     1                 
        80200aa4         80200aa4        0     1                 
        80200aa6         80200aa6        0     1                 
        80200aaa         80200aaa        0     1                 
        80200ab2         80200ab2        0     1                 
        80200ab2         80200ab2        0     1                 
        80200ab8         80200ab8        0     1                 
        80200ab8         80200ab8        0     1                 
        80200aba         80200aba        0     1                 
        80200abe         80200abe        0     1                 
        80200ac6         80200ac6        0     1                 
        80200ac6         80200ac6        0     1                 
        80200acc         80200acc        0     1                 
        80200acc         80200acc        0     1                 
        80200ace         80200ace        0     1                 
        80200ad2         80200ad2        0     1                 
        80200ada         80200ada        0     1                 
        80200ada         80200ada        0     1                 
        80200ae0         80200ae0        0     1                 
        80200ae0         80200ae0        0     1                 
        80200ae2         80200ae2        0     1                 
        80200ae6         80200ae6        0     1                 
        80200aee         80200aee        0     1                 
        80200aee         80200aee        0     1                 
        80200af4         80200af4        0     1                 
        80200af4         80200af4        0     1                 
        80200af6         80200af6        0     1                 
        80200afa         80200afa        0     1                 
        80200b02         80200b02        0     1                 
        80200b02         80200b02        0     1                 
        80200b08         80200b08        0     1                 
        80200b08         80200b08        0     1                 
        80200b0a         80200b0a        0     1                 
        80200b0e         80200b0e        0     1                 
        80200b16         80200b16        0     1                 
        80200b16         80200b16        0     1                 
        80200b18         80200b18        0     1                 
        80200b1e         80200b1e        0     1                 
        80200b1e         80200b1e        0     1                 
        80200b26         80200b26        0     1                 
        80200b26         80200b26        0     1                 
        80200b28         80200b28        0     1                 
        80200b2a         80200b2a        0     1                 
        80200b2a         80200b2a        0     1                 
        80200b34         80200b34        0     1                 
        80200b34         80200b34        0     1                 
        80200b38         80200b38        0     1                 
        80200b3e         80200b3e        0     1                 
        80200b3e         80200b3e        0     1                 
        80200b4a         80200b4a        0     1                 
        80200b4a         80200b4a        0     1                 
        80200b4e         80200b4e        0     1                 
        80200b50         80200b50        0     1                 
        80200b54         80200b54        0     1                 
        80200b54         80200b54        0     1                 
        80200b60         80200b60        0     1                 
        80200b60         80200b60        0     1                 
        80200b64         80200b64        0     1                 
        80200b64         80200b64        0     1                 
        80200b66         80200b66        0     1                 
        80200b6a         80200b6a        0     1                 
        80200b6c         80200b6c        0     1                 
        80200b6c         80200b6c        0     1                 
        80200b70         80200b70        0     1                 
        80200b74         80200b74        0     1                 
        80200b78         80200b78        0     1                 
        80200b78         80200b78        0     1                 
        80200b7a         80200b7a        0     1                 
        80200b7a         80200b7a        0     1                 
        80200b7e         80200b7e        0     1                 
        80200b82         80200b82        0     1                 
        80200b8e         80200b8e        0     1                 
        80200b8e         80200b8e        0     1                 
        80200b96         80200b96        0     1                 
        80200ba0         80200ba0        0     1                 
        80200ba0         80200ba0        0     1                 
        80200ba6         80200ba6        0     1                 
        80200ba6         80200ba6        0     1                 
        80200bb2         80200bb2        0     1                 
        80200bb2         80200bb2        0     1                 
        80200bb6         80200bb6        0     1                 
        80200bcc         80200bcc        0     1                 
        80200bd0         80200bd0        0     1                 
        80200bd0         80200bd0        0     1                 
        80200bd0         80200bd0      181     4 .rodata
        80200bd0         80200bd0      181     1         <internal>:(.rodata.str1.1)
        80200d54         80200d54    10320     4 .data
        80200d54         80200d54    10320     1         shell.bin.o:(.data)
        80200d54         80200d54        0     1                 _binary_shell_bin_start
        80211074         80211074        0     1                 _binary_shell_bin_end
        80211078         80211078        8     8 .sdata
        80211078         80211078        8     8         /tmp/kernel-4174d1.o:(.sdata)
        80211078         80211078        8     1                 alloc_pages.next_paddr
        80211078         80211078        0     1                 $d.3
        80211080         80211080    100e0     8 .bss
        80211080         80211080        0     1         __bss = .
        80211080         80211080    100c0     8         /tmp/kernel-4174d1.o:(.bss)
        80211080         80211080        0     1                 $d.4
        80211080         80211080    100c0     1                 procs
        80221140         80221140       20     8         /tmp/kernel-4174d1.o:(.sbss)
        80221140         80221140        0     1                 $d.5
        80221140         80221140        8     1                 idle_proc
        80221148         80221148        8     1                 current_proc
        80221150         80221150        8     1                 proc_a
        80221158         80221158        8     1                 proc_b
        80221160         80221160        0     1         __bss_end = .
        80221160         80221160        0     1 . = ALIGN ( 16 )
        80221160         80221160    20000     1 . += 128 * 1024
        80241160         80241160        0     1 __stack_top = .
        80241160         80241160      ea0     1 . = ALIGN ( 4096 )
        80242000         80242000        0     1 __free_ram = .
        80242000         80242000  4000000     1 . += 64 * 1024 * 1024
        84242000         84242000        0     1 __free_ram_end = .
               0                0     16f4     1 .debug_loc
               0                0     1235     1         /tmp/kernel-4174d1.o:(.debug_loc)
               0                0        0     1                 
               0                0        0     1                 $d.6
              33               33        0     1                 
              66               66        0     1                 
              99               99        0     1                 
              ce               ce        0     1                 
             116              116        0     1                 
             14b              14b        0     1                 
             180              180        0     1                 
             1b3              1b3        0     1                 
             1e6              1e6        0     1                 
             23f              23f        0     1                 
             285              285        0     1                 
             304              304        0     1                 
             383              383        0     1                 
             3be              3be        0     1                 
             3f1              3f1        0     1                 
             424              424        0     1                 
             457              457        0     1                 
             48a              48a        0     1                 
             4bd              4bd        0     1                 
             4f0              4f0        0     1                 
             523              523        0     1                 
             556              556        0     1                 
             59d              59d        0     1                 
             5f6              5f6        0     1                 
             77b              77b        0     1                 
             7d5              7d5        0     1                 
             91c              91c        0     1                 
             94f              94f        0     1                 
             983              983        0     1                 
             9c9              9c9        0     1                 
             9fc              9fc        0     1                 
             a56              a56        0     1                 
             a9c              a9c        0     1                 
             aec              aec        0     1                 
             b1f              b1f        0     1                 
             b67              b67        0     1                 
             bad              bad        0     1                 
             c65              c65        0     1                 
             d42              d42        0     1                 
             d88              d88        0     1                 
             dbb              dbb        0     1                 
             e1a              e1a        0     1                 
             e50              e50        0     1                 
             e85              e85        0     1                 
             ee4              ee4        0     1                 
             f1a              f1a        0     1                 
             f4f              f4f        0     1                 
             fae              fae        0     1                 
             ff4              ff4        0     1                 
            1029             1029        0     1                 
            1082             1082        0     1                 
            10c8             10c8        0     1                 
            110e             110e        0     1                 
            1141             1141        0     1                 
            1187             1187        0     1                 
            11cd             11cd        0     1                 
            1202             1202        0     1                 
            1235             1235      4bf     1         /tmp/common-220981.o:(.debug_loc)
            1235             1235        0     1                 
            1235             1235        0     1                 $d.2
            1291             1291        0     1                 
            12b6             12b6        0     1                 
            12d9             12d9        0     1                 
            1335             1335        0     1                 
            135a             135a        0     1                 
            1390             1390        0     1                 
            13d9             13d9        0     1                 
            1437             1437        0     1                 
            145a             145a        0     1                 
            1490             1490        0     1                 
            14c6             14c6        0     1                 
            1524             1524        0     1                 
            15f1             15f1        0     1                 
            1614             1614        0     1                 
            16a9             16a9        0     1                 
               0                0      45a     1 .debug_abbrev
               0                0      325     1         /tmp/kernel-4174d1.o:(.debug_abbrev)
               0                0        0     1                 $d.7
             325              325      135     1         /tmp/common-220981.o:(.debug_abbrev)
             325              325        0     1                 $d.3
               0                0     142a     1 .debug_info
               0                0     1098     1         /tmp/kernel-4174d1.o:(.debug_info)
               0                0        0     1                 $d.8
            1098             1098      392     1         /tmp/common-220981.o:(.debug_info)
            1098             1098        0     1                 $d.4
               0                0      1c0     1 .debug_ranges
               0                0      190     1         /tmp/kernel-4174d1.o:(.debug_ranges)
               0                0        0     1                 
               0                0        0     1                 $d.9
              30               30        0     1                 
              60               60        0     1                 
              a0               a0        0     1                 
              d0               d0        0     1                 
             100              100        0     1                 
             130              130        0     1                 
             160              160        0     1                 
             190              190       30     1         /tmp/common-220981.o:(.debug_ranges)
             190              190        0     1                 
             190              190        0     1                 $d.5
               0                0      3ee     1 .debug_str
               0                0      3ee     1         <internal>:(.debug_str)
               0                0       80     1 .comment
               0                0       80     1         <internal>:(.comment)
               0                0       2b     1 .riscv.attributes
               0                0       2b     1         <internal>:(.riscv.attributes)
               0                0      2e0     8 .debug_frame
               0                0      230     8         /tmp/kernel-4174d1.o:(.debug_frame)
               0                0        0     1                 
               0                0        0     1                 $d.13
             230              230       b0     8         /tmp/common-220981.o:(.debug_frame)
             230              230        0     1                 
             230              230        0     1                 $d.9
               0                0      d54     1 .debug_line
               0                0      999     1         /tmp/kernel-4174d1.o:(.debug_line)
               0                0        0     1                 .Lline_table_start0
               0                0        0     1                 $d.14
             999              999      3bb     1         /tmp/common-220981.o:(.debug_line)
             999              999        0     1                 .Lline_table_start0
             999              999        0     1                 $d.10
               0                0     6018     8 .symtab
               0                0     6018     8         <internal>:(.symtab)
               0                0       ad     1 .shstrtab
               0                0       ad     1         <internal>:(.shstrtab)
               0                0      246     1 .strtab
               0                0      246     1         <internal>:(.strtab)
