             VMA              LMA     Size Align Out     In      Symbol
               0                0 80200000     1 . = 0x80200000
        80200000         80200000      4bc     4 .text
        80200000         80200000        e     2         /tmp/kernel-89b130.o:(.text.boot)
        80200000         80200000        0     1                 .L0 
        80200000         80200000        0     1                 .L0 
        80200000         80200000        0     1                 .Lpcrel_hi18
        80200000         80200000        0     1                 $x
        80200000         80200000        0     1                 .L0 
        80200000         80200000        e     1                 boot
        8020000e         8020000e        0     1                 .L0 
        8020000e         8020000e        0     1                 .L0 
        80200010         80200010      230     4         /tmp/kernel-89b130.o:(.text)
        80200010         80200010        0     1                 .L0 
        80200010         80200010        0     1                 .L0 
        80200010         80200010        0     1                 $x
        80200010         80200010        0     1                 .L0 
        80200010         80200010        6     1                 sbi_call
        80200014         80200014        0     1                 .L0 
        80200016         80200016        0     1                 .L0 
        80200016         80200016        0     1                 .L0 
        80200016         80200016        0     1                 .L0 
        80200016         80200016       14     1                 putchar
        80200028         80200028        0     1                 .L0 
        8020002c         8020002c        0     1                 .L0 
        8020002c         8020002c        0     1                 .L0 
        8020002c         8020002c        0     1                 .L0 
        8020002c         8020002c       96     1                 kernel_entry
        802000c2         802000c2        0     1                 .L0 
        802000c2         802000c2        0     1                 .L0 
        802000c2         802000c2        0     1                 .L0 
        802000c2         802000c2       34     1                 handle_trap
        802000c6         802000c6        0     1                 .L0 
        802000c6         802000c6        0     1                 .L0 
        802000ca         802000ca        0     1                 .L0 
        802000ca         802000ca        0     1                 .L0 
        802000ce         802000ce        0     1                 .L0 
        802000ce         802000ce        0     1                 .L0 
        802000d2         802000d2        0     1                 .L0 
        802000d8         802000d8        0     1                 .Lpcrel_hi0
        802000e0         802000e0        0     1                 .Lpcrel_hi1
        802000f4         802000f4        0     1                 .L0 
        802000f6         802000f6        0     1                 .L0 
        802000f6         802000f6        0     1                 .L0 
        802000f6         802000f6        0     1                 .L0 
        802000f6         802000f6        0     1                 .L0 
        802000f6         802000f6        0     1                 .L0 
        802000f6         802000f6       5c     1                 alloc_pages
        802000fc         802000fc        0     1                 .Lpcrel_hi2
        802000fc         802000fc        0     1                 .L0 
        80200104         80200104        0     1                 .L0 
        80200104         80200104        0     1                 .L0 
        80200106         80200106        0     1                 .L0 
        8020010a         8020010a        0     1                 .L0 
        8020010e         8020010e        0     1                 .Lpcrel_hi3
        8020010e         8020010e        0     1                 .L0 
        80200116         80200116        0     1                 .L0 
        8020011a         8020011a        0     1                 .L0 
        8020011e         8020011e        0     1                 .Lpcrel_hi4
        8020011e         8020011e        0     1                 .L0 
        80200126         80200126        0     1                 .Lpcrel_hi5
        8020013a         8020013a        0     1                 .L0 
        8020013c         8020013c        0     1                 .L0 
        80200148         80200148        0     1                 .L0 
        80200148         80200148        0     1                 .L0 
        8020014e         8020014e        0     1                 .L0 
        8020014e         8020014e        0     1                 .L0 
        80200152         80200152        0     1                 .L0 
        80200152         80200152        0     1                 .L0 
        80200152         80200152        0     1                 .L0 
        80200152         80200152        0     1                 .L0 
        80200152         80200152        0     1                 .L0 
        80200152         80200152       ee     1                 kernel_main
        8020015e         8020015e        0     1                 .Lpcrel_hi6
        8020015e         8020015e        0     1                 .L0 
        80200166         80200166        0     1                 .Lpcrel_hi7
        8020017a         8020017a        0     1                 .L0 
        8020017a         8020017a        0     1                 .Lpcrel_hi8
        8020017a         8020017a        0     1                 .L0 
        80200182         80200182        0     1                 .L0 
        80200182         80200182        0     1                 .L0 
        80200184         80200184        0     1                 .L0 
        80200186         80200186        0     1                 .Lpcrel_hi9
        80200186         80200186        0     1                 .L0 
        8020018e         8020018e        0     1                 .L0 
        80200192         80200192        0     1                 .L0 
        80200196         80200196        0     1                 .Lpcrel_hi10
        80200196         80200196        0     1                 .L0 
        8020019e         8020019e        0     1                 .Lpcrel_hi11
        802001b2         802001b2        0     1                 .L0 
        802001b4         802001b4        0     1                 .L0 
        802001c2         802001c2        0     1                 .L0 
        802001c2         802001c2        0     1                 .L0 
        802001c6         802001c6        0     1                 .L0 
        802001c6         802001c6        0     1                 .L0 
        802001c8         802001c8        0     1                 .L0 
        802001ce         802001ce        0     1                 .L0 
        802001d2         802001d2        0     1                 .L0 
        802001d2         802001d2        0     1                 .Lpcrel_hi12
        802001d2         802001d2        0     1                 .L0 
        802001da         802001da        0     1                 .Lpcrel_hi13
        802001ee         802001ee        0     1                 .L0 
        802001f0         802001f0        0     1                 .L0 
        802001fe         802001fe        0     1                 .L0 
        802001fe         802001fe        0     1                 .Lpcrel_hi14
        802001fe         802001fe        0     1                 .L0 
        80200210         80200210        0     1                 .L0 
        80200210         80200210        0     1                 .Lpcrel_hi15
        80200210         80200210        0     1                 .L0 
        80200222         80200222        0     1                 .L0 
        80200222         80200222        0     1                 .Lpcrel_hi16
        80200222         80200222        0     1                 .L0 
        8020022a         8020022a        0     1                 .Lpcrel_hi17
        8020023e         8020023e        0     1                 .L0 
        80200240         80200240        0     1                 .L0 
        80200240         80200240        0     1                 .L0 
        80200240         80200240      27c     2         /tmp/common-5ad694.o:(.text)
        80200240         80200240        0     1                 .L0 
        80200240         80200240        0     1                 .L0 
        80200240         80200240        0     1                 $x
        80200240         80200240        0     1                 .L0 
        80200240         80200240      1fc     1                 printf
        8020026e         8020026e        0     1                 .L0 
        8020028e         8020028e        0     1                 .Lpcrel_hi0
        80200298         80200298        0     1                 .L0 
        8020029c         8020029c        0     1                 .L0 
        8020029e         8020029e        0     1                 .L0 
        802002a2         802002a2        0     1                 .L0 
        802002aa         802002aa        0     1                 .L0 
        802002b2         802002b2        0     1                 .L0 
        802002b2         802002b2        0     1                 .L0 
        802002b4         802002b4        0     1                 .L0 
        802002b6         802002b6        0     1                 .L0 
        802002ba         802002ba        0     1                 .L0 
        802002bc         802002bc        0     1                 .L0 
        802002cc         802002cc        0     1                 .L0 
        802002cc         802002cc        0     1                 .L0 
        802002d8         802002d8        0     1                 .L0 
        802002dc         802002dc        0     1                 .L0 
        802002dc         802002dc        0     1                 .L0 
        802002de         802002de        0     1                 .L0 
        802002e4         802002e4        0     1                 .L0 
        802002e4         802002e4        0     1                 .L0 
        802002ec         802002ec        0     1                 .L0 
        802002ec         802002ec        0     1                 .L0 
        802002f8         802002f8        0     1                 .L0 
        802002f8         802002f8        0     1                 .L0 
        802002fc         802002fc        0     1                 .L0 
        802002fc         802002fc        0     1                 .L0 
        802002fe         802002fe        0     1                 .L0 
        80200302         80200302        0     1                 .L0 
        8020030a         8020030a        0     1                 .L0 
        8020030a         8020030a        0     1                 .L0 
        80200310         80200310        0     1                 .L0 
        80200310         80200310        0     1                 .L0 
        80200312         80200312        0     1                 .L0 
        80200316         80200316        0     1                 .L0 
        8020031e         8020031e        0     1                 .L0 
        8020031e         8020031e        0     1                 .L0 
        80200324         80200324        0     1                 .L0 
        80200324         80200324        0     1                 .L0 
        80200326         80200326        0     1                 .L0 
        8020032a         8020032a        0     1                 .L0 
        80200332         80200332        0     1                 .L0 
        80200332         80200332        0     1                 .L0 
        80200338         80200338        0     1                 .L0 
        80200338         80200338        0     1                 .L0 
        8020033a         8020033a        0     1                 .L0 
        8020033e         8020033e        0     1                 .L0 
        80200346         80200346        0     1                 .L0 
        80200346         80200346        0     1                 .L0 
        8020034c         8020034c        0     1                 .L0 
        8020034c         8020034c        0     1                 .L0 
        8020034e         8020034e        0     1                 .L0 
        80200352         80200352        0     1                 .L0 
        8020035a         8020035a        0     1                 .L0 
        8020035a         8020035a        0     1                 .L0 
        80200360         80200360        0     1                 .L0 
        80200360         80200360        0     1                 .L0 
        80200362         80200362        0     1                 .L0 
        80200366         80200366        0     1                 .L0 
        8020036e         8020036e        0     1                 .L0 
        8020036e         8020036e        0     1                 .L0 
        80200374         80200374        0     1                 .L0 
        80200374         80200374        0     1                 .L0 
        80200376         80200376        0     1                 .L0 
        8020037a         8020037a        0     1                 .L0 
        80200382         80200382        0     1                 .L0 
        80200382         80200382        0     1                 .L0 
        80200384         80200384        0     1                 .L0 
        8020038a         8020038a        0     1                 .L0 
        8020038a         8020038a        0     1                 .L0 
        80200392         80200392        0     1                 .L0 
        80200392         80200392        0     1                 .L0 
        80200394         80200394        0     1                 .L0 
        80200396         80200396        0     1                 .L0 
        80200396         80200396        0     1                 .L0 
        802003a0         802003a0        0     1                 .L0 
        802003a0         802003a0        0     1                 .L0 
        802003a4         802003a4        0     1                 .L0 
        802003aa         802003aa        0     1                 .L0 
        802003aa         802003aa        0     1                 .L0 
        802003b6         802003b6        0     1                 .L0 
        802003b6         802003b6        0     1                 .L0 
        802003ba         802003ba        0     1                 .L0 
        802003bc         802003bc        0     1                 .L0 
        802003c0         802003c0        0     1                 .L0 
        802003c0         802003c0        0     1                 .L0 
        802003cc         802003cc        0     1                 .L0 
        802003cc         802003cc        0     1                 .L0 
        802003d0         802003d0        0     1                 .L0 
        802003d0         802003d0        0     1                 .L0 
        802003d2         802003d2        0     1                 .L0 
        802003d6         802003d6        0     1                 .L0 
        802003d8         802003d8        0     1                 .L0 
        802003d8         802003d8        0     1                 .L0 
        802003dc         802003dc        0     1                 .L0 
        802003e0         802003e0        0     1                 .L0 
        802003e4         802003e4        0     1                 .L0 
        802003e4         802003e4        0     1                 .L0 
        802003e6         802003e6        0     1                 .L0 
        802003e6         802003e6        0     1                 .L0 
        802003ea         802003ea        0     1                 .L0 
        802003ee         802003ee        0     1                 .L0 
        802003fa         802003fa        0     1                 .L0 
        802003fa         802003fa        0     1                 .L0 
        80200402         80200402        0     1                 .L0 
        8020040c         8020040c        0     1                 .L0 
        8020040c         8020040c        0     1                 .L0 
        80200412         80200412        0     1                 .L0 
        80200412         80200412        0     1                 .L0 
        8020041e         8020041e        0     1                 .L0 
        8020041e         8020041e        0     1                 .L0 
        80200422         80200422        0     1                 .L0 
        80200438         80200438        0     1                 .L0 
        8020043c         8020043c        0     1                 .L0 
        8020043c         8020043c        0     1                 .L0 
        8020043c         8020043c        0     1                 .L0 
        8020043c         8020043c        0     1                 .L0 
        8020043c         8020043c        0     1                 .L0 
        8020043c         8020043c       1c     1                 memcpy
        80200440         80200440        0     1                 .L0 
        80200440         80200440        0     1                 .L0 
        80200442         80200442        0     1                 .L0 
        80200442         80200442        0     1                 .L0 
        80200446         80200446        0     1                 .L0 
        80200448         80200448        0     1                 .L0 
        8020044c         8020044c        0     1                 .L0 
        8020044c         8020044c        0     1                 .L0 
        80200450         80200450        0     1                 .L0 
        80200452         80200452        0     1                 .L0 
        80200452         80200452        0     1                 .L0 
        80200456         80200456        0     1                 .L0 
        80200456         80200456        0     1                 .L0 
        80200458         80200458        0     1                 .L0 
        80200458         80200458        0     1                 .L0 
        80200458         80200458        0     1                 .L0 
        80200458         80200458        0     1                 .L0 
        80200458         80200458        0     1                 .L0 
        80200458         80200458       16     1                 memset
        8020045c         8020045c        0     1                 .L0 
        8020045c         8020045c        0     1                 .L0 
        8020045e         8020045e        0     1                 .L0 
        8020045e         8020045e        0     1                 .L0 
        80200462         80200462        0     1                 .L0 
        80200462         80200462        0     1                 .L0 
        80200466         80200466        0     1                 .L0 
        80200468         80200468        0     1                 .L0 
        80200468         80200468        0     1                 .L0 
        8020046c         8020046c        0     1                 .L0 
        8020046c         8020046c        0     1                 .L0 
        8020046e         8020046e        0     1                 .L0 
        8020046e         8020046e        0     1                 .L0 
        8020046e         8020046e        0     1                 .L0 
        8020046e         8020046e        0     1                 .L0 
        8020046e         8020046e        0     1                 .L0 
        8020046e         8020046e       24     1                 strcpy
        80200474         80200474        0     1                 .L0 
        80200478         80200478        0     1                 .L0 
        80200478         80200478        0     1                 .L0 
        8020047a         8020047a        0     1                 .L0 
        8020047a         8020047a        0     1                 .L0 
        8020047e         8020047e        0     1                 .L0 
        80200482         80200482        0     1                 .L0 
        80200486         80200486        0     1                 .L0 
        80200486         80200486        0     1                 .L0 
        80200488         80200488        0     1                 .L0 
        80200488         80200488        0     1                 .L0 
        8020048a         8020048a        0     1                 .L0 
        8020048c         8020048c        0     1                 .L0 
        8020048c         8020048c        0     1                 .L0 
        80200490         80200490        0     1                 .L0 
        80200492         80200492        0     1                 .L0 
        80200492         80200492        0     1                 .L0 
        80200492         80200492        0     1                 .L0 
        80200492         80200492        0     1                 .L0 
        80200492         80200492        0     1                 .L0 
        80200492         80200492       2a     1                 strcmp
        80200496         80200496        0     1                 .L0 
        80200498         80200498        0     1                 .L0 
        8020049a         8020049a        0     1                 .L0 
        8020049a         8020049a        0     1                 .L0 
        8020049e         8020049e        0     1                 .L0 
        802004a2         802004a2        0     1                 .L0 
        802004a2         802004a2        0     1                 .L0 
        802004a6         802004a6        0     1                 .L0 
        802004a8         802004a8        0     1                 .L0 
        802004aa         802004aa        0     1                 .L0 
        802004ac         802004ac        0     1                 .L0 
        802004b2         802004b2        0     1                 .L0 
        802004b2         802004b2        0     1                 .L0 
        802004b4         802004b4        0     1                 .L0 
        802004b4         802004b4        0     1                 .L0 
        802004b8         802004b8        0     1                 .L0 
        802004b8         802004b8        0     1                 .L0 
        802004ba         802004ba        0     1                 .L0 
        802004bc         802004bc        0     1                 .L0 
        802004bc         802004bc        0     1                 .L0 
        802004bc         802004bc       c5     4 .rodata
        802004bc         802004bc       c5     1         <internal>:(.rodata.str1.1)
        80200588         80200588        8     8 .sdata
        80200588         80200588        8     8         /tmp/kernel-89b130.o:(.sdata)
        80200588         80200588        8     1                 alloc_pages.next_paddr
        80200588         80200588        0     1                 $d
        80200590         80200590        0     4 .bss
        80200590         80200590        0     1         __bss = .
        80200590         80200590        0     1         __bss_end = .
        80200590         80200590        0     1 . = ALIGN ( 4 )
        80200590         80200590    20000     1 . += 128 * 1024
        80220590         80220590        0     1 __stack_top = .
        80220590         80220590      a70     1 . = ALIGN ( 4096 )
        80221000         80221000        0     1 __free_ram = .
        80221000         80221000  4000000     1 . += 64 * 1024 * 1024
        84221000         84221000        0     1 __free_ram_end = .
               0                0      268     1 .debug_loclists
               0                0       9c     1         /tmp/kernel-89b130.o:(.debug_loclists)
               0                0        0     1                 $d
               c                c        0     1                 .L0 
              9c               9c      1cc     1         /tmp/common-5ad694.o:(.debug_loclists)
              9c               9c        0     1                 $d
              a8               a8        0     1                 .L0 
               0                0      304     1 .debug_abbrev
               0                0      1ca     1         /tmp/kernel-89b130.o:(.debug_abbrev)
               0                0        0     1                 $d
             1ca              1ca      13a     1         /tmp/common-5ad694.o:(.debug_abbrev)
             1ca              1ca        0     1                 $d
               0                0      63a     1 .debug_info
               0                0      3fa     1         /tmp/kernel-89b130.o:(.debug_info)
               0                0        0     1                 $d
             3fa              3fa      240     1         /tmp/common-5ad694.o:(.debug_info)
             3fa              3fa        0     1                 $d
               0                0       33     1 .debug_rnglists
               0                0       18     1         /tmp/kernel-89b130.o:(.debug_rnglists)
               0                0        0     1                 $d
               c                c        0     1                 .L0 
              18               18       1b     1         /tmp/common-5ad694.o:(.debug_rnglists)
              18               18        0     1                 $d
              24               24        0     1                 .L0 
               0                0      174     1 .debug_str_offsets
               0                0       d8     1         /tmp/kernel-89b130.o:(.debug_str_offsets)
               0                0        0     1                 $d
               8                8        0     1                 .L0 
              d8               d8       9c     1         /tmp/common-5ad694.o:(.debug_str_offsets)
              d8               d8        0     1                 $d
              e0               e0        0     1                 .L0 
               0                0      27c     1 .debug_str
               0                0      27c     1         <internal>:(.debug_str)
               0                0      1a0     1 .debug_addr
               0                0       e8     1         /tmp/kernel-89b130.o:(.debug_addr)
               0                0        0     1                 $d
               8                8        0     1                 .L0 
              e8               e8       b8     1         /tmp/common-5ad694.o:(.debug_addr)
              e8               e8        0     1                 $d
              f0               f0        0     1                 .L0 
               0                0       d1     1 .comment
               0                0       d1     1         <internal>:(.comment)
               0                0       34     1 .riscv.attributes
               0                0       34     1         <internal>:(.riscv.attributes)
               0                0      190     8 .debug_frame
               0                0       e0     8         /tmp/kernel-89b130.o:(.debug_frame)
               0                0        0     1                 .L0 
               0                0        0     1                 $d
              e0               e0       b0     8         /tmp/common-5ad694.o:(.debug_frame)
              e0               e0        0     1                 .L0 
              e0               e0        0     1                 $d
               0                0      5d4     1 .debug_line
               0                0      1f4     1         /tmp/kernel-89b130.o:(.debug_line)
               0                0        0     1                 .Lline_table_start0
               0                0        0     1                 $d
             1f4              1f4      3e0     1         /tmp/common-5ad694.o:(.debug_line)
             1f4              1f4        0     1                 .Lline_table_start0
             1f4              1f4        0     1                 $d
               0                0       80     1 .debug_line_str
               0                0       80     1         <internal>:(.debug_line_str)
               0                0      4c8     8 .symtab
               0                0      4c8     8         <internal>:(.symtab)
               0                0       dd     1 .shstrtab
               0                0       dd     1         <internal>:(.shstrtab)
               0                0      124     1 .strtab
               0                0      124     1         <internal>:(.strtab)
