             VMA              LMA     Size Align Out     In      Symbol
               0                0 80200000     1 . = 0x80200000
        80200000                0        0     1 __kernel_base = .
        80200000         80200000      baa     4 .text
        80200000         80200000        e     2         /tmp/kernel-344454.o:(.text.boot)
        80200000         80200000        0     1                 
        80200000         80200000        0     1                 
        80200000         80200000        0     1                 .Lpcrel_hi47
        80200000         80200000        0     1                 $x.1
        80200000         80200000        0     1                 
        80200000         80200000        e     1                 boot
        8020000e         8020000e        0     1                 
        8020000e         8020000e        0     1                 
        80200010         80200010      91a     4         /tmp/kernel-344454.o:(.text)
        80200010         80200010        0     1                 
        80200010         80200010        0     1                 
        80200010         80200010        0     1                 $x.0
        80200010         80200010        0     1                 
        80200010         80200010        6     1                 sbi_call
        80200014         80200014        0     1                 
        80200016         80200016        0     1                 
        80200016         80200016        0     1                 
        80200016         80200016        0     1                 
        80200016         80200016       14     1                 putchar
        80200028         80200028        0     1                 
        8020002a         8020002a        0     1                 
        8020002a         8020002a        0     1                 
        8020002a         8020002a        0     1                 
        8020002a         8020002a       16     1                 getchar
        8020003e         8020003e        0     1                 
        80200040         80200040        0     1                 
        80200040         80200040        0     1                 
        80200040         80200040        0     1                 
        80200040         80200040       9c     1                 kernel_entry
        802000dc         802000dc        0     1                 
        802000dc         802000dc        0     1                 
        802000dc         802000dc        0     1                 
        802000dc         802000dc       46     1                 switch_context
        80200122         80200122        0     1                 
        80200122         80200122        0     1                 
        80200122         80200122        0     1                 
        80200122         80200122       5a     1                 alloc_pages
        80200128         80200128        0     1                 .Lpcrel_hi0
        80200128         80200128        0     1                 
        80200130         80200130        0     1                 
        80200134         80200134        0     1                 
        80200138         80200138        0     1                 .Lpcrel_hi1
        80200138         80200138        0     1                 
        80200140         80200140        0     1                 
        80200144         80200144        0     1                 
        80200148         80200148        0     1                 .Lpcrel_hi2
        80200148         80200148        0     1                 
        80200150         80200150        0     1                 .Lpcrel_hi3
        80200164         80200164        0     1                 
        80200166         80200166        0     1                 
        80200172         80200172        0     1                 
        80200172         80200172        0     1                 
        80200178         80200178        0     1                 
        80200178         80200178        0     1                 
        8020017c         8020017c        0     1                 
        8020017c         8020017c        0     1                 
        8020017c         8020017c        0     1                 
        8020017c         8020017c        0     1                 
        8020017c         8020017c        0     1                 
        8020017c         8020017c      164     1                 map_page
        8020018c         8020018c        0     1                 
        8020018c         8020018c        0     1                 
        8020018e         8020018e        0     1                 
        80200190         80200190        0     1                 .Lpcrel_hi4
        80200190         80200190        0     1                 
        80200194         80200194        0     1                 
        80200198         80200198        0     1                 .Lpcrel_hi5
        802001a4         802001a4        0     1                 
        802001a6         802001a6        0     1                 
        802001ae         802001ae        0     1                 
        802001b0         802001b0        0     1                 
        802001b0         802001b0        0     1                 
        802001b4         802001b4        0     1                 
        802001b6         802001b6        0     1                 
        802001b8         802001b8        0     1                 .Lpcrel_hi6
        802001b8         802001b8        0     1                 
        802001bc         802001bc        0     1                 
        802001c0         802001c0        0     1                 .Lpcrel_hi7
        802001ca         802001ca        0     1                 
        802001ce         802001ce        0     1                 
        802001d6         802001d6        0     1                 
        802001d8         802001d8        0     1                 
        802001d8         802001d8        0     1                 
        802001de         802001de        0     1                 
        802001de         802001de        0     1                 
        802001e0         802001e0        0     1                 
        802001e6         802001e6        0     1                 
        802001e6         802001e6        0     1                 
        802001ea         802001ea        0     1                 
        802001ec         802001ec        0     1                 
        802001ec         802001ec        0     1                 .Lpcrel_hi8
        802001ec         802001ec        0     1                 
        802001f4         802001f4        0     1                 
        802001f4         802001f4        0     1                 
        802001f6         802001f6        0     1                 
        802001f8         802001f8        0     1                 .Lpcrel_hi9
        802001f8         802001f8        0     1                 
        80200200         80200200        0     1                 
        80200204         80200204        0     1                 
        80200208         80200208        0     1                 .Lpcrel_hi10
        80200208         80200208        0     1                 
        80200210         80200210        0     1                 .Lpcrel_hi11
        8020021c         8020021c        0     1                 
        80200224         80200224        0     1                 
        80200226         80200226        0     1                 
        80200226         80200226        0     1                 
        80200228         80200228        0     1                 
        80200228         80200228        0     1                 
        80200230         80200230        0     1                 
        80200238         80200238        0     1                 
        80200238         80200238        0     1                 
        8020023c         8020023c        0     1                 
        8020023c         8020023c        0     1                 
        80200242         80200242        0     1                 
        80200244         80200244        0     1                 
        80200246         80200246        0     1                 
        80200246         80200246        0     1                 
        8020024c         8020024c        0     1                 
        8020024c         8020024c        0     1                 
        80200250         80200250        0     1                 
        80200250         80200250        0     1                 
        80200252         80200252        0     1                 
        80200258         80200258        0     1                 
        80200258         80200258        0     1                 
        8020025c         8020025c        0     1                 
        8020025e         8020025e        0     1                 
        8020025e         8020025e        0     1                 .Lpcrel_hi12
        8020025e         8020025e        0     1                 
        80200266         80200266        0     1                 
        80200266         80200266        0     1                 
        80200268         80200268        0     1                 
        8020026a         8020026a        0     1                 .Lpcrel_hi13
        8020026a         8020026a        0     1                 
        80200272         80200272        0     1                 
        80200276         80200276        0     1                 
        8020027a         8020027a        0     1                 .Lpcrel_hi14
        8020027a         8020027a        0     1                 
        80200282         80200282        0     1                 .Lpcrel_hi15
        80200296         80200296        0     1                 
        80200298         80200298        0     1                 
        8020029a         8020029a        0     1                 
        802002aa         802002aa        0     1                 
        802002aa         802002aa        0     1                 
        802002ae         802002ae        0     1                 
        802002ae         802002ae        0     1                 
        802002b4         802002b4        0     1                 
        802002b6         802002b6        0     1                 
        802002b8         802002b8        0     1                 
        802002b8         802002b8        0     1                 
        802002bc         802002bc        0     1                 
        802002bc         802002bc        0     1                 
        802002be         802002be        0     1                 
        802002c4         802002c4        0     1                 
        802002c6         802002c6        0     1                 
        802002c6         802002c6        0     1                 
        802002ca         802002ca        0     1                 
        802002ce         802002ce        0     1                 
        802002ce         802002ce        0     1                 
        802002dc         802002dc        0     1                 
        802002e0         802002e0        0     1                 
        802002e0         802002e0        0     1                 
        802002e0         802002e0        0     1                 
        802002e0         802002e0        0     1                 
        802002e0         802002e0        0     1                 
        802002e0         802002e0       14     1                 user_entry
        802002e8         802002e8        0     1                 
        802002f4         802002f4        0     1                 
        802002f4         802002f4        0     1                 
        802002f4         802002f4        0     1                 
        802002f4         802002f4      228     1                 create_process
        80200310         80200310        0     1                 .Lpcrel_hi16
        80200310         80200310        0     1                 
        8020031e         8020031e        0     1                 
        8020031e         8020031e        0     1                 
        80200320         80200320        0     1                 
        80200320         80200320        0     1                 
        80200322         80200322        0     1                 
        80200322         80200322        0     1                 
        80200328         80200328        0     1                 
        8020032a         8020032a        0     1                 
        8020032a         8020032a        0     1                 
        80200330         80200330        0     1                 
        80200332         80200332        0     1                 
        80200332         80200332        0     1                 
        80200338         80200338        0     1                 
        8020033a         8020033a        0     1                 
        8020033a         8020033a        0     1                 
        80200340         80200340        0     1                 
        80200342         80200342        0     1                 
        80200342         80200342        0     1                 
        80200348         80200348        0     1                 
        8020034a         8020034a        0     1                 
        8020034a         8020034a        0     1                 
        80200352         80200352        0     1                 
        80200354         80200354        0     1                 
        80200354         80200354        0     1                 
        8020035c         8020035c        0     1                 
        8020035e         8020035e        0     1                 
        8020035e         8020035e        0     1                 .Lpcrel_hi17
        8020035e         8020035e        0     1                 
        80200366         80200366        0     1                 .Lpcrel_hi18
        8020037a         8020037a        0     1                 
        8020037c         8020037c        0     1                 
        8020037c         8020037c        0     1                 
        80200380         80200380        0     1                 
        80200384         80200384        0     1                 
        80200388         80200388        0     1                 
        8020038c         8020038c        0     1                 
        80200390         80200390        0     1                 
        80200394         80200394        0     1                 
        80200398         80200398        0     1                 
        8020039a         8020039a        0     1                 
        8020039a         8020039a        0     1                 
        802003a6         802003a6        0     1                 
        802003aa         802003aa        0     1                 
        802003ae         802003ae        0     1                 
        802003b2         802003b2        0     1                 
        802003b6         802003b6        0     1                 
        802003ba         802003ba        0     1                 
        802003be         802003be        0     1                 
        802003c2         802003c2        0     1                 
        802003c6         802003c6        0     1                 
        802003ca         802003ca        0     1                 
        802003ce         802003ce        0     1                 
        802003d2         802003d2        0     1                 
        802003d6         802003d6        0     1                 
        802003de         802003de        0     1                 
        802003e2         802003e2        0     1                 
        802003e2         802003e2        0     1                 .Lpcrel_hi19
        802003e2         802003e2        0     1                 
        802003e6         802003e6        0     1                 .Lpcrel_hi20
        802003e6         802003e6        0     1                 
        802003e6         802003e6        0     1                 
        802003ee         802003ee        0     1                 
        802003ee         802003ee        0     1                 
        802003f6         802003f6        0     1                 
        802003f6         802003f6        0     1                 
        802003f8         802003f8        0     1                 .Lpcrel_hi21
        802003f8         802003f8        0     1                 
        80200400         80200400        0     1                 
        80200408         80200408        0     1                 .Lpcrel_hi22
        80200408         80200408        0     1                 
        80200410         80200410        0     1                 .Lpcrel_hi23
        8020041c         8020041c        0     1                 
        80200424         80200424        0     1                 
        80200426         80200426        0     1                 
        80200426         80200426        0     1                 
        80200428         80200428        0     1                 
        8020042a         8020042a        0     1                 
        8020043a         8020043a        0     1                 
        8020043a         8020043a        0     1                 .Lpcrel_hi24
        8020043a         8020043a        0     1                 
        80200446         80200446        0     1                 
        80200446         80200446        0     1                 
        80200456         80200456        0     1                 
        80200456         80200456        0     1                 
        80200458         80200458        0     1                 
        8020045c         8020045c        0     1                 
        8020045c         8020045c        0     1                 
        80200460         80200460        0     1                 
        8020046e         8020046e        0     1                 
        8020046e         8020046e        0     1                 
        80200472         80200472        0     1                 
        8020047c         8020047c        0     1                 
        8020047c         8020047c        0     1                 
        80200480         80200480        0     1                 
        8020048e         8020048e        0     1                 
        8020048e         8020048e        0     1                 
        80200490         80200490        0     1                 
        80200490         80200490        0     1                 
        80200498         80200498        0     1                 
        8020049c         8020049c        0     1                 
        8020049c         8020049c        0     1                 
        802004a0         802004a0        0     1                 
        802004a0         802004a0        0     1                 
        802004a8         802004a8        0     1                 
        802004ac         802004ac        0     1                 
        802004ba         802004ba        0     1                 
        802004ba         802004ba        0     1                 
        802004bc         802004bc        0     1                 
        802004bc         802004bc        0     1                 
        802004c0         802004c0        0     1                 
        802004c0         802004c0        0     1                 
        802004ca         802004ca        0     1                 
        802004d0         802004d0        0     1                 
        802004d0         802004d0        0     1                 
        802004d2         802004d2        0     1                 
        802004d6         802004d6        0     1                 
        802004da         802004da        0     1                 
        802004dc         802004dc        0     1                 
        802004e8         802004e8        0     1                 
        802004e8         802004e8        0     1                 
        802004ee         802004ee        0     1                 
        802004f4         802004f4        0     1                 
        802004fa         802004fa        0     1                 
        802004fe         802004fe        0     1                 
        802004fe         802004fe        0     1                 .Lpcrel_hi25
        802004fe         802004fe        0     1                 
        80200506         80200506        0     1                 .Lpcrel_hi26
        8020051a         8020051a        0     1                 
        8020051c         8020051c        0     1                 
        8020051c         8020051c        0     1                 
        8020051c         8020051c        0     1                 
        8020051c         8020051c        0     1                 
        8020051c         8020051c        0     1                 
        8020051c         8020051c        0     1                 .Lpcrel_hi28
        8020051c         8020051c        0     1                 
        8020051c         8020051c      1ba     1                 yield
        80200528         80200528        0     1                 .Lpcrel_hi27
        80200528         80200528        0     1                 
        8020052c         8020052c        0     1                 
        8020052c         8020052c        0     1                 
        8020053e         8020053e        0     1                 
        80200542         80200542        0     1                 .Lpcrel_hi29
        8020054e         8020054e        0     1                 
        8020054e         8020054e        0     1                 
        80200552         80200552        0     1                 
        80200552         80200552        0     1                 
        80200554         80200554        0     1                 
        80200554         80200554        0     1                 
        80200558         80200558        0     1                 
        80200558         80200558        0     1                 
        8020055a         8020055a        0     1                 
        8020055e         8020055e        0     1                 
        8020055e         8020055e        0     1                 
        80200562         80200562        0     1                 
        80200572         80200572        0     1                 
        8020057a         8020057a        0     1                 
        8020057e         8020057e        0     1                 
        80200582         80200582        0     1                 
        80200588         80200588        0     1                 
        80200588         80200588        0     1                 
        8020058a         8020058a        0     1                 
        8020058e         8020058e        0     1                 
        8020058e         8020058e        0     1                 
        80200592         80200592        0     1                 
        802005a4         802005a4        0     1                 
        802005ae         802005ae        0     1                 
        802005b2         802005b2        0     1                 
        802005b2         802005b2        0     1                 
        802005b4         802005b4        0     1                 
        802005b8         802005b8        0     1                 
        802005b8         802005b8        0     1                 
        802005bc         802005bc        0     1                 
        802005cc         802005cc        0     1                 
        802005d4         802005d4        0     1                 
        802005d8         802005d8        0     1                 
        802005dc         802005dc        0     1                 
        802005e2         802005e2        0     1                 
        802005e2         802005e2        0     1                 
        802005e4         802005e4        0     1                 
        802005e8         802005e8        0     1                 
        802005e8         802005e8        0     1                 
        802005ec         802005ec        0     1                 
        802005fe         802005fe        0     1                 
        80200608         80200608        0     1                 
        8020060c         8020060c        0     1                 
        8020060c         8020060c        0     1                 
        8020060e         8020060e        0     1                 
        80200612         80200612        0     1                 
        80200612         80200612        0     1                 
        80200616         80200616        0     1                 
        80200626         80200626        0     1                 
        8020062e         8020062e        0     1                 
        80200632         80200632        0     1                 
        80200636         80200636        0     1                 
        8020063c         8020063c        0     1                 
        8020063c         8020063c        0     1                 
        8020063e         8020063e        0     1                 
        80200642         80200642        0     1                 
        80200642         80200642        0     1                 
        80200646         80200646        0     1                 
        80200658         80200658        0     1                 
        80200662         80200662        0     1                 
        80200666         80200666        0     1                 
        80200666         80200666        0     1                 
        80200668         80200668        0     1                 
        8020066c         8020066c        0     1                 
        8020066c         8020066c        0     1                 
        8020066e         8020066e        0     1                 
        8020067c         8020067c        0     1                 
        80200684         80200684        0     1                 
        80200688         80200688        0     1                 
        8020068c         8020068c        0     1                 
        80200692         80200692        0     1                 
        80200692         80200692        0     1                 
        80200694         80200694        0     1                 
        80200698         80200698        0     1                 
        80200698         80200698        0     1                 
        8020069a         8020069a        0     1                 
        8020069a         8020069a        0     1                 
        8020069e         8020069e        0     1                 
        802006a0         802006a0        0     1                 
        802006a6         802006a6        0     1                 
        802006ac         802006ac        0     1                 
        802006ae         802006ae        0     1                 
        802006be         802006be        0     1                 
        802006c2         802006c2        0     1                 
        802006c2         802006c2        0     1                 
        802006c4         802006c4        0     1                 
        802006c4         802006c4        0     1                 
        802006c8         802006c8        0     1                 
        802006cc         802006cc        0     1                 
        802006d4         802006d4        0     1                 
        802006d4         802006d4        0     1                 
        802006d6         802006d6        0     1                 
        802006d6         802006d6        0     1                 
        802006d6         802006d6        0     1                 
        802006d6         802006d6        0     1                 
        802006d6         802006d6        0     1                 
        802006d6         802006d6       10     1                 delay
        802006de         802006de        0     1                 
        802006de         802006de        0     1                 
        802006e0         802006e0        0     1                 
        802006e0         802006e0        0     1                 
        802006e2         802006e2        0     1                 
        802006e2         802006e2        0     1                 
        802006e4         802006e4        0     1                 
        802006e4         802006e4        0     1                 
        802006e6         802006e6        0     1                 
        802006e6         802006e6        0     1                 
        802006e6         802006e6        0     1                 
        802006e6         802006e6        0     1                 
        802006e6         802006e6        0     1                 
        802006e6         802006e6       46     1                 proc_a_entry
        802006ec         802006ec        0     1                 .Lpcrel_hi30
        802006ec         802006ec        0     1                 
        802006fc         802006fc        0     1                 
        802006fc         802006fc        0     1                 
        80200704         80200704        0     1                 
        80200704         80200704        0     1                 
        8020071a         8020071a        0     1                 
        8020071a         8020071a        0     1                 
        80200722         80200722        0     1                 
        80200722         80200722        0     1                 
        80200724         80200724        0     1                 
        80200724         80200724        0     1                 
        80200726         80200726        0     1                 
        80200726         80200726        0     1                 
        80200728         80200728        0     1                 
        80200728         80200728        0     1                 
        8020072c         8020072c        0     1                 
        8020072c         8020072c        0     1                 
        8020072c         8020072c        0     1                 
        8020072c         8020072c        0     1                 
        8020072c         8020072c        0     1                 
        8020072c         8020072c        0     1                 
        8020072c         8020072c       46     1                 proc_b_entry
        80200732         80200732        0     1                 .Lpcrel_hi31
        80200732         80200732        0     1                 
        80200742         80200742        0     1                 
        80200742         80200742        0     1                 
        8020074a         8020074a        0     1                 
        8020074a         8020074a        0     1                 
        80200760         80200760        0     1                 
        80200760         80200760        0     1                 
        80200768         80200768        0     1                 
        80200768         80200768        0     1                 
        8020076a         8020076a        0     1                 
        8020076a         8020076a        0     1                 
        8020076c         8020076c        0     1                 
        8020076c         8020076c        0     1                 
        8020076e         8020076e        0     1                 
        8020076e         8020076e        0     1                 
        80200772         80200772        0     1                 
        80200772         80200772        0     1                 
        80200772         80200772        0     1                 
        80200772         80200772        0     1                 
        80200772         80200772        0     1                 
        80200772         80200772        0     1                 
        80200772         80200772       82     1                 handle_syscall
        802007b2         802007b2        0     1                 
        802007b6         802007b6        0     1                 
        802007ba         802007ba        0     1                 
        802007ba         802007ba        0     1                 
        802007cc         802007cc        0     1                 
        802007cc         802007cc        0     1                 
        802007ce         802007ce        0     1                 
        802007d0         802007d0        0     1                 
        802007d2         802007d2        0     1                 .Lpcrel_hi32
        802007d2         802007d2        0     1                 
        802007d6         802007d6        0     1                 
        802007da         802007da        0     1                 .Lpcrel_hi33
        802007ee         802007ee        0     1                 
        802007ee         802007ee        0     1                 
        802007f2         802007f2        0     1                 
        802007f4         802007f4        0     1                 
        802007f4         802007f4        0     1                 
        802007f4         802007f4        0     1                 
        802007f4         802007f4        0     1                 
        802007f4         802007f4        0     1                 
        802007f4         802007f4       ba     1                 handle_trap
        802007f8         802007f8        0     1                 
        802007f8         802007f8        0     1                 
        802007fc         802007fc        0     1                 
        802007fc         802007fc        0     1                 
        80200800         80200800        0     1                 
        80200800         80200800        0     1                 
        80200802         80200802        0     1                 
        80200802         80200802        0     1                 
        80200806         80200806        0     1                 
        80200806         80200806        0     1                 
        8020080a         8020080a        0     1                 
        8020080a         8020080a        0     1                 
        80200816         80200816        0     1                 
        8020081a         8020081a        0     1                 
        8020084a         8020084a        0     1                 
        8020084e         8020084e        0     1                 
        80200852         80200852        0     1                 
        80200852         80200852        0     1                 
        80200864         80200864        0     1                 
        80200864         80200864        0     1                 
        80200866         80200866        0     1                 
        80200866         80200866        0     1                 
        8020086c         8020086c        0     1                 
        80200870         80200870        0     1                 
        80200870         80200870        0     1                 .Lpcrel_hi36
        80200870         80200870        0     1                 
        80200874         80200874        0     1                 
        80200878         80200878        0     1                 .Lpcrel_hi37
        8020088e         8020088e        0     1                 
        80200890         80200890        0     1                 
        80200890         80200890        0     1                 .Lpcrel_hi34
        80200890         80200890        0     1                 
        80200894         80200894        0     1                 
        80200898         80200898        0     1                 .Lpcrel_hi35
        802008ac         802008ac        0     1                 
        802008ae         802008ae        0     1                 
        802008ae         802008ae        0     1                 
        802008ae         802008ae        0     1                 
        802008ae         802008ae        0     1                 
        802008ae         802008ae        0     1                 
        802008ae         802008ae        0     1                 
        802008ae         802008ae       7c     1                 kernel_main
        802008b2         802008b2        0     1                 .Lpcrel_hi38
        802008b2         802008b2        0     1                 
        802008ba         802008ba        0     1                 .Lpcrel_hi39
        802008ce         802008ce        0     1                 
        802008ce         802008ce        0     1                 .Lpcrel_hi40
        802008ce         802008ce        0     1                 
        802008d6         802008d6        0     1                 
        802008da         802008da        0     1                 
        802008dc         802008dc        0     1                 
        802008e6         802008e6        0     1                 
        802008e6         802008e6        0     1                 .Lpcrel_hi41
        802008e6         802008e6        0     1                 
        802008ee         802008ee        0     1                 
        802008f2         802008f2        0     1                 .Lpcrel_hi42
        802008f2         802008f2        0     1                 
        802008fa         802008fa        0     1                 .Lpcrel_hi43
        802008fa         802008fa        0     1                 
        80200902         80200902        0     1                 .Lpcrel_hi44
        8020090c         8020090c        0     1                 .Lpcrel_hi45
        80200914         80200914        0     1                 .Lpcrel_hi46
        80200928         80200928        0     1                 
        8020092a         8020092a        0     1                 
        8020092a         8020092a        0     1                 
        8020092a         8020092a      280     2         /tmp/common-9f59b0.o:(.text)
        8020092a         8020092a        0     1                 
        8020092a         8020092a        0     1                 
        8020092a         8020092a        0     1                 $x.0
        8020092a         8020092a        0     1                 
        8020092a         8020092a       16     1                 memset
        8020092e         8020092e        0     1                 
        8020092e         8020092e        0     1                 
        80200930         80200930        0     1                 
        80200930         80200930        0     1                 
        80200934         80200934        0     1                 
        80200934         80200934        0     1                 
        80200938         80200938        0     1                 
        8020093a         8020093a        0     1                 
        8020093a         8020093a        0     1                 
        8020093e         8020093e        0     1                 
        8020093e         8020093e        0     1                 
        80200940         80200940        0     1                 
        80200940         80200940        0     1                 
        80200940         80200940        0     1                 
        80200940         80200940        0     1                 
        80200940         80200940        0     1                 
        80200940         80200940       1c     1                 memcpy
        80200944         80200944        0     1                 
        80200944         80200944        0     1                 
        80200946         80200946        0     1                 
        80200946         80200946        0     1                 
        8020094a         8020094a        0     1                 
        8020094c         8020094c        0     1                 
        80200950         80200950        0     1                 
        80200950         80200950        0     1                 
        80200954         80200954        0     1                 
        80200956         80200956        0     1                 
        80200956         80200956        0     1                 
        8020095a         8020095a        0     1                 
        8020095a         8020095a        0     1                 
        8020095c         8020095c        0     1                 
        8020095c         8020095c        0     1                 
        8020095c         8020095c        0     1                 
        8020095c         8020095c        0     1                 
        8020095c         8020095c        0     1                 
        8020095c         8020095c       24     1                 strcpy
        80200962         80200962        0     1                 
        80200966         80200966        0     1                 
        80200966         80200966        0     1                 
        80200968         80200968        0     1                 
        80200968         80200968        0     1                 
        8020096c         8020096c        0     1                 
        80200970         80200970        0     1                 
        80200974         80200974        0     1                 
        80200974         80200974        0     1                 
        80200976         80200976        0     1                 
        80200976         80200976        0     1                 
        80200978         80200978        0     1                 
        8020097a         8020097a        0     1                 
        8020097a         8020097a        0     1                 
        8020097e         8020097e        0     1                 
        80200980         80200980        0     1                 
        80200980         80200980        0     1                 
        80200980         80200980        0     1                 
        80200980         80200980        0     1                 
        80200980         80200980        0     1                 
        80200980         80200980       2e     1                 strcmp
        80200984         80200984        0     1                 
        80200986         80200986        0     1                 
        80200988         80200988        0     1                 
        80200988         80200988        0     1                 
        80200990         80200990        0     1                 
        80200994         80200994        0     1                 
        80200994         80200994        0     1                 
        80200998         80200998        0     1                 
        8020099a         8020099a        0     1                 
        8020099c         8020099c        0     1                 
        8020099e         8020099e        0     1                 
        802009a4         802009a4        0     1                 
        802009a4         802009a4        0     1                 
        802009a6         802009a6        0     1                 
        802009a6         802009a6        0     1                 
        802009aa         802009aa        0     1                 
        802009aa         802009aa        0     1                 
        802009ac         802009ac        0     1                 
        802009ae         802009ae        0     1                 
        802009ae         802009ae        0     1                 
        802009ae         802009ae        0     1                 
        802009ae         802009ae        0     1                 
        802009ae         802009ae        0     1                 
        802009ae         802009ae      1fc     1                 printf
        802009cc         802009cc        0     1                 
        802009dc         802009dc        0     1                 
        802009fc         802009fc        0     1                 .Lpcrel_hi0
        80200a06         80200a06        0     1                 
        80200a0a         80200a0a        0     1                 
        80200a0c         80200a0c        0     1                 
        80200a10         80200a10        0     1                 
        80200a18         80200a18        0     1                 
        80200a20         80200a20        0     1                 
        80200a20         80200a20        0     1                 
        80200a22         80200a22        0     1                 
        80200a24         80200a24        0     1                 
        80200a28         80200a28        0     1                 
        80200a2a         80200a2a        0     1                 
        80200a3a         80200a3a        0     1                 
        80200a3a         80200a3a        0     1                 
        80200a46         80200a46        0     1                 
        80200a4a         80200a4a        0     1                 
        80200a4a         80200a4a        0     1                 
        80200a4c         80200a4c        0     1                 
        80200a52         80200a52        0     1                 
        80200a52         80200a52        0     1                 
        80200a5a         80200a5a        0     1                 
        80200a5a         80200a5a        0     1                 
        80200a66         80200a66        0     1                 
        80200a66         80200a66        0     1                 
        80200a6a         80200a6a        0     1                 
        80200a6a         80200a6a        0     1                 
        80200a6c         80200a6c        0     1                 
        80200a70         80200a70        0     1                 
        80200a78         80200a78        0     1                 
        80200a78         80200a78        0     1                 
        80200a7e         80200a7e        0     1                 
        80200a7e         80200a7e        0     1                 
        80200a80         80200a80        0     1                 
        80200a84         80200a84        0     1                 
        80200a8c         80200a8c        0     1                 
        80200a8c         80200a8c        0     1                 
        80200a92         80200a92        0     1                 
        80200a92         80200a92        0     1                 
        80200a94         80200a94        0     1                 
        80200a98         80200a98        0     1                 
        80200aa0         80200aa0        0     1                 
        80200aa0         80200aa0        0     1                 
        80200aa6         80200aa6        0     1                 
        80200aa6         80200aa6        0     1                 
        80200aa8         80200aa8        0     1                 
        80200aac         80200aac        0     1                 
        80200ab4         80200ab4        0     1                 
        80200ab4         80200ab4        0     1                 
        80200aba         80200aba        0     1                 
        80200aba         80200aba        0     1                 
        80200abc         80200abc        0     1                 
        80200ac0         80200ac0        0     1                 
        80200ac8         80200ac8        0     1                 
        80200ac8         80200ac8        0     1                 
        80200ace         80200ace        0     1                 
        80200ace         80200ace        0     1                 
        80200ad0         80200ad0        0     1                 
        80200ad4         80200ad4        0     1                 
        80200adc         80200adc        0     1                 
        80200adc         80200adc        0     1                 
        80200ae2         80200ae2        0     1                 
        80200ae2         80200ae2        0     1                 
        80200ae4         80200ae4        0     1                 
        80200ae8         80200ae8        0     1                 
        80200af0         80200af0        0     1                 
        80200af0         80200af0        0     1                 
        80200af2         80200af2        0     1                 
        80200af8         80200af8        0     1                 
        80200af8         80200af8        0     1                 
        80200b00         80200b00        0     1                 
        80200b00         80200b00        0     1                 
        80200b02         80200b02        0     1                 
        80200b04         80200b04        0     1                 
        80200b04         80200b04        0     1                 
        80200b0e         80200b0e        0     1                 
        80200b0e         80200b0e        0     1                 
        80200b12         80200b12        0     1                 
        80200b18         80200b18        0     1                 
        80200b18         80200b18        0     1                 
        80200b24         80200b24        0     1                 
        80200b24         80200b24        0     1                 
        80200b28         80200b28        0     1                 
        80200b2a         80200b2a        0     1                 
        80200b2e         80200b2e        0     1                 
        80200b2e         80200b2e        0     1                 
        80200b3a         80200b3a        0     1                 
        80200b3a         80200b3a        0     1                 
        80200b3e         80200b3e        0     1                 
        80200b3e         80200b3e        0     1                 
        80200b40         80200b40        0     1                 
        80200b44         80200b44        0     1                 
        80200b46         80200b46        0     1                 
        80200b46         80200b46        0     1                 
        80200b4a         80200b4a        0     1                 
        80200b4e         80200b4e        0     1                 
        80200b52         80200b52        0     1                 
        80200b52         80200b52        0     1                 
        80200b54         80200b54        0     1                 
        80200b54         80200b54        0     1                 
        80200b58         80200b58        0     1                 
        80200b5c         80200b5c        0     1                 
        80200b68         80200b68        0     1                 
        80200b68         80200b68        0     1                 
        80200b70         80200b70        0     1                 
        80200b7a         80200b7a        0     1                 
        80200b7a         80200b7a        0     1                 
        80200b80         80200b80        0     1                 
        80200b80         80200b80        0     1                 
        80200b8c         80200b8c        0     1                 
        80200b8c         80200b8c        0     1                 
        80200b90         80200b90        0     1                 
        80200ba6         80200ba6        0     1                 
        80200baa         80200baa        0     1                 
        80200baa         80200baa        0     1                 
        80200bac         80200bac      15e     4 .rodata
        80200bac         80200bac      15e     1         <internal>:(.rodata.str1.1)
        80200d0c         80200d0c    10310     4 .data
        80200d0c         80200d0c    10310     1         shell.bin.o:(.data)
        80200d0c         80200d0c        0     1                 _binary_shell_bin_start
        8021101c         8021101c        0     1                 _binary_shell_bin_end
        80211020         80211020        8     8 .sdata
        80211020         80211020        8     8         /tmp/kernel-344454.o:(.sdata)
        80211020         80211020        8     1                 alloc_pages.next_paddr
        80211020         80211020        0     1                 $d.2
        80211028         80211028    100e0     8 .bss
        80211028         80211028        0     1         __bss = .
        80211028         80211028    100c0     8         /tmp/kernel-344454.o:(.bss)
        80211028         80211028        0     1                 $d.4
        80211028         80211028    100c0     1                 procs
        802210e8         802210e8       20     8         /tmp/kernel-344454.o:(.sbss)
        802210e8         802210e8        0     1                 $d.5
        802210e8         802210e8        8     1                 idle_proc
        802210f0         802210f0        8     1                 current_proc
        802210f8         802210f8        8     1                 proc_a
        80221100         80221100        8     1                 proc_b
        80221108         80221108        0     1         __bss_end = .
        80221108         80221108        8     1 . = ALIGN ( 16 )
        80221110         80221110    20000     1 . += 128 * 1024
        80241110         80241110        0     1 __stack_top = .
        80241110         80241110      ef0     1 . = ALIGN ( 4096 )
        80242000         80242000        0     1 __free_ram = .
        80242000         80242000  4000000     1 . += 64 * 1024 * 1024
        84242000         84242000        0     1 __free_ram_end = .
               0                0     1648     1 .debug_loc
               0                0     1189     1         /tmp/kernel-344454.o:(.debug_loc)
               0                0        0     1                 
               0                0        0     1                 $d.6
              33               33        0     1                 
              66               66        0     1                 
              99               99        0     1                 
              ce               ce        0     1                 
             116              116        0     1                 
             14b              14b        0     1                 
             180              180        0     1                 
             1b3              1b3        0     1                 
             1e6              1e6        0     1                 
             23f              23f        0     1                 
             285              285        0     1                 
             304              304        0     1                 
             383              383        0     1                 
             3be              3be        0     1                 
             3f1              3f1        0     1                 
             424              424        0     1                 
             457              457        0     1                 
             48a              48a        0     1                 
             4bd              4bd        0     1                 
             4f0              4f0        0     1                 
             523              523        0     1                 
             556              556        0     1                 
             5af              5af        0     1                 
             608              608        0     1                 
             78d              78d        0     1                 
             7d4              7d4        0     1                 
             870              870        0     1                 
             8a3              8a3        0     1                 
             8d7              8d7        0     1                 
             91d              91d        0     1                 
             950              950        0     1                 
             9aa              9aa        0     1                 
             9f0              9f0        0     1                 
             a40              a40        0     1                 
             a73              a73        0     1                 
             abb              abb        0     1                 
             b01              b01        0     1                 
             bb9              bb9        0     1                 
             c96              c96        0     1                 
             cdc              cdc        0     1                 
             d0f              d0f        0     1                 
             d6e              d6e        0     1                 
             da4              da4        0     1                 
             dd9              dd9        0     1                 
             e38              e38        0     1                 
             e6e              e6e        0     1                 
             ea3              ea3        0     1                 
             f02              f02        0     1                 
             f48              f48        0     1                 
             f7d              f7d        0     1                 
             fd6              fd6        0     1                 
            101c             101c        0     1                 
            1062             1062        0     1                 
            1095             1095        0     1                 
            10db             10db        0     1                 
            1121             1121        0     1                 
            1156             1156        0     1                 
            1189             1189      4bf     1         /tmp/common-9f59b0.o:(.debug_loc)
            1189             1189        0     1                 
            1189             1189        0     1                 $d.2
            11e5             11e5        0     1                 
            120a             120a        0     1                 
            122d             122d        0     1                 
            1289             1289        0     1                 
            12ae             12ae        0     1                 
            12e4             12e4        0     1                 
            132d             132d        0     1                 
            138b             138b        0     1                 
            13ae             13ae        0     1                 
            13e4             13e4        0     1                 
            141a             141a        0     1                 
            1478             1478        0     1                 
            1545             1545        0     1                 
            1568             1568        0     1                 
            15fd             15fd        0     1                 
               0                0      42a     1 .debug_abbrev
               0                0      2f5     1         /tmp/kernel-344454.o:(.debug_abbrev)
               0                0        0     1                 $d.7
             2f5              2f5      135     1         /tmp/common-9f59b0.o:(.debug_abbrev)
             2f5              2f5        0     1                 $d.3
               0                0     13cb     1 .debug_info
               0                0     1039     1         /tmp/kernel-344454.o:(.debug_info)
               0                0        0     1                 $d.8
            1039             1039      392     1         /tmp/common-9f59b0.o:(.debug_info)
            1039             1039        0     1                 $d.4
               0                0      1c0     1 .debug_ranges
               0                0      190     1         /tmp/kernel-344454.o:(.debug_ranges)
               0                0        0     1                 
               0                0        0     1                 $d.9
              30               30        0     1                 
              60               60        0     1                 
              a0               a0        0     1                 
              d0               d0        0     1                 
             100              100        0     1                 
             130              130        0     1                 
             160              160        0     1                 
             190              190       30     1         /tmp/common-9f59b0.o:(.debug_ranges)
             190              190        0     1                 
             190              190        0     1                 $d.5
               0                0      3f2     1 .debug_str
               0                0      3f2     1         <internal>:(.debug_str)
               0                0       7d     1 .comment
               0                0       7d     1         <internal>:(.comment)
               0                0       2b     1 .riscv.attributes
               0                0       2b     1         <internal>:(.riscv.attributes)
               0                0      2c0     8 .debug_frame
               0                0      210     8         /tmp/kernel-344454.o:(.debug_frame)
               0                0        0     1                 
               0                0        0     1                 $d.13
             210              210       b0     8         /tmp/common-9f59b0.o:(.debug_frame)
             210              210        0     1                 
             210              210        0     1                 $d.9
               0                0      d29     1 .debug_line
               0                0      96e     1         /tmp/kernel-344454.o:(.debug_line)
               0                0        0     1                 .Lline_table_start0
               0                0        0     1                 $d.14
             96e              96e      3bb     1         /tmp/common-9f59b0.o:(.debug_line)
             96e              96e        0     1                 .Lline_table_start0
             96e              96e        0     1                 $d.10
               0                0     5cd0     8 .symtab
               0                0     5cd0     8         <internal>:(.symtab)
               0                0       ad     1 .shstrtab
               0                0       ad     1         <internal>:(.shstrtab)
               0                0      23f     1 .strtab
               0                0      23f     1         <internal>:(.strtab)
