             VMA              LMA     Size Align Out     In      Symbol
               0                0 80200000     1 . = 0x80200000
        80200000                0        0     1 __kernel_base = .
        80200000         80200000      988     4 .text
        80200000         80200000        e     2         /tmp/kernel-69406a.o:(.text.boot)
        80200000         80200000        0     1                 .L0 
        80200000         80200000        0     1                 .L0 
        80200000         80200000        0     1                 .Lpcrel_hi39
        80200000         80200000        0     1                 $x
        80200000         80200000        0     1                 .L0 
        80200000         80200000        e     1                 boot
        8020000e         8020000e        0     1                 .L0 
        8020000e         8020000e        0     1                 .L0 
        80200010         80200010      6fc     4         /tmp/kernel-69406a.o:(.text)
        80200010         80200010        0     1                 .L0 
        80200010         80200010        0     1                 .L0 
        80200010         80200010        0     1                 $x
        80200010         80200010        0     1                 .L0 
        80200010         80200010        6     1                 sbi_call
        80200014         80200014        0     1                 .L0 
        80200016         80200016        0     1                 .L0 
        80200016         80200016        0     1                 .L0 
        80200016         80200016        0     1                 .L0 
        80200016         80200016       14     1                 putchar
        80200028         80200028        0     1                 .L0 
        8020002c         8020002c        0     1                 .L0 
        8020002c         8020002c        0     1                 .L0 
        8020002c         8020002c        0     1                 .L0 
        8020002c         8020002c       9c     1                 kernel_entry
        802000c8         802000c8        0     1                 .L0 
        802000c8         802000c8        0     1                 .L0 
        802000c8         802000c8        0     1                 .L0 
        802000c8         802000c8       46     1                 switch_context
        8020010e         8020010e        0     1                 .L0 
        8020010e         8020010e        0     1                 .L0 
        8020010e         8020010e        0     1                 .L0 
        8020010e         8020010e       5a     1                 alloc_pages
        80200114         80200114        0     1                 .Lpcrel_hi0
        80200114         80200114        0     1                 .L0 
        8020011c         8020011c        0     1                 .L0 
        80200120         80200120        0     1                 .L0 
        80200124         80200124        0     1                 .Lpcrel_hi1
        80200124         80200124        0     1                 .L0 
        8020012c         8020012c        0     1                 .L0 
        80200130         80200130        0     1                 .L0 
        80200134         80200134        0     1                 .Lpcrel_hi2
        80200134         80200134        0     1                 .L0 
        8020013c         8020013c        0     1                 .Lpcrel_hi3
        80200150         80200150        0     1                 .L0 
        80200152         80200152        0     1                 .L0 
        8020015e         8020015e        0     1                 .L0 
        8020015e         8020015e        0     1                 .L0 
        80200164         80200164        0     1                 .L0 
        80200164         80200164        0     1                 .L0 
        80200168         80200168        0     1                 .L0 
        80200168         80200168        0     1                 .L0 
        80200168         80200168        0     1                 .L0 
        80200168         80200168        0     1                 .L0 
        80200168         80200168        0     1                 .L0 
        80200168         80200168       f4     1                 map_page
        80200178         80200178        0     1                 .L0 
        80200178         80200178        0     1                 .L0 
        8020017c         8020017c        0     1                 .Lpcrel_hi4
        8020017c         8020017c        0     1                 .L0 
        80200180         80200180        0     1                 .L0 
        80200184         80200184        0     1                 .Lpcrel_hi5
        80200190         80200190        0     1                 .L0 
        80200192         80200192        0     1                 .L0 
        8020019a         8020019a        0     1                 .L0 
        8020019c         8020019c        0     1                 .L0 
        8020019c         8020019c        0     1                 .L0 
        802001a2         802001a2        0     1                 .Lpcrel_hi6
        802001a2         802001a2        0     1                 .L0 
        802001a6         802001a6        0     1                 .L0 
        802001aa         802001aa        0     1                 .Lpcrel_hi7
        802001b4         802001b4        0     1                 .L0 
        802001b8         802001b8        0     1                 .L0 
        802001c0         802001c0        0     1                 .L0 
        802001c2         802001c2        0     1                 .L0 
        802001c2         802001c2        0     1                 .L0 
        802001d0         802001d0        0     1                 .L0 
        802001d0         802001d0        0     1                 .L0 
        802001d4         802001d4        0     1                 .L0 
        802001d6         802001d6        0     1                 .L0 
        802001d6         802001d6        0     1                 .Lpcrel_hi8
        802001d6         802001d6        0     1                 .L0 
        802001de         802001de        0     1                 .L0 
        802001de         802001de        0     1                 .L0 
        802001e0         802001e0        0     1                 .L0 
        802001e2         802001e2        0     1                 .Lpcrel_hi9
        802001e2         802001e2        0     1                 .L0 
        802001ea         802001ea        0     1                 .L0 
        802001ee         802001ee        0     1                 .L0 
        802001f2         802001f2        0     1                 .Lpcrel_hi10
        802001f2         802001f2        0     1                 .L0 
        802001fa         802001fa        0     1                 .Lpcrel_hi11
        80200206         80200206        0     1                 .L0 
        8020020e         8020020e        0     1                 .L0 
        80200210         80200210        0     1                 .L0 
        80200210         80200210        0     1                 .L0 
        80200212         80200212        0     1                 .L0 
        80200212         80200212        0     1                 .L0 
        8020021a         8020021a        0     1                 .L0 
        80200222         80200222        0     1                 .L0 
        80200222         80200222        0     1                 .L0 
        80200226         80200226        0     1                 .L0 
        80200226         80200226        0     1                 .L0 
        8020022c         8020022c        0     1                 .L0 
        8020022e         8020022e        0     1                 .L0 
        80200230         80200230        0     1                 .L0 
        80200230         80200230        0     1                 .L0 
        80200238         80200238        0     1                 .L0 
        80200238         80200238        0     1                 .L0 
        8020023a         8020023a        0     1                 .L0 
        80200240         80200240        0     1                 .L0 
        80200242         80200242        0     1                 .L0 
        80200242         80200242        0     1                 .L0 
        80200246         80200246        0     1                 .L0 
        8020024a         8020024a        0     1                 .L0 
        8020024a         8020024a        0     1                 .L0 
        80200258         80200258        0     1                 .L0 
        8020025c         8020025c        0     1                 .L0 
        8020025c         8020025c        0     1                 .L0 
        8020025c         8020025c        0     1                 .L0 
        8020025c         8020025c        0     1                 .L0 
        8020025c         8020025c        0     1                 .L0 
        8020025c         8020025c      1b0     1                 create_process
        80200270         80200270        0     1                 .Lpcrel_hi12
        80200270         80200270        0     1                 .L0 
        8020027c         8020027c        0     1                 .L0 
        8020027c         8020027c        0     1                 .L0 
        8020027e         8020027e        0     1                 .L0 
        8020027e         8020027e        0     1                 .Lpcrel_hi13
        8020027e         8020027e        0     1                 .L0 
        8020028e         8020028e        0     1                 .L0 
        80200290         80200290        0     1                 .L0 
        80200290         80200290        0     1                 .L0 
        80200298         80200298        0     1                 .L0 
        8020029a         8020029a        0     1                 .L0 
        8020029a         8020029a        0     1                 .L0 
        802002a2         802002a2        0     1                 .L0 
        802002a4         802002a4        0     1                 .L0 
        802002a4         802002a4        0     1                 .L0 
        802002ac         802002ac        0     1                 .L0 
        802002ae         802002ae        0     1                 .L0 
        802002ae         802002ae        0     1                 .L0 
        802002b6         802002b6        0     1                 .L0 
        802002b8         802002b8        0     1                 .L0 
        802002b8         802002b8        0     1                 .L0 
        802002c2         802002c2        0     1                 .L0 
        802002c4         802002c4        0     1                 .L0 
        802002c4         802002c4        0     1                 .L0 
        802002ce         802002ce        0     1                 .L0 
        802002d0         802002d0        0     1                 .L0 
        802002d0         802002d0        0     1                 .Lpcrel_hi14
        802002d0         802002d0        0     1                 .L0 
        802002d4         802002d4        0     1                 .L0 
        802002d8         802002d8        0     1                 .Lpcrel_hi15
        802002ec         802002ec        0     1                 .L0 
        802002ee         802002ee        0     1                 .L0 
        802002ee         802002ee        0     1                 .L0 
        802002f2         802002f2        0     1                 .L0 
        802002f8         802002f8        0     1                 .L0 
        802002fa         802002fa        0     1                 .L0 
        802002fa         802002fa        0     1                 .L0 
        80200302         80200302        0     1                 .L0 
        80200304         80200304        0     1                 .L0 
        80200304         80200304        0     1                 .L0 
        8020030c         8020030c        0     1                 .L0 
        8020030e         8020030e        0     1                 .L0 
        8020030e         8020030e        0     1                 .L0 
        80200316         80200316        0     1                 .L0 
        80200318         80200318        0     1                 .L0 
        80200318         80200318        0     1                 .L0 
        80200320         80200320        0     1                 .L0 
        80200322         80200322        0     1                 .L0 
        80200322         80200322        0     1                 .L0 
        8020032a         8020032a        0     1                 .L0 
        8020032c         8020032c        0     1                 .L0 
        8020032c         8020032c        0     1                 .L0 
        80200334         80200334        0     1                 .L0 
        8020033a         8020033a        0     1                 .L0 
        8020033c         8020033c        0     1                 .L0 
        8020033c         8020033c        0     1                 .L0 
        80200340         80200340        0     1                 .L0 
        80200340         80200340        0     1                 .L0 
        80200344         80200344        0     1                 .L0 
        80200344         80200344        0     1                 .L0 
        80200348         80200348        0     1                 .L0 
        80200348         80200348        0     1                 .L0 
        8020034c         8020034c        0     1                 .L0 
        8020034c         8020034c        0     1                 .L0 
        80200350         80200350        0     1                 .L0 
        80200350         80200350        0     1                 .L0 
        80200354         80200354        0     1                 .L0 
        80200354         80200354        0     1                 .L0 
        80200358         80200358        0     1                 .L0 
        80200358         80200358        0     1                 .L0 
        8020035c         8020035c        0     1                 .L0 
        8020035c         8020035c        0     1                 .L0 
        80200360         80200360        0     1                 .L0 
        80200360         80200360        0     1                 .L0 
        80200364         80200364        0     1                 .L0 
        80200364         80200364        0     1                 .Lpcrel_hi16
        80200364         80200364        0     1                 .L0 
        8020036c         8020036c        0     1                 .L0 
        8020036c         8020036c        0     1                 .L0 
        80200370         80200370        0     1                 .L0 
        80200370         80200370        0     1                 .L0 
        80200376         80200376        0     1                 .L0 
        80200376         80200376        0     1                 .L0 
        8020037c         8020037c        0     1                 .Lpcrel_hi17
        8020037c         8020037c        0     1                 .L0 
        80200384         80200384        0     1                 .L0 
        80200384         80200384        0     1                 .L0 
        80200388         80200388        0     1                 .L0 
        80200388         80200388        0     1                 .L0 
        8020038c         8020038c        0     1                 .L0 
        8020038c         8020038c        0     1                 .Lpcrel_hi18
        8020038c         8020038c        0     1                 .L0 
        80200394         80200394        0     1                 .Lpcrel_hi19
        802003a8         802003a8        0     1                 .L0 
        802003aa         802003aa        0     1                 .L0 
        802003ba         802003ba        0     1                 .L0 
        802003ba         802003ba        0     1                 .Lpcrel_hi20
        802003ba         802003ba        0     1                 .L0 
        802003c2         802003c2        0     1                 .L0 
        802003c2         802003c2        0     1                 .L0 
        802003c6         802003c6        0     1                 .L0 
        802003c6         802003c6        0     1                 .L0 
        802003c8         802003c8        0     1                 .L0 
        802003c8         802003c8        0     1                 .L0 
        802003da         802003da        0     1                 .L0 
        802003da         802003da        0     1                 .L0 
        802003dc         802003dc        0     1                 .L0 
        802003de         802003de        0     1                 .L0 
        802003e2         802003e2        0     1                 .L0 
        802003e2         802003e2        0     1                 .L0 
        802003e8         802003e8        0     1                 .L0 
        802003ec         802003ec        0     1                 .L0 
        802003f0         802003f0        0     1                 .L0 
        802003f4         802003f4        0     1                 .L0 
        802003fe         802003fe        0     1                 .L0 
        802003fe         802003fe        0     1                 .L0 
        80200402         80200402        0     1                 .L0 
        80200404         80200404        0     1                 .L0 
        80200408         80200408        0     1                 .L0 
        8020040c         8020040c        0     1                 .L0 
        8020040c         8020040c        0     1                 .L0 
        8020040c         8020040c        0     1                 .L0 
        8020040c         8020040c        0     1                 .L0 
        8020040c         8020040c        0     1                 .Lpcrel_hi22
        8020040c         8020040c        0     1                 .L0 
        8020040c         8020040c      18e     1                 yield
        80200418         80200418        0     1                 .Lpcrel_hi21
        80200418         80200418        0     1                 .L0 
        8020041c         8020041c        0     1                 .L0 
        8020041c         8020041c        0     1                 .L0 
        8020042e         8020042e        0     1                 .L0 
        80200432         80200432        0     1                 .Lpcrel_hi23
        8020043c         8020043c        0     1                 .L0 
        8020043c         8020043c        0     1                 .L0 
        8020043e         8020043e        0     1                 .L0 
        8020043e         8020043e        0     1                 .L0 
        80200442         80200442        0     1                 .L0 
        80200442         80200442        0     1                 .L0 
        80200444         80200444        0     1                 .L0 
        80200444         80200444        0     1                 .L0 
        80200448         80200448        0     1                 .L0 
        8020044a         8020044a        0     1                 .L0 
        8020044e         8020044e        0     1                 .L0 
        8020044e         8020044e        0     1                 .L0 
        80200452         80200452        0     1                 .L0 
        80200456         80200456        0     1                 .L0 
        80200460         80200460        0     1                 .L0 
        80200466         80200466        0     1                 .L0 
        80200466         80200466        0     1                 .L0 
        80200468         80200468        0     1                 .L0 
        8020046c         8020046c        0     1                 .L0 
        8020046e         8020046e        0     1                 .L0 
        80200472         80200472        0     1                 .L0 
        80200472         80200472        0     1                 .L0 
        80200476         80200476        0     1                 .L0 
        80200488         80200488        0     1                 .L0 
        8020048c         8020048c        0     1                 .L0 
        8020048e         8020048e        0     1                 .L0 
        8020048e         8020048e        0     1                 .L0 
        80200492         80200492        0     1                 .L0 
        80200496         80200496        0     1                 .L0 
        80200498         80200498        0     1                 .L0 
        8020049c         8020049c        0     1                 .L0 
        8020049c         8020049c        0     1                 .L0 
        802004a0         802004a0        0     1                 .L0 
        802004a4         802004a4        0     1                 .L0 
        802004ae         802004ae        0     1                 .L0 
        802004b4         802004b4        0     1                 .L0 
        802004b4         802004b4        0     1                 .L0 
        802004b6         802004b6        0     1                 .L0 
        802004ba         802004ba        0     1                 .L0 
        802004bc         802004bc        0     1                 .L0 
        802004c0         802004c0        0     1                 .L0 
        802004c0         802004c0        0     1                 .L0 
        802004c4         802004c4        0     1                 .L0 
        802004d6         802004d6        0     1                 .L0 
        802004da         802004da        0     1                 .L0 
        802004dc         802004dc        0     1                 .L0 
        802004dc         802004dc        0     1                 .L0 
        802004e0         802004e0        0     1                 .L0 
        802004e4         802004e4        0     1                 .L0 
        802004e6         802004e6        0     1                 .L0 
        802004ea         802004ea        0     1                 .L0 
        802004ea         802004ea        0     1                 .L0 
        802004ee         802004ee        0     1                 .L0 
        802004f2         802004f2        0     1                 .L0 
        802004fc         802004fc        0     1                 .L0 
        80200502         80200502        0     1                 .L0 
        80200502         80200502        0     1                 .L0 
        80200504         80200504        0     1                 .L0 
        80200508         80200508        0     1                 .L0 
        8020050a         8020050a        0     1                 .L0 
        8020050e         8020050e        0     1                 .L0 
        8020050e         8020050e        0     1                 .L0 
        80200512         80200512        0     1                 .L0 
        80200524         80200524        0     1                 .L0 
        80200528         80200528        0     1                 .L0 
        8020052a         8020052a        0     1                 .L0 
        8020052a         8020052a        0     1                 .L0 
        8020052e         8020052e        0     1                 .L0 
        80200532         80200532        0     1                 .L0 
        80200534         80200534        0     1                 .L0 
        80200538         80200538        0     1                 .L0 
        80200538         80200538        0     1                 .L0 
        8020053a         8020053a        0     1                 .L0 
        80200548         80200548        0     1                 .L0 
        8020054c         8020054c        0     1                 .L0 
        8020054e         8020054e        0     1                 .L0 
        8020054e         8020054e        0     1                 .L0 
        80200550         80200550        0     1                 .L0 
        80200554         80200554        0     1                 .L0 
        80200556         80200556        0     1                 .L0 
        8020055a         8020055a        0     1                 .L0 
        8020055a         8020055a        0     1                 .L0 
        8020055c         8020055c        0     1                 .L0 
        8020055c         8020055c        0     1                 .L0 
        80200560         80200560        0     1                 .L0 
        80200564         80200564        0     1                 .L0 
        8020056a         8020056a        0     1                 .L0 
        80200570         80200570        0     1                 .L0 
        80200572         80200572        0     1                 .L0 
        80200582         80200582        0     1                 .L0 
        80200586         80200586        0     1                 .L0 
        80200586         80200586        0     1                 .L0 
        80200588         80200588        0     1                 .L0 
        80200588         80200588        0     1                 .L0 
        8020058c         8020058c        0     1                 .L0 
        80200590         80200590        0     1                 .L0 
        80200590         80200590        0     1                 .L0 
        80200598         80200598        0     1                 .L0 
        8020059a         8020059a        0     1                 .L0 
        8020059a         8020059a        0     1                 .L0 
        8020059a         8020059a        0     1                 .L0 
        8020059a         8020059a        0     1                 .L0 
        8020059a         8020059a        0     1                 .L0 
        8020059a         8020059a       10     1                 delay
        802005a2         802005a2        0     1                 .L0 
        802005a2         802005a2        0     1                 .L0 
        802005a4         802005a4        0     1                 .L0 
        802005a4         802005a4        0     1                 .L0 
        802005a6         802005a6        0     1                 .L0 
        802005a6         802005a6        0     1                 .L0 
        802005a8         802005a8        0     1                 .L0 
        802005a8         802005a8        0     1                 .L0 
        802005aa         802005aa        0     1                 .L0 
        802005aa         802005aa        0     1                 .L0 
        802005aa         802005aa        0     1                 .L0 
        802005aa         802005aa        0     1                 .L0 
        802005aa         802005aa        0     1                 .L0 
        802005aa         802005aa       46     1                 proc_a_entry
        802005b0         802005b0        0     1                 .Lpcrel_hi24
        802005b0         802005b0        0     1                 .L0 
        802005c0         802005c0        0     1                 .L0 
        802005c0         802005c0        0     1                 .L0 
        802005c8         802005c8        0     1                 .L0 
        802005c8         802005c8        0     1                 .L0 
        802005de         802005de        0     1                 .L0 
        802005de         802005de        0     1                 .L0 
        802005e6         802005e6        0     1                 .L0 
        802005e6         802005e6        0     1                 .L0 
        802005e8         802005e8        0     1                 .L0 
        802005e8         802005e8        0     1                 .L0 
        802005ea         802005ea        0     1                 .L0 
        802005ea         802005ea        0     1                 .L0 
        802005ec         802005ec        0     1                 .L0 
        802005ec         802005ec        0     1                 .L0 
        802005f0         802005f0        0     1                 .L0 
        802005f0         802005f0        0     1                 .L0 
        802005f0         802005f0        0     1                 .L0 
        802005f0         802005f0        0     1                 .L0 
        802005f0         802005f0        0     1                 .L0 
        802005f0         802005f0        0     1                 .L0 
        802005f0         802005f0       46     1                 proc_b_entry
        802005f6         802005f6        0     1                 .Lpcrel_hi25
        802005f6         802005f6        0     1                 .L0 
        80200606         80200606        0     1                 .L0 
        80200606         80200606        0     1                 .L0 
        8020060e         8020060e        0     1                 .L0 
        8020060e         8020060e        0     1                 .L0 
        80200624         80200624        0     1                 .L0 
        80200624         80200624        0     1                 .L0 
        8020062c         8020062c        0     1                 .L0 
        8020062c         8020062c        0     1                 .L0 
        8020062e         8020062e        0     1                 .L0 
        8020062e         8020062e        0     1                 .L0 
        80200630         80200630        0     1                 .L0 
        80200630         80200630        0     1                 .L0 
        80200632         80200632        0     1                 .L0 
        80200632         80200632        0     1                 .L0 
        80200636         80200636        0     1                 .L0 
        80200636         80200636        0     1                 .L0 
        80200636         80200636        0     1                 .L0 
        80200636         80200636        0     1                 .L0 
        80200636         80200636        0     1                 .L0 
        80200636         80200636        0     1                 .L0 
        80200636         80200636       2e     1                 handle_trap
        8020063a         8020063a        0     1                 .L0 
        8020063a         8020063a        0     1                 .L0 
        8020063e         8020063e        0     1                 .L0 
        8020063e         8020063e        0     1                 .L0 
        80200642         80200642        0     1                 .L0 
        80200642         80200642        0     1                 .L0 
        80200646         80200646        0     1                 .L0 
        80200646         80200646        0     1                 .Lpcrel_hi26
        80200646         80200646        0     1                 .L0 
        8020064a         8020064a        0     1                 .L0 
        8020064e         8020064e        0     1                 .Lpcrel_hi27
        80200662         80200662        0     1                 .L0 
        80200664         80200664        0     1                 .L0 
        80200664         80200664        0     1                 .L0 
        80200664         80200664        0     1                 .L0 
        80200664         80200664        0     1                 .L0 
        80200664         80200664        0     1                 .L0 
        80200664         80200664       a8     1                 kernel_main
        80200668         80200668        0     1                 .Lpcrel_hi28
        80200668         80200668        0     1                 .L0 
        80200670         80200670        0     1                 .Lpcrel_hi29
        80200684         80200684        0     1                 .L0 
        80200684         80200684        0     1                 .Lpcrel_hi30
        80200684         80200684        0     1                 .L0 
        8020068c         8020068c        0     1                 .L0 
        80200690         80200690        0     1                 .L0 
        80200692         80200692        0     1                 .L0 
        8020069a         8020069a        0     1                 .L0 
        8020069a         8020069a        0     1                 .Lpcrel_hi31
        8020069a         8020069a        0     1                 .L0 
        802006a2         802006a2        0     1                 .L0 
        802006a6         802006a6        0     1                 .Lpcrel_hi32
        802006a6         802006a6        0     1                 .L0 
        802006ae         802006ae        0     1                 .Lpcrel_hi33
        802006ae         802006ae        0     1                 .L0 
        802006ba         802006ba        0     1                 .L0 
        802006c2         802006c2        0     1                 .L0 
        802006c2         802006c2        0     1                 .Lpcrel_hi34
        802006c2         802006c2        0     1                 .L0 
        802006ca         802006ca        0     1                 .Lpcrel_hi35
        802006ca         802006ca        0     1                 .L0 
        802006d6         802006d6        0     1                 .L0 
        802006de         802006de        0     1                 .L0 
        802006de         802006de        0     1                 .Lpcrel_hi36
        802006de         802006de        0     1                 .L0 
        802006e6         802006e6        0     1                 .L0 
        802006ee         802006ee        0     1                 .L0 
        802006ee         802006ee        0     1                 .Lpcrel_hi37
        802006ee         802006ee        0     1                 .L0 
        802006f6         802006f6        0     1                 .Lpcrel_hi38
        8020070a         8020070a        0     1                 .L0 
        8020070c         8020070c        0     1                 .L0 
        8020070c         8020070c        0     1                 .L0 
        8020070c         8020070c      27c     2         /tmp/common-8859ee.o:(.text)
        8020070c         8020070c        0     1                 .L0 
        8020070c         8020070c        0     1                 .L0 
        8020070c         8020070c        0     1                 $x
        8020070c         8020070c        0     1                 .L0 
        8020070c         8020070c      1fc     1                 printf
        8020073a         8020073a        0     1                 .L0 
        8020075a         8020075a        0     1                 .Lpcrel_hi0
        80200764         80200764        0     1                 .L0 
        80200768         80200768        0     1                 .L0 
        8020076a         8020076a        0     1                 .L0 
        8020076e         8020076e        0     1                 .L0 
        80200776         80200776        0     1                 .L0 
        8020077e         8020077e        0     1                 .L0 
        8020077e         8020077e        0     1                 .L0 
        80200780         80200780        0     1                 .L0 
        80200782         80200782        0     1                 .L0 
        80200786         80200786        0     1                 .L0 
        80200788         80200788        0     1                 .L0 
        80200798         80200798        0     1                 .L0 
        80200798         80200798        0     1                 .L0 
        802007a4         802007a4        0     1                 .L0 
        802007a8         802007a8        0     1                 .L0 
        802007a8         802007a8        0     1                 .L0 
        802007aa         802007aa        0     1                 .L0 
        802007b0         802007b0        0     1                 .L0 
        802007b0         802007b0        0     1                 .L0 
        802007b8         802007b8        0     1                 .L0 
        802007b8         802007b8        0     1                 .L0 
        802007c4         802007c4        0     1                 .L0 
        802007c4         802007c4        0     1                 .L0 
        802007c8         802007c8        0     1                 .L0 
        802007c8         802007c8        0     1                 .L0 
        802007ca         802007ca        0     1                 .L0 
        802007ce         802007ce        0     1                 .L0 
        802007d6         802007d6        0     1                 .L0 
        802007d6         802007d6        0     1                 .L0 
        802007dc         802007dc        0     1                 .L0 
        802007dc         802007dc        0     1                 .L0 
        802007de         802007de        0     1                 .L0 
        802007e2         802007e2        0     1                 .L0 
        802007ea         802007ea        0     1                 .L0 
        802007ea         802007ea        0     1                 .L0 
        802007f0         802007f0        0     1                 .L0 
        802007f0         802007f0        0     1                 .L0 
        802007f2         802007f2        0     1                 .L0 
        802007f6         802007f6        0     1                 .L0 
        802007fe         802007fe        0     1                 .L0 
        802007fe         802007fe        0     1                 .L0 
        80200804         80200804        0     1                 .L0 
        80200804         80200804        0     1                 .L0 
        80200806         80200806        0     1                 .L0 
        8020080a         8020080a        0     1                 .L0 
        80200812         80200812        0     1                 .L0 
        80200812         80200812        0     1                 .L0 
        80200818         80200818        0     1                 .L0 
        80200818         80200818        0     1                 .L0 
        8020081a         8020081a        0     1                 .L0 
        8020081e         8020081e        0     1                 .L0 
        80200826         80200826        0     1                 .L0 
        80200826         80200826        0     1                 .L0 
        8020082c         8020082c        0     1                 .L0 
        8020082c         8020082c        0     1                 .L0 
        8020082e         8020082e        0     1                 .L0 
        80200832         80200832        0     1                 .L0 
        8020083a         8020083a        0     1                 .L0 
        8020083a         8020083a        0     1                 .L0 
        80200840         80200840        0     1                 .L0 
        80200840         80200840        0     1                 .L0 
        80200842         80200842        0     1                 .L0 
        80200846         80200846        0     1                 .L0 
        8020084e         8020084e        0     1                 .L0 
        8020084e         8020084e        0     1                 .L0 
        80200850         80200850        0     1                 .L0 
        80200856         80200856        0     1                 .L0 
        80200856         80200856        0     1                 .L0 
        8020085e         8020085e        0     1                 .L0 
        8020085e         8020085e        0     1                 .L0 
        80200860         80200860        0     1                 .L0 
        80200862         80200862        0     1                 .L0 
        80200862         80200862        0     1                 .L0 
        8020086c         8020086c        0     1                 .L0 
        8020086c         8020086c        0     1                 .L0 
        80200870         80200870        0     1                 .L0 
        80200876         80200876        0     1                 .L0 
        80200876         80200876        0     1                 .L0 
        80200882         80200882        0     1                 .L0 
        80200882         80200882        0     1                 .L0 
        80200886         80200886        0     1                 .L0 
        80200888         80200888        0     1                 .L0 
        8020088c         8020088c        0     1                 .L0 
        8020088c         8020088c        0     1                 .L0 
        80200898         80200898        0     1                 .L0 
        80200898         80200898        0     1                 .L0 
        8020089c         8020089c        0     1                 .L0 
        8020089c         8020089c        0     1                 .L0 
        8020089e         8020089e        0     1                 .L0 
        802008a2         802008a2        0     1                 .L0 
        802008a4         802008a4        0     1                 .L0 
        802008a4         802008a4        0     1                 .L0 
        802008a8         802008a8        0     1                 .L0 
        802008ac         802008ac        0     1                 .L0 
        802008b0         802008b0        0     1                 .L0 
        802008b0         802008b0        0     1                 .L0 
        802008b2         802008b2        0     1                 .L0 
        802008b2         802008b2        0     1                 .L0 
        802008b6         802008b6        0     1                 .L0 
        802008ba         802008ba        0     1                 .L0 
        802008c6         802008c6        0     1                 .L0 
        802008c6         802008c6        0     1                 .L0 
        802008ce         802008ce        0     1                 .L0 
        802008d8         802008d8        0     1                 .L0 
        802008d8         802008d8        0     1                 .L0 
        802008de         802008de        0     1                 .L0 
        802008de         802008de        0     1                 .L0 
        802008ea         802008ea        0     1                 .L0 
        802008ea         802008ea        0     1                 .L0 
        802008ee         802008ee        0     1                 .L0 
        80200904         80200904        0     1                 .L0 
        80200908         80200908        0     1                 .L0 
        80200908         80200908        0     1                 .L0 
        80200908         80200908        0     1                 .L0 
        80200908         80200908        0     1                 .L0 
        80200908         80200908        0     1                 .L0 
        80200908         80200908       1c     1                 memcpy
        8020090c         8020090c        0     1                 .L0 
        8020090c         8020090c        0     1                 .L0 
        8020090e         8020090e        0     1                 .L0 
        8020090e         8020090e        0     1                 .L0 
        80200912         80200912        0     1                 .L0 
        80200914         80200914        0     1                 .L0 
        80200918         80200918        0     1                 .L0 
        80200918         80200918        0     1                 .L0 
        8020091c         8020091c        0     1                 .L0 
        8020091e         8020091e        0     1                 .L0 
        8020091e         8020091e        0     1                 .L0 
        80200922         80200922        0     1                 .L0 
        80200922         80200922        0     1                 .L0 
        80200924         80200924        0     1                 .L0 
        80200924         80200924        0     1                 .L0 
        80200924         80200924        0     1                 .L0 
        80200924         80200924        0     1                 .L0 
        80200924         80200924        0     1                 .L0 
        80200924         80200924       16     1                 memset
        80200928         80200928        0     1                 .L0 
        80200928         80200928        0     1                 .L0 
        8020092a         8020092a        0     1                 .L0 
        8020092a         8020092a        0     1                 .L0 
        8020092e         8020092e        0     1                 .L0 
        8020092e         8020092e        0     1                 .L0 
        80200932         80200932        0     1                 .L0 
        80200934         80200934        0     1                 .L0 
        80200934         80200934        0     1                 .L0 
        80200938         80200938        0     1                 .L0 
        80200938         80200938        0     1                 .L0 
        8020093a         8020093a        0     1                 .L0 
        8020093a         8020093a        0     1                 .L0 
        8020093a         8020093a        0     1                 .L0 
        8020093a         8020093a        0     1                 .L0 
        8020093a         8020093a        0     1                 .L0 
        8020093a         8020093a       24     1                 strcpy
        80200940         80200940        0     1                 .L0 
        80200944         80200944        0     1                 .L0 
        80200944         80200944        0     1                 .L0 
        80200946         80200946        0     1                 .L0 
        80200946         80200946        0     1                 .L0 
        8020094a         8020094a        0     1                 .L0 
        8020094e         8020094e        0     1                 .L0 
        80200952         80200952        0     1                 .L0 
        80200952         80200952        0     1                 .L0 
        80200954         80200954        0     1                 .L0 
        80200954         80200954        0     1                 .L0 
        80200956         80200956        0     1                 .L0 
        80200958         80200958        0     1                 .L0 
        80200958         80200958        0     1                 .L0 
        8020095c         8020095c        0     1                 .L0 
        8020095e         8020095e        0     1                 .L0 
        8020095e         8020095e        0     1                 .L0 
        8020095e         8020095e        0     1                 .L0 
        8020095e         8020095e        0     1                 .L0 
        8020095e         8020095e        0     1                 .L0 
        8020095e         8020095e       2a     1                 strcmp
        80200962         80200962        0     1                 .L0 
        80200964         80200964        0     1                 .L0 
        80200966         80200966        0     1                 .L0 
        80200966         80200966        0     1                 .L0 
        8020096a         8020096a        0     1                 .L0 
        8020096e         8020096e        0     1                 .L0 
        8020096e         8020096e        0     1                 .L0 
        80200972         80200972        0     1                 .L0 
        80200974         80200974        0     1                 .L0 
        80200976         80200976        0     1                 .L0 
        80200978         80200978        0     1                 .L0 
        8020097e         8020097e        0     1                 .L0 
        8020097e         8020097e        0     1                 .L0 
        80200980         80200980        0     1                 .L0 
        80200980         80200980        0     1                 .L0 
        80200984         80200984        0     1                 .L0 
        80200984         80200984        0     1                 .L0 
        80200986         80200986        0     1                 .L0 
        80200988         80200988        0     1                 .L0 
        80200988         80200988        0     1                 .L0 
        80200988         80200988      12d     4 .rodata
        80200988         80200988      12d     1         <internal>:(.rodata.str1.1)
        80200ab8         80200ab8        8     8 .sdata
        80200ab8         80200ab8        8     8         /tmp/kernel-69406a.o:(.sdata)
        80200ab8         80200ab8        8     1                 alloc_pages.next_paddr
        80200ab8         80200ab8        0     1                 $d
        80200ac0         80200ac0    100e0     8 .bss
        80200ac0         80200ac0        0     1         __bss = .
        80200ac0         80200ac0    100c0     8         /tmp/kernel-69406a.o:(.bss)
        80200ac0         80200ac0        0     1                 $d
        80200ac0         80200ac0    100c0     1                 procs
        80210b80         80210b80       20     8         /tmp/kernel-69406a.o:(.sbss)
        80210b80         80210b80        0     1                 $d
        80210b80         80210b80        8     1                 idle_proc
        80210b88         80210b88        8     1                 current_proc
        80210b90         80210b90        8     1                 proc_a
        80210b98         80210b98        8     1                 proc_b
        80210ba0         80210ba0        0     1         __bss_end = .
        80210ba0         80210ba0        0     1 . = ALIGN ( 4 )
        80210ba0         80210ba0    20000     1 . += 128 * 1024
        80230ba0         80230ba0        0     1 __stack_top = .
        80230ba0         80230ba0      460     1 . = ALIGN ( 4096 )
        80231000         80231000        0     1 __free_ram = .
        80231000         80231000  4000000     1 . += 64 * 1024 * 1024
        84231000         84231000        0     1 __free_ram_end = .
               0                0      627     1 .debug_loclists
               0                0      45b     1         /tmp/kernel-69406a.o:(.debug_loclists)
               0                0        0     1                 $d
               c                c        0     1                 .L0 
             45b              45b      1cc     1         /tmp/common-8859ee.o:(.debug_loclists)
             45b              45b        0     1                 $d
             467              467        0     1                 .L0 
               0                0      40d     1 .debug_abbrev
               0                0      2d3     1         /tmp/kernel-69406a.o:(.debug_abbrev)
               0                0        0     1                 $d
             2d3              2d3      13a     1         /tmp/common-8859ee.o:(.debug_abbrev)
             2d3              2d3        0     1                 $d
               0                0      9f1     1 .debug_info
               0                0      7b1     1         /tmp/kernel-69406a.o:(.debug_info)
               0                0        0     1                 $d
             7b1              7b1      240     1         /tmp/common-8859ee.o:(.debug_info)
             7b1              7b1        0     1                 $d
               0                0       6b     1 .debug_rnglists
               0                0       50     1         /tmp/kernel-69406a.o:(.debug_rnglists)
               0                0        0     1                 $d
               c                c        0     1                 .L0 
              50               50       1b     1         /tmp/common-8859ee.o:(.debug_rnglists)
              50               50        0     1                 $d
              5c               5c        0     1                 .L0 
               0                0      1f4     1 .debug_str_offsets
               0                0      158     1         /tmp/kernel-69406a.o:(.debug_str_offsets)
               0                0        0     1                 $d
               8                8        0     1                 .L0 
             158              158       9c     1         /tmp/common-8859ee.o:(.debug_str_offsets)
             158              158        0     1                 $d
             160              160        0     1                 .L0 
               0                0      353     1 .debug_str
               0                0      353     1         <internal>:(.debug_str)
               0                0      2a0     1 .debug_addr
               0                0      1e8     1         /tmp/kernel-69406a.o:(.debug_addr)
               0                0        0     1                 $d
               8                8        0     1                 .L0 
             1e8              1e8       b8     1         /tmp/common-8859ee.o:(.debug_addr)
             1e8              1e8        0     1                 $d
             1f0              1f0        0     1                 .L0 
               0                0       d1     1 .comment
               0                0       d1     1         <internal>:(.comment)
               0                0       34     1 .riscv.attributes
               0                0       34     1         <internal>:(.riscv.attributes)
               0                0      268     8 .debug_frame
               0                0      1b8     8         /tmp/kernel-69406a.o:(.debug_frame)
               0                0        0     1                 .L0 
               0                0        0     1                 $d
             1b8              1b8       b0     8         /tmp/common-8859ee.o:(.debug_frame)
             1b8              1b8        0     1                 .L0 
             1b8              1b8        0     1                 $d
               0                0      bd5     1 .debug_line
               0                0      7f5     1         /tmp/kernel-69406a.o:(.debug_line)
               0                0        0     1                 .Lline_table_start0
               0                0        0     1                 $d
             7f5              7f5      3e0     1         /tmp/common-8859ee.o:(.debug_line)
             7f5              7f5        0     1                 .Lline_table_start0
             7f5              7f5        0     1                 $d
               0                0       80     1 .debug_line_str
               0                0       80     1         <internal>:(.debug_line_str)
               0                0      630     8 .symtab
               0                0      630     8         <internal>:(.symtab)
               0                0       dd     1 .shstrtab
               0                0       dd     1         <internal>:(.shstrtab)
               0                0      1b0     1 .strtab
               0                0      1b0     1         <internal>:(.strtab)
