             VMA              LMA     Size Align Out     In      Symbol
               0                0 80200000     1 . = 0x80200000
        80200000                0        0     1 __kernel_base = .
        80200000         80200000     10ba     4 .text
        80200000         80200000        e     2         /tmp/kernel-b93668.o:(.text.boot)
        80200000         80200000        0     1                 
        80200000         80200000        0     1                 
        80200000         80200000        0     1                 .Lpcrel_hi80
        80200000         80200000        0     1                 $x.1
        80200000         80200000        0     1                 
        80200000         80200000        e     1                 boot
        8020000e         8020000e        0     1                 
        8020000e         8020000e        0     1                 
        80200010         80200010      e2a     4         /tmp/kernel-b93668.o:(.text)
        80200010         80200010        0     1                 
        80200010         80200010        0     1                 
        80200010         80200010        0     1                 $x.0
        80200010         80200010        0     1                 
        80200010         80200010        6     1                 sbi_call
        80200014         80200014        0     1                 
        80200016         80200016        0     1                 
        80200016         80200016        0     1                 
        80200016         80200016        0     1                 
        80200016         80200016       14     1                 putchar
        80200028         80200028        0     1                 
        8020002a         8020002a        0     1                 
        8020002a         8020002a        0     1                 
        8020002a         8020002a        0     1                 
        8020002a         8020002a       16     1                 getchar
        8020003e         8020003e        0     1                 
        80200040         80200040        0     1                 
        80200040         80200040        0     1                 
        80200040         80200040        0     1                 
        80200040         80200040       9c     1                 kernel_entry
        802000dc         802000dc        0     1                 
        802000dc         802000dc        0     1                 
        802000dc         802000dc        0     1                 
        802000dc         802000dc       22     1                 myfunc
        802000e0         802000e0        0     1                 .Lpcrel_hi0
        802000e0         802000e0        0     1                 
        802000e8         802000e8        0     1                 .Lpcrel_hi1
        802000fc         802000fc        0     1                 
        802000fe         802000fe        0     1                 
        802000fe         802000fe        0     1                 
        802000fe         802000fe        0     1                 
        802000fe         802000fe        0     1                 
        802000fe         802000fe        0     1                 
        802000fe         802000fe       46     1                 switch_context
        80200144         80200144        0     1                 
        80200144         80200144        0     1                 
        80200144         80200144        0     1                 
        80200144         80200144       5a     1                 alloc_pages
        8020014a         8020014a        0     1                 .Lpcrel_hi2
        8020014a         8020014a        0     1                 
        80200152         80200152        0     1                 
        80200152         80200152        0     1                 
        80200156         80200156        0     1                 
        8020015a         8020015a        0     1                 
        8020015a         8020015a        0     1                 .Lpcrel_hi3
        8020015a         8020015a        0     1                 
        80200162         80200162        0     1                 
        80200166         80200166        0     1                 
        8020016a         8020016a        0     1                 .Lpcrel_hi4
        8020016a         8020016a        0     1                 
        80200172         80200172        0     1                 .Lpcrel_hi5
        80200186         80200186        0     1                 
        80200188         80200188        0     1                 
        80200194         80200194        0     1                 
        80200194         80200194        0     1                 
        8020019a         8020019a        0     1                 
        8020019a         8020019a        0     1                 
        8020019e         8020019e        0     1                 
        8020019e         8020019e        0     1                 
        8020019e         8020019e        0     1                 
        8020019e         8020019e        0     1                 
        8020019e         8020019e        0     1                 
        8020019e         8020019e      164     1                 map_page
        802001ae         802001ae        0     1                 
        802001ae         802001ae        0     1                 
        802001b0         802001b0        0     1                 
        802001b2         802001b2        0     1                 .Lpcrel_hi6
        802001b2         802001b2        0     1                 
        802001b6         802001b6        0     1                 
        802001ba         802001ba        0     1                 .Lpcrel_hi7
        802001c6         802001c6        0     1                 
        802001c8         802001c8        0     1                 
        802001d0         802001d0        0     1                 
        802001d2         802001d2        0     1                 
        802001d2         802001d2        0     1                 
        802001d6         802001d6        0     1                 
        802001d8         802001d8        0     1                 
        802001da         802001da        0     1                 .Lpcrel_hi8
        802001da         802001da        0     1                 
        802001de         802001de        0     1                 
        802001e2         802001e2        0     1                 .Lpcrel_hi9
        802001ec         802001ec        0     1                 
        802001f0         802001f0        0     1                 
        802001f8         802001f8        0     1                 
        802001fa         802001fa        0     1                 
        802001fa         802001fa        0     1                 
        80200200         80200200        0     1                 
        80200200         80200200        0     1                 
        80200202         80200202        0     1                 
        80200208         80200208        0     1                 
        80200208         80200208        0     1                 
        8020020c         8020020c        0     1                 
        8020020e         8020020e        0     1                 
        8020020e         8020020e        0     1                 .Lpcrel_hi10
        8020020e         8020020e        0     1                 
        80200216         80200216        0     1                 
        80200216         80200216        0     1                 
        80200218         80200218        0     1                 
        8020021a         8020021a        0     1                 .Lpcrel_hi11
        8020021a         8020021a        0     1                 
        80200222         80200222        0     1                 
        80200226         80200226        0     1                 
        8020022a         8020022a        0     1                 .Lpcrel_hi12
        8020022a         8020022a        0     1                 
        80200232         80200232        0     1                 .Lpcrel_hi13
        8020023e         8020023e        0     1                 
        80200246         80200246        0     1                 
        80200248         80200248        0     1                 
        80200248         80200248        0     1                 
        8020024a         8020024a        0     1                 
        8020024a         8020024a        0     1                 
        80200252         80200252        0     1                 
        8020025a         8020025a        0     1                 
        8020025a         8020025a        0     1                 
        8020025e         8020025e        0     1                 
        8020025e         8020025e        0     1                 
        80200264         80200264        0     1                 
        80200266         80200266        0     1                 
        80200268         80200268        0     1                 
        80200268         80200268        0     1                 
        8020026e         8020026e        0     1                 
        8020026e         8020026e        0     1                 
        80200272         80200272        0     1                 
        80200272         80200272        0     1                 
        80200274         80200274        0     1                 
        8020027a         8020027a        0     1                 
        8020027a         8020027a        0     1                 
        8020027e         8020027e        0     1                 
        80200280         80200280        0     1                 
        80200280         80200280        0     1                 .Lpcrel_hi14
        80200280         80200280        0     1                 
        80200288         80200288        0     1                 
        80200288         80200288        0     1                 
        8020028a         8020028a        0     1                 
        8020028c         8020028c        0     1                 .Lpcrel_hi15
        8020028c         8020028c        0     1                 
        80200294         80200294        0     1                 
        80200298         80200298        0     1                 
        8020029c         8020029c        0     1                 .Lpcrel_hi16
        8020029c         8020029c        0     1                 
        802002a4         802002a4        0     1                 .Lpcrel_hi17
        802002b8         802002b8        0     1                 
        802002ba         802002ba        0     1                 
        802002bc         802002bc        0     1                 
        802002cc         802002cc        0     1                 
        802002cc         802002cc        0     1                 
        802002d0         802002d0        0     1                 
        802002d0         802002d0        0     1                 
        802002d6         802002d6        0     1                 
        802002d8         802002d8        0     1                 
        802002da         802002da        0     1                 
        802002da         802002da        0     1                 
        802002de         802002de        0     1                 
        802002de         802002de        0     1                 
        802002e0         802002e0        0     1                 
        802002e6         802002e6        0     1                 
        802002e8         802002e8        0     1                 
        802002e8         802002e8        0     1                 
        802002ec         802002ec        0     1                 
        802002f0         802002f0        0     1                 
        802002f0         802002f0        0     1                 
        802002fe         802002fe        0     1                 
        80200302         80200302        0     1                 
        80200302         80200302        0     1                 
        80200302         80200302        0     1                 
        80200302         80200302        0     1                 
        80200302         80200302        0     1                 
        80200302         80200302        e     1                 virtio_reg_read32
        80200306         80200306        0     1                 
        80200308         80200308        0     1                 
        80200308         80200308        0     1                 
        8020030c         8020030c        0     1                 
        8020030e         8020030e        0     1                 
        80200310         80200310        0     1                 
        80200310         80200310        0     1                 
        80200310         80200310        0     1                 
        80200310         80200310        e     1                 virtio_reg_read64
        80200314         80200314        0     1                 
        80200316         80200316        0     1                 
        80200316         80200316        0     1                 
        8020031a         8020031a        0     1                 
        8020031c         8020031c        0     1                 
        8020031e         8020031e        0     1                 
        8020031e         8020031e        0     1                 
        8020031e         8020031e        0     1                 
        8020031e         8020031e        e     1                 virtio_reg_write32
        80200322         80200322        0     1                 
        80200324         80200324        0     1                 
        80200324         80200324        0     1                 
        80200328         80200328        0     1                 
        8020032a         8020032a        0     1                 
        8020032c         8020032c        0     1                 
        8020032c         8020032c        0     1                 
        8020032c         8020032c        0     1                 
        8020032c         8020032c       12     1                 virtio_reg_fetch_and_or32
        80200330         80200330        0     1                 
        80200330         80200330        0     1                 
        80200332         80200332        0     1                 
        80200332         80200332        0     1                 
        80200336         80200336        0     1                 
        80200338         80200338        0     1                 
        8020033a         8020033a        0     1                 
        8020033a         8020033a        0     1                 
        8020033c         8020033c        0     1                 
        8020033e         8020033e        0     1                 
        8020033e         8020033e        0     1                 
        8020033e         8020033e        0     1                 
        8020033e         8020033e       18     1                 user_entry
        80200346         80200346        0     1                 
        80200356         80200356        0     1                 
        80200356         80200356        0     1                 
        80200356         80200356        0     1                 
        80200356         80200356      23c     1                 create_process
        80200372         80200372        0     1                 .Lpcrel_hi18
        80200372         80200372        0     1                 
        80200380         80200380        0     1                 
        80200380         80200380        0     1                 
        80200382         80200382        0     1                 
        80200382         80200382        0     1                 
        80200384         80200384        0     1                 
        80200384         80200384        0     1                 
        8020038a         8020038a        0     1                 
        8020038c         8020038c        0     1                 
        8020038c         8020038c        0     1                 
        80200392         80200392        0     1                 
        80200394         80200394        0     1                 
        80200394         80200394        0     1                 
        8020039a         8020039a        0     1                 
        8020039c         8020039c        0     1                 
        8020039c         8020039c        0     1                 
        802003a2         802003a2        0     1                 
        802003a4         802003a4        0     1                 
        802003a4         802003a4        0     1                 
        802003aa         802003aa        0     1                 
        802003ac         802003ac        0     1                 
        802003ac         802003ac        0     1                 
        802003b4         802003b4        0     1                 
        802003b6         802003b6        0     1                 
        802003b6         802003b6        0     1                 
        802003be         802003be        0     1                 
        802003c0         802003c0        0     1                 
        802003c0         802003c0        0     1                 .Lpcrel_hi19
        802003c0         802003c0        0     1                 
        802003c8         802003c8        0     1                 .Lpcrel_hi20
        802003dc         802003dc        0     1                 
        802003de         802003de        0     1                 
        802003de         802003de        0     1                 
        802003e2         802003e2        0     1                 
        802003e6         802003e6        0     1                 
        802003ea         802003ea        0     1                 
        802003ee         802003ee        0     1                 
        802003f2         802003f2        0     1                 
        802003f6         802003f6        0     1                 
        802003fa         802003fa        0     1                 
        802003fc         802003fc        0     1                 
        802003fc         802003fc        0     1                 
        80200408         80200408        0     1                 
        8020040c         8020040c        0     1                 
        80200410         80200410        0     1                 
        80200414         80200414        0     1                 
        80200418         80200418        0     1                 
        8020041c         8020041c        0     1                 
        80200420         80200420        0     1                 
        80200424         80200424        0     1                 
        80200428         80200428        0     1                 
        8020042c         8020042c        0     1                 
        80200430         80200430        0     1                 
        80200434         80200434        0     1                 
        80200438         80200438        0     1                 
        80200440         80200440        0     1                 
        80200444         80200444        0     1                 
        80200444         80200444        0     1                 .Lpcrel_hi21
        80200444         80200444        0     1                 
        80200448         80200448        0     1                 .Lpcrel_hi22
        80200448         80200448        0     1                 
        80200448         80200448        0     1                 
        80200450         80200450        0     1                 
        80200450         80200450        0     1                 
        80200458         80200458        0     1                 
        80200458         80200458        0     1                 
        8020045a         8020045a        0     1                 .Lpcrel_hi23
        8020045a         8020045a        0     1                 
        80200462         80200462        0     1                 
        8020046a         8020046a        0     1                 .Lpcrel_hi24
        8020046a         8020046a        0     1                 
        80200472         80200472        0     1                 .Lpcrel_hi25
        8020047e         8020047e        0     1                 
        80200486         80200486        0     1                 
        80200488         80200488        0     1                 
        80200488         80200488        0     1                 
        8020048a         8020048a        0     1                 
        8020048c         8020048c        0     1                 
        8020049c         8020049c        0     1                 
        8020049c         8020049c        0     1                 .Lpcrel_hi26
        8020049c         8020049c        0     1                 
        802004a8         802004a8        0     1                 
        802004a8         802004a8        0     1                 
        802004b8         802004b8        0     1                 
        802004b8         802004b8        0     1                 
        802004ba         802004ba        0     1                 
        802004be         802004be        0     1                 
        802004be         802004be        0     1                 
        802004d2         802004d2        0     1                 
        802004d2         802004d2        0     1                 
        802004d6         802004d6        0     1                 
        802004e4         802004e4        0     1                 
        802004e4         802004e4        0     1                 
        802004e8         802004e8        0     1                 
        802004f2         802004f2        0     1                 
        802004f2         802004f2        0     1                 
        802004f6         802004f6        0     1                 
        80200504         80200504        0     1                 
        80200504         80200504        0     1                 
        80200506         80200506        0     1                 
        80200506         80200506        0     1                 
        8020050e         8020050e        0     1                 
        80200512         80200512        0     1                 
        80200512         80200512        0     1                 
        80200516         80200516        0     1                 
        80200516         80200516        0     1                 
        8020051e         8020051e        0     1                 
        80200522         80200522        0     1                 
        80200530         80200530        0     1                 
        80200530         80200530        0     1                 
        80200532         80200532        0     1                 
        80200532         80200532        0     1                 
        80200536         80200536        0     1                 
        80200536         80200536        0     1                 
        80200540         80200540        0     1                 
        80200546         80200546        0     1                 
        80200546         80200546        0     1                 
        80200548         80200548        0     1                 
        8020054c         8020054c        0     1                 
        80200550         80200550        0     1                 
        80200552         80200552        0     1                 
        8020055e         8020055e        0     1                 
        8020055e         8020055e        0     1                 
        80200564         80200564        0     1                 
        8020056a         8020056a        0     1                 
        80200570         80200570        0     1                 
        80200574         80200574        0     1                 
        80200574         80200574        0     1                 .Lpcrel_hi27
        80200574         80200574        0     1                 
        8020057c         8020057c        0     1                 .Lpcrel_hi28
        80200590         80200590        0     1                 
        80200592         80200592        0     1                 
        80200592         80200592        0     1                 
        80200592         80200592        0     1                 
        80200592         80200592        0     1                 
        80200592         80200592        0     1                 
        80200592         80200592        0     1                 .Lpcrel_hi30
        80200592         80200592        0     1                 
        80200592         80200592      1ba     1                 yield
        8020059e         8020059e        0     1                 .Lpcrel_hi29
        8020059e         8020059e        0     1                 
        802005a2         802005a2        0     1                 
        802005a2         802005a2        0     1                 
        802005b4         802005b4        0     1                 
        802005b8         802005b8        0     1                 .Lpcrel_hi31
        802005c4         802005c4        0     1                 
        802005c4         802005c4        0     1                 
        802005c8         802005c8        0     1                 
        802005c8         802005c8        0     1                 
        802005ca         802005ca        0     1                 
        802005ca         802005ca        0     1                 
        802005ce         802005ce        0     1                 
        802005ce         802005ce        0     1                 
        802005d0         802005d0        0     1                 
        802005d4         802005d4        0     1                 
        802005d4         802005d4        0     1                 
        802005d8         802005d8        0     1                 
        802005e8         802005e8        0     1                 
        802005f0         802005f0        0     1                 
        802005f4         802005f4        0     1                 
        802005f8         802005f8        0     1                 
        802005fe         802005fe        0     1                 
        802005fe         802005fe        0     1                 
        80200600         80200600        0     1                 
        80200604         80200604        0     1                 
        80200604         80200604        0     1                 
        80200608         80200608        0     1                 
        8020061a         8020061a        0     1                 
        80200624         80200624        0     1                 
        80200628         80200628        0     1                 
        80200628         80200628        0     1                 
        8020062a         8020062a        0     1                 
        8020062e         8020062e        0     1                 
        8020062e         8020062e        0     1                 
        80200632         80200632        0     1                 
        80200642         80200642        0     1                 
        8020064a         8020064a        0     1                 
        8020064e         8020064e        0     1                 
        80200652         80200652        0     1                 
        80200658         80200658        0     1                 
        80200658         80200658        0     1                 
        8020065a         8020065a        0     1                 
        8020065e         8020065e        0     1                 
        8020065e         8020065e        0     1                 
        80200662         80200662        0     1                 
        80200674         80200674        0     1                 
        8020067e         8020067e        0     1                 
        80200682         80200682        0     1                 
        80200682         80200682        0     1                 
        80200684         80200684        0     1                 
        80200688         80200688        0     1                 
        80200688         80200688        0     1                 
        8020068c         8020068c        0     1                 
        8020069c         8020069c        0     1                 
        802006a4         802006a4        0     1                 
        802006a8         802006a8        0     1                 
        802006ac         802006ac        0     1                 
        802006b2         802006b2        0     1                 
        802006b2         802006b2        0     1                 
        802006b4         802006b4        0     1                 
        802006b8         802006b8        0     1                 
        802006b8         802006b8        0     1                 
        802006bc         802006bc        0     1                 
        802006ce         802006ce        0     1                 
        802006d8         802006d8        0     1                 
        802006dc         802006dc        0     1                 
        802006dc         802006dc        0     1                 
        802006de         802006de        0     1                 
        802006e2         802006e2        0     1                 
        802006e2         802006e2        0     1                 
        802006e4         802006e4        0     1                 
        802006f2         802006f2        0     1                 
        802006fa         802006fa        0     1                 
        802006fe         802006fe        0     1                 
        80200702         80200702        0     1                 
        80200708         80200708        0     1                 
        80200708         80200708        0     1                 
        8020070a         8020070a        0     1                 
        8020070e         8020070e        0     1                 
        8020070e         8020070e        0     1                 
        80200710         80200710        0     1                 
        80200710         80200710        0     1                 
        80200714         80200714        0     1                 
        80200716         80200716        0     1                 
        8020071c         8020071c        0     1                 
        80200722         80200722        0     1                 
        80200724         80200724        0     1                 
        80200734         80200734        0     1                 
        80200738         80200738        0     1                 
        80200738         80200738        0     1                 
        8020073a         8020073a        0     1                 
        8020073a         8020073a        0     1                 
        8020073e         8020073e        0     1                 
        80200742         80200742        0     1                 
        8020074a         8020074a        0     1                 
        8020074a         8020074a        0     1                 
        8020074c         8020074c        0     1                 
        8020074c         8020074c        0     1                 
        8020074c         8020074c        0     1                 
        8020074c         8020074c        0     1                 
        8020074c         8020074c        0     1                 
        8020074c         8020074c       10     1                 delay
        80200754         80200754        0     1                 
        80200754         80200754        0     1                 
        80200756         80200756        0     1                 
        80200756         80200756        0     1                 
        80200758         80200758        0     1                 
        80200758         80200758        0     1                 
        8020075a         8020075a        0     1                 
        8020075a         8020075a        0     1                 
        8020075c         8020075c        0     1                 
        8020075c         8020075c        0     1                 
        8020075c         8020075c        0     1                 
        8020075c         8020075c        0     1                 
        8020075c         8020075c        0     1                 
        8020075c         8020075c       46     1                 proc_a_entry
        80200762         80200762        0     1                 .Lpcrel_hi32
        80200762         80200762        0     1                 
        80200772         80200772        0     1                 
        80200772         80200772        0     1                 
        8020077a         8020077a        0     1                 
        8020077a         8020077a        0     1                 
        80200790         80200790        0     1                 
        80200790         80200790        0     1                 
        80200798         80200798        0     1                 
        80200798         80200798        0     1                 
        8020079a         8020079a        0     1                 
        8020079a         8020079a        0     1                 
        8020079c         8020079c        0     1                 
        8020079c         8020079c        0     1                 
        8020079e         8020079e        0     1                 
        8020079e         8020079e        0     1                 
        802007a2         802007a2        0     1                 
        802007a2         802007a2        0     1                 
        802007a2         802007a2        0     1                 
        802007a2         802007a2        0     1                 
        802007a2         802007a2        0     1                 
        802007a2         802007a2        0     1                 
        802007a2         802007a2       46     1                 proc_b_entry
        802007a8         802007a8        0     1                 .Lpcrel_hi33
        802007a8         802007a8        0     1                 
        802007b8         802007b8        0     1                 
        802007b8         802007b8        0     1                 
        802007c0         802007c0        0     1                 
        802007c0         802007c0        0     1                 
        802007d6         802007d6        0     1                 
        802007d6         802007d6        0     1                 
        802007de         802007de        0     1                 
        802007de         802007de        0     1                 
        802007e0         802007e0        0     1                 
        802007e0         802007e0        0     1                 
        802007e2         802007e2        0     1                 
        802007e2         802007e2        0     1                 
        802007e4         802007e4        0     1                 
        802007e4         802007e4        0     1                 
        802007e8         802007e8        0     1                 
        802007e8         802007e8        0     1                 
        802007e8         802007e8        0     1                 
        802007e8         802007e8        0     1                 
        802007e8         802007e8        0     1                 
        802007e8         802007e8        0     1                 
        802007e8         802007e8      150     1                 handle_syscall
        802007ee         802007ee        0     1                 
        8020082e         8020082e        0     1                 
        80200832         80200832        0     1                 
        80200834         80200834        0     1                 
        80200838         80200838        0     1                 
        8020083a         8020083a        0     1                 
        8020083e         8020083e        0     1                 
        8020083e         8020083e        0     1                 
        80200840         80200840        0     1                 
        80200840         80200840        0     1                 
        80200854         80200854        0     1                 
        80200854         80200854        0     1                 
        80200858         80200858        0     1                 
        80200858         80200858        0     1                 
        80200860         80200860        0     1                 
        80200860         80200860        0     1                 
        80200874         80200874        0     1                 
        80200874         80200874        0     1                 
        80200878         80200878        0     1                 
        80200878         80200878        0     1                 
        802008ae         802008ae        0     1                 
        802008b4         802008b4        0     1                 
        802008b4         802008b4        0     1                 .Lpcrel_hi34
        802008b4         802008b4        0     1                 
        802008bc         802008bc        0     1                 
        802008bc         802008bc        0     1                 
        802008be         802008be        0     1                 .Lpcrel_hi35
        802008be         802008be        0     1                 
        802008ce         802008ce        0     1                 
        802008ce         802008ce        0     1                 
        802008d4         802008d4        0     1                 
        802008d6         802008d6        0     1                 
        802008de         802008de        0     1                 
        802008de         802008de        0     1                 .Lpcrel_hi36
        802008de         802008de        0     1                 
        802008e6         802008e6        0     1                 .Lpcrel_hi37
        802008fa         802008fa        0     1                 
        802008fc         802008fc        0     1                 
        802008fc         802008fc        0     1                 
        80200900         80200900        0     1                 
        80200900         80200900        0     1                 
        80200912         80200912        0     1                 
        80200912         80200912        0     1                 
        80200916         80200916        0     1                 
        8020091a         8020091a        0     1                 
        8020091a         8020091a        0     1                 .Lpcrel_hi38
        8020091a         8020091a        0     1                 
        8020091e         8020091e        0     1                 
        80200922         80200922        0     1                 .Lpcrel_hi39
        80200936         80200936        0     1                 
        80200938         80200938        0     1                 
        80200938         80200938        0     1                 
        80200938         80200938        0     1                 
        80200938         80200938        0     1                 
        80200938         80200938        0     1                 
        80200938         80200938       4e     1                 handle_trap
        8020093e         8020093e        0     1                 
        8020093e         8020093e        0     1                 
        80200942         80200942        0     1                 
        80200942         80200942        0     1                 
        80200946         80200946        0     1                 
        80200946         80200946        0     1                 
        80200948         80200948        0     1                 
        80200948         80200948        0     1                 
        8020094c         8020094c        0     1                 
        8020094c         8020094c        0     1                 
        80200950         80200950        0     1                 
        80200950         80200950        0     1                 
        80200958         80200958        0     1                 
        80200958         80200958        0     1                 
        8020095a         8020095a        0     1                 
        8020095a         8020095a        0     1                 
        80200962         80200962        0     1                 
        80200962         80200962        0     1                 
        80200966         80200966        0     1                 
        80200966         80200966        0     1                 .Lpcrel_hi40
        80200966         80200966        0     1                 
        8020096a         8020096a        0     1                 
        8020096e         8020096e        0     1                 .Lpcrel_hi41
        80200984         80200984        0     1                 
        80200986         80200986        0     1                 
        80200986         80200986        0     1                 
        80200986         80200986        0     1                 
        80200986         80200986        0     1                 
        80200986         80200986        0     1                 
        80200986         80200986       7e     1                 virtq_init
        8020098e         8020098e        0     1                 .Lpcrel_hi42
        8020098e         8020098e        0     1                 
        8020098e         8020098e        0     1                 
        80200996         80200996        0     1                 
        80200996         80200996        0     1                 
        80200998         80200998        0     1                 
        8020099a         8020099a        0     1                 
        8020099c         8020099c        0     1                 .Lpcrel_hi43
        8020099c         8020099c        0     1                 
        802009a4         802009a4        0     1                 
        802009a8         802009a8        0     1                 
        802009ac         802009ac        0     1                 .Lpcrel_hi44
        802009ac         802009ac        0     1                 
        802009b4         802009b4        0     1                 .Lpcrel_hi45
        802009c8         802009c8        0     1                 
        802009ca         802009ca        0     1                 
        802009d8         802009d8        0     1                 
        802009d8         802009d8        0     1                 
        802009da         802009da        0     1                 
        802009de         802009de        0     1                 
        802009e4         802009e4        0     1                 
        802009e6         802009e6        0     1                 
        802009ec         802009ec        0     1                 
        802009ec         802009ec        0     1                 
        802009f0         802009f0        0     1                 
        802009f0         802009f0        0     1                 
        802009f2         802009f2        0     1                 
        802009f2         802009f2        0     1                 
        802009f6         802009f6        0     1                 
        802009f6         802009f6        0     1                 
        802009f8         802009f8        0     1                 
        802009fe         802009fe        0     1                 
        802009fe         802009fe        0     1                 
        80200a00         80200a00        0     1                 
        80200a00         80200a00        0     1                 
        80200a04         80200a04        0     1                 
        80200a04         80200a04        0     1                 
        80200a04         80200a04        0     1                 
        80200a04         80200a04        0     1                 
        80200a04         80200a04        0     1                 
        80200a04         80200a04       36     1                 virtq_kick
        80200a0e         80200a0e        0     1                 
        80200a14         80200a14        0     1                 
        80200a16         80200a16        0     1                 
        80200a18         80200a18        0     1                 
        80200a1c         80200a1c        0     1                 
        80200a22         80200a22        0     1                 
        80200a26         80200a26        0     1                 
        80200a28         80200a28        0     1                 
        80200a28         80200a28        0     1                 
        80200a2c         80200a2c        0     1                 
        80200a2c         80200a2c        0     1                 
        80200a2e         80200a2e        0     1                 
        80200a38         80200a38        0     1                 
        80200a3a         80200a3a        0     1                 
        80200a3a         80200a3a        0     1                 
        80200a3a         80200a3a        0     1                 
        80200a3a         80200a3a       1a     1                 virtq_is_busy
        80200a40         80200a40        0     1                 
        80200a42         80200a42        0     1                 
        80200a42         80200a42        0     1                 
        80200a44         80200a44        0     1                 
        80200a48         80200a48        0     1                 
        80200a4c         80200a4c        0     1                 
        80200a52         80200a52        0     1                 
        80200a54         80200a54        0     1                 
        80200a54         80200a54        0     1                 
        80200a54         80200a54        0     1                 
        80200a54         80200a54      176     1                 read_write_disk
        80200a60         80200a60        0     1                 .Lpcrel_hi46
        80200a60         80200a60        0     1                 
        80200a68         80200a68        0     1                 
        80200a6a         80200a6a        0     1                 
        80200a6e         80200a6e        0     1                 
        80200a70         80200a70        0     1                 
        80200a72         80200a72        0     1                 
        80200a72         80200a72        0     1                 .Lpcrel_hi48
        80200a72         80200a72        0     1                 
        80200a7a         80200a7a        0     1                 
        80200ab8         80200ab8        0     1                 
        80200abc         80200abc        0     1                 
        80200abc         80200abc        0     1                 
        80200acc         80200acc        0     1                 
        80200ace         80200ace        0     1                 
        80200ad0         80200ad0        0     1                 
        80200ade         80200ade        0     1                 
        80200ade         80200ade        0     1                 
        80200ae2         80200ae2        0     1                 
        80200ae2         80200ae2        0     1                 .Lpcrel_hi47
        80200ae2         80200ae2        0     1                 
        80200ae6         80200ae6        0     1                 
        80200aec         80200aec        0     1                 
        80200aec         80200aec        0     1                 
        80200aee         80200aee        0     1                 
        80200af0         80200af0        0     1                 .Lpcrel_hi49
        80200af0         80200af0        0     1                 
        80200af8         80200af8        0     1                 
        80200af8         80200af8        0     1                 .Lpcrel_hi50
        80200af8         80200af8        0     1                 
        80200b08         80200b08        0     1                 
        80200b14         80200b14        0     1                 
        80200b16         80200b16        0     1                 
        80200b1a         80200b1a        0     1                 
        80200b20         80200b20        0     1                 
        80200b22         80200b22        0     1                 
        80200b28         80200b28        0     1                 
        80200b2c         80200b2c        0     1                 
        80200b30         80200b30        0     1                 
        80200b32         80200b32        0     1                 
        80200b32         80200b32        0     1                 
        80200b38         80200b38        0     1                 
        80200b38         80200b38        0     1                 
        80200b3a         80200b3a        0     1                 
        80200b42         80200b42        0     1                 
        80200b42         80200b42        0     1                 
        80200b44         80200b44        0     1                 
        80200b44         80200b44        0     1                 
        80200b46         80200b46        0     1                 
        80200b4a         80200b4a        0     1                 
        80200b50         80200b50        0     1                 
        80200b54         80200b54        0     1                 
        80200b56         80200b56        0     1                 
        80200b56         80200b56        0     1                 
        80200b58         80200b58        0     1                 
        80200b60         80200b60        0     1                 
        80200b60         80200b60        0     1                 
        80200b64         80200b64        0     1                 
        80200b6c         80200b6c        0     1                 
        80200b6c         80200b6c        0     1                 
        80200b70         80200b70        0     1                 
        80200b74         80200b74        0     1                 
        80200b78         80200b78        0     1                 
        80200b7c         80200b7c        0     1                 
        80200b7e         80200b7e        0     1                 
        80200b80         80200b80        0     1                 .Lpcrel_hi51
        80200b80         80200b80        0     1                 
        80200b88         80200b88        0     1                 
        80200b88         80200b88        0     1                 
        80200b9c         80200b9c        0     1                 
        80200b9c         80200b9c        0     1                 
        80200b9e         80200b9e        0     1                 
        80200ba4         80200ba4        0     1                 
        80200ba6         80200ba6        0     1                 
        80200ba8         80200ba8        0     1                 
        80200bac         80200bac        0     1                 
        80200bac         80200bac        0     1                 
        80200bb0         80200bb0        0     1                 
        80200bbc         80200bbc        0     1                 
        80200bbc         80200bbc        0     1                 
        80200bbe         80200bbe        0     1                 
        80200bc0         80200bc0        0     1                 
        80200bca         80200bca        0     1                 
        80200bca         80200bca        0     1                 
        80200bca         80200bca        0     1                 
        80200bca         80200bca        0     1                 
        80200bca         80200bca        0     1                 
        80200bca         80200bca        0     1                 
        80200bca         80200bca      198     1                 virtio_blk_init
        80200bda         80200bda        0     1                 
        80200bda         80200bda        0     1                 
        80200be4         80200be4        0     1                 
        80200be8         80200be8        0     1                 
        80200be8         80200be8        0     1                 
        80200bec         80200bec        0     1                 
        80200bf0         80200bf0        0     1                 
        80200bf4         80200bf4        0     1                 
        80200bf4         80200bf4        0     1                 
        80200bf8         80200bf8        0     1                 
        80200bfc         80200bfc        0     1                 
        80200bfc         80200bfc        0     1                 
        80200c00         80200c00        0     1                 
        80200c00         80200c00        0     1                 
        80200c02         80200c02        0     1                 
        80200c06         80200c06        0     1                 
        80200c06         80200c06        0     1                 
        80200c08         80200c08        0     1                 
        80200c08         80200c08        0     1                 
        80200c0a         80200c0a        0     1                 
        80200c0e         80200c0e        0     1                 
        80200c0e         80200c0e        0     1                 
        80200c10         80200c10        0     1                 
        80200c10         80200c10        0     1                 
        80200c12         80200c12        0     1                 
        80200c16         80200c16        0     1                 
        80200c16         80200c16        0     1                 
        80200c18         80200c18        0     1                 
        80200c18         80200c18        0     1                 .Lpcrel_hi58
        80200c18         80200c18        0     1                 
        80200c20         80200c20        0     1                 
        80200c20         80200c20        0     1                 
        80200c22         80200c22        0     1                 
        80200c24         80200c24        0     1                 .Lpcrel_hi59
        80200c24         80200c24        0     1                 
        80200c2c         80200c2c        0     1                 
        80200c30         80200c30        0     1                 
        80200c34         80200c34        0     1                 .Lpcrel_hi60
        80200c34         80200c34        0     1                 
        80200c3c         80200c3c        0     1                 .Lpcrel_hi61
        80200c50         80200c50        0     1                 
        80200c52         80200c52        0     1                 
        80200c52         80200c52        0     1                 .Lpcrel_hi52
        80200c52         80200c52        0     1                 
        80200c5a         80200c5a        0     1                 .Lpcrel_hi53
        80200c6e         80200c6e        0     1                 
        80200c70         80200c70        0     1                 .Lpcrel_hi54
        80200c70         80200c70        0     1                 
        80200c78         80200c78        0     1                 .Lpcrel_hi55
        80200c8c         80200c8c        0     1                 
        80200c8e         80200c8e        0     1                 .Lpcrel_hi56
        80200c8e         80200c8e        0     1                 
        80200c96         80200c96        0     1                 .Lpcrel_hi57
        80200caa         80200caa        0     1                 
        80200cac         80200cac        0     1                 
        80200cac         80200cac        0     1                 
        80200cba         80200cba        0     1                 
        80200cba         80200cba        0     1                 
        80200cbc         80200cbc        0     1                 
        80200cc0         80200cc0        0     1                 
        80200cc8         80200cc8        0     1                 
        80200cca         80200cca        0     1                 
        80200cd0         80200cd0        0     1                 
        80200cd0         80200cd0        0     1                 
        80200cd6         80200cd6        0     1                 
        80200cd6         80200cd6        0     1                 
        80200cd8         80200cd8        0     1                 
        80200cd8         80200cd8        0     1                 
        80200cdc         80200cdc        0     1                 
        80200cdc         80200cdc        0     1                 
        80200cde         80200cde        0     1                 
        80200cde         80200cde        0     1                 .Lpcrel_hi62
        80200cde         80200cde        0     1                 
        80200ce8         80200ce8        0     1                 
        80200ce8         80200ce8        0     1                 
        80200cea         80200cea        0     1                 
        80200cea         80200cea        0     1                 
        80200cee         80200cee        0     1                 
        80200cf2         80200cf2        0     1                 .Lpcrel_hi63
        80200cf2         80200cf2        0     1                 
        80200cfa         80200cfa        0     1                 .Lpcrel_hi64
        80200cfa         80200cfa        0     1                 
        80200d0a         80200d0a        0     1                 
        80200d0a         80200d0a        0     1                 
        80200d0e         80200d0e        0     1                 
        80200d0e         80200d0e        0     1                 
        80200d14         80200d14        0     1                 
        80200d18         80200d18        0     1                 
        80200d18         80200d18        0     1                 .Lpcrel_hi65
        80200d18         80200d18        0     1                 
        80200d20         80200d20        0     1                 .Lpcrel_hi66
        80200d34         80200d34        0     1                 
        80200d36         80200d36        0     1                 
        80200d44         80200d44        0     1                 
        80200d44         80200d44        0     1                 .Lpcrel_hi67
        80200d44         80200d44        0     1                 
        80200d4c         80200d4c        0     1                 .Lpcrel_hi68
        80200d4c         80200d4c        0     1                 
        80200d58         80200d58        0     1                 
        80200d58         80200d58        0     1                 
        80200d5e         80200d5e        0     1                 
        80200d62         80200d62        0     1                 
        80200d62         80200d62        0     1                 
        80200d62         80200d62        0     1                 
        80200d62         80200d62        0     1                 
        80200d62         80200d62        0     1                 
        80200d62         80200d62       d8     1                 kernel_main
        80200d6a         80200d6a        0     1                 .Lpcrel_hi69
        80200d6a         80200d6a        0     1                 
        80200d72         80200d72        0     1                 .Lpcrel_hi70
        80200d86         80200d86        0     1                 
        80200d86         80200d86        0     1                 .Lpcrel_hi71
        80200d86         80200d86        0     1                 
        80200d8e         80200d8e        0     1                 
        80200d92         80200d92        0     1                 
        80200d9a         80200d9a        0     1                 
        80200d9a         80200d9a        0     1                 
        80200da8         80200da8        0     1                 
        80200da8         80200da8        0     1                 .Lpcrel_hi72
        80200da8         80200da8        0     1                 
        80200dba         80200dba        0     1                 
        80200dba         80200dba        0     1                 .Lpcrel_hi73
        80200dba         80200dba        0     1                 
        80200dcc         80200dcc        0     1                 
        80200dcc         80200dcc        0     1                 
        80200dda         80200dda        0     1                 
        80200dda         80200dda        0     1                 
        80200de6         80200de6        0     1                 
        80200de6         80200de6        0     1                 .Lpcrel_hi74
        80200de6         80200de6        0     1                 
        80200dee         80200dee        0     1                 
        80200df2         80200df2        0     1                 .Lpcrel_hi75
        80200df2         80200df2        0     1                 
        80200dfa         80200dfa        0     1                 .Lpcrel_hi76
        80200dfa         80200dfa        0     1                 
        80200e02         80200e02        0     1                 .Lpcrel_hi77
        80200e14         80200e14        0     1                 
        80200e14         80200e14        0     1                 
        80200e1c         80200e1c        0     1                 
        80200e1c         80200e1c        0     1                 .Lpcrel_hi78
        80200e1c         80200e1c        0     1                 
        80200e24         80200e24        0     1                 .Lpcrel_hi79
        80200e38         80200e38        0     1                 
        80200e3a         80200e3a        0     1                 
        80200e3a         80200e3a        0     1                 
        80200e3a         80200e3a      280     2         /tmp/common-0e6188.o:(.text)
        80200e3a         80200e3a        0     1                 
        80200e3a         80200e3a        0     1                 
        80200e3a         80200e3a        0     1                 $x.0
        80200e3a         80200e3a        0     1                 
        80200e3a         80200e3a       16     1                 memset
        80200e3e         80200e3e        0     1                 
        80200e3e         80200e3e        0     1                 
        80200e40         80200e40        0     1                 
        80200e40         80200e40        0     1                 
        80200e44         80200e44        0     1                 
        80200e44         80200e44        0     1                 
        80200e48         80200e48        0     1                 
        80200e4a         80200e4a        0     1                 
        80200e4a         80200e4a        0     1                 
        80200e4e         80200e4e        0     1                 
        80200e4e         80200e4e        0     1                 
        80200e50         80200e50        0     1                 
        80200e50         80200e50        0     1                 
        80200e50         80200e50        0     1                 
        80200e50         80200e50        0     1                 
        80200e50         80200e50        0     1                 
        80200e50         80200e50       1c     1                 memcpy
        80200e54         80200e54        0     1                 
        80200e54         80200e54        0     1                 
        80200e56         80200e56        0     1                 
        80200e56         80200e56        0     1                 
        80200e5a         80200e5a        0     1                 
        80200e5c         80200e5c        0     1                 
        80200e60         80200e60        0     1                 
        80200e60         80200e60        0     1                 
        80200e64         80200e64        0     1                 
        80200e66         80200e66        0     1                 
        80200e66         80200e66        0     1                 
        80200e6a         80200e6a        0     1                 
        80200e6a         80200e6a        0     1                 
        80200e6c         80200e6c        0     1                 
        80200e6c         80200e6c        0     1                 
        80200e6c         80200e6c        0     1                 
        80200e6c         80200e6c        0     1                 
        80200e6c         80200e6c        0     1                 
        80200e6c         80200e6c       24     1                 strcpy
        80200e72         80200e72        0     1                 
        80200e76         80200e76        0     1                 
        80200e76         80200e76        0     1                 
        80200e78         80200e78        0     1                 
        80200e78         80200e78        0     1                 
        80200e7c         80200e7c        0     1                 
        80200e80         80200e80        0     1                 
        80200e84         80200e84        0     1                 
        80200e84         80200e84        0     1                 
        80200e86         80200e86        0     1                 
        80200e86         80200e86        0     1                 
        80200e88         80200e88        0     1                 
        80200e8a         80200e8a        0     1                 
        80200e8a         80200e8a        0     1                 
        80200e8e         80200e8e        0     1                 
        80200e90         80200e90        0     1                 
        80200e90         80200e90        0     1                 
        80200e90         80200e90        0     1                 
        80200e90         80200e90        0     1                 
        80200e90         80200e90        0     1                 
        80200e90         80200e90       2e     1                 strcmp
        80200e94         80200e94        0     1                 
        80200e96         80200e96        0     1                 
        80200e98         80200e98        0     1                 
        80200e98         80200e98        0     1                 
        80200ea0         80200ea0        0     1                 
        80200ea4         80200ea4        0     1                 
        80200ea4         80200ea4        0     1                 
        80200ea8         80200ea8        0     1                 
        80200eaa         80200eaa        0     1                 
        80200eac         80200eac        0     1                 
        80200eae         80200eae        0     1                 
        80200eb4         80200eb4        0     1                 
        80200eb4         80200eb4        0     1                 
        80200eb6         80200eb6        0     1                 
        80200eb6         80200eb6        0     1                 
        80200eba         80200eba        0     1                 
        80200eba         80200eba        0     1                 
        80200ebc         80200ebc        0     1                 
        80200ebe         80200ebe        0     1                 
        80200ebe         80200ebe        0     1                 
        80200ebe         80200ebe        0     1                 
        80200ebe         80200ebe        0     1                 
        80200ebe         80200ebe        0     1                 
        80200ebe         80200ebe      1fc     1                 printf
        80200edc         80200edc        0     1                 
        80200eec         80200eec        0     1                 
        80200f0c         80200f0c        0     1                 .Lpcrel_hi0
        80200f16         80200f16        0     1                 
        80200f1a         80200f1a        0     1                 
        80200f1c         80200f1c        0     1                 
        80200f20         80200f20        0     1                 
        80200f28         80200f28        0     1                 
        80200f30         80200f30        0     1                 
        80200f30         80200f30        0     1                 
        80200f32         80200f32        0     1                 
        80200f34         80200f34        0     1                 
        80200f38         80200f38        0     1                 
        80200f3a         80200f3a        0     1                 
        80200f4a         80200f4a        0     1                 
        80200f4a         80200f4a        0     1                 
        80200f56         80200f56        0     1                 
        80200f5a         80200f5a        0     1                 
        80200f5a         80200f5a        0     1                 
        80200f5c         80200f5c        0     1                 
        80200f62         80200f62        0     1                 
        80200f62         80200f62        0     1                 
        80200f6a         80200f6a        0     1                 
        80200f6a         80200f6a        0     1                 
        80200f76         80200f76        0     1                 
        80200f76         80200f76        0     1                 
        80200f7a         80200f7a        0     1                 
        80200f7a         80200f7a        0     1                 
        80200f7c         80200f7c        0     1                 
        80200f80         80200f80        0     1                 
        80200f88         80200f88        0     1                 
        80200f88         80200f88        0     1                 
        80200f8e         80200f8e        0     1                 
        80200f8e         80200f8e        0     1                 
        80200f90         80200f90        0     1                 
        80200f94         80200f94        0     1                 
        80200f9c         80200f9c        0     1                 
        80200f9c         80200f9c        0     1                 
        80200fa2         80200fa2        0     1                 
        80200fa2         80200fa2        0     1                 
        80200fa4         80200fa4        0     1                 
        80200fa8         80200fa8        0     1                 
        80200fb0         80200fb0        0     1                 
        80200fb0         80200fb0        0     1                 
        80200fb6         80200fb6        0     1                 
        80200fb6         80200fb6        0     1                 
        80200fb8         80200fb8        0     1                 
        80200fbc         80200fbc        0     1                 
        80200fc4         80200fc4        0     1                 
        80200fc4         80200fc4        0     1                 
        80200fca         80200fca        0     1                 
        80200fca         80200fca        0     1                 
        80200fcc         80200fcc        0     1                 
        80200fd0         80200fd0        0     1                 
        80200fd8         80200fd8        0     1                 
        80200fd8         80200fd8        0     1                 
        80200fde         80200fde        0     1                 
        80200fde         80200fde        0     1                 
        80200fe0         80200fe0        0     1                 
        80200fe4         80200fe4        0     1                 
        80200fec         80200fec        0     1                 
        80200fec         80200fec        0     1                 
        80200ff2         80200ff2        0     1                 
        80200ff2         80200ff2        0     1                 
        80200ff4         80200ff4        0     1                 
        80200ff8         80200ff8        0     1                 
        80201000         80201000        0     1                 
        80201000         80201000        0     1                 
        80201002         80201002        0     1                 
        80201008         80201008        0     1                 
        80201008         80201008        0     1                 
        80201010         80201010        0     1                 
        80201010         80201010        0     1                 
        80201012         80201012        0     1                 
        80201014         80201014        0     1                 
        80201014         80201014        0     1                 
        8020101e         8020101e        0     1                 
        8020101e         8020101e        0     1                 
        80201022         80201022        0     1                 
        80201028         80201028        0     1                 
        80201028         80201028        0     1                 
        80201034         80201034        0     1                 
        80201034         80201034        0     1                 
        80201038         80201038        0     1                 
        8020103a         8020103a        0     1                 
        8020103e         8020103e        0     1                 
        8020103e         8020103e        0     1                 
        8020104a         8020104a        0     1                 
        8020104a         8020104a        0     1                 
        8020104e         8020104e        0     1                 
        8020104e         8020104e        0     1                 
        80201050         80201050        0     1                 
        80201054         80201054        0     1                 
        80201056         80201056        0     1                 
        80201056         80201056        0     1                 
        8020105a         8020105a        0     1                 
        8020105e         8020105e        0     1                 
        80201062         80201062        0     1                 
        80201062         80201062        0     1                 
        80201064         80201064        0     1                 
        80201064         80201064        0     1                 
        80201068         80201068        0     1                 
        8020106c         8020106c        0     1                 
        80201078         80201078        0     1                 
        80201078         80201078        0     1                 
        80201080         80201080        0     1                 
        8020108a         8020108a        0     1                 
        8020108a         8020108a        0     1                 
        80201090         80201090        0     1                 
        80201090         80201090        0     1                 
        8020109c         8020109c        0     1                 
        8020109c         8020109c        0     1                 
        802010a0         802010a0        0     1                 
        802010b6         802010b6        0     1                 
        802010ba         802010ba        0     1                 
        802010ba         802010ba        0     1                 
        802010bc         802010bc      2e7     4 .rodata
        802010bc         802010bc      2e7     1         <internal>:(.rodata.str1.1)
        802013a4         802013a4    10460     4 .data
        802013a4         802013a4    10460     1         shell.bin.o:(.data)
        802013a4         802013a4        0     1                 _binary_shell_bin_start
        80211804         80211804        0     1                 _binary_shell_bin_end
        80211808         80211808        8     8 .sdata
        80211808         80211808        8     8         /tmp/kernel-b93668.o:(.sdata)
        80211808         80211808        8     1                 alloc_pages.next_paddr
        80211808         80211808        0     1                 $d.3
        80211810         80211810    10100     8 .bss
        80211810         80211810        0     1         __bss = .
        80211810         80211810    100c0     8         /tmp/kernel-b93668.o:(.bss)
        80211810         80211810        0     1                 $d.4
        80211810         80211810    100c0     1                 procs
        802218d0         802218d0       40     8         /tmp/kernel-b93668.o:(.sbss)
        802218d0         802218d0        0     1                 $d.5
        802218d0         802218d0        8     1                 idle_proc
        802218d8         802218d8        8     1                 current_proc
        802218e0         802218e0        4     1                 blk_capacity
        802218e8         802218e8        8     1                 blk_req
        802218f0         802218f0        8     1                 blk_request_vq
        802218f8         802218f8        8     1                 blk_req_paddr
        80221900         80221900        8     1                 proc_a
        80221908         80221908        8     1                 proc_b
        80221910         80221910        0     1         __bss_end = .
        80221910         80221910        0     1 . = ALIGN ( 16 )
        80221910         80221910    20000     1 . += 128 * 1024
        80241910         80241910        0     1 __stack_top = .
        80241910         80241910      6f0     1 . = ALIGN ( 4096 )
        80242000         80242000        0     1 __free_ram = .
        80242000         80242000  4000000     1 . += 64 * 1024 * 1024
        84242000         84242000        0     1 __free_ram_end = .
               0                0     1d78     1 .debug_loc
               0                0     18b9     1         /tmp/kernel-b93668.o:(.debug_loc)
               0                0        0     1                 
               0                0        0     1                 $d.6
              33               33        0     1                 
              66               66        0     1                 
              99               99        0     1                 
              ce               ce        0     1                 
             116              116        0     1                 
             14b              14b        0     1                 
             180              180        0     1                 
             1b3              1b3        0     1                 
             1e6              1e6        0     1                 
             23f              23f        0     1                 
             285              285        0     1                 
             304              304        0     1                 
             383              383        0     1                 
             3be              3be        0     1                 
             3f1              3f1        0     1                 
             424              424        0     1                 
             457              457        0     1                 
             48a              48a        0     1                 
             4bd              4bd        0     1                 
             4f0              4f0        0     1                 
             523              523        0     1                 
             556              556        0     1                 
             589              589        0     1                 
             5bc              5bc        0     1                 
             5ef              5ef        0     1                 
             622              622        0     1                 
             655              655        0     1                 
             688              688        0     1                 
             6e1              6e1        0     1                 
             73a              73a        0     1                 
             8bf              8bf        0     1                 
             906              906        0     1                 
             9a2              9a2        0     1                 
             9d5              9d5        0     1                 
             a09              a09        0     1                 
             a4f              a4f        0     1                 
             a82              a82        0     1                 
             adc              adc        0     1                 
             b22              b22        0     1                 
             b72              b72        0     1                 
             ba5              ba5        0     1                 
             bed              bed        0     1                 
             c33              c33        0     1                 
             ceb              ceb        0     1                 
             dc8              dc8        0     1                 
             e0e              e0e        0     1                 
             e41              e41        0     1                 
             ea0              ea0        0     1                 
             ed6              ed6        0     1                 
             f0b              f0b        0     1                 
             f6a              f6a        0     1                 
             fa0              fa0        0     1                 
             fd5              fd5        0     1                 
            1034             1034        0     1                 
            10b3             10b3        0     1                 
            1123             1123        0     1                 
            116d             116d        0     1                 
            11b3             11b3        0     1                 
            11e6             11e6        0     1                 
            121b             121b        0     1                 
            1261             1261        0     1                 
            12a7             12a7        0     1                 
            12ed             12ed        0     1                 
            1320             1320        0     1                 
            1366             1366        0     1                 
            13ac             13ac        0     1                 
            13df             13df        0     1                 
            1413             1413        0     1                 
            1446             1446        0     1                 
            1479             1479        0     1                 
            14ac             14ac        0     1                 
            14df             14df        0     1                 
            1512             1512        0     1                 
            15a4             15a4        0     1                 
            15ea             15ea        0     1                 
            167c             167c        0     1                 
            16af             16af        0     1                 
            16e2             16e2        0     1                 
            1717             1717        0     1                 
            175f             175f        0     1                 
            17a7             17a7        0     1                 
            17ed             17ed        0     1                 
            1820             1820        0     1                 
            1853             1853        0     1                 
            1886             1886        0     1                 
            18b9             18b9      4bf     1         /tmp/common-0e6188.o:(.debug_loc)
            18b9             18b9        0     1                 
            18b9             18b9        0     1                 $d.2
            1915             1915        0     1                 
            193a             193a        0     1                 
            195d             195d        0     1                 
            19b9             19b9        0     1                 
            19de             19de        0     1                 
            1a14             1a14        0     1                 
            1a5d             1a5d        0     1                 
            1abb             1abb        0     1                 
            1ade             1ade        0     1                 
            1b14             1b14        0     1                 
            1b4a             1b4a        0     1                 
            1ba8             1ba8        0     1                 
            1c75             1c75        0     1                 
            1c98             1c98        0     1                 
            1d2d             1d2d        0     1                 
               0                0      49b     1 .debug_abbrev
               0                0      366     1         /tmp/kernel-b93668.o:(.debug_abbrev)
               0                0        0     1                 $d.7
             366              366      135     1         /tmp/common-0e6188.o:(.debug_abbrev)
             366              366        0     1                 $d.3
               0                0     1f45     1 .debug_info
               0                0     1bb3     1         /tmp/kernel-b93668.o:(.debug_info)
               0                0        0     1                 $d.8
            1bb3             1bb3      392     1         /tmp/common-0e6188.o:(.debug_info)
            1bb3             1bb3        0     1                 $d.4
               0                0      280     1 .debug_ranges
               0                0      250     1         /tmp/kernel-b93668.o:(.debug_ranges)
               0                0        0     1                 
               0                0        0     1                 $d.9
              30               30        0     1                 
              60               60        0     1                 
              a0               a0        0     1                 
              d0               d0        0     1                 
             100              100        0     1                 
             130              130        0     1                 
             160              160        0     1                 
             190              190        0     1                 
             1c0              1c0        0     1                 
             1f0              1f0        0     1                 
             220              220        0     1                 
             250              250       30     1         /tmp/common-0e6188.o:(.debug_ranges)
             250              250        0     1                 
             250              250        0     1                 $d.5
               0                0      5ce     1 .debug_str
               0                0      5ce     1         <internal>:(.debug_str)
               0                0       7d     1 .comment
               0                0       7d     1         <internal>:(.comment)
               0                0       2b     1 .riscv.attributes
               0                0       2b     1         <internal>:(.riscv.attributes)
               0                0      3e8     8 .debug_frame
               0                0      338     8         /tmp/kernel-b93668.o:(.debug_frame)
               0                0        0     1                 
               0                0        0     1                 $d.13
             338              338       b0     8         /tmp/common-0e6188.o:(.debug_frame)
             338              338        0     1                 
             338              338        0     1                 $d.9
               0                0     1343     1 .debug_line
               0                0      f88     1         /tmp/kernel-b93668.o:(.debug_line)
               0                0        0     1                 .Lline_table_start0
               0                0        0     1                 $d.14
             f88              f88      3bb     1         /tmp/common-0e6188.o:(.debug_line)
             f88              f88        0     1                 .Lline_table_start0
             f88              f88        0     1                 $d.10
               0                0     8310     8 .symtab
               0                0     8310     8         <internal>:(.symtab)
               0                0       ad     1 .shstrtab
               0                0       ad     1         <internal>:(.shstrtab)
               0                0      30d     1 .strtab
               0                0      30d     1         <internal>:(.strtab)
