             VMA              LMA     Size Align Out     In      Symbol
               0                0 80200000     1 . = 0x80200000
        80200000                0        0     1 __kernel_base = .
        80200000         80200000      afe     4 .text
        80200000         80200000        e     2         /tmp/kernel-da1f29.o:(.text.boot)
        80200000         80200000        0     1                 
        80200000         80200000        0     1                 
        80200000         80200000        0     1                 .Lpcrel_hi44
        80200000         80200000        0     1                 $x.1
        80200000         80200000        0     1                 
        80200000         80200000        e     1                 boot
        8020000e         8020000e        0     1                 
        8020000e         8020000e        0     1                 
        80200010         80200010      86e     4         /tmp/kernel-da1f29.o:(.text)
        80200010         80200010        0     1                 
        80200010         80200010        0     1                 
        80200010         80200010        0     1                 $x.0
        80200010         80200010        0     1                 
        80200010         80200010        6     1                 sbi_call
        80200014         80200014        0     1                 
        80200016         80200016        0     1                 
        80200016         80200016        0     1                 
        80200016         80200016        0     1                 
        80200016         80200016       14     1                 putchar
        80200028         80200028        0     1                 
        8020002c         8020002c        0     1                 
        8020002c         8020002c        0     1                 
        8020002c         8020002c        0     1                 
        8020002c         8020002c       9c     1                 kernel_entry
        802000c8         802000c8        0     1                 
        802000c8         802000c8        0     1                 
        802000c8         802000c8        0     1                 
        802000c8         802000c8       46     1                 switch_context
        8020010e         8020010e        0     1                 
        8020010e         8020010e        0     1                 
        8020010e         8020010e        0     1                 
        8020010e         8020010e       5a     1                 alloc_pages
        80200114         80200114        0     1                 .Lpcrel_hi0
        80200114         80200114        0     1                 
        8020011c         8020011c        0     1                 
        80200120         80200120        0     1                 
        80200124         80200124        0     1                 .Lpcrel_hi1
        80200124         80200124        0     1                 
        8020012c         8020012c        0     1                 
        80200130         80200130        0     1                 
        80200134         80200134        0     1                 .Lpcrel_hi2
        80200134         80200134        0     1                 
        8020013c         8020013c        0     1                 .Lpcrel_hi3
        80200150         80200150        0     1                 
        80200152         80200152        0     1                 
        8020015e         8020015e        0     1                 
        8020015e         8020015e        0     1                 
        80200164         80200164        0     1                 
        80200164         80200164        0     1                 
        80200168         80200168        0     1                 
        80200168         80200168        0     1                 
        80200168         80200168        0     1                 
        80200168         80200168        0     1                 
        80200168         80200168        0     1                 
        80200168         80200168      116     1                 map_page
        80200178         80200178        0     1                 
        80200178         80200178        0     1                 
        8020018a         8020018a        0     1                 
        8020018a         8020018a        0     1                 
        80200190         80200190        0     1                 
        80200190         80200190        0     1                 
        80200192         80200192        0     1                 
        80200192         80200192        0     1                 
        80200194         80200194        0     1                 
        80200194         80200194        0     1                 .Lpcrel_hi4
        80200194         80200194        0     1                 
        8020019c         8020019c        0     1                 
        8020019c         8020019c        0     1                 
        8020019e         8020019e        0     1                 .Lpcrel_hi5
        8020019e         8020019e        0     1                 
        802001a6         802001a6        0     1                 
        802001aa         802001aa        0     1                 
        802001ae         802001ae        0     1                 .Lpcrel_hi6
        802001ae         802001ae        0     1                 
        802001b6         802001b6        0     1                 .Lpcrel_hi7
        802001ca         802001ca        0     1                 
        802001cc         802001cc        0     1                 
        802001da         802001da        0     1                 
        802001da         802001da        0     1                 
        802001dc         802001dc        0     1                 
        802001e0         802001e0        0     1                 
        802001e2         802001e2        0     1                 
        802001e4         802001e4        0     1                 
        802001e4         802001e4        0     1                 
        802001ea         802001ea        0     1                 
        802001ea         802001ea        0     1                 
        802001ee         802001ee        0     1                 
        802001ee         802001ee        0     1                 
        802001f0         802001f0        0     1                 
        802001f6         802001f6        0     1                 
        802001f6         802001f6        0     1                 
        802001fa         802001fa        0     1                 
        802001fc         802001fc        0     1                 
        802001fc         802001fc        0     1                 .Lpcrel_hi8
        802001fc         802001fc        0     1                 
        80200204         80200204        0     1                 
        80200204         80200204        0     1                 
        80200206         80200206        0     1                 
        80200208         80200208        0     1                 .Lpcrel_hi9
        80200208         80200208        0     1                 
        80200210         80200210        0     1                 
        80200214         80200214        0     1                 
        80200218         80200218        0     1                 .Lpcrel_hi10
        80200218         80200218        0     1                 
        80200220         80200220        0     1                 .Lpcrel_hi11
        80200234         80200234        0     1                 
        80200236         80200236        0     1                 
        80200244         80200244        0     1                 
        80200244         80200244        0     1                 
        80200246         80200246        0     1                 
        8020024a         8020024a        0     1                 
        8020024c         8020024c        0     1                 
        8020024e         8020024e        0     1                 
        8020024e         8020024e        0     1                 
        80200252         80200252        0     1                 
        80200252         80200252        0     1                 
        80200258         80200258        0     1                 
        80200260         80200260        0     1                 
        8020026c         8020026c        0     1                 
        8020026c         8020026c        0     1                 
        80200276         80200276        0     1                 
        80200276         80200276        0     1                 
        80200278         80200278        0     1                 
        8020027a         8020027a        0     1                 
        8020027a         8020027a        0     1                 
        8020027e         8020027e        0     1                 
        8020027e         8020027e        0     1                 
        8020027e         8020027e        0     1                 
        8020027e         8020027e        0     1                 
        8020027e         8020027e        0     1                 
        8020027e         8020027e       14     1                 user_entry
        80200286         80200286        0     1                 
        80200292         80200292        0     1                 
        80200292         80200292        0     1                 
        80200292         80200292        0     1                 
        80200292         80200292      240     1                 create_process
        802002ae         802002ae        0     1                 .Lpcrel_hi12
        802002ae         802002ae        0     1                 
        802002bc         802002bc        0     1                 
        802002bc         802002bc        0     1                 
        802002be         802002be        0     1                 
        802002be         802002be        0     1                 
        802002c0         802002c0        0     1                 
        802002c0         802002c0        0     1                 .Lpcrel_hi13
        802002c0         802002c0        0     1                 
        802002d4         802002d4        0     1                 
        802002d6         802002d6        0     1                 
        802002d6         802002d6        0     1                 
        802002dc         802002dc        0     1                 
        802002e2         802002e2        0     1                 
        802002e4         802002e4        0     1                 
        802002e4         802002e4        0     1                 
        802002ea         802002ea        0     1                 
        802002f0         802002f0        0     1                 
        802002f2         802002f2        0     1                 
        802002f2         802002f2        0     1                 
        802002f8         802002f8        0     1                 
        802002fe         802002fe        0     1                 
        80200300         80200300        0     1                 
        80200300         80200300        0     1                 
        80200306         80200306        0     1                 
        8020030c         8020030c        0     1                 
        8020030e         8020030e        0     1                 
        8020030e         8020030e        0     1                 
        80200314         80200314        0     1                 
        8020031a         8020031a        0     1                 
        8020031c         8020031c        0     1                 
        8020031c         8020031c        0     1                 
        80200322         80200322        0     1                 
        80200328         80200328        0     1                 
        8020032a         8020032a        0     1                 
        8020032a         8020032a        0     1                 .Lpcrel_hi14
        8020032a         8020032a        0     1                 
        80200332         80200332        0     1                 .Lpcrel_hi15
        80200346         80200346        0     1                 
        80200348         80200348        0     1                 
        80200348         80200348        0     1                 
        8020034c         8020034c        0     1                 
        80200350         80200350        0     1                 
        80200354         80200354        0     1                 
        80200358         80200358        0     1                 
        8020035c         8020035c        0     1                 
        80200360         80200360        0     1                 
        80200364         80200364        0     1                 
        80200366         80200366        0     1                 
        8020036c         8020036c        0     1                 
        8020036e         8020036e        0     1                 
        8020036e         8020036e        0     1                 
        80200372         80200372        0     1                 
        80200372         80200372        0     1                 
        80200376         80200376        0     1                 
        80200376         80200376        0     1                 
        8020037a         8020037a        0     1                 
        8020037a         8020037a        0     1                 
        8020037e         8020037e        0     1                 
        8020037e         8020037e        0     1                 
        80200382         80200382        0     1                 
        80200382         80200382        0     1                 
        80200386         80200386        0     1                 
        80200386         80200386        0     1                 
        8020038a         8020038a        0     1                 
        8020038a         8020038a        0     1                 
        8020038e         8020038e        0     1                 
        8020038e         8020038e        0     1                 
        80200392         80200392        0     1                 
        80200392         80200392        0     1                 
        80200396         80200396        0     1                 
        80200396         80200396        0     1                 
        8020039a         8020039a        0     1                 
        8020039a         8020039a        0     1                 
        8020039e         8020039e        0     1                 
        8020039e         8020039e        0     1                 .Lpcrel_hi16
        8020039e         8020039e        0     1                 
        802003a2         802003a2        0     1                 .Lpcrel_hi17
        802003a2         802003a2        0     1                 
        802003a2         802003a2        0     1                 
        802003aa         802003aa        0     1                 
        802003aa         802003aa        0     1                 
        802003b4         802003b4        0     1                 
        802003b4         802003b4        0     1                 
        802003b6         802003b6        0     1                 .Lpcrel_hi18
        802003b6         802003b6        0     1                 
        802003be         802003be        0     1                 
        802003c6         802003c6        0     1                 .Lpcrel_hi19
        802003c6         802003c6        0     1                 
        802003ce         802003ce        0     1                 .Lpcrel_hi20
        802003e2         802003e2        0     1                 
        802003e4         802003e4        0     1                 
        802003e6         802003e6        0     1                 
        802003f6         802003f6        0     1                 
        802003f6         802003f6        0     1                 .Lpcrel_hi21
        802003f6         802003f6        0     1                 
        80200402         80200402        0     1                 
        80200402         80200402        0     1                 
        80200412         80200412        0     1                 
        80200412         80200412        0     1                 
        80200414         80200414        0     1                 
        80200418         80200418        0     1                 
        80200418         80200418        0     1                 
        8020041c         8020041c        0     1                 
        8020042a         8020042a        0     1                 
        8020042c         8020042c        0     1                 
        8020042c         8020042c        0     1                 
        8020042e         8020042e        0     1                 
        80200438         80200438        0     1                 
        80200438         80200438        0     1                 
        8020043c         8020043c        0     1                 
        8020044a         8020044a        0     1                 
        8020044a         8020044a        0     1                 
        8020044c         8020044c        0     1                 
        8020044c         8020044c        0     1                 
        80200454         80200454        0     1                 
        80200458         80200458        0     1                 
        80200458         80200458        0     1                 
        8020045c         8020045c        0     1                 
        8020045c         8020045c        0     1                 
        80200464         80200464        0     1                 
        80200468         80200468        0     1                 
        80200476         80200476        0     1                 
        80200476         80200476        0     1                 
        80200478         80200478        0     1                 
        80200478         80200478        0     1                 
        8020047c         8020047c        0     1                 
        8020047c         8020047c        0     1                 
        80200482         80200482        0     1                 
        80200488         80200488        0     1                 
        8020048c         8020048c        0     1                 
        80200490         80200490        0     1                 
        80200494         80200494        0     1                 
        802004a2         802004a2        0     1                 
        802004a2         802004a2        0     1                 
        802004a4         802004a4        0     1                 
        802004a6         802004a6        0     1                 
        802004aa         802004aa        0     1                 
        802004b0         802004b0        0     1                 
        802004b4         802004b4        0     1                 
        802004b4         802004b4        0     1                 .Lpcrel_hi22
        802004b4         802004b4        0     1                 
        802004bc         802004bc        0     1                 .Lpcrel_hi23
        802004d0         802004d0        0     1                 
        802004d2         802004d2        0     1                 
        802004d2         802004d2        0     1                 
        802004d2         802004d2        0     1                 
        802004d2         802004d2        0     1                 
        802004d2         802004d2        0     1                 
        802004d2         802004d2        0     1                 .Lpcrel_hi25
        802004d2         802004d2        0     1                 
        802004d2         802004d2      18c     1                 yield
        802004de         802004de        0     1                 .Lpcrel_hi24
        802004de         802004de        0     1                 
        802004e2         802004e2        0     1                 
        802004e2         802004e2        0     1                 
        802004f4         802004f4        0     1                 
        802004f8         802004f8        0     1                 .Lpcrel_hi26
        80200502         80200502        0     1                 
        80200502         80200502        0     1                 
        80200504         80200504        0     1                 
        80200504         80200504        0     1                 
        80200508         80200508        0     1                 
        80200508         80200508        0     1                 
        8020050a         8020050a        0     1                 
        8020050a         8020050a        0     1                 
        8020050e         8020050e        0     1                 
        80200510         80200510        0     1                 
        80200514         80200514        0     1                 
        80200514         80200514        0     1                 
        80200518         80200518        0     1                 
        8020051c         8020051c        0     1                 
        80200526         80200526        0     1                 
        8020052c         8020052c        0     1                 
        8020052c         8020052c        0     1                 
        8020052e         8020052e        0     1                 
        80200532         80200532        0     1                 
        80200534         80200534        0     1                 
        80200538         80200538        0     1                 
        80200538         80200538        0     1                 
        8020053c         8020053c        0     1                 
        8020054e         8020054e        0     1                 
        80200552         80200552        0     1                 
        80200554         80200554        0     1                 
        80200554         80200554        0     1                 
        80200558         80200558        0     1                 
        8020055c         8020055c        0     1                 
        8020055e         8020055e        0     1                 
        80200562         80200562        0     1                 
        80200562         80200562        0     1                 
        80200566         80200566        0     1                 
        8020056a         8020056a        0     1                 
        80200574         80200574        0     1                 
        8020057a         8020057a        0     1                 
        8020057a         8020057a        0     1                 
        8020057c         8020057c        0     1                 
        80200580         80200580        0     1                 
        80200582         80200582        0     1                 
        80200586         80200586        0     1                 
        80200586         80200586        0     1                 
        8020058a         8020058a        0     1                 
        8020059c         8020059c        0     1                 
        802005a0         802005a0        0     1                 
        802005a2         802005a2        0     1                 
        802005a2         802005a2        0     1                 
        802005a6         802005a6        0     1                 
        802005aa         802005aa        0     1                 
        802005ac         802005ac        0     1                 
        802005b0         802005b0        0     1                 
        802005b0         802005b0        0     1                 
        802005b4         802005b4        0     1                 
        802005b8         802005b8        0     1                 
        802005c2         802005c2        0     1                 
        802005c8         802005c8        0     1                 
        802005c8         802005c8        0     1                 
        802005ca         802005ca        0     1                 
        802005ce         802005ce        0     1                 
        802005d0         802005d0        0     1                 
        802005d4         802005d4        0     1                 
        802005d4         802005d4        0     1                 
        802005d8         802005d8        0     1                 
        802005ea         802005ea        0     1                 
        802005ee         802005ee        0     1                 
        802005f0         802005f0        0     1                 
        802005f0         802005f0        0     1                 
        802005f4         802005f4        0     1                 
        802005f8         802005f8        0     1                 
        802005fa         802005fa        0     1                 
        802005fe         802005fe        0     1                 
        802005fe         802005fe        0     1                 
        80200600         80200600        0     1                 
        8020060e         8020060e        0     1                 
        80200612         80200612        0     1                 
        80200614         80200614        0     1                 
        80200614         80200614        0     1                 
        80200616         80200616        0     1                 
        8020061a         8020061a        0     1                 
        8020061c         8020061c        0     1                 
        80200620         80200620        0     1                 
        80200620         80200620        0     1                 
        80200622         80200622        0     1                 
        80200622         80200622        0     1                 
        80200626         80200626        0     1                 
        80200628         80200628        0     1                 
        8020062e         8020062e        0     1                 
        80200634         80200634        0     1                 
        80200636         80200636        0     1                 
        80200646         80200646        0     1                 
        8020064a         8020064a        0     1                 
        8020064a         8020064a        0     1                 
        8020064c         8020064c        0     1                 
        8020064c         8020064c        0     1                 
        80200650         80200650        0     1                 
        80200654         80200654        0     1                 
        8020065c         8020065c        0     1                 
        8020065c         8020065c        0     1                 
        8020065e         8020065e        0     1                 
        8020065e         8020065e        0     1                 
        8020065e         8020065e        0     1                 
        8020065e         8020065e        0     1                 
        8020065e         8020065e        0     1                 
        8020065e         8020065e       10     1                 delay
        80200666         80200666        0     1                 
        80200666         80200666        0     1                 
        80200668         80200668        0     1                 
        80200668         80200668        0     1                 
        8020066a         8020066a        0     1                 
        8020066a         8020066a        0     1                 
        8020066c         8020066c        0     1                 
        8020066c         8020066c        0     1                 
        8020066e         8020066e        0     1                 
        8020066e         8020066e        0     1                 
        8020066e         8020066e        0     1                 
        8020066e         8020066e        0     1                 
        8020066e         8020066e        0     1                 
        8020066e         8020066e       46     1                 proc_a_entry
        80200674         80200674        0     1                 .Lpcrel_hi27
        80200674         80200674        0     1                 
        80200684         80200684        0     1                 
        80200684         80200684        0     1                 
        8020068c         8020068c        0     1                 
        8020068c         8020068c        0     1                 
        802006a2         802006a2        0     1                 
        802006a2         802006a2        0     1                 
        802006aa         802006aa        0     1                 
        802006aa         802006aa        0     1                 
        802006ac         802006ac        0     1                 
        802006ac         802006ac        0     1                 
        802006ae         802006ae        0     1                 
        802006ae         802006ae        0     1                 
        802006b0         802006b0        0     1                 
        802006b0         802006b0        0     1                 
        802006b4         802006b4        0     1                 
        802006b4         802006b4        0     1                 
        802006b4         802006b4        0     1                 
        802006b4         802006b4        0     1                 
        802006b4         802006b4        0     1                 
        802006b4         802006b4        0     1                 
        802006b4         802006b4       46     1                 proc_b_entry
        802006ba         802006ba        0     1                 .Lpcrel_hi28
        802006ba         802006ba        0     1                 
        802006ca         802006ca        0     1                 
        802006ca         802006ca        0     1                 
        802006d2         802006d2        0     1                 
        802006d2         802006d2        0     1                 
        802006e8         802006e8        0     1                 
        802006e8         802006e8        0     1                 
        802006f0         802006f0        0     1                 
        802006f0         802006f0        0     1                 
        802006f2         802006f2        0     1                 
        802006f2         802006f2        0     1                 
        802006f4         802006f4        0     1                 
        802006f4         802006f4        0     1                 
        802006f6         802006f6        0     1                 
        802006f6         802006f6        0     1                 
        802006fa         802006fa        0     1                 
        802006fa         802006fa        0     1                 
        802006fa         802006fa        0     1                 
        802006fa         802006fa        0     1                 
        802006fa         802006fa        0     1                 
        802006fa         802006fa        0     1                 
        802006fa         802006fa       60     1                 handle_syscall
        80200718         80200718        0     1                 
        8020071c         8020071c        0     1                 
        80200720         80200720        0     1                 
        80200720         80200720        0     1                 
        80200732         80200732        0     1                 
        80200732         80200732        0     1                 
        80200734         80200734        0     1                 
        80200736         80200736        0     1                 
        80200738         80200738        0     1                 .Lpcrel_hi29
        80200738         80200738        0     1                 
        8020073c         8020073c        0     1                 
        80200740         80200740        0     1                 .Lpcrel_hi30
        80200754         80200754        0     1                 
        80200754         80200754        0     1                 
        80200758         80200758        0     1                 
        8020075a         8020075a        0     1                 
        8020075a         8020075a        0     1                 
        8020075a         8020075a        0     1                 
        8020075a         8020075a        0     1                 
        8020075a         8020075a        0     1                 
        8020075a         8020075a       98     1                 handle_trap
        8020075e         8020075e        0     1                 
        8020075e         8020075e        0     1                 
        80200762         80200762        0     1                 
        80200762         80200762        0     1                 
        80200766         80200766        0     1                 
        80200766         80200766        0     1                 
        80200768         80200768        0     1                 
        80200768         80200768        0     1                 
        8020076c         8020076c        0     1                 
        8020076c         8020076c        0     1                 
        80200770         80200770        0     1                 
        80200770         80200770        0     1                 
        8020077c         8020077c        0     1                 
        80200780         80200780        0     1                 
        8020078e         8020078e        0     1                 
        80200792         80200792        0     1                 
        80200796         80200796        0     1                 
        80200796         80200796        0     1                 
        802007a8         802007a8        0     1                 
        802007a8         802007a8        0     1                 
        802007aa         802007aa        0     1                 
        802007aa         802007aa        0     1                 
        802007b0         802007b0        0     1                 
        802007b4         802007b4        0     1                 
        802007b4         802007b4        0     1                 .Lpcrel_hi33
        802007b4         802007b4        0     1                 
        802007b8         802007b8        0     1                 
        802007bc         802007bc        0     1                 .Lpcrel_hi34
        802007d2         802007d2        0     1                 
        802007d4         802007d4        0     1                 
        802007d4         802007d4        0     1                 .Lpcrel_hi31
        802007d4         802007d4        0     1                 
        802007d8         802007d8        0     1                 
        802007dc         802007dc        0     1                 .Lpcrel_hi32
        802007f0         802007f0        0     1                 
        802007f2         802007f2        0     1                 
        802007f2         802007f2        0     1                 
        802007f2         802007f2        0     1                 
        802007f2         802007f2        0     1                 
        802007f2         802007f2        0     1                 
        802007f2         802007f2        0     1                 
        802007f2         802007f2       8c     1                 kernel_main
        802007f6         802007f6        0     1                 .Lpcrel_hi35
        802007f6         802007f6        0     1                 
        802007fe         802007fe        0     1                 .Lpcrel_hi36
        80200812         80200812        0     1                 
        80200812         80200812        0     1                 .Lpcrel_hi37
        80200812         80200812        0     1                 
        8020081a         8020081a        0     1                 
        8020081e         8020081e        0     1                 
        80200820         80200820        0     1                 
        8020082a         8020082a        0     1                 
        8020082a         8020082a        0     1                 .Lpcrel_hi38
        8020082a         8020082a        0     1                 
        80200832         80200832        0     1                 
        80200836         80200836        0     1                 .Lpcrel_hi39
        80200836         80200836        0     1                 
        8020083e         8020083e        0     1                 .Lpcrel_hi40
        8020083e         8020083e        0     1                 
        80200846         80200846        0     1                 .Lpcrel_hi41
        80200858         80200858        0     1                 
        80200858         80200858        0     1                 
        80200860         80200860        0     1                 
        80200860         80200860        0     1                 .Lpcrel_hi42
        80200860         80200860        0     1                 
        80200868         80200868        0     1                 .Lpcrel_hi43
        8020087c         8020087c        0     1                 
        8020087e         8020087e        0     1                 
        8020087e         8020087e        0     1                 
        8020087e         8020087e      280     2         /tmp/common-36f125.o:(.text)
        8020087e         8020087e        0     1                 
        8020087e         8020087e        0     1                 
        8020087e         8020087e        0     1                 $x.0
        8020087e         8020087e        0     1                 
        8020087e         8020087e      1fc     1                 printf
        802008ac         802008ac        0     1                 
        802008cc         802008cc        0     1                 .Lpcrel_hi0
        802008d6         802008d6        0     1                 
        802008da         802008da        0     1                 
        802008dc         802008dc        0     1                 
        802008e0         802008e0        0     1                 
        802008e8         802008e8        0     1                 
        802008f0         802008f0        0     1                 
        802008f0         802008f0        0     1                 
        802008f2         802008f2        0     1                 
        802008f4         802008f4        0     1                 
        802008f8         802008f8        0     1                 
        802008fa         802008fa        0     1                 
        8020090a         8020090a        0     1                 
        8020090a         8020090a        0     1                 
        80200916         80200916        0     1                 
        8020091a         8020091a        0     1                 
        8020091a         8020091a        0     1                 
        8020091c         8020091c        0     1                 
        80200922         80200922        0     1                 
        80200922         80200922        0     1                 
        8020092a         8020092a        0     1                 
        8020092a         8020092a        0     1                 
        80200936         80200936        0     1                 
        80200936         80200936        0     1                 
        8020093a         8020093a        0     1                 
        8020093a         8020093a        0     1                 
        8020093c         8020093c        0     1                 
        80200940         80200940        0     1                 
        80200948         80200948        0     1                 
        80200948         80200948        0     1                 
        8020094e         8020094e        0     1                 
        8020094e         8020094e        0     1                 
        80200950         80200950        0     1                 
        80200954         80200954        0     1                 
        8020095c         8020095c        0     1                 
        8020095c         8020095c        0     1                 
        80200962         80200962        0     1                 
        80200962         80200962        0     1                 
        80200964         80200964        0     1                 
        80200968         80200968        0     1                 
        80200970         80200970        0     1                 
        80200970         80200970        0     1                 
        80200976         80200976        0     1                 
        80200976         80200976        0     1                 
        80200978         80200978        0     1                 
        8020097c         8020097c        0     1                 
        80200984         80200984        0     1                 
        80200984         80200984        0     1                 
        8020098a         8020098a        0     1                 
        8020098a         8020098a        0     1                 
        8020098c         8020098c        0     1                 
        80200990         80200990        0     1                 
        80200998         80200998        0     1                 
        80200998         80200998        0     1                 
        8020099e         8020099e        0     1                 
        8020099e         8020099e        0     1                 
        802009a0         802009a0        0     1                 
        802009a4         802009a4        0     1                 
        802009ac         802009ac        0     1                 
        802009ac         802009ac        0     1                 
        802009b2         802009b2        0     1                 
        802009b2         802009b2        0     1                 
        802009b4         802009b4        0     1                 
        802009b8         802009b8        0     1                 
        802009c0         802009c0        0     1                 
        802009c0         802009c0        0     1                 
        802009c2         802009c2        0     1                 
        802009c8         802009c8        0     1                 
        802009c8         802009c8        0     1                 
        802009d0         802009d0        0     1                 
        802009d0         802009d0        0     1                 
        802009d2         802009d2        0     1                 
        802009d4         802009d4        0     1                 
        802009d4         802009d4        0     1                 
        802009de         802009de        0     1                 
        802009de         802009de        0     1                 
        802009e2         802009e2        0     1                 
        802009e8         802009e8        0     1                 
        802009e8         802009e8        0     1                 
        802009f4         802009f4        0     1                 
        802009f4         802009f4        0     1                 
        802009f8         802009f8        0     1                 
        802009fa         802009fa        0     1                 
        802009fe         802009fe        0     1                 
        802009fe         802009fe        0     1                 
        80200a0a         80200a0a        0     1                 
        80200a0a         80200a0a        0     1                 
        80200a0e         80200a0e        0     1                 
        80200a0e         80200a0e        0     1                 
        80200a10         80200a10        0     1                 
        80200a14         80200a14        0     1                 
        80200a16         80200a16        0     1                 
        80200a16         80200a16        0     1                 
        80200a1a         80200a1a        0     1                 
        80200a1e         80200a1e        0     1                 
        80200a22         80200a22        0     1                 
        80200a22         80200a22        0     1                 
        80200a24         80200a24        0     1                 
        80200a24         80200a24        0     1                 
        80200a28         80200a28        0     1                 
        80200a2c         80200a2c        0     1                 
        80200a38         80200a38        0     1                 
        80200a38         80200a38        0     1                 
        80200a40         80200a40        0     1                 
        80200a4a         80200a4a        0     1                 
        80200a4a         80200a4a        0     1                 
        80200a50         80200a50        0     1                 
        80200a50         80200a50        0     1                 
        80200a5c         80200a5c        0     1                 
        80200a5c         80200a5c        0     1                 
        80200a60         80200a60        0     1                 
        80200a76         80200a76        0     1                 
        80200a7a         80200a7a        0     1                 
        80200a7a         80200a7a        0     1                 
        80200a7a         80200a7a        0     1                 
        80200a7a         80200a7a        0     1                 
        80200a7a         80200a7a        0     1                 
        80200a7a         80200a7a       1c     1                 memcpy
        80200a7e         80200a7e        0     1                 
        80200a7e         80200a7e        0     1                 
        80200a80         80200a80        0     1                 
        80200a80         80200a80        0     1                 
        80200a84         80200a84        0     1                 
        80200a86         80200a86        0     1                 
        80200a8a         80200a8a        0     1                 
        80200a8a         80200a8a        0     1                 
        80200a8e         80200a8e        0     1                 
        80200a90         80200a90        0     1                 
        80200a90         80200a90        0     1                 
        80200a94         80200a94        0     1                 
        80200a94         80200a94        0     1                 
        80200a96         80200a96        0     1                 
        80200a96         80200a96        0     1                 
        80200a96         80200a96        0     1                 
        80200a96         80200a96        0     1                 
        80200a96         80200a96        0     1                 
        80200a96         80200a96       16     1                 memset
        80200a9a         80200a9a        0     1                 
        80200a9a         80200a9a        0     1                 
        80200a9c         80200a9c        0     1                 
        80200a9c         80200a9c        0     1                 
        80200aa0         80200aa0        0     1                 
        80200aa0         80200aa0        0     1                 
        80200aa4         80200aa4        0     1                 
        80200aa6         80200aa6        0     1                 
        80200aa6         80200aa6        0     1                 
        80200aaa         80200aaa        0     1                 
        80200aaa         80200aaa        0     1                 
        80200aac         80200aac        0     1                 
        80200aac         80200aac        0     1                 
        80200aac         80200aac        0     1                 
        80200aac         80200aac        0     1                 
        80200aac         80200aac        0     1                 
        80200aac         80200aac       24     1                 strcpy
        80200ab2         80200ab2        0     1                 
        80200ab6         80200ab6        0     1                 
        80200ab6         80200ab6        0     1                 
        80200ab8         80200ab8        0     1                 
        80200ab8         80200ab8        0     1                 
        80200abc         80200abc        0     1                 
        80200ac0         80200ac0        0     1                 
        80200ac4         80200ac4        0     1                 
        80200ac4         80200ac4        0     1                 
        80200ac6         80200ac6        0     1                 
        80200ac6         80200ac6        0     1                 
        80200ac8         80200ac8        0     1                 
        80200aca         80200aca        0     1                 
        80200aca         80200aca        0     1                 
        80200ace         80200ace        0     1                 
        80200ad0         80200ad0        0     1                 
        80200ad0         80200ad0        0     1                 
        80200ad0         80200ad0        0     1                 
        80200ad0         80200ad0        0     1                 
        80200ad0         80200ad0        0     1                 
        80200ad0         80200ad0       2e     1                 strcmp
        80200ad4         80200ad4        0     1                 
        80200ad6         80200ad6        0     1                 
        80200ad8         80200ad8        0     1                 
        80200ad8         80200ad8        0     1                 
        80200ae0         80200ae0        0     1                 
        80200ae4         80200ae4        0     1                 
        80200ae4         80200ae4        0     1                 
        80200ae8         80200ae8        0     1                 
        80200aea         80200aea        0     1                 
        80200aec         80200aec        0     1                 
        80200aee         80200aee        0     1                 
        80200af4         80200af4        0     1                 
        80200af4         80200af4        0     1                 
        80200af6         80200af6        0     1                 
        80200af6         80200af6        0     1                 
        80200afa         80200afa        0     1                 
        80200afa         80200afa        0     1                 
        80200afc         80200afc        0     1                 
        80200afe         80200afe        0     1                 
        80200afe         80200afe        0     1                 
        80200b00         80200b00      112     4 .rodata
        80200b00         80200b00      112     1         <internal>:(.rodata.str1.1)
        80200c14         80200c14    10300     4 .data
        80200c14         80200c14    10300     1         shell.bin.o:(.data)
        80200c14         80200c14        0     1                 _binary_shell_bin_start
        80210f14         80210f14        0     1                 _binary_shell_bin_end
        80210f18         80210f18        8     8 .sdata
        80210f18         80210f18        8     8         /tmp/kernel-da1f29.o:(.sdata)
        80210f18         80210f18        8     1                 alloc_pages.next_paddr
        80210f18         80210f18        0     1                 $d.2
        80210f20         80210f20    100e0     8 .bss
        80210f20         80210f20        0     1         __bss = .
        80210f20         80210f20    100c0     8         /tmp/kernel-da1f29.o:(.bss)
        80210f20         80210f20        0     1                 $d.4
        80210f20         80210f20    100c0     1                 procs
        80220fe0         80220fe0       20     8         /tmp/kernel-da1f29.o:(.sbss)
        80220fe0         80220fe0        0     1                 $d.5
        80220fe0         80220fe0        8     1                 idle_proc
        80220fe8         80220fe8        8     1                 current_proc
        80220ff0         80220ff0        8     1                 proc_a
        80220ff8         80220ff8        8     1                 proc_b
        80221000         80221000        0     1         __bss_end = .
        80221000         80221000        0     1 . = ALIGN ( 4 )
        80221000         80221000    20000     1 . += 128 * 1024
        80241000         80241000        0     1 __stack_top = .
        80241000         80241000        0     1 . = ALIGN ( 4096 )
        80241000         80241000        0     1 __free_ram = .
        80241000         80241000  4000000     1 . += 64 * 1024 * 1024
        84241000         84241000        0     1 __free_ram_end = .
               0                0     1577     1 .debug_loc
               0                0     10b8     1         /tmp/kernel-da1f29.o:(.debug_loc)
               0                0        0     1                 
               0                0        0     1                 $d.6
              33               33        0     1                 
              66               66        0     1                 
              99               99        0     1                 
              ce               ce        0     1                 
             101              101        0     1                 
             134              134        0     1                 
             167              167        0     1                 
             1ad              1ad        0     1                 
             1f3              1f3        0     1                 
             239              239        0     1                 
             274              274        0     1                 
             2a7              2a7        0     1                 
             2da              2da        0     1                 
             30d              30d        0     1                 
             340              340        0     1                 
             373              373        0     1                 
             3a6              3a6        0     1                 
             3d9              3d9        0     1                 
             420              420        0     1                 
             479              479        0     1                 
             5fe              5fe        0     1                 
             658              658        0     1                 
             79f              79f        0     1                 
             7d2              7d2        0     1                 
             806              806        0     1                 
             84c              84c        0     1                 
             87f              87f        0     1                 
             8d9              8d9        0     1                 
             91f              91f        0     1                 
             96f              96f        0     1                 
             9a2              9a2        0     1                 
             9ea              9ea        0     1                 
             a30              a30        0     1                 
             ae8              ae8        0     1                 
             bc5              bc5        0     1                 
             c0b              c0b        0     1                 
             c3e              c3e        0     1                 
             c9d              c9d        0     1                 
             cd3              cd3        0     1                 
             d08              d08        0     1                 
             d67              d67        0     1                 
             d9d              d9d        0     1                 
             dd2              dd2        0     1                 
             e31              e31        0     1                 
             e77              e77        0     1                 
             eac              eac        0     1                 
             f05              f05        0     1                 
             f4b              f4b        0     1                 
             f91              f91        0     1                 
             fc4              fc4        0     1                 
            100a             100a        0     1                 
            1050             1050        0     1                 
            1085             1085        0     1                 
            10b8             10b8      4bf     1         /tmp/common-36f125.o:(.debug_loc)
            10b8             10b8        0     1                 
            10b8             10b8        0     1                 $d.2
            10ee             10ee        0     1                 
            1124             1124        0     1                 
            1182             1182        0     1                 
            124f             124f        0     1                 
            1272             1272        0     1                 
            1307             1307        0     1                 
            1352             1352        0     1                 
            1375             1375        0     1                 
            13d1             13d1        0     1                 
            13f6             13f6        0     1                 
            1452             1452        0     1                 
            1477             1477        0     1                 
            14ad             14ad        0     1                 
            14f6             14f6        0     1                 
            1554             1554        0     1                 
               0                0      42a     1 .debug_abbrev
               0                0      2f5     1         /tmp/kernel-da1f29.o:(.debug_abbrev)
               0                0        0     1                 $d.7
             2f5              2f5      135     1         /tmp/common-36f125.o:(.debug_abbrev)
             2f5              2f5        0     1                 $d.3
               0                0     12f9     1 .debug_info
               0                0      f67     1         /tmp/kernel-da1f29.o:(.debug_info)
               0                0        0     1                 $d.8
             f67              f67      392     1         /tmp/common-36f125.o:(.debug_info)
             f67              f67        0     1                 $d.4
               0                0      1c0     1 .debug_ranges
               0                0      190     1         /tmp/kernel-da1f29.o:(.debug_ranges)
               0                0        0     1                 
               0                0        0     1                 $d.9
              30               30        0     1                 
              60               60        0     1                 
              a0               a0        0     1                 
              d0               d0        0     1                 
             100              100        0     1                 
             130              130        0     1                 
             160              160        0     1                 
             190              190       30     1         /tmp/common-36f125.o:(.debug_ranges)
             190              190        0     1                 
             190              190        0     1                 $d.5
               0                0      3e4     1 .debug_str
               0                0      3e4     1         <internal>:(.debug_str)
               0                0       80     1 .comment
               0                0       80     1         <internal>:(.comment)
               0                0       2b     1 .riscv.attributes
               0                0       2b     1         <internal>:(.riscv.attributes)
               0                0      2a8     8 .debug_frame
               0                0      1f8     8         /tmp/kernel-da1f29.o:(.debug_frame)
               0                0        0     1                 
               0                0        0     1                 $d.13
             1f8              1f8       b0     8         /tmp/common-36f125.o:(.debug_frame)
             1f8              1f8        0     1                 
             1f8              1f8        0     1                 $d.9
               0                0      ccd     1 .debug_line
               0                0      915     1         /tmp/kernel-da1f29.o:(.debug_line)
               0                0        0     1                 .Lline_table_start0
               0                0        0     1                 $d.14
             915              915      3b8     1         /tmp/common-36f125.o:(.debug_line)
             915              915        0     1                 .Lline_table_start0
             915              915        0     1                 $d.10
               0                0     5bc8     8 .symtab
               0                0     5bc8     8         <internal>:(.symtab)
               0                0       ad     1 .shstrtab
               0                0       ad     1         <internal>:(.shstrtab)
               0                0      237     1 .strtab
               0                0      237     1         <internal>:(.strtab)
