             VMA              LMA     Size Align Out     In      Symbol
               0                0 80200000     1 . = 0x80200000
        80200000                0        0     1 __kernel_base = .
        80200000         80200000     1da6     4 .text
        80200000         80200000        e     2         /tmp/kernel-8cd0ce.o:(.text.boot)
        80200000         80200000        0     1                 
        80200000         80200000        0     1                 
        80200000         80200000        0     1                 .Lpcrel_hi105
        80200000         80200000        0     1                 $x.3
        80200000         80200000        0     1                 
        80200000         80200000        e     1                 boot
        8020000e         8020000e        0     1                 
        8020000e         8020000e        0     1                 
        80200010         80200010     1b16     4         /tmp/kernel-8cd0ce.o:(.text)
        80200010         80200010        0     1                 
        80200010         80200010        0     1                 
        80200010         80200010        0     1                 $x.0
        80200010         80200010        0     1                 
        80200010         80200010        6     1                 sbi_call
        80200014         80200014        0     1                 
        80200016         80200016        0     1                 
        80200016         80200016        0     1                 
        80200016         80200016        0     1                 
        80200016         80200016       14     1                 putchar
        80200028         80200028        0     1                 
        8020002a         8020002a        0     1                 
        8020002a         8020002a        0     1                 
        8020002a         8020002a        0     1                 
        8020002a         8020002a       16     1                 getchar
        8020003e         8020003e        0     1                 
        80200040         80200040        0     1                 
        80200040         80200040        0     1                 
        80200040         80200040        0     1                 
        80200040         80200040       9c     1                 kernel_entry
        802000dc         802000dc        0     1                 
        802000dc         802000dc        0     1                 
        802000dc         802000dc        0     1                 
        802000dc         802000dc       22     1                 myfunc
        802000e0         802000e0        0     1                 .Lpcrel_hi0
        802000e0         802000e0        0     1                 
        802000e8         802000e8        0     1                 .Lpcrel_hi1
        802000fc         802000fc        0     1                 
        802000fe         802000fe        0     1                 
        802000fe         802000fe        0     1                 
        802000fe         802000fe        0     1                 
        802000fe         802000fe        0     1                 
        802000fe         802000fe        0     1                 
        802000fe         802000fe       46     1                 switch_context
        80200144         80200144        0     1                 
        80200144         80200144        0     1                 
        80200144         80200144        0     1                 
        80200144         80200144       5a     1                 alloc_pages
        8020014a         8020014a        0     1                 .Lpcrel_hi2
        8020014a         8020014a        0     1                 
        80200152         80200152        0     1                 
        80200152         80200152        0     1                 
        80200156         80200156        0     1                 
        8020015a         8020015a        0     1                 
        8020015a         8020015a        0     1                 .Lpcrel_hi3
        8020015a         8020015a        0     1                 
        80200162         80200162        0     1                 
        80200166         80200166        0     1                 
        8020016a         8020016a        0     1                 .Lpcrel_hi4
        8020016a         8020016a        0     1                 
        80200172         80200172        0     1                 .Lpcrel_hi5
        80200186         80200186        0     1                 
        80200188         80200188        0     1                 
        80200194         80200194        0     1                 
        80200194         80200194        0     1                 
        8020019a         8020019a        0     1                 
        8020019a         8020019a        0     1                 
        8020019e         8020019e        0     1                 
        8020019e         8020019e        0     1                 
        8020019e         8020019e        0     1                 
        8020019e         8020019e        0     1                 
        8020019e         8020019e        0     1                 
        8020019e         8020019e      164     1                 map_page
        802001ae         802001ae        0     1                 
        802001ae         802001ae        0     1                 
        802001b0         802001b0        0     1                 
        802001b2         802001b2        0     1                 .Lpcrel_hi6
        802001b2         802001b2        0     1                 
        802001b6         802001b6        0     1                 
        802001ba         802001ba        0     1                 .Lpcrel_hi7
        802001c6         802001c6        0     1                 
        802001c8         802001c8        0     1                 
        802001d0         802001d0        0     1                 
        802001d2         802001d2        0     1                 
        802001d2         802001d2        0     1                 
        802001d6         802001d6        0     1                 
        802001d8         802001d8        0     1                 
        802001da         802001da        0     1                 .Lpcrel_hi8
        802001da         802001da        0     1                 
        802001de         802001de        0     1                 
        802001e2         802001e2        0     1                 .Lpcrel_hi9
        802001ec         802001ec        0     1                 
        802001f0         802001f0        0     1                 
        802001f8         802001f8        0     1                 
        802001fa         802001fa        0     1                 
        802001fa         802001fa        0     1                 
        80200200         80200200        0     1                 
        80200200         80200200        0     1                 
        80200202         80200202        0     1                 
        80200208         80200208        0     1                 
        80200208         80200208        0     1                 
        8020020c         8020020c        0     1                 
        8020020e         8020020e        0     1                 
        8020020e         8020020e        0     1                 .Lpcrel_hi10
        8020020e         8020020e        0     1                 
        80200216         80200216        0     1                 
        80200216         80200216        0     1                 
        80200218         80200218        0     1                 
        8020021a         8020021a        0     1                 .Lpcrel_hi11
        8020021a         8020021a        0     1                 
        80200222         80200222        0     1                 
        80200226         80200226        0     1                 
        8020022a         8020022a        0     1                 .Lpcrel_hi12
        8020022a         8020022a        0     1                 
        80200232         80200232        0     1                 .Lpcrel_hi13
        8020023e         8020023e        0     1                 
        80200246         80200246        0     1                 
        80200248         80200248        0     1                 
        80200248         80200248        0     1                 
        8020024a         8020024a        0     1                 
        8020024a         8020024a        0     1                 
        80200252         80200252        0     1                 
        8020025a         8020025a        0     1                 
        8020025a         8020025a        0     1                 
        8020025e         8020025e        0     1                 
        8020025e         8020025e        0     1                 
        80200264         80200264        0     1                 
        80200266         80200266        0     1                 
        80200268         80200268        0     1                 
        80200268         80200268        0     1                 
        8020026e         8020026e        0     1                 
        8020026e         8020026e        0     1                 
        80200272         80200272        0     1                 
        80200272         80200272        0     1                 
        80200274         80200274        0     1                 
        8020027a         8020027a        0     1                 
        8020027a         8020027a        0     1                 
        8020027e         8020027e        0     1                 
        80200280         80200280        0     1                 
        80200280         80200280        0     1                 .Lpcrel_hi14
        80200280         80200280        0     1                 
        80200288         80200288        0     1                 
        80200288         80200288        0     1                 
        8020028a         8020028a        0     1                 
        8020028c         8020028c        0     1                 .Lpcrel_hi15
        8020028c         8020028c        0     1                 
        80200294         80200294        0     1                 
        80200298         80200298        0     1                 
        8020029c         8020029c        0     1                 .Lpcrel_hi16
        8020029c         8020029c        0     1                 
        802002a4         802002a4        0     1                 .Lpcrel_hi17
        802002b8         802002b8        0     1                 
        802002ba         802002ba        0     1                 
        802002bc         802002bc        0     1                 
        802002cc         802002cc        0     1                 
        802002cc         802002cc        0     1                 
        802002d0         802002d0        0     1                 
        802002d0         802002d0        0     1                 
        802002d6         802002d6        0     1                 
        802002d8         802002d8        0     1                 
        802002da         802002da        0     1                 
        802002da         802002da        0     1                 
        802002de         802002de        0     1                 
        802002de         802002de        0     1                 
        802002e0         802002e0        0     1                 
        802002e6         802002e6        0     1                 
        802002e8         802002e8        0     1                 
        802002e8         802002e8        0     1                 
        802002ec         802002ec        0     1                 
        802002f0         802002f0        0     1                 
        802002f0         802002f0        0     1                 
        802002fe         802002fe        0     1                 
        80200302         80200302        0     1                 
        80200302         80200302        0     1                 
        80200302         80200302        0     1                 
        80200302         80200302        0     1                 
        80200302         80200302        0     1                 
        80200302         80200302        e     1                 virtio_reg_read32
        80200306         80200306        0     1                 
        80200308         80200308        0     1                 
        80200308         80200308        0     1                 
        8020030c         8020030c        0     1                 
        8020030e         8020030e        0     1                 
        80200310         80200310        0     1                 
        80200310         80200310        0     1                 
        80200310         80200310        0     1                 
        80200310         80200310        e     1                 virtio_reg_read64
        80200314         80200314        0     1                 
        80200316         80200316        0     1                 
        80200316         80200316        0     1                 
        8020031a         8020031a        0     1                 
        8020031c         8020031c        0     1                 
        8020031e         8020031e        0     1                 
        8020031e         8020031e        0     1                 
        8020031e         8020031e        0     1                 
        8020031e         8020031e        e     1                 virtio_reg_write32
        80200322         80200322        0     1                 
        80200324         80200324        0     1                 
        80200324         80200324        0     1                 
        80200328         80200328        0     1                 
        8020032a         8020032a        0     1                 
        8020032c         8020032c        0     1                 
        8020032c         8020032c        0     1                 
        8020032c         8020032c        0     1                 
        8020032c         8020032c       12     1                 virtio_reg_fetch_and_or32
        80200330         80200330        0     1                 
        80200330         80200330        0     1                 
        80200332         80200332        0     1                 
        80200332         80200332        0     1                 
        80200336         80200336        0     1                 
        80200338         80200338        0     1                 
        8020033a         8020033a        0     1                 
        8020033a         8020033a        0     1                 
        8020033c         8020033c        0     1                 
        8020033e         8020033e        0     1                 
        8020033e         8020033e        0     1                 
        8020033e         8020033e        0     1                 
        8020033e         8020033e       1c     1                 user_entry
        8020034a         8020034a        0     1                 
        8020035a         8020035a        0     1                 
        8020035a         8020035a        0     1                 
        8020035a         8020035a        0     1                 
        8020035a         8020035a      254     1                 create_process
        80200376         80200376        0     1                 .Lpcrel_hi18
        80200376         80200376        0     1                 
        80200384         80200384        0     1                 
        80200384         80200384        0     1                 
        80200386         80200386        0     1                 
        80200386         80200386        0     1                 
        80200388         80200388        0     1                 
        80200388         80200388        0     1                 .Lpcrel_hi19
        80200388         80200388        0     1                 
        8020039c         8020039c        0     1                 
        8020039e         8020039e        0     1                 
        8020039e         8020039e        0     1                 
        802003a4         802003a4        0     1                 
        802003aa         802003aa        0     1                 
        802003ac         802003ac        0     1                 
        802003ac         802003ac        0     1                 
        802003b2         802003b2        0     1                 
        802003b8         802003b8        0     1                 
        802003ba         802003ba        0     1                 
        802003ba         802003ba        0     1                 
        802003c0         802003c0        0     1                 
        802003c6         802003c6        0     1                 
        802003c8         802003c8        0     1                 
        802003c8         802003c8        0     1                 
        802003ce         802003ce        0     1                 
        802003d4         802003d4        0     1                 
        802003d6         802003d6        0     1                 
        802003d6         802003d6        0     1                 
        802003dc         802003dc        0     1                 
        802003e2         802003e2        0     1                 
        802003e4         802003e4        0     1                 
        802003e4         802003e4        0     1                 
        802003ea         802003ea        0     1                 
        802003f0         802003f0        0     1                 
        802003f2         802003f2        0     1                 
        802003f2         802003f2        0     1                 .Lpcrel_hi20
        802003f2         802003f2        0     1                 
        802003fa         802003fa        0     1                 .Lpcrel_hi21
        8020040e         8020040e        0     1                 
        80200410         80200410        0     1                 
        80200410         80200410        0     1                 
        80200414         80200414        0     1                 
        80200418         80200418        0     1                 
        8020041c         8020041c        0     1                 
        80200420         80200420        0     1                 
        80200424         80200424        0     1                 
        80200428         80200428        0     1                 
        8020042c         8020042c        0     1                 
        8020042e         8020042e        0     1                 
        80200434         80200434        0     1                 
        80200436         80200436        0     1                 
        80200436         80200436        0     1                 
        8020043a         8020043a        0     1                 
        8020043a         8020043a        0     1                 
        8020043e         8020043e        0     1                 
        8020043e         8020043e        0     1                 
        80200442         80200442        0     1                 
        80200442         80200442        0     1                 
        80200446         80200446        0     1                 
        80200446         80200446        0     1                 
        8020044a         8020044a        0     1                 
        8020044a         8020044a        0     1                 
        8020044e         8020044e        0     1                 
        8020044e         8020044e        0     1                 
        80200452         80200452        0     1                 
        80200452         80200452        0     1                 
        80200456         80200456        0     1                 
        80200456         80200456        0     1                 
        8020045a         8020045a        0     1                 
        8020045a         8020045a        0     1                 
        8020045e         8020045e        0     1                 
        8020045e         8020045e        0     1                 
        80200462         80200462        0     1                 
        80200462         80200462        0     1                 
        80200466         80200466        0     1                 
        80200466         80200466        0     1                 .Lpcrel_hi22
        80200466         80200466        0     1                 
        8020046a         8020046a        0     1                 .Lpcrel_hi23
        8020046a         8020046a        0     1                 
        8020046a         8020046a        0     1                 
        80200472         80200472        0     1                 
        80200472         80200472        0     1                 
        8020047c         8020047c        0     1                 
        8020047c         8020047c        0     1                 
        8020047e         8020047e        0     1                 .Lpcrel_hi24
        8020047e         8020047e        0     1                 
        80200486         80200486        0     1                 
        8020048e         8020048e        0     1                 .Lpcrel_hi25
        8020048e         8020048e        0     1                 
        80200496         80200496        0     1                 .Lpcrel_hi26
        802004aa         802004aa        0     1                 
        802004ac         802004ac        0     1                 
        802004ae         802004ae        0     1                 
        802004be         802004be        0     1                 
        802004be         802004be        0     1                 .Lpcrel_hi27
        802004be         802004be        0     1                 
        802004ca         802004ca        0     1                 
        802004ca         802004ca        0     1                 
        802004da         802004da        0     1                 
        802004da         802004da        0     1                 
        802004dc         802004dc        0     1                 
        802004e0         802004e0        0     1                 
        802004e0         802004e0        0     1                 
        802004f4         802004f4        0     1                 
        802004f4         802004f4        0     1                 
        802004f8         802004f8        0     1                 
        80200506         80200506        0     1                 
        80200508         80200508        0     1                 
        80200508         80200508        0     1                 
        8020050a         8020050a        0     1                 
        80200514         80200514        0     1                 
        80200514         80200514        0     1                 
        80200518         80200518        0     1                 
        80200526         80200526        0     1                 
        80200526         80200526        0     1                 
        80200528         80200528        0     1                 
        80200528         80200528        0     1                 
        80200530         80200530        0     1                 
        80200534         80200534        0     1                 
        80200534         80200534        0     1                 
        80200538         80200538        0     1                 
        80200538         80200538        0     1                 
        80200540         80200540        0     1                 
        80200544         80200544        0     1                 
        80200552         80200552        0     1                 
        80200552         80200552        0     1                 
        80200554         80200554        0     1                 
        80200554         80200554        0     1                 
        80200558         80200558        0     1                 
        80200558         80200558        0     1                 
        8020055e         8020055e        0     1                 
        80200564         80200564        0     1                 
        80200568         80200568        0     1                 
        8020056c         8020056c        0     1                 
        80200570         80200570        0     1                 
        8020057e         8020057e        0     1                 
        8020057e         8020057e        0     1                 
        80200580         80200580        0     1                 
        80200582         80200582        0     1                 
        80200586         80200586        0     1                 
        8020058c         8020058c        0     1                 
        80200590         80200590        0     1                 
        80200590         80200590        0     1                 .Lpcrel_hi28
        80200590         80200590        0     1                 
        80200598         80200598        0     1                 .Lpcrel_hi29
        802005ac         802005ac        0     1                 
        802005ae         802005ae        0     1                 
        802005ae         802005ae        0     1                 
        802005ae         802005ae        0     1                 
        802005ae         802005ae        0     1                 
        802005ae         802005ae        0     1                 
        802005ae         802005ae        0     1                 .Lpcrel_hi30
        802005ae         802005ae        0     1                 
        802005ae         802005ae      194     1                 yield
        802005b6         802005b6        0     1                 .Lpcrel_hi31
        802005b6         802005b6        0     1                 
        802005ba         802005ba        0     1                 .Lpcrel_hi32
        802005d0         802005d0        0     1                 
        802005d0         802005d0        0     1                 
        802005d4         802005d4        0     1                 
        802005e4         802005e4        0     1                 
        802005e4         802005e4        0     1                 
        802005ea         802005ea        0     1                 
        802005f0         802005f0        0     1                 
        802005f4         802005f4        0     1                 
        802005f8         802005f8        0     1                 
        802005fa         802005fa        0     1                 
        802005fe         802005fe        0     1                 
        802005fe         802005fe        0     1                 
        80200602         80200602        0     1                 
        80200612         80200612        0     1                 
        80200618         80200618        0     1                 
        8020061a         8020061a        0     1                 
        8020061e         8020061e        0     1                 
        80200620         80200620        0     1                 
        80200624         80200624        0     1                 
        80200624         80200624        0     1                 
        80200628         80200628        0     1                 
        80200638         80200638        0     1                 
        8020063e         8020063e        0     1                 
        80200644         80200644        0     1                 
        80200648         80200648        0     1                 
        8020064c         8020064c        0     1                 
        8020064e         8020064e        0     1                 
        80200652         80200652        0     1                 
        80200652         80200652        0     1                 
        80200656         80200656        0     1                 
        80200666         80200666        0     1                 
        8020066c         8020066c        0     1                 
        8020066e         8020066e        0     1                 
        80200672         80200672        0     1                 
        80200674         80200674        0     1                 
        80200678         80200678        0     1                 
        80200678         80200678        0     1                 
        8020067c         8020067c        0     1                 
        8020068c         8020068c        0     1                 
        80200692         80200692        0     1                 
        80200698         80200698        0     1                 
        8020069c         8020069c        0     1                 
        802006a0         802006a0        0     1                 
        802006a2         802006a2        0     1                 
        802006a6         802006a6        0     1                 
        802006a6         802006a6        0     1                 
        802006aa         802006aa        0     1                 
        802006ba         802006ba        0     1                 
        802006c0         802006c0        0     1                 
        802006c2         802006c2        0     1                 
        802006c6         802006c6        0     1                 
        802006c8         802006c8        0     1                 
        802006cc         802006cc        0     1                 
        802006cc         802006cc        0     1                 
        802006ce         802006ce        0     1                 
        802006ce         802006ce        0     1                 
        802006de         802006de        0     1                 
        802006e4         802006e4        0     1                 
        802006ea         802006ea        0     1                 
        802006ee         802006ee        0     1                 
        802006f2         802006f2        0     1                 
        802006f4         802006f4        0     1                 
        802006f8         802006f8        0     1                 
        802006f8         802006f8        0     1                 
        802006fc         802006fc        0     1                 
        80200702         80200702        0     1                 
        80200708         80200708        0     1                 
        80200708         80200708        0     1                 
        8020070c         8020070c        0     1                 
        8020070e         8020070e        0     1                 
        80200714         80200714        0     1                 
        80200718         80200718        0     1                 
        8020071a         8020071a        0     1                 
        8020072a         8020072a        0     1                 
        8020072e         8020072e        0     1                 
        8020072e         8020072e        0     1                 
        80200730         80200730        0     1                 
        80200730         80200730        0     1                 
        80200734         80200734        0     1                 
        80200738         80200738        0     1                 
        80200740         80200740        0     1                 
        80200740         80200740        0     1                 
        80200742         80200742        0     1                 
        80200742         80200742        0     1                 
        80200742         80200742        0     1                 
        80200742         80200742        0     1                 
        80200742         80200742        0     1                 
        80200742         80200742       10     1                 delay
        8020074a         8020074a        0     1                 
        8020074a         8020074a        0     1                 
        8020074c         8020074c        0     1                 
        8020074c         8020074c        0     1                 
        8020074e         8020074e        0     1                 
        8020074e         8020074e        0     1                 
        80200750         80200750        0     1                 
        80200750         80200750        0     1                 
        80200752         80200752        0     1                 
        80200752         80200752        0     1                 
        80200752         80200752        0     1                 
        80200752         80200752        0     1                 
        80200752         80200752        0     1                 
        80200752         80200752       46     1                 proc_a_entry
        80200758         80200758        0     1                 .Lpcrel_hi33
        80200758         80200758        0     1                 
        80200768         80200768        0     1                 
        80200768         80200768        0     1                 
        80200770         80200770        0     1                 
        80200770         80200770        0     1                 
        80200786         80200786        0     1                 
        80200786         80200786        0     1                 
        8020078e         8020078e        0     1                 
        8020078e         8020078e        0     1                 
        80200790         80200790        0     1                 
        80200790         80200790        0     1                 
        80200792         80200792        0     1                 
        80200792         80200792        0     1                 
        80200794         80200794        0     1                 
        80200794         80200794        0     1                 
        80200798         80200798        0     1                 
        80200798         80200798        0     1                 
        80200798         80200798        0     1                 
        80200798         80200798        0     1                 
        80200798         80200798        0     1                 
        80200798         80200798        0     1                 
        80200798         80200798       46     1                 proc_b_entry
        8020079e         8020079e        0     1                 .Lpcrel_hi34
        8020079e         8020079e        0     1                 
        802007ae         802007ae        0     1                 
        802007ae         802007ae        0     1                 
        802007b6         802007b6        0     1                 
        802007b6         802007b6        0     1                 
        802007cc         802007cc        0     1                 
        802007cc         802007cc        0     1                 
        802007d4         802007d4        0     1                 
        802007d4         802007d4        0     1                 
        802007d6         802007d6        0     1                 
        802007d6         802007d6        0     1                 
        802007d8         802007d8        0     1                 
        802007d8         802007d8        0     1                 
        802007da         802007da        0     1                 
        802007da         802007da        0     1                 
        802007de         802007de        0     1                 
        802007de         802007de        0     1                 
        802007de         802007de        0     1                 
        802007de         802007de        0     1                 
        802007de         802007de        0     1                 
        802007de         802007de        0     1                 
        802007de         802007de       7e     1                 virtq_init
        802007e6         802007e6        0     1                 .Lpcrel_hi35
        802007e6         802007e6        0     1                 
        802007e6         802007e6        0     1                 
        802007ee         802007ee        0     1                 
        802007ee         802007ee        0     1                 
        802007f0         802007f0        0     1                 
        802007f2         802007f2        0     1                 
        802007f4         802007f4        0     1                 .Lpcrel_hi36
        802007f4         802007f4        0     1                 
        802007fc         802007fc        0     1                 
        80200800         80200800        0     1                 
        80200804         80200804        0     1                 .Lpcrel_hi37
        80200804         80200804        0     1                 
        8020080c         8020080c        0     1                 .Lpcrel_hi38
        80200820         80200820        0     1                 
        80200822         80200822        0     1                 
        80200830         80200830        0     1                 
        80200830         80200830        0     1                 
        80200832         80200832        0     1                 
        80200836         80200836        0     1                 
        8020083c         8020083c        0     1                 
        8020083e         8020083e        0     1                 
        80200844         80200844        0     1                 
        80200844         80200844        0     1                 
        80200848         80200848        0     1                 
        80200848         80200848        0     1                 
        8020084a         8020084a        0     1                 
        8020084a         8020084a        0     1                 
        8020084e         8020084e        0     1                 
        8020084e         8020084e        0     1                 
        80200850         80200850        0     1                 
        80200856         80200856        0     1                 
        80200856         80200856        0     1                 
        80200858         80200858        0     1                 
        80200858         80200858        0     1                 
        8020085c         8020085c        0     1                 
        8020085c         8020085c        0     1                 
        8020085c         8020085c        0     1                 
        8020085c         8020085c        0     1                 
        8020085c         8020085c        0     1                 
        8020085c         8020085c       36     1                 virtq_kick
        80200866         80200866        0     1                 
        8020086c         8020086c        0     1                 
        8020086e         8020086e        0     1                 
        80200870         80200870        0     1                 
        80200874         80200874        0     1                 
        8020087a         8020087a        0     1                 
        8020087e         8020087e        0     1                 
        80200880         80200880        0     1                 
        80200880         80200880        0     1                 
        80200884         80200884        0     1                 
        80200884         80200884        0     1                 
        80200886         80200886        0     1                 
        80200890         80200890        0     1                 
        80200892         80200892        0     1                 
        80200892         80200892        0     1                 
        80200892         80200892        0     1                 
        80200892         80200892       1a     1                 virtq_is_busy
        80200898         80200898        0     1                 
        8020089a         8020089a        0     1                 
        8020089a         8020089a        0     1                 
        8020089c         8020089c        0     1                 
        802008a0         802008a0        0     1                 
        802008a4         802008a4        0     1                 
        802008aa         802008aa        0     1                 
        802008ac         802008ac        0     1                 
        802008ac         802008ac        0     1                 
        802008ac         802008ac        0     1                 
        802008ac         802008ac      176     1                 read_write_disk
        802008b8         802008b8        0     1                 .Lpcrel_hi39
        802008b8         802008b8        0     1                 
        802008c0         802008c0        0     1                 
        802008c2         802008c2        0     1                 
        802008c6         802008c6        0     1                 
        802008c8         802008c8        0     1                 
        802008ca         802008ca        0     1                 
        802008ca         802008ca        0     1                 .Lpcrel_hi41
        802008ca         802008ca        0     1                 
        802008d2         802008d2        0     1                 
        80200910         80200910        0     1                 
        80200914         80200914        0     1                 
        80200914         80200914        0     1                 
        80200924         80200924        0     1                 
        80200926         80200926        0     1                 
        80200928         80200928        0     1                 
        80200936         80200936        0     1                 
        80200936         80200936        0     1                 
        8020093a         8020093a        0     1                 
        8020093a         8020093a        0     1                 .Lpcrel_hi40
        8020093a         8020093a        0     1                 
        8020093e         8020093e        0     1                 
        80200944         80200944        0     1                 
        80200944         80200944        0     1                 
        80200946         80200946        0     1                 
        80200948         80200948        0     1                 .Lpcrel_hi42
        80200948         80200948        0     1                 
        80200950         80200950        0     1                 
        80200950         80200950        0     1                 .Lpcrel_hi43
        80200950         80200950        0     1                 
        80200960         80200960        0     1                 
        8020096c         8020096c        0     1                 
        8020096e         8020096e        0     1                 
        80200972         80200972        0     1                 
        80200978         80200978        0     1                 
        8020097a         8020097a        0     1                 
        80200980         80200980        0     1                 
        80200984         80200984        0     1                 
        80200988         80200988        0     1                 
        8020098a         8020098a        0     1                 
        8020098a         8020098a        0     1                 
        80200990         80200990        0     1                 
        80200990         80200990        0     1                 
        80200992         80200992        0     1                 
        8020099a         8020099a        0     1                 
        8020099a         8020099a        0     1                 
        8020099c         8020099c        0     1                 
        8020099c         8020099c        0     1                 
        8020099e         8020099e        0     1                 
        802009a2         802009a2        0     1                 
        802009a8         802009a8        0     1                 
        802009ac         802009ac        0     1                 
        802009ae         802009ae        0     1                 
        802009ae         802009ae        0     1                 
        802009b0         802009b0        0     1                 
        802009b8         802009b8        0     1                 
        802009b8         802009b8        0     1                 
        802009bc         802009bc        0     1                 
        802009c4         802009c4        0     1                 
        802009c4         802009c4        0     1                 
        802009c8         802009c8        0     1                 
        802009cc         802009cc        0     1                 
        802009d0         802009d0        0     1                 
        802009d4         802009d4        0     1                 
        802009d6         802009d6        0     1                 
        802009d8         802009d8        0     1                 .Lpcrel_hi44
        802009d8         802009d8        0     1                 
        802009e0         802009e0        0     1                 
        802009e0         802009e0        0     1                 
        802009f4         802009f4        0     1                 
        802009f4         802009f4        0     1                 
        802009f6         802009f6        0     1                 
        802009fc         802009fc        0     1                 
        802009fe         802009fe        0     1                 
        80200a00         80200a00        0     1                 
        80200a04         80200a04        0     1                 
        80200a04         80200a04        0     1                 
        80200a08         80200a08        0     1                 
        80200a14         80200a14        0     1                 
        80200a14         80200a14        0     1                 
        80200a16         80200a16        0     1                 
        80200a18         80200a18        0     1                 
        80200a22         80200a22        0     1                 
        80200a22         80200a22        0     1                 
        80200a22         80200a22        0     1                 
        80200a22         80200a22        0     1                 
        80200a22         80200a22        0     1                 
        80200a22         80200a22        0     1                 
        80200a22         80200a22      182     1                 virtio_blk_init
        80200a30         80200a30        0     1                 
        80200a30         80200a30        0     1                 
        80200a3a         80200a3a        0     1                 
        80200a3e         80200a3e        0     1                 
        80200a3e         80200a3e        0     1                 
        80200a42         80200a42        0     1                 
        80200a46         80200a46        0     1                 
        80200a4a         80200a4a        0     1                 
        80200a4a         80200a4a        0     1                 
        80200a4e         80200a4e        0     1                 
        80200a52         80200a52        0     1                 
        80200a52         80200a52        0     1                 
        80200a56         80200a56        0     1                 
        80200a56         80200a56        0     1                 
        80200a58         80200a58        0     1                 
        80200a5c         80200a5c        0     1                 
        80200a5c         80200a5c        0     1                 
        80200a5e         80200a5e        0     1                 
        80200a5e         80200a5e        0     1                 
        80200a60         80200a60        0     1                 
        80200a64         80200a64        0     1                 
        80200a64         80200a64        0     1                 
        80200a66         80200a66        0     1                 
        80200a66         80200a66        0     1                 
        80200a68         80200a68        0     1                 
        80200a6c         80200a6c        0     1                 
        80200a6c         80200a6c        0     1                 
        80200a6e         80200a6e        0     1                 
        80200a6e         80200a6e        0     1                 .Lpcrel_hi51
        80200a6e         80200a6e        0     1                 
        80200a76         80200a76        0     1                 
        80200a76         80200a76        0     1                 
        80200a78         80200a78        0     1                 
        80200a7a         80200a7a        0     1                 .Lpcrel_hi52
        80200a7a         80200a7a        0     1                 
        80200a82         80200a82        0     1                 
        80200a86         80200a86        0     1                 
        80200a8a         80200a8a        0     1                 .Lpcrel_hi53
        80200a8a         80200a8a        0     1                 
        80200a92         80200a92        0     1                 .Lpcrel_hi54
        80200aa6         80200aa6        0     1                 
        80200aa8         80200aa8        0     1                 
        80200aa8         80200aa8        0     1                 .Lpcrel_hi45
        80200aa8         80200aa8        0     1                 
        80200ab0         80200ab0        0     1                 .Lpcrel_hi46
        80200ac4         80200ac4        0     1                 
        80200ac6         80200ac6        0     1                 .Lpcrel_hi47
        80200ac6         80200ac6        0     1                 
        80200ace         80200ace        0     1                 .Lpcrel_hi48
        80200ae2         80200ae2        0     1                 
        80200ae4         80200ae4        0     1                 .Lpcrel_hi49
        80200ae4         80200ae4        0     1                 
        80200aec         80200aec        0     1                 .Lpcrel_hi50
        80200b00         80200b00        0     1                 
        80200b02         80200b02        0     1                 
        80200b02         80200b02        0     1                 
        80200b10         80200b10        0     1                 
        80200b10         80200b10        0     1                 
        80200b12         80200b12        0     1                 
        80200b16         80200b16        0     1                 
        80200b1e         80200b1e        0     1                 
        80200b20         80200b20        0     1                 
        80200b26         80200b26        0     1                 
        80200b26         80200b26        0     1                 
        80200b2c         80200b2c        0     1                 
        80200b2c         80200b2c        0     1                 
        80200b2e         80200b2e        0     1                 
        80200b2e         80200b2e        0     1                 
        80200b32         80200b32        0     1                 
        80200b32         80200b32        0     1                 
        80200b34         80200b34        0     1                 
        80200b34         80200b34        0     1                 .Lpcrel_hi55
        80200b34         80200b34        0     1                 
        80200b3e         80200b3e        0     1                 
        80200b3e         80200b3e        0     1                 
        80200b40         80200b40        0     1                 
        80200b40         80200b40        0     1                 
        80200b44         80200b44        0     1                 
        80200b44         80200b44        0     1                 
        80200b48         80200b48        0     1                 
        80200b48         80200b48        0     1                 
        80200b4a         80200b4a        0     1                 .Lpcrel_hi56
        80200b4a         80200b4a        0     1                 
        80200b52         80200b52        0     1                 
        80200b52         80200b52        0     1                 
        80200b58         80200b58        0     1                 
        80200b5c         80200b5c        0     1                 
        80200b5c         80200b5c        0     1                 .Lpcrel_hi57
        80200b5c         80200b5c        0     1                 
        80200b64         80200b64        0     1                 .Lpcrel_hi58
        80200b78         80200b78        0     1                 
        80200b7a         80200b7a        0     1                 
        80200b88         80200b88        0     1                 
        80200b88         80200b88        0     1                 .Lpcrel_hi59
        80200b88         80200b88        0     1                 
        80200b90         80200b90        0     1                 .Lpcrel_hi60
        80200b90         80200b90        0     1                 
        80200b9c         80200b9c        0     1                 
        80200b9c         80200b9c        0     1                 
        80200ba0         80200ba0        0     1                 
        80200ba4         80200ba4        0     1                 
        80200ba4         80200ba4        0     1                 
        80200ba4         80200ba4        0     1                 
        80200ba4         80200ba4        0     1                 
        80200ba4         80200ba4        0     1                 
        80200ba4         80200ba4       52     1                 fs_lookup
        80200bae         80200bae        0     1                 
        80200bae         80200bae        0     1                 .Lpcrel_hi61
        80200bae         80200bae        0     1                 
        80200bb6         80200bb6        0     1                 
        80200bc4         80200bc4        0     1                 
        80200bc4         80200bc4        0     1                 
        80200bc6         80200bc6        0     1                 
        80200bc6         80200bc6        0     1                 .Lpcrel_hi62
        80200bc6         80200bc6        0     1                 
        80200bce         80200bce        0     1                 
        80200bdc         80200bdc        0     1                 
        80200be0         80200be0        0     1                 
        80200be4         80200be4        0     1                 
        80200be4         80200be4        0     1                 
        80200bea         80200bea        0     1                 
        80200bea         80200bea        0     1                 
        80200bf0         80200bf0        0     1                 
        80200bf0         80200bf0        0     1                 
        80200bf2         80200bf2        0     1                 
        80200bf6         80200bf6        0     1                 
        80200bf6         80200bf6        0     1                 
        80200bf6         80200bf6        0     1                 
        80200bf6         80200bf6        0     1                 
        80200bf6         80200bf6        0     1                 
        80200bf6         80200bf6      320     1                 fs_flush
        80200c10         80200c10        0     1                 .Lpcrel_hi63
        80200c10         80200c10        0     1                 
        80200c28         80200c28        0     1                 
        80200c28         80200c28        0     1                 
        80200c2e         80200c2e        0     1                 
        80200c32         80200c32        0     1                 .Lpcrel_hi64
        80200c3a         80200c3a        0     1                 .Lpcrel_hi65
        80200c42         80200c42        0     1                 .Lpcrel_hi66
        80200c4a         80200c4a        0     1                 .Lpcrel_hi67
        80200c58         80200c58        0     1                 
        80200c58         80200c58        0     1                 
        80200c5e         80200c5e        0     1                 
        80200c5e         80200c5e        0     1                 
        80200c60         80200c60        0     1                 
        80200c64         80200c64        0     1                 
        80200c64         80200c64        0     1                 
        80200c6a         80200c6a        0     1                 
        80200c6a         80200c6a        0     1                 
        80200c6e         80200c6e        0     1                 
        80200c6e         80200c6e        0     1                 
        80200c70         80200c70        0     1                 
        80200c7a         80200c7a        0     1                 
        80200c7a         80200c7a        0     1                 
        80200c8a         80200c8a        0     1                 
        80200c8a         80200c8a        0     1                 
        80200c8e         80200c8e        0     1                 
        80200c98         80200c98        0     1                 
        80200c98         80200c98        0     1                 
        80200c9c         80200c9c        0     1                 
        80200ca6         80200ca6        0     1                 
        80200ca6         80200ca6        0     1                 
        80200caa         80200caa        0     1                 
        80200cb4         80200cb4        0     1                 
        80200cb4         80200cb4        0     1                 
        80200cb8         80200cb8        0     1                 
        80200cc2         80200cc2        0     1                 
        80200cc2         80200cc2        0     1                 
        80200cc6         80200cc6        0     1                 
        80200cc6         80200cc6        0     1                 
        80200cca         80200cca        0     1                 
        80200cca         80200cca        0     1                 
        80200cd8         80200cd8        0     1                 
        80200cd8         80200cd8        0     1                 
        80200ce0         80200ce0        0     1                 
        80200ce4         80200ce4        0     1                 
        80200ce8         80200ce8        0     1                 
        80200ce8         80200ce8        0     1                 
        80200cf4         80200cf4        0     1                 
        80200cf4         80200cf4        0     1                 
        80200cf8         80200cf8        0     1                 
        80200cfc         80200cfc        0     1                 
        80200d06         80200d06        0     1                 
        80200d06         80200d06        0     1                 
        80200d12         80200d12        0     1                 
        80200d12         80200d12        0     1                 
        80200d16         80200d16        0     1                 
        80200d1a         80200d1a        0     1                 
        80200d24         80200d24        0     1                 
        80200d24         80200d24        0     1                 
        80200d30         80200d30        0     1                 
        80200d30         80200d30        0     1                 
        80200d34         80200d34        0     1                 
        80200d38         80200d38        0     1                 
        80200d42         80200d42        0     1                 
        80200d42         80200d42        0     1                 
        80200d4e         80200d4e        0     1                 
        80200d4e         80200d4e        0     1                 
        80200d52         80200d52        0     1                 
        80200d56         80200d56        0     1                 
        80200d60         80200d60        0     1                 
        80200d60         80200d60        0     1                 
        80200d6c         80200d6c        0     1                 
        80200d6c         80200d6c        0     1                 
        80200d70         80200d70        0     1                 
        80200d74         80200d74        0     1                 
        80200d7e         80200d7e        0     1                 
        80200d7e         80200d7e        0     1                 
        80200d8c         80200d8c        0     1                 
        80200d8c         80200d8c        0     1                 
        80200d90         80200d90        0     1                 
        80200d94         80200d94        0     1                 
        80200d9e         80200d9e        0     1                 
        80200d9e         80200d9e        0     1                 
        80200dac         80200dac        0     1                 
        80200dac         80200dac        0     1                 
        80200db0         80200db0        0     1                 
        80200db4         80200db4        0     1                 
        80200dbe         80200dbe        0     1                 
        80200dbe         80200dbe        0     1                 
        80200dce         80200dce        0     1                 
        80200dce         80200dce        0     1                 
        80200dd2         80200dd2        0     1                 
        80200dd6         80200dd6        0     1                 
        80200de0         80200de0        0     1                 
        80200de0         80200de0        0     1                 
        80200dee         80200dee        0     1                 
        80200dee         80200dee        0     1                 
        80200df2         80200df2        0     1                 
        80200df6         80200df6        0     1                 
        80200e00         80200e00        0     1                 
        80200e00         80200e00        0     1                 
        80200e04         80200e04        0     1                 
        80200e04         80200e04        0     1                 
        80200e08         80200e08        0     1                 
        80200e0c         80200e0c        0     1                 
        80200e0c         80200e0c        0     1                 
        80200e16         80200e16        0     1                 
        80200e16         80200e16        0     1                 
        80200e22         80200e22        0     1                 
        80200e24         80200e24        0     1                 
        80200e24         80200e24        0     1                 
        80200e26         80200e26        0     1                 
        80200e26         80200e26        0     1                 
        80200e2a         80200e2a        0     1                 
        80200e2a         80200e2a        0     1                 
        80200e32         80200e32        0     1                 
        80200e36         80200e36        0     1                 
        80200e36         80200e36        0     1                 
        80200e40         80200e40        0     1                 
        80200e44         80200e44        0     1                 
        80200e44         80200e44        0     1                 
        80200e4e         80200e4e        0     1                 
        80200e52         80200e52        0     1                 
        80200e52         80200e52        0     1                 
        80200e5c         80200e5c        0     1                 
        80200e60         80200e60        0     1                 
        80200e60         80200e60        0     1                 
        80200e6a         80200e6a        0     1                 
        80200e6e         80200e6e        0     1                 
        80200e6e         80200e6e        0     1                 
        80200e76         80200e76        0     1                 
        80200e7a         80200e7a        0     1                 
        80200e7a         80200e7a        0     1                 
        80200e7e         80200e7e        0     1                 
        80200e82         80200e82        0     1                 
        80200e8a         80200e8a        0     1                 
        80200e8a         80200e8a        0     1                 
        80200e8e         80200e8e        0     1                 
        80200e98         80200e98        0     1                 
        80200e9a         80200e9a        0     1                 
        80200e9a         80200e9a        0     1                 
        80200ea6         80200ea6        0     1                 
        80200eb6         80200eb6        0     1                 
        80200ec6         80200ec6        0     1                 
        80200ed6         80200ed6        0     1                 
        80200ee8         80200ee8        0     1                 
        80200ee8         80200ee8        0     1                 .Lpcrel_hi68
        80200ee8         80200ee8        0     1                 
        80200f02         80200f02        0     1                 
        80200f02         80200f02        0     1                 
        80200f0c         80200f0c        0     1                 
        80200f16         80200f16        0     1                 
        80200f16         80200f16        0     1                 
        80200f16         80200f16        0     1                 
        80200f16         80200f16        0     1                 
        80200f16         80200f16        0     1                 
        80200f16         80200f16        0     1                 
        80200f16         80200f16      852     1                 handle_trap
        80200f30         80200f30        0     1                 
        80200f30         80200f30        0     1                 
        80200f34         80200f34        0     1                 
        80200f34         80200f34        0     1                 
        80200f38         80200f38        0     1                 
        80200f38         80200f38        0     1                 
        80200f3e         80200f3e        0     1                 
        80200f42         80200f42        0     1                 
        80200f44         80200f44        0     1                 
        80200f46         80200f46        0     1                 
        80200f4a         80200f4a        0     1                 
        80200f4a         80200f4a        0     1                 
        80200f76         80200f76        0     1                 
        80200f88         80200f88        0     1                 
        80200f88         80200f88        0     1                 
        80200f96         80200f96        0     1                 
        80200f96         80200f96        0     1                 
        80200fd4         80200fd4        0     1                 
        80201012         80201012        0     1                 
        80201048         80201048        0     1                 
        80201048         80201048        0     1                 
        8020104a         8020104a        0     1                 .Lpcrel_hi71
        80201056         80201056        0     1                 
        80201056         80201056        0     1                 
        8020105e         8020105e        0     1                 
        8020105e         8020105e        0     1                 .Lpcrel_hi72
        80201068         80201068        0     1                 
        80201068         80201068        0     1                 
        8020106a         8020106a        0     1                 
        8020106a         8020106a        0     1                 .LBB25_4
        8020106a         8020106a        0     1                 
        80201072         80201072        0     1                 
        80201074         80201074        0     1                 
        80201074         80201074        0     1                 .LBB25_5
        80201074         80201074        0     1                 
        8020108a         8020108a        0     1                 
        8020108a         8020108a        0     1                 
        80201092         80201092        0     1                 
        80201092         80201092        0     1                 
        80201098         80201098        0     1                 
        80201098         80201098        0     1                 
        8020109a         8020109a        0     1                 
        8020109a         8020109a        0     1                 
        8020109e         8020109e        0     1                 
        802010a0         802010a0        0     1                 
        802010a4         802010a4        0     1                 
        802010a6         802010a6        0     1                 
        802010aa         802010aa        0     1                 
        802010aa         802010aa        0     1                 
        802010ae         802010ae        0     1                 
        802010ae         802010ae        0     1                 
        802010b6         802010b6        0     1                 
        802010b8         802010b8        0     1                 
        802010b8         802010b8        0     1                 
        802010bc         802010bc        0     1                 
        802010bc         802010bc        0     1                 
        802010c0         802010c0        0     1                 
        802010c2         802010c2        0     1                 
        802010cc         802010cc        0     1                 
        802010cc         802010cc        0     1                 
        802010d6         802010d6        0     1                 
        802010e4         802010e4        0     1                 
        802010ee         802010ee        0     1                 
        802010ee         802010ee        0     1                 .Lpcrel_hi85
        802010ee         802010ee        0     1                 
        802010f6         802010f6        0     1                 .Lpcrel_hi86
        80201106         80201106        0     1                 
        8020110e         8020110e        0     1                 
        80201110         80201110        0     1                 
        80201110         80201110        0     1                 .Lpcrel_hi69
        80201110         80201110        0     1                 
        80201118         80201118        0     1                 .Lpcrel_hi70
        8020112c         8020112c        0     1                 
        8020112e         8020112e        0     1                 
        8020112e         8020112e        0     1                 .LBB25_14
        8020112e         8020112e        0     1                 
        80201130         80201130        0     1                 
        80201130         80201130        0     1                 
        80201134         80201134        0     1                 
        80201138         80201138        0     1                 
        8020113c         8020113c        0     1                 
        80201142         80201142        0     1                 
        80201142         80201142        0     1                 
        8020114c         8020114c        0     1                 
        8020114c         8020114c        0     1                 
        8020114e         8020114e        0     1                 
        8020114e         8020114e        0     1                 
        80201188         80201188        0     1                 
        80201190         80201190        0     1                 
        80201190         80201190        0     1                 
        802011d0         802011d0        0     1                 
        802011d0         802011d0        0     1                 .LBB25_18
        802011d0         802011d0        0     1                 
        802011d4         802011d4        0     1                 
        802011d8         802011d8        0     1                 
        802011e2         802011e2        0     1                 
        802011e6         802011e6        0     1                 
        802011ea         802011ea        0     1                 
        802011ea         802011ea        0     1                 
        802011ec         802011ec        0     1                 
        802011f0         802011f0        0     1                 
        802011f0         802011f0        0     1                 
        802011f6         802011f6        0     1                 
        802011f6         802011f6        0     1                 .LBB25_22
        802011f6         802011f6        0     1                 .Lpcrel_hi75
        802011f6         802011f6        0     1                 
        80201200         80201200        0     1                 
        80201200         80201200        0     1                 
        80201204         80201204        0     1                 
        80201204         80201204        0     1                 
        80201208         80201208        0     1                 
        80201208         80201208        0     1                 .Lpcrel_hi76
        80201208         80201208        0     1                 
        8020121a         8020121a        0     1                 
        8020121a         8020121a        0     1                 
        8020121e         8020121e        0     1                 
        8020121e         8020121e        0     1                 
        80201224         80201224        0     1                 
        80201228         80201228        0     1                 
        80201228         80201228        0     1                 
        8020122c         8020122c        0     1                 
        8020122c         8020122c        0     1                 
        80201232         80201232        0     1                 
        80201236         80201236        0     1                 
        80201236         80201236        0     1                 
        8020123a         8020123a        0     1                 
        8020123a         8020123a        0     1                 
        80201240         80201240        0     1                 
        80201244         80201244        0     1                 
        80201244         80201244        0     1                 
        80201248         80201248        0     1                 
        80201248         80201248        0     1                 
        8020124e         8020124e        0     1                 
        80201252         80201252        0     1                 
        80201252         80201252        0     1                 
        80201256         80201256        0     1                 
        80201256         80201256        0     1                 
        8020125c         8020125c        0     1                 
        80201260         80201260        0     1                 
        80201260         80201260        0     1                 
        80201264         80201264        0     1                 
        80201264         80201264        0     1                 
        8020126a         8020126a        0     1                 
        8020126e         8020126e        0     1                 
        80201274         80201274        0     1                 
        80201274         80201274        0     1                 
        80201278         80201278        0     1                 
        80201278         80201278        0     1                 
        80201282         80201282        0     1                 
        80201282         80201282        0     1                 
        80201288         80201288        0     1                 
        80201288         80201288        0     1                 
        80201290         80201290        0     1                 
        80201290         80201290        0     1                 
        80201292         80201292        0     1                 
        8020129c         8020129c        0     1                 
        802012a0         802012a0        0     1                 
        802012a0         802012a0        0     1                 
        802012a2         802012a2        0     1                 
        802012a8         802012a8        0     1                 
        802012aa         802012aa        0     1                 
        802012b0         802012b0        0     1                 
        802012b4         802012b4        0     1                 
        802012b4         802012b4        0     1                 
        802012b8         802012b8        0     1                 
        802012ba         802012ba        0     1                 
        802012be         802012be        0     1                 
        802012c0         802012c0        0     1                 
        802012c2         802012c2        0     1                 
        802012d2         802012d2        0     1                 
        802012d4         802012d4        0     1                 
        802012d4         802012d4        0     1                 
        802012d6         802012d6        0     1                 
        802012d6         802012d6        0     1                 
        802012da         802012da        0     1                 
        802012da         802012da        0     1                 
        802012de         802012de        0     1                 
        802012e0         802012e0        0     1                 
        802012e4         802012e4        0     1                 
        802012e6         802012e6        0     1                 
        802012ec         802012ec        0     1                 
        802012f0         802012f0        0     1                 
        802012f0         802012f0        0     1                 
        802012f4         802012f4        0     1                 .LBB25_40
        802012f4         802012f4        0     1                 
        802012fa         802012fa        0     1                 
        802012fc         802012fc        0     1                 
        80201304         80201304        0     1                 
        80201304         80201304        0     1                 
        80201342         80201342        0     1                 
        80201380         80201380        0     1                 
        802013be         802013be        0     1                 
        802013be         802013be        0     1                 .LBB25_41
        802013be         802013be        0     1                 .Lpcrel_hi73
        802013be         802013be        0     1                 
        802013c6         802013c6        0     1                 
        802013d4         802013d4        0     1                 
        802013d4         802013d4        0     1                 
        802013d6         802013d6        0     1                 
        802013d6         802013d6        0     1                 .Lpcrel_hi74
        802013d6         802013d6        0     1                 
        802013de         802013de        0     1                 
        802013ec         802013ec        0     1                 
        802013ec         802013ec        0     1                 
        802013ee         802013ee        0     1                 
        802013f2         802013f2        0     1                 
        802013f6         802013f6        0     1                 
        802013f6         802013f6        0     1                 
        80201434         80201434        0     1                 
        80201438         80201438        0     1                 
        80201440         80201440        0     1                 
        80201444         80201444        0     1                 
[...]
        8020212c         8020212c        0     1                 $d.4
        8020212c         8020212c    10d40     1                 monitor_bin
        80212e6c         80212e6c    10d40     1         monitor.bin.o:(.data)
        80212e6c         80212e6c        0     1                 _binary_monitor_bin_start
        80223bac         80223bac        0     1                 _binary_monitor_bin_end
        80223bac         80223bac    30e20     1         shell.bin.o:(.data)
        80223bac         80223bac        0     1                 _binary_shell_bin_start
        802549cc         802549cc        0     1                 _binary_shell_bin_end
        802549d0         802549d0       1c     8 .sdata
        802549d0         802549d0       1c     8         /tmp/kernel-8cd0ce.o:(.sdata)
        802549d0         802549d0        0     1                 .LCPI14_0
        802549d0         802549d0        0     1                 $d.1
        802549d8         802549d8        4     1                 monitor_bin_len
        802549e0         802549e0        8     1                 alloc_pages.next_paddr
        802549e8         802549e8        4     1                 monitor_pid
        802549f0         802549f0    11c60     8 .bss
        802549f0         802549f0        0     1         __bss = .
        802549f0         802549f0    11c20     8         /tmp/kernel-8cd0ce.o:(.bss)
        802549f0         802549f0        0     1                 $d.6
        802549f0         802549f0    10940     1                 procs
        80265330         80265330      8e0     1                 files
        80265c10         80265c10      a00     1                 disk
        80266610         80266610       40     8         /tmp/kernel-8cd0ce.o:(.sbss)
        80266610         80266610        0     1                 $d.7
        80266610         80266610        8     1                 current_proc
        80266618         80266618        4     1                 blk_capacity
        80266620         80266620        8     1                 blk_req
        80266628         80266628        8     1                 blk_request_vq
        80266630         80266630        8     1                 blk_req_paddr
        80266638         80266638        8     1                 idle_proc
        80266640         80266640        8     1                 proc_a
        80266648         80266648        8     1                 proc_b
        80266650         80266650        0     1         __bss_end = .
        80266650         80266650        0     1 . = ALIGN ( 16 )
        80266650         80266650    20000     1 . += 128 * 1024
        80286650         80286650        0     1 __stack_top = .
        80286650         80286650      9b0     1 . = ALIGN ( 4096 )
        80287000         80287000        0     1 __free_ram = .
        80287000         80287000  4000000     1 . += 64 * 1024 * 1024
        84287000         84287000        0     1 __free_ram_end = .
               0                0     3954     1 .debug_loc
               0                0     3495     1         /tmp/kernel-8cd0ce.o:(.debug_loc)
               0                0        0     1                 
               0                0        0     1                 $d.8
              33               33        0     1                 
              66               66        0     1                 
              99               99        0     1                 
              ce               ce        0     1                 
             116              116        0     1                 
             14b              14b        0     1                 
             180              180        0     1                 
             1b3              1b3        0     1                 
             1e6              1e6        0     1                 
             23f              23f        0     1                 
             285              285        0     1                 
             304              304        0     1                 
             383              383        0     1                 
             3be              3be        0     1                 
             3f1              3f1        0     1                 
             424              424        0     1                 
             457              457        0     1                 
             48a              48a        0     1                 
             4bd              4bd        0     1                 
             4f0              4f0        0     1                 
             523              523        0     1                 
             556              556        0     1                 
             589              589        0     1                 
             5bc              5bc        0     1                 
             5ef              5ef        0     1                 
             622              622        0     1                 
             655              655        0     1                 
             688              688        0     1                 
             6cf              6cf        0     1                 
             728              728        0     1                 
             8ad              8ad        0     1                 
             907              907        0     1                 
             a4e              a4e        0     1                 
             a81              a81        0     1                 
             ab5              ab5        0     1                 
             afb              afb        0     1                 
             b2e              b2e        0     1                 
             b88              b88        0     1                 
             bce              bce        0     1                 
             c1e              c1e        0     1                 
             c51              c51        0     1                 
             c99              c99        0     1                 
             cdf              cdf        0     1                 
             d92              d92        0     1                 
             dda              dda        0     1                 
             e0d              e0d        0     1                 
             e40              e40        0     1                 
             e73              e73        0     1                 
             ea6              ea6        0     1                 
             f05              f05        0     1                 
             f3b              f3b        0     1                 
             f70              f70        0     1                 
             fcf              fcf        0     1                 
            1005             1005        0     1                 
            103a             103a        0     1                 
            1099             1099        0     1                 
            10df             10df        0     1                 
            1112             1112        0     1                 
            1146             1146        0     1                 
            1179             1179        0     1                 
            11ac             11ac        0     1                 
            11df             11df        0     1                 
            1212             1212        0     1                 
            1245             1245        0     1                 
            12d7             12d7        0     1                 
            131d             131d        0     1                 
            13af             13af        0     1                 
            13e2             13e2        0     1                 
            1415             1415        0     1                 
            144a             144a        0     1                 
            1492             1492        0     1                 
            14da             14da        0     1                 
            1520             1520        0     1                 
            1553             1553        0     1                 
            1586             1586        0     1                 
            15b9             15b9        0     1                 
            15ed             15ed        0     1                 
            1633             1633        0     1                 
            16ab             16ab        0     1                 
            16f1             16f1        0     1                 
            1739             1739        0     1                 
            1780             1780        0     1                 
            17b3             17b3        0     1                 
            17e6             17e6        0     1                 
            1903             1903        0     1                 
            1a34             1a34        0     1                 
            1a7e             1a7e        0     1                 
            1ad1             1ad1        0     1                 
            1b84             1b84        0     1                 
            1c1c             1c1c        0     1                 
            1c9b             1c9b        0     1                 
            1d07             1d07        0     1                 
            1d4d             1d4d        0     1                 
            1d93             1d93        0     1                 
            1e72             1e72        0     1                 
            1eba             1eba        0     1                 
            1eef             1eef        0     1                 
            1f22             1f22        0     1                 
            1f68             1f68        0     1                 
            1f9b             1f9b        0     1                 
            1fce             1fce        0     1                 
            2001             2001        0     1                 
            2034             2034        0     1                 
            2067             2067        0     1                 
            209a             209a        0     1                 
            20cd             20cd        0     1                 
            2100             2100        0     1                 
            2146             2146        0     1                 
            218c             218c        0     1                 
            21f8             21f8        0     1                 
            2275             2275        0     1                 
            23de             23de        0     1                 
            2413             2413        0     1                 
            2446             2446        0     1                 
            2479             2479        0     1                 
            24e1             24e1        0     1                 
            2514             2514        0     1                 
            2547             2547        0     1                 
            258d             258d        0     1                 
            25d7             25d7        0     1                 
            264f             264f        0     1                 
            2682             2682        0     1                 
            26c8             26c8        0     1                 
            26fd             26fd        0     1                 
            2730             2730        0     1                 
            2763             2763        0     1                 
            28cc             28cc        0     1                 
            28ff             28ff        0     1                 
            2932             2932        0     1                 
            2a5a             2a5a        0     1                 
            2a8d             2a8d        0     1                 
            2ac2             2ac2        0     1                 
            2b36             2b36        0     1                 
            2c9f             2c9f        0     1                 
            2cd2             2cd2        0     1                 
            2d07             2d07        0     1                 
            2d3c             2d3c        0     1                 
            2d6f             2d6f        0     1                 
            2da2             2da2        0     1                 
            2e0a             2e0a        0     1                 
            2e3d             2e3d        0     1                 
            2e70             2e70        0     1                 
            2ea3             2ea3        0     1                 
            2efe             2efe        0     1                 
            2f33             2f33        0     1                 
            2fcb             2fcb        0     1                 
            3013             3013        0     1                 
            3144             3144        0     1                 
            319d             319d        0     1                 
            320b             320b        0     1                 
            32c5             32c5        0     1                 
            32f8             32f8        0     1                 
            332b             332b        0     1                 
            335e             335e        0     1                 
            3396             3396        0     1                 
            33c9             33c9        0     1                 
            33fc             33fc        0     1                 
            342f             342f        0     1                 
            3462             3462        0     1                 
            3495             3495      4bf     1         /tmp/common-d8f3ba.o:(.debug_loc)
            3495             3495        0     1                 
            3495             3495        0     1                 $d.2
            34f1             34f1        0     1                 
            3516             3516        0     1                 
            3539             3539        0     1                 
            3595             3595        0     1                 
            35ba             35ba        0     1                 
            35f0             35f0        0     1                 
            3639             3639        0     1                 
            3697             3697        0     1                 
            36ba             36ba        0     1                 
            36f0             36f0        0     1                 
            3726             3726        0     1                 
            3784             3784        0     1                 
            3851             3851        0     1                 
            3874             3874        0     1                 
            3909             3909        0     1                 
               0                0      4bc     1 .debug_abbrev
               0                0      387     1         /tmp/kernel-8cd0ce.o:(.debug_abbrev)
               0                0        0     1                 $d.9
             387              387      135     1         /tmp/common-d8f3ba.o:(.debug_abbrev)
             387              387        0     1                 $d.3
               0                0     2da7     1 .debug_info
               0                0     2a15     1         /tmp/kernel-8cd0ce.o:(.debug_info)
               0                0        0     1                 $d.10
            2a15             2a15      392     1         /tmp/common-d8f3ba.o:(.debug_info)
            2a15             2a15        0     1                 $d.4
               0                0      5e0     1 .debug_ranges
               0                0      5b0     1         /tmp/kernel-8cd0ce.o:(.debug_ranges)
               0                0        0     1                 
               0                0        0     1                 $d.11
              30               30        0     1                 
              60               60        0     1                 
              a0               a0        0     1                 
              d0               d0        0     1                 
             100              100        0     1                 
             130              130        0     1                 
             160              160        0     1                 
             190              190        0     1                 
             1c0              1c0        0     1                 
             210              210        0     1                 
             240              240        0     1                 
             270              270        0     1                 
             2a0              2a0        0     1                 
             2f0              2f0        0     1                 
             320              320        0     1                 
             350              350        0     1                 
             380              380        0     1                 
             3b0              3b0        0     1                 
             3e0              3e0        0     1                 
             410              410        0     1                 
             440              440        0     1                 
             470              470        0     1                 
             4a0              4a0        0     1                 
             4d0              4d0        0     1                 
             500              500        0     1                 
             530              530        0     1                 
             580              580        0     1                 
             5b0              5b0       30     1         /tmp/common-d8f3ba.o:(.debug_ranges)
             5b0              5b0        0     1                 
             5b0              5b0        0     1                 $d.5
               0                0      79b     1 .debug_str
               0                0      79b     1         <internal>:(.debug_str)
               0                0       80     1 .comment
               0                0       80     1         <internal>:(.comment)
               0                0       2b     1 .riscv.attributes
               0                0       2b     1         <internal>:(.riscv.attributes)
               0                0      490     8 .debug_frame
               0                0      3e0     8         /tmp/kernel-8cd0ce.o:(.debug_frame)
               0                0        0     1                 
               0                0        0     1                 $d.15
             3e0              3e0       b0     8         /tmp/common-d8f3ba.o:(.debug_frame)
             3e0              3e0        0     1                 
             3e0              3e0        0     1                 $d.9
               0                0     2155     1 .debug_line
               0                0     1d9a     1         /tmp/kernel-8cd0ce.o:(.debug_line)
               0                0        0     1                 .Lline_table_start0
               0                0        0     1                 $d.16
            1d9a             1d9a      3bb     1         /tmp/common-d8f3ba.o:(.debug_line)
            1d9a             1d9a        0     1                 .Lline_table_start0
            1d9a             1d9a        0     1                 $d.10
               0                0     d3f8     8 .symtab
               0                0     d3f8     8         <internal>:(.symtab)
               0                0       ad     1 .shstrtab
               0                0       ad     1         <internal>:(.shstrtab)
               0                0      3ab     1 .strtab
               0                0      3ab     1         <internal>:(.strtab)
