             VMA              LMA     Size Align Out     In      Symbol
               0                0 80200000     1 . = 0x80200000
        80200000                0        0     1 __kernel_base = .
        80200000         80200000     190a     4 .text
        80200000         80200000        e     2         /tmp/kernel-e9a7d5.o:(.text.boot)
        80200000         80200000        0     1                 
        80200000         80200000        0     1                 
        80200000         80200000        0     1                 .Lpcrel_hi95
        80200000         80200000        0     1                 $x.1
        80200000         80200000        0     1                 
        80200000         80200000        e     1                 boot
        8020000e         8020000e        0     1                 
        8020000e         8020000e        0     1                 
        80200010         80200010     167a     4         /tmp/kernel-e9a7d5.o:(.text)
        80200010         80200010        0     1                 
        80200010         80200010        0     1                 
        80200010         80200010        0     1                 $x.0
        80200010         80200010        0     1                 
        80200010         80200010        6     1                 sbi_call
        80200014         80200014        0     1                 
        80200016         80200016        0     1                 
        80200016         80200016        0     1                 
        80200016         80200016        0     1                 
        80200016         80200016       14     1                 putchar
        80200028         80200028        0     1                 
        8020002a         8020002a        0     1                 
        8020002a         8020002a        0     1                 
        8020002a         8020002a        0     1                 
        8020002a         8020002a       16     1                 getchar
        8020003e         8020003e        0     1                 
        80200040         80200040        0     1                 
        80200040         80200040        0     1                 
        80200040         80200040        0     1                 
        80200040         80200040       9c     1                 kernel_entry
        802000dc         802000dc        0     1                 
        802000dc         802000dc        0     1                 
        802000dc         802000dc        0     1                 
        802000dc         802000dc       22     1                 myfunc
        802000e0         802000e0        0     1                 .Lpcrel_hi0
        802000e0         802000e0        0     1                 
        802000e8         802000e8        0     1                 .Lpcrel_hi1
        802000fc         802000fc        0     1                 
        802000fe         802000fe        0     1                 
        802000fe         802000fe        0     1                 
        802000fe         802000fe        0     1                 
        802000fe         802000fe        0     1                 
        802000fe         802000fe        0     1                 
        802000fe         802000fe       46     1                 switch_context
        80200144         80200144        0     1                 
        80200144         80200144        0     1                 
        80200144         80200144        0     1                 
        80200144         80200144       5a     1                 alloc_pages
        8020014a         8020014a        0     1                 .Lpcrel_hi2
        8020014a         8020014a        0     1                 
        80200152         80200152        0     1                 
        80200152         80200152        0     1                 
        80200156         80200156        0     1                 
        8020015a         8020015a        0     1                 
        8020015a         8020015a        0     1                 .Lpcrel_hi3
        8020015a         8020015a        0     1                 
        80200162         80200162        0     1                 
        80200166         80200166        0     1                 
        8020016a         8020016a        0     1                 .Lpcrel_hi4
        8020016a         8020016a        0     1                 
        80200172         80200172        0     1                 .Lpcrel_hi5
        80200186         80200186        0     1                 
        80200188         80200188        0     1                 
        80200194         80200194        0     1                 
        80200194         80200194        0     1                 
        8020019a         8020019a        0     1                 
        8020019a         8020019a        0     1                 
        8020019e         8020019e        0     1                 
        8020019e         8020019e        0     1                 
        8020019e         8020019e        0     1                 
        8020019e         8020019e        0     1                 
        8020019e         8020019e        0     1                 
        8020019e         8020019e      164     1                 map_page
        802001ae         802001ae        0     1                 
        802001ae         802001ae        0     1                 
        802001b0         802001b0        0     1                 
        802001b2         802001b2        0     1                 .Lpcrel_hi6
        802001b2         802001b2        0     1                 
        802001b6         802001b6        0     1                 
        802001ba         802001ba        0     1                 .Lpcrel_hi7
        802001c6         802001c6        0     1                 
        802001c8         802001c8        0     1                 
        802001d0         802001d0        0     1                 
        802001d2         802001d2        0     1                 
        802001d2         802001d2        0     1                 
        802001d6         802001d6        0     1                 
        802001d8         802001d8        0     1                 
        802001da         802001da        0     1                 .Lpcrel_hi8
        802001da         802001da        0     1                 
        802001de         802001de        0     1                 
        802001e2         802001e2        0     1                 .Lpcrel_hi9
        802001ec         802001ec        0     1                 
        802001f0         802001f0        0     1                 
        802001f8         802001f8        0     1                 
        802001fa         802001fa        0     1                 
        802001fa         802001fa        0     1                 
        80200200         80200200        0     1                 
        80200200         80200200        0     1                 
        80200202         80200202        0     1                 
        80200208         80200208        0     1                 
        80200208         80200208        0     1                 
        8020020c         8020020c        0     1                 
        8020020e         8020020e        0     1                 
        8020020e         8020020e        0     1                 .Lpcrel_hi10
        8020020e         8020020e        0     1                 
        80200216         80200216        0     1                 
        80200216         80200216        0     1                 
        80200218         80200218        0     1                 
        8020021a         8020021a        0     1                 .Lpcrel_hi11
        8020021a         8020021a        0     1                 
        80200222         80200222        0     1                 
        80200226         80200226        0     1                 
        8020022a         8020022a        0     1                 .Lpcrel_hi12
        8020022a         8020022a        0     1                 
        80200232         80200232        0     1                 .Lpcrel_hi13
        8020023e         8020023e        0     1                 
        80200246         80200246        0     1                 
        80200248         80200248        0     1                 
        80200248         80200248        0     1                 
        8020024a         8020024a        0     1                 
        8020024a         8020024a        0     1                 
        80200252         80200252        0     1                 
        8020025a         8020025a        0     1                 
        8020025a         8020025a        0     1                 
        8020025e         8020025e        0     1                 
        8020025e         8020025e        0     1                 
        80200264         80200264        0     1                 
        80200266         80200266        0     1                 
        80200268         80200268        0     1                 
        80200268         80200268        0     1                 
        8020026e         8020026e        0     1                 
        8020026e         8020026e        0     1                 
        80200272         80200272        0     1                 
        80200272         80200272        0     1                 
        80200274         80200274        0     1                 
        8020027a         8020027a        0     1                 
        8020027a         8020027a        0     1                 
        8020027e         8020027e        0     1                 
        80200280         80200280        0     1                 
        80200280         80200280        0     1                 .Lpcrel_hi14
        80200280         80200280        0     1                 
        80200288         80200288        0     1                 
        80200288         80200288        0     1                 
        8020028a         8020028a        0     1                 
        8020028c         8020028c        0     1                 .Lpcrel_hi15
        8020028c         8020028c        0     1                 
        80200294         80200294        0     1                 
        80200298         80200298        0     1                 
        8020029c         8020029c        0     1                 .Lpcrel_hi16
        8020029c         8020029c        0     1                 
        802002a4         802002a4        0     1                 .Lpcrel_hi17
        802002b8         802002b8        0     1                 
        802002ba         802002ba        0     1                 
        802002bc         802002bc        0     1                 
        802002cc         802002cc        0     1                 
        802002cc         802002cc        0     1                 
        802002d0         802002d0        0     1                 
        802002d0         802002d0        0     1                 
        802002d6         802002d6        0     1                 
        802002d8         802002d8        0     1                 
        802002da         802002da        0     1                 
        802002da         802002da        0     1                 
        802002de         802002de        0     1                 
        802002de         802002de        0     1                 
        802002e0         802002e0        0     1                 
        802002e6         802002e6        0     1                 
        802002e8         802002e8        0     1                 
        802002e8         802002e8        0     1                 
        802002ec         802002ec        0     1                 
        802002f0         802002f0        0     1                 
        802002f0         802002f0        0     1                 
        802002fe         802002fe        0     1                 
        80200302         80200302        0     1                 
        80200302         80200302        0     1                 
        80200302         80200302        0     1                 
        80200302         80200302        0     1                 
        80200302         80200302        0     1                 
        80200302         80200302        e     1                 virtio_reg_read32
        80200306         80200306        0     1                 
        80200308         80200308        0     1                 
        80200308         80200308        0     1                 
        8020030c         8020030c        0     1                 
        8020030e         8020030e        0     1                 
        80200310         80200310        0     1                 
        80200310         80200310        0     1                 
        80200310         80200310        0     1                 
        80200310         80200310        e     1                 virtio_reg_read64
        80200314         80200314        0     1                 
        80200316         80200316        0     1                 
        80200316         80200316        0     1                 
        8020031a         8020031a        0     1                 
        8020031c         8020031c        0     1                 
        8020031e         8020031e        0     1                 
        8020031e         8020031e        0     1                 
        8020031e         8020031e        0     1                 
        8020031e         8020031e        e     1                 virtio_reg_write32
        80200322         80200322        0     1                 
        80200324         80200324        0     1                 
        80200324         80200324        0     1                 
        80200328         80200328        0     1                 
        8020032a         8020032a        0     1                 
        8020032c         8020032c        0     1                 
        8020032c         8020032c        0     1                 
        8020032c         8020032c        0     1                 
        8020032c         8020032c       12     1                 virtio_reg_fetch_and_or32
        80200330         80200330        0     1                 
        80200330         80200330        0     1                 
        80200332         80200332        0     1                 
        80200332         80200332        0     1                 
        80200336         80200336        0     1                 
        80200338         80200338        0     1                 
        8020033a         8020033a        0     1                 
        8020033a         8020033a        0     1                 
        8020033c         8020033c        0     1                 
        8020033e         8020033e        0     1                 
        8020033e         8020033e        0     1                 
        8020033e         8020033e        0     1                 
        8020033e         8020033e       1c     1                 user_entry
        8020034a         8020034a        0     1                 
        8020035a         8020035a        0     1                 
        8020035a         8020035a        0     1                 
        8020035a         8020035a        0     1                 
        8020035a         8020035a      23c     1                 create_process
        80200376         80200376        0     1                 .Lpcrel_hi18
        80200376         80200376        0     1                 
        80200384         80200384        0     1                 
        80200384         80200384        0     1                 
        80200386         80200386        0     1                 
        80200386         80200386        0     1                 
        80200388         80200388        0     1                 
        80200388         80200388        0     1                 
        8020038e         8020038e        0     1                 
        80200390         80200390        0     1                 
        80200390         80200390        0     1                 
        80200396         80200396        0     1                 
        80200398         80200398        0     1                 
        80200398         80200398        0     1                 
        8020039e         8020039e        0     1                 
        802003a0         802003a0        0     1                 
        802003a0         802003a0        0     1                 
        802003a6         802003a6        0     1                 
        802003a8         802003a8        0     1                 
        802003a8         802003a8        0     1                 
        802003ae         802003ae        0     1                 
        802003b0         802003b0        0     1                 
        802003b0         802003b0        0     1                 
        802003b8         802003b8        0     1                 
        802003ba         802003ba        0     1                 
        802003ba         802003ba        0     1                 
        802003c2         802003c2        0     1                 
        802003c4         802003c4        0     1                 
        802003c4         802003c4        0     1                 .Lpcrel_hi19
        802003c4         802003c4        0     1                 
        802003cc         802003cc        0     1                 .Lpcrel_hi20
        802003e0         802003e0        0     1                 
        802003e2         802003e2        0     1                 
        802003e2         802003e2        0     1                 
        802003e6         802003e6        0     1                 
        802003ea         802003ea        0     1                 
        802003ee         802003ee        0     1                 
        802003f2         802003f2        0     1                 
        802003f6         802003f6        0     1                 
        802003fa         802003fa        0     1                 
        802003fe         802003fe        0     1                 
        80200400         80200400        0     1                 
        80200400         80200400        0     1                 
        8020040c         8020040c        0     1                 
        80200410         80200410        0     1                 
        80200414         80200414        0     1                 
        80200418         80200418        0     1                 
        8020041c         8020041c        0     1                 
        80200420         80200420        0     1                 
        80200424         80200424        0     1                 
        80200428         80200428        0     1                 
        8020042c         8020042c        0     1                 
        80200430         80200430        0     1                 
        80200434         80200434        0     1                 
        80200438         80200438        0     1                 
        8020043c         8020043c        0     1                 
        80200444         80200444        0     1                 
        80200448         80200448        0     1                 
        80200448         80200448        0     1                 .Lpcrel_hi21
        80200448         80200448        0     1                 
        8020044c         8020044c        0     1                 .Lpcrel_hi22
        8020044c         8020044c        0     1                 
        8020044c         8020044c        0     1                 
        80200454         80200454        0     1                 
        80200454         80200454        0     1                 
        8020045c         8020045c        0     1                 
        8020045c         8020045c        0     1                 
        8020045e         8020045e        0     1                 .Lpcrel_hi23
        8020045e         8020045e        0     1                 
        80200466         80200466        0     1                 
        8020046e         8020046e        0     1                 .Lpcrel_hi24
        8020046e         8020046e        0     1                 
        80200476         80200476        0     1                 .Lpcrel_hi25
        80200482         80200482        0     1                 
        8020048a         8020048a        0     1                 
        8020048c         8020048c        0     1                 
        8020048c         8020048c        0     1                 
        8020048e         8020048e        0     1                 
        80200490         80200490        0     1                 
        802004a0         802004a0        0     1                 
        802004a0         802004a0        0     1                 .Lpcrel_hi26
        802004a0         802004a0        0     1                 
        802004ac         802004ac        0     1                 
        802004ac         802004ac        0     1                 
        802004bc         802004bc        0     1                 
        802004bc         802004bc        0     1                 
        802004be         802004be        0     1                 
        802004c2         802004c2        0     1                 
        802004c2         802004c2        0     1                 
        802004d6         802004d6        0     1                 
        802004d6         802004d6        0     1                 
        802004da         802004da        0     1                 
        802004e8         802004e8        0     1                 
        802004e8         802004e8        0     1                 
        802004ec         802004ec        0     1                 
        802004f6         802004f6        0     1                 
        802004f6         802004f6        0     1                 
        802004fa         802004fa        0     1                 
        80200508         80200508        0     1                 
        80200508         80200508        0     1                 
        8020050a         8020050a        0     1                 
        8020050a         8020050a        0     1                 
        80200512         80200512        0     1                 
        80200516         80200516        0     1                 
        80200516         80200516        0     1                 
        8020051a         8020051a        0     1                 
        8020051a         8020051a        0     1                 
        80200522         80200522        0     1                 
        80200526         80200526        0     1                 
        80200534         80200534        0     1                 
        80200534         80200534        0     1                 
        80200536         80200536        0     1                 
        80200536         80200536        0     1                 
        8020053a         8020053a        0     1                 
        8020053a         8020053a        0     1                 
        80200544         80200544        0     1                 
        8020054a         8020054a        0     1                 
        8020054a         8020054a        0     1                 
        8020054c         8020054c        0     1                 
        80200550         80200550        0     1                 
        80200554         80200554        0     1                 
        80200556         80200556        0     1                 
        80200562         80200562        0     1                 
        80200562         80200562        0     1                 
        80200568         80200568        0     1                 
        8020056e         8020056e        0     1                 
        80200574         80200574        0     1                 
        80200578         80200578        0     1                 
        80200578         80200578        0     1                 .Lpcrel_hi27
        80200578         80200578        0     1                 
        80200580         80200580        0     1                 .Lpcrel_hi28
        80200594         80200594        0     1                 
        80200596         80200596        0     1                 
        80200596         80200596        0     1                 
        80200596         80200596        0     1                 
        80200596         80200596        0     1                 
        80200596         80200596        0     1                 
        80200596         80200596        0     1                 .Lpcrel_hi30
        80200596         80200596        0     1                 
        80200596         80200596      1ba     1                 yield
        802005a2         802005a2        0     1                 .Lpcrel_hi29
        802005a2         802005a2        0     1                 
        802005a6         802005a6        0     1                 
        802005a6         802005a6        0     1                 
        802005b8         802005b8        0     1                 
        802005bc         802005bc        0     1                 .Lpcrel_hi31
        802005c8         802005c8        0     1                 
        802005c8         802005c8        0     1                 
        802005cc         802005cc        0     1                 
        802005cc         802005cc        0     1                 
        802005ce         802005ce        0     1                 
        802005ce         802005ce        0     1                 
        802005d2         802005d2        0     1                 
        802005d2         802005d2        0     1                 
        802005d4         802005d4        0     1                 
        802005d8         802005d8        0     1                 
        802005d8         802005d8        0     1                 
        802005dc         802005dc        0     1                 
        802005ec         802005ec        0     1                 
        802005f4         802005f4        0     1                 
        802005f8         802005f8        0     1                 
        802005fc         802005fc        0     1                 
        80200602         80200602        0     1                 
        80200602         80200602        0     1                 
        80200604         80200604        0     1                 
        80200608         80200608        0     1                 
        80200608         80200608        0     1                 
        8020060c         8020060c        0     1                 
        8020061e         8020061e        0     1                 
        80200628         80200628        0     1                 
        8020062c         8020062c        0     1                 
        8020062c         8020062c        0     1                 
        8020062e         8020062e        0     1                 
        80200632         80200632        0     1                 
        80200632         80200632        0     1                 
        80200636         80200636        0     1                 
        80200646         80200646        0     1                 
        8020064e         8020064e        0     1                 
        80200652         80200652        0     1                 
        80200656         80200656        0     1                 
        8020065c         8020065c        0     1                 
        8020065c         8020065c        0     1                 
        8020065e         8020065e        0     1                 
        80200662         80200662        0     1                 
        80200662         80200662        0     1                 
        80200666         80200666        0     1                 
        80200678         80200678        0     1                 
        80200682         80200682        0     1                 
        80200686         80200686        0     1                 
        80200686         80200686        0     1                 
        80200688         80200688        0     1                 
        8020068c         8020068c        0     1                 
        8020068c         8020068c        0     1                 
        80200690         80200690        0     1                 
        802006a0         802006a0        0     1                 
        802006a8         802006a8        0     1                 
        802006ac         802006ac        0     1                 
        802006b0         802006b0        0     1                 
        802006b6         802006b6        0     1                 
        802006b6         802006b6        0     1                 
        802006b8         802006b8        0     1                 
        802006bc         802006bc        0     1                 
        802006bc         802006bc        0     1                 
        802006c0         802006c0        0     1                 
        802006d2         802006d2        0     1                 
        802006dc         802006dc        0     1                 
        802006e0         802006e0        0     1                 
        802006e0         802006e0        0     1                 
        802006e2         802006e2        0     1                 
        802006e6         802006e6        0     1                 
        802006e6         802006e6        0     1                 
        802006e8         802006e8        0     1                 
        802006f6         802006f6        0     1                 
        802006fe         802006fe        0     1                 
        80200702         80200702        0     1                 
        80200706         80200706        0     1                 
        8020070c         8020070c        0     1                 
        8020070c         8020070c        0     1                 
        8020070e         8020070e        0     1                 
        80200712         80200712        0     1                 
        80200712         80200712        0     1                 
        80200714         80200714        0     1                 
        80200714         80200714        0     1                 
        80200718         80200718        0     1                 
        8020071a         8020071a        0     1                 
        80200720         80200720        0     1                 
        80200726         80200726        0     1                 
        80200728         80200728        0     1                 
        80200738         80200738        0     1                 
        8020073c         8020073c        0     1                 
        8020073c         8020073c        0     1                 
        8020073e         8020073e        0     1                 
        8020073e         8020073e        0     1                 
        80200742         80200742        0     1                 
        80200746         80200746        0     1                 
        8020074e         8020074e        0     1                 
        8020074e         8020074e        0     1                 
        80200750         80200750        0     1                 
        80200750         80200750        0     1                 
        80200750         80200750        0     1                 
        80200750         80200750        0     1                 
        80200750         80200750        0     1                 
        80200750         80200750       10     1                 delay
        80200758         80200758        0     1                 
        80200758         80200758        0     1                 
        8020075a         8020075a        0     1                 
        8020075a         8020075a        0     1                 
        8020075c         8020075c        0     1                 
        8020075c         8020075c        0     1                 
        8020075e         8020075e        0     1                 
        8020075e         8020075e        0     1                 
        80200760         80200760        0     1                 
        80200760         80200760        0     1                 
        80200760         80200760        0     1                 
        80200760         80200760        0     1                 
        80200760         80200760        0     1                 
        80200760         80200760       46     1                 proc_a_entry
        80200766         80200766        0     1                 .Lpcrel_hi32
        80200766         80200766        0     1                 
        80200776         80200776        0     1                 
        80200776         80200776        0     1                 
        8020077e         8020077e        0     1                 
        8020077e         8020077e        0     1                 
        80200794         80200794        0     1                 
        80200794         80200794        0     1                 
        8020079c         8020079c        0     1                 
        8020079c         8020079c        0     1                 
        8020079e         8020079e        0     1                 
        8020079e         8020079e        0     1                 
        802007a0         802007a0        0     1                 
        802007a0         802007a0        0     1                 
        802007a2         802007a2        0     1                 
        802007a2         802007a2        0     1                 
        802007a6         802007a6        0     1                 
        802007a6         802007a6        0     1                 
        802007a6         802007a6        0     1                 
        802007a6         802007a6        0     1                 
        802007a6         802007a6        0     1                 
        802007a6         802007a6        0     1                 
        802007a6         802007a6       46     1                 proc_b_entry
        802007ac         802007ac        0     1                 .Lpcrel_hi33
        802007ac         802007ac        0     1                 
        802007bc         802007bc        0     1                 
        802007bc         802007bc        0     1                 
        802007c4         802007c4        0     1                 
        802007c4         802007c4        0     1                 
        802007da         802007da        0     1                 
        802007da         802007da        0     1                 
        802007e2         802007e2        0     1                 
        802007e2         802007e2        0     1                 
        802007e4         802007e4        0     1                 
        802007e4         802007e4        0     1                 
        802007e6         802007e6        0     1                 
        802007e6         802007e6        0     1                 
        802007e8         802007e8        0     1                 
        802007e8         802007e8        0     1                 
        802007ec         802007ec        0     1                 
        802007ec         802007ec        0     1                 
        802007ec         802007ec        0     1                 
        802007ec         802007ec        0     1                 
        802007ec         802007ec        0     1                 
        802007ec         802007ec        0     1                 
        802007ec         802007ec       7e     1                 virtq_init
        802007f4         802007f4        0     1                 .Lpcrel_hi34
        802007f4         802007f4        0     1                 
        802007f4         802007f4        0     1                 
        802007fc         802007fc        0     1                 
        802007fc         802007fc        0     1                 
        802007fe         802007fe        0     1                 
        80200800         80200800        0     1                 
        80200802         80200802        0     1                 .Lpcrel_hi35
        80200802         80200802        0     1                 
        8020080a         8020080a        0     1                 
        8020080e         8020080e        0     1                 
        80200812         80200812        0     1                 .Lpcrel_hi36
        80200812         80200812        0     1                 
        8020081a         8020081a        0     1                 .Lpcrel_hi37
        8020082e         8020082e        0     1                 
        80200830         80200830        0     1                 
        8020083e         8020083e        0     1                 
        8020083e         8020083e        0     1                 
        80200840         80200840        0     1                 
        80200844         80200844        0     1                 
        8020084a         8020084a        0     1                 
        8020084c         8020084c        0     1                 
        80200852         80200852        0     1                 
        80200852         80200852        0     1                 
        80200856         80200856        0     1                 
        80200856         80200856        0     1                 
        80200858         80200858        0     1                 
        80200858         80200858        0     1                 
        8020085c         8020085c        0     1                 
        8020085c         8020085c        0     1                 
        8020085e         8020085e        0     1                 
        80200864         80200864        0     1                 
        80200864         80200864        0     1                 
        80200866         80200866        0     1                 
        80200866         80200866        0     1                 
        8020086a         8020086a        0     1                 
        8020086a         8020086a        0     1                 
        8020086a         8020086a        0     1                 
        8020086a         8020086a        0     1                 
        8020086a         8020086a        0     1                 
        8020086a         8020086a       36     1                 virtq_kick
        80200874         80200874        0     1                 
        8020087a         8020087a        0     1                 
        8020087c         8020087c        0     1                 
        8020087e         8020087e        0     1                 
        80200882         80200882        0     1                 
        80200888         80200888        0     1                 
        8020088c         8020088c        0     1                 
        8020088e         8020088e        0     1                 
        8020088e         8020088e        0     1                 
        80200892         80200892        0     1                 
        80200892         80200892        0     1                 
        80200894         80200894        0     1                 
        8020089e         8020089e        0     1                 
        802008a0         802008a0        0     1                 
        802008a0         802008a0        0     1                 
        802008a0         802008a0        0     1                 
        802008a0         802008a0       1a     1                 virtq_is_busy
        802008a6         802008a6        0     1                 
        802008a8         802008a8        0     1                 
        802008a8         802008a8        0     1                 
        802008aa         802008aa        0     1                 
        802008ae         802008ae        0     1                 
        802008b2         802008b2        0     1                 
        802008b8         802008b8        0     1                 
        802008ba         802008ba        0     1                 
        802008ba         802008ba        0     1                 
        802008ba         802008ba        0     1                 
        802008ba         802008ba      176     1                 read_write_disk
        802008c6         802008c6        0     1                 .Lpcrel_hi38
        802008c6         802008c6        0     1                 
        802008ce         802008ce        0     1                 
        802008d0         802008d0        0     1                 
        802008d4         802008d4        0     1                 
        802008d6         802008d6        0     1                 
        802008d8         802008d8        0     1                 
        802008d8         802008d8        0     1                 .Lpcrel_hi40
        802008d8         802008d8        0     1                 
        802008e0         802008e0        0     1                 
        8020091e         8020091e        0     1                 
        80200922         80200922        0     1                 
        80200922         80200922        0     1                 
        80200932         80200932        0     1                 
        80200934         80200934        0     1                 
        80200936         80200936        0     1                 
        80200944         80200944        0     1                 
        80200944         80200944        0     1                 
        80200948         80200948        0     1                 
        80200948         80200948        0     1                 .Lpcrel_hi39
        80200948         80200948        0     1                 
        8020094c         8020094c        0     1                 
        80200952         80200952        0     1                 
        80200952         80200952        0     1                 
        80200954         80200954        0     1                 
        80200956         80200956        0     1                 .Lpcrel_hi41
        80200956         80200956        0     1                 
        8020095e         8020095e        0     1                 
        8020095e         8020095e        0     1                 .Lpcrel_hi42
        8020095e         8020095e        0     1                 
        8020096e         8020096e        0     1                 
        8020097a         8020097a        0     1                 
        8020097c         8020097c        0     1                 
        80200980         80200980        0     1                 
        80200986         80200986        0     1                 
        80200988         80200988        0     1                 
        8020098e         8020098e        0     1                 
        80200992         80200992        0     1                 
        80200996         80200996        0     1                 
        80200998         80200998        0     1                 
        80200998         80200998        0     1                 
        8020099e         8020099e        0     1                 
        8020099e         8020099e        0     1                 
        802009a0         802009a0        0     1                 
        802009a8         802009a8        0     1                 
        802009a8         802009a8        0     1                 
        802009aa         802009aa        0     1                 
        802009aa         802009aa        0     1                 
        802009ac         802009ac        0     1                 
        802009b0         802009b0        0     1                 
        802009b6         802009b6        0     1                 
        802009ba         802009ba        0     1                 
        802009bc         802009bc        0     1                 
        802009bc         802009bc        0     1                 
        802009be         802009be        0     1                 
        802009c6         802009c6        0     1                 
        802009c6         802009c6        0     1                 
        802009ca         802009ca        0     1                 
        802009d2         802009d2        0     1                 
        802009d2         802009d2        0     1                 
        802009d6         802009d6        0     1                 
        802009da         802009da        0     1                 
        802009de         802009de        0     1                 
        802009e2         802009e2        0     1                 
        802009e4         802009e4        0     1                 
        802009e6         802009e6        0     1                 .Lpcrel_hi43
        802009e6         802009e6        0     1                 
        802009ee         802009ee        0     1                 
        802009ee         802009ee        0     1                 
        80200a02         80200a02        0     1                 
        80200a02         80200a02        0     1                 
        80200a04         80200a04        0     1                 
        80200a0a         80200a0a        0     1                 
        80200a0c         80200a0c        0     1                 
        80200a0e         80200a0e        0     1                 
        80200a12         80200a12        0     1                 
        80200a12         80200a12        0     1                 
        80200a16         80200a16        0     1                 
        80200a22         80200a22        0     1                 
        80200a22         80200a22        0     1                 
        80200a24         80200a24        0     1                 
        80200a26         80200a26        0     1                 
        80200a30         80200a30        0     1                 
        80200a30         80200a30        0     1                 
        80200a30         80200a30        0     1                 
        80200a30         80200a30        0     1                 
        80200a30         80200a30        0     1                 
        80200a30         80200a30        0     1                 
        80200a30         80200a30      198     1                 virtio_blk_init
        80200a40         80200a40        0     1                 
        80200a40         80200a40        0     1                 
        80200a4a         80200a4a        0     1                 
        80200a4e         80200a4e        0     1                 
        80200a4e         80200a4e        0     1                 
        80200a52         80200a52        0     1                 
        80200a56         80200a56        0     1                 
        80200a5a         80200a5a        0     1                 
        80200a5a         80200a5a        0     1                 
        80200a5e         80200a5e        0     1                 
        80200a62         80200a62        0     1                 
        80200a62         80200a62        0     1                 
        80200a66         80200a66        0     1                 
        80200a66         80200a66        0     1                 
        80200a68         80200a68        0     1                 
        80200a6c         80200a6c        0     1                 
        80200a6c         80200a6c        0     1                 
        80200a6e         80200a6e        0     1                 
        80200a6e         80200a6e        0     1                 
        80200a70         80200a70        0     1                 
        80200a74         80200a74        0     1                 
        80200a74         80200a74        0     1                 
        80200a76         80200a76        0     1                 
        80200a76         80200a76        0     1                 
        80200a78         80200a78        0     1                 
        80200a7c         80200a7c        0     1                 
        80200a7c         80200a7c        0     1                 
        80200a7e         80200a7e        0     1                 
        80200a7e         80200a7e        0     1                 .Lpcrel_hi50
        80200a7e         80200a7e        0     1                 
        80200a86         80200a86        0     1                 
        80200a86         80200a86        0     1                 
        80200a88         80200a88        0     1                 
        80200a8a         80200a8a        0     1                 .Lpcrel_hi51
        80200a8a         80200a8a        0     1                 
        80200a92         80200a92        0     1                 
        80200a96         80200a96        0     1                 
        80200a9a         80200a9a        0     1                 .Lpcrel_hi52
        80200a9a         80200a9a        0     1                 
        80200aa2         80200aa2        0     1                 .Lpcrel_hi53
        80200ab6         80200ab6        0     1                 
        80200ab8         80200ab8        0     1                 
        80200ab8         80200ab8        0     1                 .Lpcrel_hi44
        80200ab8         80200ab8        0     1                 
        80200ac0         80200ac0        0     1                 .Lpcrel_hi45
        80200ad4         80200ad4        0     1                 
        80200ad6         80200ad6        0     1                 .Lpcrel_hi46
        80200ad6         80200ad6        0     1                 
        80200ade         80200ade        0     1                 .Lpcrel_hi47
        80200af2         80200af2        0     1                 
        80200af4         80200af4        0     1                 .Lpcrel_hi48
        80200af4         80200af4        0     1                 
        80200afc         80200afc        0     1                 .Lpcrel_hi49
        80200b10         80200b10        0     1                 
        80200b12         80200b12        0     1                 
        80200b12         80200b12        0     1                 
        80200b20         80200b20        0     1                 
        80200b20         80200b20        0     1                 
        80200b22         80200b22        0     1                 
        80200b26         80200b26        0     1                 
        80200b2e         80200b2e        0     1                 
        80200b30         80200b30        0     1                 
        80200b36         80200b36        0     1                 
        80200b36         80200b36        0     1                 
        80200b3c         80200b3c        0     1                 
        80200b3c         80200b3c        0     1                 
        80200b3e         80200b3e        0     1                 
        80200b3e         80200b3e        0     1                 
        80200b42         80200b42        0     1                 
        80200b42         80200b42        0     1                 
        80200b44         80200b44        0     1                 
        80200b44         80200b44        0     1                 .Lpcrel_hi54
        80200b44         80200b44        0     1                 
        80200b4e         80200b4e        0     1                 
        80200b4e         80200b4e        0     1                 
        80200b50         80200b50        0     1                 
        80200b50         80200b50        0     1                 
        80200b54         80200b54        0     1                 
        80200b58         80200b58        0     1                 .Lpcrel_hi55
        80200b58         80200b58        0     1                 
        80200b60         80200b60        0     1                 .Lpcrel_hi56
        80200b60         80200b60        0     1                 
        80200b70         80200b70        0     1                 
        80200b70         80200b70        0     1                 
        80200b74         80200b74        0     1                 
        80200b74         80200b74        0     1                 
        80200b7a         80200b7a        0     1                 
        80200b7e         80200b7e        0     1                 
        80200b7e         80200b7e        0     1                 .Lpcrel_hi57
        80200b7e         80200b7e        0     1                 
        80200b86         80200b86        0     1                 .Lpcrel_hi58
        80200b9a         80200b9a        0     1                 
        80200b9c         80200b9c        0     1                 
        80200baa         80200baa        0     1                 
        80200baa         80200baa        0     1                 .Lpcrel_hi59
        80200baa         80200baa        0     1                 
        80200bb2         80200bb2        0     1                 .Lpcrel_hi60
        80200bb2         80200bb2        0     1                 
        80200bbe         80200bbe        0     1                 
        80200bbe         80200bbe        0     1                 
        80200bc4         80200bc4        0     1                 
        80200bc8         80200bc8        0     1                 
        80200bc8         80200bc8        0     1                 
        80200bc8         80200bc8        0     1                 
        80200bc8         80200bc8        0     1                 
        80200bc8         80200bc8        0     1                 
        80200bc8         80200bc8       4c     1                 fs_lookup
        80200bd2         80200bd2        0     1                 
        80200bd2         80200bd2        0     1                 .Lpcrel_hi61
        80200bd2         80200bd2        0     1                 
        80200be8         80200be8        0     1                 
        80200be8         80200be8        0     1                 
        80200bea         80200bea        0     1                 
        80200bea         80200bea        0     1                 
        80200bf8         80200bf8        0     1                 
        80200bf8         80200bf8        0     1                 
        80200bfa         80200bfa        0     1                 
        80200c0e         80200c0e        0     1                 
        80200c10         80200c10        0     1                 
        80200c14         80200c14        0     1                 
        80200c14         80200c14        0     1                 
        80200c14         80200c14        0     1                 
        80200c14         80200c14        0     1                 
        80200c14         80200c14        0     1                 
        80200c14         80200c14      328     1                 fs_flush
        80200c30         80200c30        0     1                 .Lpcrel_hi62
        80200c30         80200c30        0     1                 
        80200c48         80200c48        0     1                 
        80200c48         80200c48        0     1                 
        80200c4e         80200c4e        0     1                 
        80200c52         80200c52        0     1                 .Lpcrel_hi63
        80200c5a         80200c5a        0     1                 .Lpcrel_hi64
        80200c62         80200c62        0     1                 .Lpcrel_hi65
        80200c6a         80200c6a        0     1                 .Lpcrel_hi66
        80200c78         80200c78        0     1                 
        80200c78         80200c78        0     1                 
        80200c7e         80200c7e        0     1                 
        80200c7e         80200c7e        0     1                 
        80200c80         80200c80        0     1                 
        80200c84         80200c84        0     1                 
        80200c84         80200c84        0     1                 
        80200c8a         80200c8a        0     1                 
        80200c8a         80200c8a        0     1                 
        80200c8e         80200c8e        0     1                 
        80200c8e         80200c8e        0     1                 
        80200c90         80200c90        0     1                 
        80200c9a         80200c9a        0     1                 
        80200c9a         80200c9a        0     1                 
        80200caa         80200caa        0     1                 
        80200caa         80200caa        0     1                 
        80200cae         80200cae        0     1                 
        80200cb8         80200cb8        0     1                 
        80200cb8         80200cb8        0     1                 
        80200cbc         80200cbc        0     1                 
        80200cc6         80200cc6        0     1                 
        80200cc6         80200cc6        0     1                 
        80200cca         80200cca        0     1                 
        80200cd4         80200cd4        0     1                 
        80200cd4         80200cd4        0     1                 
        80200cd8         80200cd8        0     1                 
        80200ce2         80200ce2        0     1                 
        80200ce2         80200ce2        0     1                 
        80200ce6         80200ce6        0     1                 
        80200ce6         80200ce6        0     1                 
        80200cea         80200cea        0     1                 
        80200cee         80200cee        0     1                 
        80200cee         80200cee        0     1                 
        80200cfc         80200cfc        0     1                 
        80200cfc         80200cfc        0     1                 
        80200d04         80200d04        0     1                 
        80200d08         80200d08        0     1                 
        80200d0c         80200d0c        0     1                 
        80200d0c         80200d0c        0     1                 
        80200d18         80200d18        0     1                 
        80200d18         80200d18        0     1                 
        80200d1c         80200d1c        0     1                 
        80200d20         80200d20        0     1                 
        80200d2a         80200d2a        0     1                 
        80200d2a         80200d2a        0     1                 
        80200d36         80200d36        0     1                 
        80200d36         80200d36        0     1                 
        80200d3a         80200d3a        0     1                 
        80200d3e         80200d3e        0     1                 
        80200d48         80200d48        0     1                 
        80200d48         80200d48        0     1                 
        80200d54         80200d54        0     1                 
        80200d54         80200d54        0     1                 
        80200d58         80200d58        0     1                 
        80200d5c         80200d5c        0     1                 
        80200d66         80200d66        0     1                 
        80200d66         80200d66        0     1                 
        80200d72         80200d72        0     1                 
        80200d72         80200d72        0     1                 
        80200d76         80200d76        0     1                 
        80200d7a         80200d7a        0     1                 
        80200d84         80200d84        0     1                 
        80200d84         80200d84        0     1                 
        80200d90         80200d90        0     1                 
        80200d90         80200d90        0     1                 
        80200d94         80200d94        0     1                 
        80200d98         80200d98        0     1                 
        80200da2         80200da2        0     1                 
        80200da2         80200da2        0     1                 
        80200db0         80200db0        0     1                 
        80200db0         80200db0        0     1                 
        80200db4         80200db4        0     1                 
        80200db8         80200db8        0     1                 
        80200dc2         80200dc2        0     1                 
        80200dc2         80200dc2        0     1                 
        80200dd0         80200dd0        0     1                 
        80200dd0         80200dd0        0     1                 
        80200dd4         80200dd4        0     1                 
        80200dd8         80200dd8        0     1                 
        80200de2         80200de2        0     1                 
        80200de2         80200de2        0     1                 
        80200df2         80200df2        0     1                 
        80200df2         80200df2        0     1                 
        80200df6         80200df6        0     1                 
        80200dfa         80200dfa        0     1                 
        80200e04         80200e04        0     1                 
        80200e04         80200e04        0     1                 
        80200e12         80200e12        0     1                 
        80200e12         80200e12        0     1                 
        80200e16         80200e16        0     1                 
        80200e1a         80200e1a        0     1                 
        80200e24         80200e24        0     1                 
        80200e24         80200e24        0     1                 
        80200e28         80200e28        0     1                 
        80200e28         80200e28        0     1                 
        80200e2c         80200e2c        0     1                 
        80200e30         80200e30        0     1                 
        80200e30         80200e30        0     1                 
        80200e3a         80200e3a        0     1                 
        80200e3a         80200e3a        0     1                 
        80200e46         80200e46        0     1                 
        80200e48         80200e48        0     1                 
        80200e48         80200e48        0     1                 
        80200e4a         80200e4a        0     1                 
        80200e4a         80200e4a        0     1                 
        80200e4e         80200e4e        0     1                 
        80200e4e         80200e4e        0     1                 
        80200e56         80200e56        0     1                 
        80200e5a         80200e5a        0     1                 
        80200e5a         80200e5a        0     1                 
        80200e64         80200e64        0     1                 
        80200e68         80200e68        0     1                 
        80200e68         80200e68        0     1                 
        80200e72         80200e72        0     1                 
        80200e76         80200e76        0     1                 
        80200e76         80200e76        0     1                 
        80200e80         80200e80        0     1                 
        80200e84         80200e84        0     1                 
        80200e84         80200e84        0     1                 
        80200e8e         80200e8e        0     1                 
        80200e92         80200e92        0     1                 
        80200e92         80200e92        0     1                 
        80200e9a         80200e9a        0     1                 
        80200e9e         80200e9e        0     1                 
        80200e9e         80200e9e        0     1                 
        80200ea2         80200ea2        0     1                 
        80200ea6         80200ea6        0     1                 
        80200eae         80200eae        0     1                 
        80200eae         80200eae        0     1                 
        80200eb2         80200eb2        0     1                 
        80200ebc         80200ebc        0     1                 
        80200ebe         80200ebe        0     1                 
        80200ebe         80200ebe        0     1                 
        80200eca         80200eca        0     1                 
        80200eda         80200eda        0     1                 
        80200eea         80200eea        0     1                 
        80200efa         80200efa        0     1                 
        80200f0c         80200f0c        0     1                 
        80200f0c         80200f0c        0     1                 .Lpcrel_hi67
        80200f0c         80200f0c        0     1                 
        80200f26         80200f26        0     1                 
        80200f26         80200f26        0     1                 
        80200f32         80200f32        0     1                 
        80200f3c         80200f3c        0     1                 
        80200f3c         80200f3c        0     1                 
        80200f3c         80200f3c        0     1                 
        80200f3c         80200f3c        0     1                 
        80200f3c         80200f3c        0     1                 
        80200f3c         80200f3c        0     1                 
        80200f3c         80200f3c      37e     1                 handle_syscall
        80200f5a         80200f5a        0     1                 
        80200f5a         80200f5a        0     1                 
        80200f9a         80200f9a        0     1                 
        80200f9e         80200f9e        0     1                 
        80200fa0         80200fa0        0     1                 
        80200fa4         80200fa4        0     1                 
        80200fa6         80200fa6        0     1                 
        80200faa         80200faa        0     1                 
        80200fac         80200fac        0     1                 
        80200fb0         80200fb0        0     1                 .Lpcrel_hi68
        80200fb0         80200fb0        0     1                 
        80200fb4         80200fb4        0     1                 
        80200fb8         80200fb8        0     1                 
        80200fba         80200fba        0     1                 .Lpcrel_hi69
        80200fba         80200fba        0     1                 
        80200fca         80200fca        0     1                 
        80200fca         80200fca        0     1                 
        80200fd0         80200fd0        0     1                 
        80200fd2         80200fd2        0     1                 
        80200fda         80200fda        0     1                 
        80200fda         80200fda        0     1                 .Lpcrel_hi70
        80200fda         80200fda        0     1                 
        80200fe2         80200fe2        0     1                 .Lpcrel_hi71
        80200ff6         80200ff6        0     1                 
        80200ff8         80200ff8        0     1                 
        80200ff8         80200ff8        0     1                 
        80201002         80201002        0     1                 
        80201002         80201002        0     1                 
        80201038         80201038        0     1                 
        80201058         80201058        0     1                 
        80201084         80201084        0     1                 
        80201086         80201086        0     1                 
        8020108e         8020108e        0     1                 
        8020108e         8020108e        0     1                 .Lpcrel_hi72
        8020108e         8020108e        0     1                 
        802010a4         802010a4        0     1                 
        802010a4         802010a4        0     1                 
        802010a6         802010a6        0     1                 
        802010a6         802010a6        0     1                 
        802010b4         802010b4        0     1                 
        802010b4         802010b4        0     1                 
        802010b6         802010b6        0     1                 
        802010b6         802010b6        0     1                 .Lpcrel_hi73
        802010b6         802010b6        0     1                 
        802010c8         802010c8        0     1                 
        802010c8         802010c8        0     1                 
        802010ca         802010ca        0     1                 
        802010cc         802010cc        0     1                 
        802010cc         802010cc        0     1                 
        802010d0         802010d0        0     1                 
        802010d0         802010d0        0     1                 
        802010e2         802010e2        0     1                 
        802010e2         802010e2        0     1                 
        802010e4         802010e4        0     1                 
        802010e4         802010e4        0     1                 
        802010f8         802010f8        0     1                 
        802010f8         802010f8        0     1                 
        802010fc         802010fc        0     1                 
        802010fc         802010fc        0     1                 
        80201104         80201104        0     1                 
        80201104         80201104        0     1                 
        80201118         80201118        0     1                 
        80201118         80201118        0     1                 
        8020111c         8020111c        0     1                 
        8020111c         8020111c        0     1                 
        80201152         80201152        0     1                 
        80201158         80201158        0     1                 
        80201158         80201158        0     1                 .Lpcrel_hi74
        80201158         80201158        0     1                 
        80201160         80201160        0     1                 .Lpcrel_hi75
        80201174         80201174        0     1                 
        80201176         80201176        0     1                 
        8020117c         8020117c        0     1                 
        802011be         802011be        0     1                 
        802011ca         802011ca        0     1                 
        802011ca         802011ca        0     1                 
        802011d2         802011d2        0     1                 
        802011d4         802011d4        0     1                 
        802011d8         802011d8        0     1                 
        802011dc         802011dc        0     1                 
        802011e6         802011e6        0     1                 
        802011e6         802011e6        0     1                 
        802011e8         802011e8        0     1                 
        802011e8         802011e8        0     1                 
        80201228         80201228        0     1                 
        80201236         80201236        0     1                 
        8020123a         8020123a        0     1                 
        80201246         80201246        0     1                 
        80201246         80201246        0     1                 
        8020124a         8020124a        0     1                 
        80201252         80201252        0     1                 
        80201252         80201252        0     1                 
        80201254         80201254        0     1                 
        80201254         80201254        0     1                 
        80201258         80201258        0     1                 
        80201262         80201262        0     1                 
        80201262         80201262        0     1                 
        8020129c         8020129c        0     1                 
        802012a0         802012a0        0     1                 
        802012b6         802012b6        0     1                 
        802012ba         802012ba        0     1                 
        802012ba         802012ba        0     1                 
        802012ba         802012ba        0     1                 
        802012ba         802012ba        0     1                 
        802012ba         802012ba        0     1                 
        802012ba         802012ba       4e     1                 handle_trap
        802012c0         802012c0        0     1                 
        802012c0         802012c0        0     1                 
        802012c4         802012c4        0     1                 
        802012c4         802012c4        0     1                 
        802012c8         802012c8        0     1                 
        802012c8         802012c8        0     1                 
        802012ca         802012ca        0     1                 
        802012ca         802012ca        0     1                 
        802012ce         802012ce        0     1                 
        802012ce         802012ce        0     1                 
        802012d2         802012d2        0     1                 
        802012d2         802012d2        0     1                 
        802012da         802012da        0     1                 
        802012da         802012da        0     1                 
        802012dc         802012dc        0     1                 
        802012dc         802012dc        0     1                 
        802012e4         802012e4        0     1                 
        802012e4         802012e4        0     1                 
        802012e8         802012e8        0     1                 
        802012e8         802012e8        0     1                 .Lpcrel_hi76
        802012e8         802012e8        0     1                 
        802012ec         802012ec        0     1                 
        802012f0         802012f0        0     1                 .Lpcrel_hi77
        80201306         80201306        0     1                 
        80201308         80201308        0     1                 
        80201308         80201308        0     1                 
        80201308         80201308        0     1                 
        80201308         80201308        0     1                 
        80201308         80201308        0     1                 
        80201308         80201308       2c     1                 oct2int
        8020130a         8020130a        0     1                 
        8020130a         8020130a        0     1                 
        8020130e         8020130e        0     1                 
        80201312         80201312        0     1                 
        80201312         80201312        0     1                 
        80201316         80201316        0     1                 
        80201322         80201322        0     1                 
        80201324         80201324        0     1                 
        80201324         80201324        0     1                 
        80201326         80201326        0     1                 
        8020132a         8020132a        0     1                 
        8020132a         8020132a        0     1                 
        8020132e         8020132e        0     1                 
        80201330         80201330        0     1                 
        80201330         80201330        0     1                 
        80201334         80201334        0     1                 
        80201334         80201334        0     1                 
        80201334         80201334        0     1                 
        80201334         80201334        0     1                 
        80201334         80201334        0     1                 
        80201334         80201334      276     1                 fs_init
        80201350         80201350        0     1                 
        80201350         80201350        0     1                 .Lpcrel_hi78
        80201350         80201350        0     1                 
        80201366         80201366        0     1                 
        80201378         80201378        0     1                 
        80201388         80201388        0     1                 
        80201398         80201398        0     1                 
        802013aa         802013aa        0     1                 
        802013aa         802013aa        0     1                 
        802013ae         802013ae        0     1                 .Lpcrel_hi79
        802013ba         802013ba        0     1                 .Lpcrel_hi80
        802013c2         802013c2        0     1                 .Lpcrel_hi81
        802013cc         802013cc        0     1                 
        802013ce         802013ce        0     1                 
        802013ce         802013ce        0     1                 
        802013da         802013da        0     1                 
        802013da         802013da        0     1                 
        802013dc         802013dc        0     1                 
        802013dc         802013dc        0     1                 
        802013e0         802013e0        0     1                 
        802013e4         802013e4        0     1                 
        802013f0         802013f0        0     1                 
        802013f0         802013f0        0     1                 
        802013f4         802013f4        0     1                 
        802013f8         802013f8        0     1                 
        80201402         80201402        0     1                 
        80201402         80201402        0     1                 
        80201406         80201406        0     1                 
        80201414         80201414        0     1                 
        80201414         80201414        0     1                 
        80201418         80201418        0     1                 
        8020141c         8020141c        0     1                 
        8020141c         8020141c        0     1                 
        80201420         80201420        0     1                 
        80201420         80201420        0     1                 
        80201422         80201422        0     1                 
        80201422         80201422        0     1                 
        80201424         80201424        0     1                 
        80201424         80201424        0     1                 
        80201428         80201428        0     1                 
        80201428         80201428        0     1                 
        80201432         80201432        0     1                 
        80201432         80201432        0     1                 
        80201436         80201436        0     1                 
        8020143a         8020143a        0     1                 
        8020143e         8020143e        0     1                 
        8020144a         8020144a        0     1                 
        8020144a         8020144a        0     1                 
        8020144e         8020144e        0     1                 
        8020144e         8020144e        0     1                 
        80201452         80201452        0     1                 
        8020145e         8020145e        0     1                 
        80201462         80201462        0     1                 
        8020146a         8020146a        0     1                 
        8020146e         8020146e        0     1                 
        8020146e         8020146e        0     1                 
        80201472         80201472        0     1                 
        80201476         80201476        0     1                 
        80201478         80201478        0     1                 
        80201478         80201478        0     1                 
        8020147a         8020147a        0     1                 
        80201482         80201482        0     1                 
[...]
        80201828         80201828        0     1                 
        80201828         80201828        0     1                 
        8020182e         8020182e        0     1                 
        8020182e         8020182e        0     1                 
        80201830         80201830        0     1                 
        80201834         80201834        0     1                 
        8020183c         8020183c        0     1                 
        8020183c         8020183c        0     1                 
        80201842         80201842        0     1                 
        80201842         80201842        0     1                 
        80201844         80201844        0     1                 
        80201848         80201848        0     1                 
        80201850         80201850        0     1                 
        80201850         80201850        0     1                 
        80201852         80201852        0     1                 
        80201858         80201858        0     1                 
        80201858         80201858        0     1                 
        80201860         80201860        0     1                 
        80201860         80201860        0     1                 
        80201862         80201862        0     1                 
        80201864         80201864        0     1                 
        80201864         80201864        0     1                 
        8020186e         8020186e        0     1                 
        8020186e         8020186e        0     1                 
        80201872         80201872        0     1                 
        80201878         80201878        0     1                 
        80201878         80201878        0     1                 
        80201884         80201884        0     1                 
        80201884         80201884        0     1                 
        80201888         80201888        0     1                 
        8020188a         8020188a        0     1                 
        8020188e         8020188e        0     1                 
        8020188e         8020188e        0     1                 
        8020189a         8020189a        0     1                 
        8020189a         8020189a        0     1                 
        8020189e         8020189e        0     1                 
        8020189e         8020189e        0     1                 
        802018a0         802018a0        0     1                 
        802018a4         802018a4        0     1                 
        802018a6         802018a6        0     1                 
        802018a6         802018a6        0     1                 
        802018aa         802018aa        0     1                 
        802018ae         802018ae        0     1                 
        802018b2         802018b2        0     1                 
        802018b2         802018b2        0     1                 
        802018b4         802018b4        0     1                 
        802018b4         802018b4        0     1                 
        802018b8         802018b8        0     1                 
        802018bc         802018bc        0     1                 
        802018c8         802018c8        0     1                 
        802018c8         802018c8        0     1                 
        802018d0         802018d0        0     1                 
        802018da         802018da        0     1                 
        802018da         802018da        0     1                 
        802018e0         802018e0        0     1                 
        802018e0         802018e0        0     1                 
        802018ec         802018ec        0     1                 
        802018ec         802018ec        0     1                 
        802018f0         802018f0        0     1                 
        80201906         80201906        0     1                 
        8020190a         8020190a        0     1                 
        8020190a         8020190a        0     1                 
        8020190c         8020190c      364     4 .rodata
        8020190c         8020190c      364     1         <internal>:(.rodata.str1.1)
        80201c70         80201c70    10510     4 .data
        80201c70         80201c70    10510     1         shell.bin.o:(.data)
        80201c70         80201c70        0     1                 _binary_shell_bin_start
        80212180         80212180        0     1                 _binary_shell_bin_end
        80212180         80212180        8     8 .sdata
        80212180         80212180        8     8         /tmp/kernel-e9a7d5.o:(.sdata)
        80212180         80212180        8     1                 alloc_pages.next_paddr
        80212180         80212180        0     1                 $d.3
        80212188         80212188    113e0     8 .bss
        80212188         80212188        0     1         __bss = .
        80212188         80212188    113a0     8         /tmp/kernel-e9a7d5.o:(.bss)
        80212188         80212188        0     1                 $d.4
        80212188         80212188    100c0     1                 procs
        80222248         80222248      8e0     1                 files
        80222b28         80222b28      a00     1                 disk
        80223528         80223528       40     8         /tmp/kernel-e9a7d5.o:(.sbss)
        80223528         80223528        0     1                 $d.5
        80223528         80223528        8     1                 idle_proc
        80223530         80223530        8     1                 current_proc
        80223538         80223538        4     1                 blk_capacity
        80223540         80223540        8     1                 blk_req
        80223548         80223548        8     1                 blk_request_vq
        80223550         80223550        8     1                 blk_req_paddr
        80223558         80223558        8     1                 proc_a
        80223560         80223560        8     1                 proc_b
        80223568         80223568        0     1         __bss_end = .
        80223568         80223568        8     1 . = ALIGN ( 16 )
        80223570         80223570    20000     1 . += 128 * 1024
        80243570         80243570        0     1 __stack_top = .
        80243570         80243570      a90     1 . = ALIGN ( 4096 )
        80244000         80244000        0     1 __free_ram = .
        80244000         80244000  4000000     1 . += 64 * 1024 * 1024
        84244000         84244000        0     1 __free_ram_end = .
               0                0     2acb     1 .debug_loc
               0                0     260c     1         /tmp/kernel-e9a7d5.o:(.debug_loc)
               0                0        0     1                 
               0                0        0     1                 $d.6
              33               33        0     1                 
              66               66        0     1                 
              99               99        0     1                 
              ce               ce        0     1                 
             116              116        0     1                 
             14b              14b        0     1                 
             180              180        0     1                 
             1b3              1b3        0     1                 
             1e6              1e6        0     1                 
             23f              23f        0     1                 
             285              285        0     1                 
             304              304        0     1                 
             383              383        0     1                 
             3be              3be        0     1                 
             3f1              3f1        0     1                 
             424              424        0     1                 
             457              457        0     1                 
             48a              48a        0     1                 
             4bd              4bd        0     1                 
             4f0              4f0        0     1                 
             523              523        0     1                 
             556              556        0     1                 
             589              589        0     1                 
             5bc              5bc        0     1                 
             5ef              5ef        0     1                 
             622              622        0     1                 
             655              655        0     1                 
             688              688        0     1                 
             6e1              6e1        0     1                 
             73a              73a        0     1                 
             8bf              8bf        0     1                 
             906              906        0     1                 
             9a2              9a2        0     1                 
             9d5              9d5        0     1                 
             a09              a09        0     1                 
             a4f              a4f        0     1                 
             a82              a82        0     1                 
             adc              adc        0     1                 
             b22              b22        0     1                 
             b72              b72        0     1                 
             ba5              ba5        0     1                 
             bed              bed        0     1                 
             c33              c33        0     1                 
             ceb              ceb        0     1                 
             dc8              dc8        0     1                 
             e0e              e0e        0     1                 
             e41              e41        0     1                 
             ea0              ea0        0     1                 
             ed6              ed6        0     1                 
             f0b              f0b        0     1                 
             f6a              f6a        0     1                 
             fa0              fa0        0     1                 
             fd5              fd5        0     1                 
            1034             1034        0     1                 
            107a             107a        0     1                 
            10ad             10ad        0     1                 
            10e1             10e1        0     1                 
            1114             1114        0     1                 
            1147             1147        0     1                 
            117a             117a        0     1                 
            11ad             11ad        0     1                 
            11e0             11e0        0     1                 
            1272             1272        0     1                 
            12b8             12b8        0     1                 
            134a             134a        0     1                 
            137d             137d        0     1                 
            13b0             13b0        0     1                 
            13e5             13e5        0     1                 
            142d             142d        0     1                 
            1475             1475        0     1                 
            14bb             14bb        0     1                 
            14ee             14ee        0     1                 
            1521             1521        0     1                 
            1554             1554        0     1                 
            159a             159a        0     1                 
            1612             1612        0     1                 
            165a             165a        0     1                 
            16a1             16a1        0     1                 
            16d4             16d4        0     1                 
            1707             1707        0     1                 
            1824             1824        0     1                 
            1955             1955        0     1                 
            19a8             19a8        0     1                 
            19f2             19f2        0     1                 
            1aa5             1aa5        0     1                 
            1b3d             1b3d        0     1                 
            1b96             1b96        0     1                 
            1bdc             1bdc        0     1                 
            1c0f             1c0f        0     1                 
            1c55             1c55        0     1                 
            1ccd             1ccd        0     1                 
            1d01             1d01        0     1                 
            1d34             1d34        0     1                 
            1d67             1d67        0     1                 
            1d9a             1d9a        0     1                 
            1dcf             1dcf        0     1                 
            1e3f             1e3f        0     1                 
            1e89             1e89        0     1                 
            1ecf             1ecf        0     1                 
            1f15             1f15        0     1                 
            1f5b             1f5b        0     1                 
            1fa1             1fa1        0     1                 
            1fd4             1fd4        0     1                 
            201a             201a        0     1                 
            204d             204d        0     1                 
            2080             2080        0     1                 
            20db             20db        0     1                 
            2110             2110        0     1                 
            21a8             21a8        0     1                 
            22c1             22c1        0     1                 
            23f2             23f2        0     1                 
            244b             244b        0     1                 
            24b9             24b9        0     1                 
            2573             2573        0     1                 
            25a6             25a6        0     1                 
            25d9             25d9        0     1                 
            260c             260c      4bf     1         /tmp/common-8635a9.o:(.debug_loc)
            260c             260c        0     1                 
            260c             260c        0     1                 $d.2
            2668             2668        0     1                 
            268d             268d        0     1                 
            26b0             26b0        0     1                 
            270c             270c        0     1                 
            2731             2731        0     1                 
            2767             2767        0     1                 
            27b0             27b0        0     1                 
            280e             280e        0     1                 
            2831             2831        0     1                 
            2867             2867        0     1                 
            289d             289d        0     1                 
            28fb             28fb        0     1                 
            29c8             29c8        0     1                 
            29eb             29eb        0     1                 
            2a80             2a80        0     1                 
               0                0      4a9     1 .debug_abbrev
               0                0      374     1         /tmp/kernel-e9a7d5.o:(.debug_abbrev)
               0                0        0     1                 $d.7
             374              374      135     1         /tmp/common-8635a9.o:(.debug_abbrev)
             374              374        0     1                 $d.3
               0                0     26ee     1 .debug_info
               0                0     235c     1         /tmp/kernel-e9a7d5.o:(.debug_info)
               0                0        0     1                 $d.8
            235c             235c      392     1         /tmp/common-8635a9.o:(.debug_info)
            235c             235c        0     1                 $d.4
               0                0      330     1 .debug_ranges
               0                0      300     1         /tmp/kernel-e9a7d5.o:(.debug_ranges)
               0                0        0     1                 
               0                0        0     1                 $d.9
              30               30        0     1                 
              60               60        0     1                 
              a0               a0        0     1                 
              d0               d0        0     1                 
             100              100        0     1                 
             130              130        0     1                 
             160              160        0     1                 
             190              190        0     1                 
             1c0              1c0        0     1                 
             1f0              1f0        0     1                 
             220              220        0     1                 
             250              250        0     1                 
             280              280        0     1                 
             2d0              2d0        0     1                 
             300              300       30     1         /tmp/common-8635a9.o:(.debug_ranges)
             300              300        0     1                 
             300              300        0     1                 $d.5
               0                0      6a3     1 .debug_str
               0                0      6a3     1         <internal>:(.debug_str)
               0                0       7d     1 .comment
               0                0       7d     1         <internal>:(.comment)
               0                0       2b     1 .riscv.attributes
               0                0       2b     1         <internal>:(.riscv.attributes)
               0                0      4b0     8 .debug_frame
               0                0      400     8         /tmp/kernel-e9a7d5.o:(.debug_frame)
               0                0        0     1                 
               0                0        0     1                 $d.13
             400              400       b0     8         /tmp/common-8635a9.o:(.debug_frame)
             400              400        0     1                 
             400              400        0     1                 $d.9
               0                0     1b09     1 .debug_line
               0                0     174e     1         /tmp/kernel-e9a7d5.o:(.debug_line)
               0                0        0     1                 .Lline_table_start0
               0                0        0     1                 $d.14
            174e             174e      3bb     1         /tmp/common-8635a9.o:(.debug_line)
            174e             174e        0     1                 .Lline_table_start0
            174e             174e        0     1                 $d.10
               0                0     ae30     8 .symtab
               0                0     ae30     8         <internal>:(.symtab)
               0                0       ad     1 .shstrtab
               0                0       ad     1         <internal>:(.shstrtab)
               0                0      33b     1 .strtab
               0                0      33b     1         <internal>:(.strtab)
