             VMA              LMA     Size Align Out     In      Symbol
               0                0 80200000     1 . = 0x80200000
        80200000                0        0     1 __kernel_base = .
        80200000         80200000      9d4     4 .text
        80200000         80200000        e     2         /tmp/kernel-4b283b.o:(.text.boot)
        80200000         80200000        0     1                 
        80200000         80200000        0     1                 
        80200000         80200000        0     1                 .Lpcrel_hi33
        80200000         80200000        0     1                 $x.1
        80200000         80200000        0     1                 
        80200000         80200000        e     1                 boot
        8020000e         8020000e        0     1                 
        8020000e         8020000e        0     1                 
        80200010         80200010      744     4         /tmp/kernel-4b283b.o:(.text)
        80200010         80200010        0     1                 
        80200010         80200010        0     1                 
        80200010         80200010        0     1                 $x.0
        80200010         80200010        0     1                 
        80200010         80200010        6     1                 sbi_call
        80200014         80200014        0     1                 
        80200016         80200016        0     1                 
        80200016         80200016        0     1                 
        80200016         80200016        0     1                 
        80200016         80200016       14     1                 putchar
        80200028         80200028        0     1                 
        8020002a         8020002a        0     1                 
        8020002a         8020002a        0     1                 
        8020002a         8020002a        0     1                 
        8020002a         8020002a       16     1                 getchar
        8020003e         8020003e        0     1                 
        80200040         80200040        0     1                 
        80200040         80200040        0     1                 
        80200040         80200040        0     1                 
        80200040         80200040       9c     1                 kernel_entry
        802000dc         802000dc        0     1                 
        802000dc         802000dc        0     1                 
        802000dc         802000dc        0     1                 
        802000dc         802000dc       46     1                 switch_context
        80200122         80200122        0     1                 
        80200122         80200122        0     1                 
        80200122         80200122        0     1                 
        80200122         80200122       5a     1                 alloc_pages
        80200128         80200128        0     1                 .Lpcrel_hi0
        80200128         80200128        0     1                 
        80200130         80200130        0     1                 
        80200134         80200134        0     1                 
        80200138         80200138        0     1                 .Lpcrel_hi1
        80200138         80200138        0     1                 
        80200140         80200140        0     1                 
        80200144         80200144        0     1                 
        80200148         80200148        0     1                 .Lpcrel_hi2
        80200148         80200148        0     1                 
        80200150         80200150        0     1                 .Lpcrel_hi3
        80200164         80200164        0     1                 
        80200166         80200166        0     1                 
        80200172         80200172        0     1                 
        80200172         80200172        0     1                 
        80200178         80200178        0     1                 
        80200178         80200178        0     1                 
        8020017c         8020017c        0     1                 
        8020017c         8020017c        0     1                 
        8020017c         8020017c        0     1                 
        8020017c         8020017c        0     1                 
        8020017c         8020017c        0     1                 
        8020017c         8020017c      164     1                 map_page
        8020018c         8020018c        0     1                 
        8020018c         8020018c        0     1                 
        8020018e         8020018e        0     1                 
        80200190         80200190        0     1                 .Lpcrel_hi4
        80200190         80200190        0     1                 
        80200194         80200194        0     1                 
        80200198         80200198        0     1                 .Lpcrel_hi5
        802001a4         802001a4        0     1                 
        802001a6         802001a6        0     1                 
        802001ae         802001ae        0     1                 
        802001b0         802001b0        0     1                 
        802001b0         802001b0        0     1                 
        802001b4         802001b4        0     1                 
        802001b6         802001b6        0     1                 
        802001b8         802001b8        0     1                 .Lpcrel_hi6
        802001b8         802001b8        0     1                 
        802001bc         802001bc        0     1                 
        802001c0         802001c0        0     1                 .Lpcrel_hi7
        802001ca         802001ca        0     1                 
        802001ce         802001ce        0     1                 
        802001d6         802001d6        0     1                 
        802001d8         802001d8        0     1                 
        802001d8         802001d8        0     1                 
        802001de         802001de        0     1                 
        802001de         802001de        0     1                 
        802001e0         802001e0        0     1                 
        802001e6         802001e6        0     1                 
        802001e6         802001e6        0     1                 
        802001ea         802001ea        0     1                 
        802001ec         802001ec        0     1                 
        802001ec         802001ec        0     1                 .Lpcrel_hi8
        802001ec         802001ec        0     1                 
        802001f4         802001f4        0     1                 
        802001f4         802001f4        0     1                 
        802001f6         802001f6        0     1                 
        802001f8         802001f8        0     1                 .Lpcrel_hi9
        802001f8         802001f8        0     1                 
        80200200         80200200        0     1                 
        80200204         80200204        0     1                 
        80200208         80200208        0     1                 .Lpcrel_hi10
        80200208         80200208        0     1                 
        80200210         80200210        0     1                 .Lpcrel_hi11
        8020021c         8020021c        0     1                 
        80200224         80200224        0     1                 
        80200226         80200226        0     1                 
        80200226         80200226        0     1                 
        80200228         80200228        0     1                 
        80200228         80200228        0     1                 
        80200230         80200230        0     1                 
        80200238         80200238        0     1                 
        80200238         80200238        0     1                 
        8020023c         8020023c        0     1                 
        8020023c         8020023c        0     1                 
        80200242         80200242        0     1                 
        80200244         80200244        0     1                 
        80200246         80200246        0     1                 
        80200246         80200246        0     1                 
        8020024c         8020024c        0     1                 
        8020024c         8020024c        0     1                 
        80200250         80200250        0     1                 
        80200250         80200250        0     1                 
        80200252         80200252        0     1                 
        80200258         80200258        0     1                 
        80200258         80200258        0     1                 
        8020025c         8020025c        0     1                 
        8020025e         8020025e        0     1                 
        8020025e         8020025e        0     1                 .Lpcrel_hi12
        8020025e         8020025e        0     1                 
        80200266         80200266        0     1                 
        80200266         80200266        0     1                 
        80200268         80200268        0     1                 
        8020026a         8020026a        0     1                 .Lpcrel_hi13
        8020026a         8020026a        0     1                 
        80200272         80200272        0     1                 
        80200276         80200276        0     1                 
        8020027a         8020027a        0     1                 .Lpcrel_hi14
        8020027a         8020027a        0     1                 
        80200282         80200282        0     1                 .Lpcrel_hi15
        80200296         80200296        0     1                 
        80200298         80200298        0     1                 
        8020029a         8020029a        0     1                 
        802002aa         802002aa        0     1                 
        802002aa         802002aa        0     1                 
        802002ae         802002ae        0     1                 
        802002ae         802002ae        0     1                 
        802002b4         802002b4        0     1                 
        802002b6         802002b6        0     1                 
        802002b8         802002b8        0     1                 
        802002b8         802002b8        0     1                 
        802002bc         802002bc        0     1                 
        802002bc         802002bc        0     1                 
        802002be         802002be        0     1                 
        802002c4         802002c4        0     1                 
        802002c6         802002c6        0     1                 
        802002c6         802002c6        0     1                 
        802002ca         802002ca        0     1                 
        802002ce         802002ce        0     1                 
        802002ce         802002ce        0     1                 
        802002dc         802002dc        0     1                 
        802002e0         802002e0        0     1                 
        802002e0         802002e0        0     1                 
        802002e0         802002e0        0     1                 
        802002e0         802002e0        0     1                 
        802002e0         802002e0        0     1                 
        802002e0         802002e0       14     1                 user_entry
        802002e8         802002e8        0     1                 
        802002f4         802002f4        0     1                 
        802002f4         802002f4        0     1                 
        802002f4         802002f4        0     1                 .Lpcrel_hi16
        802002f4         802002f4        0     1                 
        802002f4         802002f4       9a     1                 create_process
        802002fe         802002fe        0     1                 
        802002fe         802002fe        0     1                 
        80200300         80200300        0     1                 
        80200300         80200300        0     1                 
        80200306         80200306        0     1                 
        80200306         80200306        0     1                 
        80200308         80200308        0     1                 
        80200308         80200308        0     1                 
        8020030e         8020030e        0     1                 
        8020030e         8020030e        0     1                 
        80200310         80200310        0     1                 
        80200310         80200310        0     1                 
        80200316         80200316        0     1                 
        80200316         80200316        0     1                 
        80200318         80200318        0     1                 
        80200318         80200318        0     1                 
        8020031e         8020031e        0     1                 
        8020031e         8020031e        0     1                 
        80200320         80200320        0     1                 
        80200320         80200320        0     1                 
        80200326         80200326        0     1                 
        80200326         80200326        0     1                 
        80200328         80200328        0     1                 
        80200328         80200328        0     1                 
        80200330         80200330        0     1                 
        80200330         80200330        0     1                 
        80200332         80200332        0     1                 
        80200332         80200332        0     1                 
        8020033a         8020033a        0     1                 
        8020033a         8020033a        0     1                 
        8020033c         8020033c        0     1                 
        80200340         80200340        0     1                 
        80200344         80200344        0     1                 
        80200348         80200348        0     1                 
        8020034c         8020034c        0     1                 
        80200350         80200350        0     1                 
        80200354         80200354        0     1                 
        80200358         80200358        0     1                 
        8020035a         8020035a        0     1                 
        8020035e         8020035e        0     1                 
        80200364         80200364        0     1                 
        80200366         80200366        0     1                 
        80200368         80200368        0     1                 
        80200368         80200368        0     1                 
        8020036c         8020036c        0     1                 .Lpcrel_hi17
        80200370         80200370        0     1                 
        80200374         80200374        0     1                 .Lpcrel_hi18
        80200388         80200388        0     1                 
        80200388         80200388        0     1                 
        8020038c         8020038c        0     1                 
        8020038e         8020038e        0     1                 
        8020038e         8020038e        0     1                 
        8020038e         8020038e        0     1                 
        8020038e         8020038e        0     1                 
        8020038e         8020038e        0     1                 .Lpcrel_hi20
        8020038e         8020038e        0     1                 
        8020038e         8020038e      1ba     1                 yield
        8020039a         8020039a        0     1                 .Lpcrel_hi19
        8020039a         8020039a        0     1                 
        8020039e         8020039e        0     1                 
        8020039e         8020039e        0     1                 
        802003b0         802003b0        0     1                 
        802003b4         802003b4        0     1                 .Lpcrel_hi21
        802003c0         802003c0        0     1                 
        802003c0         802003c0        0     1                 
        802003c4         802003c4        0     1                 
        802003c4         802003c4        0     1                 
        802003c6         802003c6        0     1                 
        802003c6         802003c6        0     1                 
        802003ca         802003ca        0     1                 
        802003ca         802003ca        0     1                 
        802003cc         802003cc        0     1                 
        802003d0         802003d0        0     1                 
        802003d0         802003d0        0     1                 
        802003d4         802003d4        0     1                 
        802003e4         802003e4        0     1                 
        802003ec         802003ec        0     1                 
        802003f0         802003f0        0     1                 
        802003f4         802003f4        0     1                 
        802003fa         802003fa        0     1                 
        802003fa         802003fa        0     1                 
        802003fc         802003fc        0     1                 
        80200400         80200400        0     1                 
        80200400         80200400        0     1                 
        80200404         80200404        0     1                 
        80200416         80200416        0     1                 
        80200420         80200420        0     1                 
        80200424         80200424        0     1                 
        80200424         80200424        0     1                 
        80200426         80200426        0     1                 
        8020042a         8020042a        0     1                 
        8020042a         8020042a        0     1                 
        8020042e         8020042e        0     1                 
        8020043e         8020043e        0     1                 
        80200446         80200446        0     1                 
        8020044a         8020044a        0     1                 
        8020044e         8020044e        0     1                 
        80200454         80200454        0     1                 
        80200454         80200454        0     1                 
        80200456         80200456        0     1                 
        8020045a         8020045a        0     1                 
        8020045a         8020045a        0     1                 
        8020045e         8020045e        0     1                 
        80200470         80200470        0     1                 
        8020047a         8020047a        0     1                 
        8020047e         8020047e        0     1                 
        8020047e         8020047e        0     1                 
        80200480         80200480        0     1                 
        80200484         80200484        0     1                 
        80200484         80200484        0     1                 
        80200488         80200488        0     1                 
        80200498         80200498        0     1                 
        802004a0         802004a0        0     1                 
        802004a4         802004a4        0     1                 
        802004a8         802004a8        0     1                 
        802004ae         802004ae        0     1                 
        802004ae         802004ae        0     1                 
        802004b0         802004b0        0     1                 
        802004b4         802004b4        0     1                 
        802004b4         802004b4        0     1                 
        802004b8         802004b8        0     1                 
        802004ca         802004ca        0     1                 
        802004d4         802004d4        0     1                 
        802004d8         802004d8        0     1                 
        802004d8         802004d8        0     1                 
        802004da         802004da        0     1                 
        802004de         802004de        0     1                 
        802004de         802004de        0     1                 
        802004e0         802004e0        0     1                 
        802004ee         802004ee        0     1                 
        802004f6         802004f6        0     1                 
        802004fa         802004fa        0     1                 
        802004fe         802004fe        0     1                 
        80200504         80200504        0     1                 
        80200504         80200504        0     1                 
        80200506         80200506        0     1                 
        8020050a         8020050a        0     1                 
        8020050a         8020050a        0     1                 
        8020050c         8020050c        0     1                 
        8020050c         8020050c        0     1                 
        80200510         80200510        0     1                 
        80200512         80200512        0     1                 
        80200518         80200518        0     1                 
        8020051e         8020051e        0     1                 
        80200520         80200520        0     1                 
        80200530         80200530        0     1                 
        80200534         80200534        0     1                 
        80200534         80200534        0     1                 
        80200536         80200536        0     1                 
        80200536         80200536        0     1                 
        8020053a         8020053a        0     1                 
        8020053e         8020053e        0     1                 
        80200546         80200546        0     1                 
        80200546         80200546        0     1                 
        80200548         80200548        0     1                 
        80200548         80200548        0     1                 
        80200548         80200548        0     1                 
        80200548         80200548        0     1                 
        80200548         80200548        0     1                 
        80200548         80200548       10     1                 delay
        80200550         80200550        0     1                 
        80200550         80200550        0     1                 
        80200552         80200552        0     1                 
        80200552         80200552        0     1                 
        80200554         80200554        0     1                 
        80200554         80200554        0     1                 
        80200556         80200556        0     1                 
        80200556         80200556        0     1                 
        80200558         80200558        0     1                 
        80200558         80200558        0     1                 
        80200558         80200558        0     1                 
        80200558         80200558        0     1                 
        80200558         80200558        0     1                 
        80200558         80200558       46     1                 proc_a_entry
        8020055e         8020055e        0     1                 .Lpcrel_hi22
        8020055e         8020055e        0     1                 
        8020056e         8020056e        0     1                 
        8020056e         8020056e        0     1                 
        80200576         80200576        0     1                 
        80200576         80200576        0     1                 
        8020058c         8020058c        0     1                 
        8020058c         8020058c        0     1                 
        80200594         80200594        0     1                 
        80200594         80200594        0     1                 
        80200596         80200596        0     1                 
        80200596         80200596        0     1                 
        80200598         80200598        0     1                 
        80200598         80200598        0     1                 
        8020059a         8020059a        0     1                 
        8020059a         8020059a        0     1                 
        8020059e         8020059e        0     1                 
        8020059e         8020059e        0     1                 
        8020059e         8020059e        0     1                 
        8020059e         8020059e        0     1                 
        8020059e         8020059e        0     1                 
        8020059e         8020059e        0     1                 
        8020059e         8020059e       46     1                 proc_b_entry
        802005a4         802005a4        0     1                 .Lpcrel_hi23
        802005a4         802005a4        0     1                 
        802005b4         802005b4        0     1                 
        802005b4         802005b4        0     1                 
        802005bc         802005bc        0     1                 
        802005bc         802005bc        0     1                 
        802005d2         802005d2        0     1                 
        802005d2         802005d2        0     1                 
        802005da         802005da        0     1                 
        802005da         802005da        0     1                 
        802005dc         802005dc        0     1                 
        802005dc         802005dc        0     1                 
        802005de         802005de        0     1                 
        802005de         802005de        0     1                 
        802005e0         802005e0        0     1                 
        802005e0         802005e0        0     1                 
        802005e4         802005e4        0     1                 
        802005e4         802005e4        0     1                 
        802005e4         802005e4        0     1                 
        802005e4         802005e4        0     1                 
        802005e4         802005e4        0     1                 
        802005e4         802005e4        0     1                 
        802005e4         802005e4       82     1                 handle_syscall
        80200624         80200624        0     1                 
        80200628         80200628        0     1                 
        8020062c         8020062c        0     1                 
        8020062c         8020062c        0     1                 
        8020063e         8020063e        0     1                 
        8020063e         8020063e        0     1                 
        80200640         80200640        0     1                 
        80200642         80200642        0     1                 
        80200644         80200644        0     1                 .Lpcrel_hi24
        80200644         80200644        0     1                 
        80200648         80200648        0     1                 
        8020064c         8020064c        0     1                 .Lpcrel_hi25
        80200660         80200660        0     1                 
        80200660         80200660        0     1                 
        80200664         80200664        0     1                 
        80200666         80200666        0     1                 
        80200666         80200666        0     1                 
        80200666         80200666        0     1                 
        80200666         80200666        0     1                 
        80200666         80200666        0     1                 
        80200666         80200666       ba     1                 handle_trap
        8020066a         8020066a        0     1                 
        8020066a         8020066a        0     1                 
        8020066e         8020066e        0     1                 
        8020066e         8020066e        0     1                 
        80200672         80200672        0     1                 
        80200672         80200672        0     1                 
        80200674         80200674        0     1                 
        80200674         80200674        0     1                 
        80200678         80200678        0     1                 
        80200678         80200678        0     1                 
        8020067c         8020067c        0     1                 
        8020067c         8020067c        0     1                 
        80200688         80200688        0     1                 
        8020068c         8020068c        0     1                 
        802006bc         802006bc        0     1                 
        802006c0         802006c0        0     1                 
        802006c4         802006c4        0     1                 
        802006c4         802006c4        0     1                 
        802006d6         802006d6        0     1                 
        802006d6         802006d6        0     1                 
        802006d8         802006d8        0     1                 
        802006d8         802006d8        0     1                 
        802006de         802006de        0     1                 
        802006e2         802006e2        0     1                 
        802006e2         802006e2        0     1                 .Lpcrel_hi28
        802006e2         802006e2        0     1                 
        802006e6         802006e6        0     1                 
        802006ea         802006ea        0     1                 .Lpcrel_hi29
        80200700         80200700        0     1                 
        80200702         80200702        0     1                 
        80200702         80200702        0     1                 .Lpcrel_hi26
        80200702         80200702        0     1                 
        80200706         80200706        0     1                 
        8020070a         8020070a        0     1                 .Lpcrel_hi27
        8020071e         8020071e        0     1                 
        80200720         80200720        0     1                 
        80200720         80200720        0     1                 
        80200720         80200720        0     1                 
        80200720         80200720        0     1                 
        80200720         80200720        0     1                 
        80200720         80200720        0     1                 
        80200720         80200720       34     1                 kernel_main
        80200724         80200724        0     1                 .Lpcrel_hi30
        80200724         80200724        0     1                 
        8020072c         8020072c        0     1                 .Lpcrel_hi31
        80200740         80200740        0     1                 
        80200740         80200740        0     1                 .Lpcrel_hi32
        80200740         80200740        0     1                 
        80200748         80200748        0     1                 
        8020074c         8020074c        0     1                 
        80200754         80200754        0     1                 
        80200754         80200754        0     1                 
        80200754         80200754      280     2         /tmp/common-847bc1.o:(.text)
        80200754         80200754        0     1                 
        80200754         80200754        0     1                 
        80200754         80200754        0     1                 $x.0
        80200754         80200754        0     1                 
        80200754         80200754       16     1                 memset
        80200758         80200758        0     1                 
        80200758         80200758        0     1                 
        8020075a         8020075a        0     1                 
        8020075a         8020075a        0     1                 
        8020075e         8020075e        0     1                 
        8020075e         8020075e        0     1                 
        80200762         80200762        0     1                 
        80200764         80200764        0     1                 
        80200764         80200764        0     1                 
        80200768         80200768        0     1                 
        80200768         80200768        0     1                 
        8020076a         8020076a        0     1                 
        8020076a         8020076a        0     1                 
        8020076a         8020076a        0     1                 
        8020076a         8020076a        0     1                 
        8020076a         8020076a        0     1                 
        8020076a         8020076a       1c     1                 memcpy
        8020076e         8020076e        0     1                 
        8020076e         8020076e        0     1                 
        80200770         80200770        0     1                 
        80200770         80200770        0     1                 
        80200774         80200774        0     1                 
        80200776         80200776        0     1                 
        8020077a         8020077a        0     1                 
        8020077a         8020077a        0     1                 
        8020077e         8020077e        0     1                 
        80200780         80200780        0     1                 
        80200780         80200780        0     1                 
        80200784         80200784        0     1                 
        80200784         80200784        0     1                 
        80200786         80200786        0     1                 
        80200786         80200786        0     1                 
        80200786         80200786        0     1                 
        80200786         80200786        0     1                 
        80200786         80200786        0     1                 
        80200786         80200786       24     1                 strcpy
        8020078c         8020078c        0     1                 
        80200790         80200790        0     1                 
        80200790         80200790        0     1                 
        80200792         80200792        0     1                 
        80200792         80200792        0     1                 
        80200796         80200796        0     1                 
        8020079a         8020079a        0     1                 
        8020079e         8020079e        0     1                 
        8020079e         8020079e        0     1                 
        802007a0         802007a0        0     1                 
        802007a0         802007a0        0     1                 
        802007a2         802007a2        0     1                 
        802007a4         802007a4        0     1                 
        802007a4         802007a4        0     1                 
        802007a8         802007a8        0     1                 
        802007aa         802007aa        0     1                 
        802007aa         802007aa        0     1                 
        802007aa         802007aa        0     1                 
        802007aa         802007aa        0     1                 
        802007aa         802007aa        0     1                 
        802007aa         802007aa       2e     1                 strcmp
        802007ae         802007ae        0     1                 
        802007b0         802007b0        0     1                 
        802007b2         802007b2        0     1                 
        802007b2         802007b2        0     1                 
        802007ba         802007ba        0     1                 
        802007be         802007be        0     1                 
        802007be         802007be        0     1                 
        802007c2         802007c2        0     1                 
        802007c4         802007c4        0     1                 
        802007c6         802007c6        0     1                 
        802007c8         802007c8        0     1                 
        802007ce         802007ce        0     1                 
        802007ce         802007ce        0     1                 
        802007d0         802007d0        0     1                 
        802007d0         802007d0        0     1                 
        802007d4         802007d4        0     1                 
        802007d4         802007d4        0     1                 
        802007d6         802007d6        0     1                 
        802007d8         802007d8        0     1                 
        802007d8         802007d8        0     1                 
        802007d8         802007d8        0     1                 
        802007d8         802007d8        0     1                 
        802007d8         802007d8        0     1                 
        802007d8         802007d8      1fc     1                 printf
        802007f6         802007f6        0     1                 
        80200806         80200806        0     1                 
        80200826         80200826        0     1                 .Lpcrel_hi0
        80200830         80200830        0     1                 
        80200834         80200834        0     1                 
        80200836         80200836        0     1                 
        8020083a         8020083a        0     1                 
        80200842         80200842        0     1                 
        8020084a         8020084a        0     1                 
        8020084a         8020084a        0     1                 
        8020084c         8020084c        0     1                 
        8020084e         8020084e        0     1                 
        80200852         80200852        0     1                 
        80200854         80200854        0     1                 
        80200864         80200864        0     1                 
        80200864         80200864        0     1                 
        80200870         80200870        0     1                 
        80200874         80200874        0     1                 
        80200874         80200874        0     1                 
        80200876         80200876        0     1                 
        8020087c         8020087c        0     1                 
        8020087c         8020087c        0     1                 
        80200884         80200884        0     1                 
        80200884         80200884        0     1                 
        80200890         80200890        0     1                 
        80200890         80200890        0     1                 
        80200894         80200894        0     1                 
        80200894         80200894        0     1                 
        80200896         80200896        0     1                 
        8020089a         8020089a        0     1                 
        802008a2         802008a2        0     1                 
        802008a2         802008a2        0     1                 
        802008a8         802008a8        0     1                 
        802008a8         802008a8        0     1                 
        802008aa         802008aa        0     1                 
        802008ae         802008ae        0     1                 
        802008b6         802008b6        0     1                 
        802008b6         802008b6        0     1                 
        802008bc         802008bc        0     1                 
        802008bc         802008bc        0     1                 
        802008be         802008be        0     1                 
        802008c2         802008c2        0     1                 
        802008ca         802008ca        0     1                 
        802008ca         802008ca        0     1                 
        802008d0         802008d0        0     1                 
        802008d0         802008d0        0     1                 
        802008d2         802008d2        0     1                 
        802008d6         802008d6        0     1                 
        802008de         802008de        0     1                 
        802008de         802008de        0     1                 
        802008e4         802008e4        0     1                 
        802008e4         802008e4        0     1                 
        802008e6         802008e6        0     1                 
        802008ea         802008ea        0     1                 
        802008f2         802008f2        0     1                 
        802008f2         802008f2        0     1                 
        802008f8         802008f8        0     1                 
        802008f8         802008f8        0     1                 
        802008fa         802008fa        0     1                 
        802008fe         802008fe        0     1                 
        80200906         80200906        0     1                 
        80200906         80200906        0     1                 
        8020090c         8020090c        0     1                 
        8020090c         8020090c        0     1                 
        8020090e         8020090e        0     1                 
        80200912         80200912        0     1                 
        8020091a         8020091a        0     1                 
        8020091a         8020091a        0     1                 
        8020091c         8020091c        0     1                 
        80200922         80200922        0     1                 
        80200922         80200922        0     1                 
        8020092a         8020092a        0     1                 
        8020092a         8020092a        0     1                 
        8020092c         8020092c        0     1                 
        8020092e         8020092e        0     1                 
        8020092e         8020092e        0     1                 
        80200938         80200938        0     1                 
        80200938         80200938        0     1                 
        8020093c         8020093c        0     1                 
        80200942         80200942        0     1                 
        80200942         80200942        0     1                 
        8020094e         8020094e        0     1                 
        8020094e         8020094e        0     1                 
        80200952         80200952        0     1                 
        80200954         80200954        0     1                 
        80200958         80200958        0     1                 
        80200958         80200958        0     1                 
        80200964         80200964        0     1                 
        80200964         80200964        0     1                 
        80200968         80200968        0     1                 
        80200968         80200968        0     1                 
        8020096a         8020096a        0     1                 
        8020096e         8020096e        0     1                 
        80200970         80200970        0     1                 
        80200970         80200970        0     1                 
        80200974         80200974        0     1                 
        80200978         80200978        0     1                 
        8020097c         8020097c        0     1                 
        8020097c         8020097c        0     1                 
        8020097e         8020097e        0     1                 
        8020097e         8020097e        0     1                 
        80200982         80200982        0     1                 
        80200986         80200986        0     1                 
        80200992         80200992        0     1                 
        80200992         80200992        0     1                 
        8020099a         8020099a        0     1                 
        802009a4         802009a4        0     1                 
        802009a4         802009a4        0     1                 
        802009aa         802009aa        0     1                 
        802009aa         802009aa        0     1                 
        802009b6         802009b6        0     1                 
        802009b6         802009b6        0     1                 
        802009ba         802009ba        0     1                 
        802009d0         802009d0        0     1                 
        802009d4         802009d4        0     1                 
        802009d4         802009d4        0     1                 
        802009d4         802009d4      130     4 .rodata
        802009d4         802009d4      130     1         <internal>:(.rodata.str1.1)
        80200b04         80200b04    10310     4 .data
        80200b04         80200b04    10310     1         shell.bin.o:(.data)
        80200b04         80200b04        0     1                 _binary_shell_bin_start
        80210e14         80210e14        0     1                 _binary_shell_bin_end
        80210e18         80210e18        8     8 .sdata
        80210e18         80210e18        8     8         /tmp/kernel-4b283b.o:(.sdata)
        80210e18         80210e18        8     1                 alloc_pages.next_paddr
        80210e18         80210e18        0     1                 $d.2
        80210e20         80210e20    100e0     8 .bss
        80210e20         80210e20        0     1         __bss = .
        80210e20         80210e20    100c0     8         /tmp/kernel-4b283b.o:(.bss)
        80210e20         80210e20        0     1                 $d.4
        80210e20         80210e20    100c0     1                 procs
        80220ee0         80220ee0       20     8         /tmp/kernel-4b283b.o:(.sbss)
        80220ee0         80220ee0        0     1                 $d.5
        80220ee0         80220ee0        8     1                 idle_proc
        80220ee8         80220ee8        8     1                 current_proc
        80220ef0         80220ef0        8     1                 proc_a
        80220ef8         80220ef8        8     1                 proc_b
        80220f00         80220f00        0     1         __bss_end = .
        80220f00         80220f00        0     1 . = ALIGN ( 16 )
        80220f00         80220f00    20000     1 . += 128 * 1024
        80240f00         80240f00        0     1 __stack_top = .
        80240f00         80240f00      100     1 . = ALIGN ( 4096 )
        80241000         80241000        0     1 __free_ram = .
        80241000         80241000  4000000     1 . += 64 * 1024 * 1024
        84241000         84241000        0     1 __free_ram_end = .
               0                0     1305     1 .debug_loc
               0                0      e46     1         /tmp/kernel-4b283b.o:(.debug_loc)
               0                0        0     1                 
               0                0        0     1                 $d.6
              33               33        0     1                 
              66               66        0     1                 
              99               99        0     1                 
              ce               ce        0     1                 
             116              116        0     1                 
             14b              14b        0     1                 
             180              180        0     1                 
             1b3              1b3        0     1                 
             1e6              1e6        0     1                 
             23f              23f        0     1                 
             285              285        0     1                 
             304              304        0     1                 
             383              383        0     1                 
             3be              3be        0     1                 
             3f1              3f1        0     1                 
             424              424        0     1                 
             457              457        0     1                 
             48a              48a        0     1                 
             4bd              4bd        0     1                 
             4f0              4f0        0     1                 
             523              523        0     1                 
             556              556        0     1                 
             59d              59d        0     1                 
             7be              7be        0     1                 
             876              876        0     1                 
             953              953        0     1                 
             999              999        0     1                 
             9cc              9cc        0     1                 
             a2b              a2b        0     1                 
             a61              a61        0     1                 
             a96              a96        0     1                 
             af5              af5        0     1                 
             b2b              b2b        0     1                 
             b60              b60        0     1                 
             bbf              bbf        0     1                 
             c05              c05        0     1                 
             c3a              c3a        0     1                 
             c93              c93        0     1                 
             cd9              cd9        0     1                 
             d1f              d1f        0     1                 
             d52              d52        0     1                 
             d98              d98        0     1                 
             dde              dde        0     1                 
             e13              e13        0     1                 
             e46              e46      4bf     1         /tmp/common-847bc1.o:(.debug_loc)
             e46              e46        0     1                 
             e46              e46        0     1                 $d.2
             ea2              ea2        0     1                 
             ec7              ec7        0     1                 
             eea              eea        0     1                 
             f46              f46        0     1                 
             f6b              f6b        0     1                 
             fa1              fa1        0     1                 
             fea              fea        0     1                 
            1048             1048        0     1                 
            106b             106b        0     1                 
            10a1             10a1        0     1                 
            10d7             10d7        0     1                 
            1135             1135        0     1                 
            1202             1202        0     1                 
            1225             1225        0     1                 
            12ba             12ba        0     1                 
               0                0      435     1 .debug_abbrev
               0                0      300     1         /tmp/kernel-4b283b.o:(.debug_abbrev)
               0                0        0     1                 $d.7
             300              300      135     1         /tmp/common-847bc1.o:(.debug_abbrev)
             300              300        0     1                 $d.3
               0                0     1284     1 .debug_info
               0                0      ef2     1         /tmp/kernel-4b283b.o:(.debug_info)
               0                0        0     1                 $d.8
             ef2              ef2      392     1         /tmp/common-847bc1.o:(.debug_info)
             ef2              ef2        0     1                 $d.4
               0                0       f0     1 .debug_ranges
               0                0       c0     1         /tmp/kernel-4b283b.o:(.debug_ranges)
               0                0        0     1                 
               0                0        0     1                 $d.9
              30               30        0     1                 
              60               60        0     1                 
              90               90        0     1                 
              c0               c0       30     1         /tmp/common-847bc1.o:(.debug_ranges)
              c0               c0        0     1                 
              c0               c0        0     1                 $d.5
               0                0      3d5     1 .debug_str
               0                0      3d5     1         <internal>:(.debug_str)
               0                0       7d     1 .comment
               0                0       7d     1         <internal>:(.comment)
               0                0       2b     1 .riscv.attributes
               0                0       2b     1         <internal>:(.riscv.attributes)
               0                0      2a8     8 .debug_frame
               0                0      1f8     8         /tmp/kernel-4b283b.o:(.debug_frame)
               0                0        0     1                 
               0                0        0     1                 $d.13
             1f8              1f8       b0     8         /tmp/common-847bc1.o:(.debug_frame)
             1f8              1f8        0     1                 
             1f8              1f8        0     1                 $d.9
               0                0      b67     1 .debug_line
               0                0      7ac     1         /tmp/kernel-4b283b.o:(.debug_line)
               0                0        0     1                 .Lline_table_start0
               0                0        0     1                 $d.14
             7ac              7ac      3bb     1         /tmp/common-847bc1.o:(.debug_line)
             7ac              7ac        0     1                 .Lline_table_start0
             7ac              7ac        0     1                 $d.10
               0                0     5358     8 .symtab
               0                0     5358     8         <internal>:(.symtab)
               0                0       ad     1 .shstrtab
               0                0       ad     1         <internal>:(.shstrtab)
               0                0      23f     1 .strtab
               0                0      23f     1         <internal>:(.strtab)
