             VMA              LMA     Size Align Out     In      Symbol
               0                0 80200000     1 . = 0x80200000
        80200000                0        0     1 __kernel_base = .
        80200000         80200000      bb4     4 .text
        80200000         80200000        e     2         /tmp/kernel-221fd7.o:(.text.boot)
        80200000         80200000        0     1                 
        80200000         80200000        0     1                 
        80200000         80200000        0     1                 .Lpcrel_hi48
        80200000         80200000        0     1                 $x.1
        80200000         80200000        0     1                 
        80200000         80200000        e     1                 boot
        8020000e         8020000e        0     1                 
        8020000e         8020000e        0     1                 
        80200010         80200010      924     4         /tmp/kernel-221fd7.o:(.text)
        80200010         80200010        0     1                 
        80200010         80200010        0     1                 
        80200010         80200010        0     1                 $x.0
        80200010         80200010        0     1                 
        80200010         80200010        6     1                 sbi_call
        80200014         80200014        0     1                 
        80200016         80200016        0     1                 
        80200016         80200016        0     1                 
        80200016         80200016        0     1                 
        80200016         80200016       14     1                 putchar
        80200028         80200028        0     1                 
        8020002a         8020002a        0     1                 
        8020002a         8020002a        0     1                 
        8020002a         8020002a        0     1                 
        8020002a         8020002a       16     1                 getchar
        8020003e         8020003e        0     1                 
        80200040         80200040        0     1                 
        80200040         80200040        0     1                 
        80200040         80200040        0     1                 
        80200040         80200040       9c     1                 kernel_entry
        802000dc         802000dc        0     1                 
        802000dc         802000dc        0     1                 
        802000dc         802000dc        0     1                 
        802000dc         802000dc       46     1                 switch_context
        80200122         80200122        0     1                 
        80200122         80200122        0     1                 
        80200122         80200122        0     1                 
        80200122         80200122       5a     1                 alloc_pages
        80200128         80200128        0     1                 .Lpcrel_hi0
        80200128         80200128        0     1                 
        80200130         80200130        0     1                 
        80200134         80200134        0     1                 
        80200138         80200138        0     1                 .Lpcrel_hi1
        80200138         80200138        0     1                 
        80200140         80200140        0     1                 
        80200144         80200144        0     1                 
        80200148         80200148        0     1                 .Lpcrel_hi2
        80200148         80200148        0     1                 
        80200150         80200150        0     1                 .Lpcrel_hi3
        80200164         80200164        0     1                 
        80200166         80200166        0     1                 
        80200172         80200172        0     1                 
        80200172         80200172        0     1                 
        80200178         80200178        0     1                 
        80200178         80200178        0     1                 
        8020017c         8020017c        0     1                 
        8020017c         8020017c        0     1                 
        8020017c         8020017c        0     1                 
        8020017c         8020017c        0     1                 
        8020017c         8020017c        0     1                 
        8020017c         8020017c      164     1                 map_page
        8020018c         8020018c        0     1                 
        8020018c         8020018c        0     1                 
        8020018e         8020018e        0     1                 
        80200190         80200190        0     1                 .Lpcrel_hi4
        80200190         80200190        0     1                 
        80200194         80200194        0     1                 
        80200198         80200198        0     1                 .Lpcrel_hi5
        802001a4         802001a4        0     1                 
        802001a6         802001a6        0     1                 
        802001ae         802001ae        0     1                 
        802001b0         802001b0        0     1                 
        802001b0         802001b0        0     1                 
        802001b4         802001b4        0     1                 
        802001b6         802001b6        0     1                 
        802001b8         802001b8        0     1                 .Lpcrel_hi6
        802001b8         802001b8        0     1                 
        802001bc         802001bc        0     1                 
        802001c0         802001c0        0     1                 .Lpcrel_hi7
        802001ca         802001ca        0     1                 
        802001ce         802001ce        0     1                 
        802001d6         802001d6        0     1                 
        802001d8         802001d8        0     1                 
        802001d8         802001d8        0     1                 
        802001de         802001de        0     1                 
        802001de         802001de        0     1                 
        802001e0         802001e0        0     1                 
        802001e6         802001e6        0     1                 
        802001e6         802001e6        0     1                 
        802001ea         802001ea        0     1                 
        802001ec         802001ec        0     1                 
        802001ec         802001ec        0     1                 .Lpcrel_hi8
        802001ec         802001ec        0     1                 
        802001f4         802001f4        0     1                 
        802001f4         802001f4        0     1                 
        802001f6         802001f6        0     1                 
        802001f8         802001f8        0     1                 .Lpcrel_hi9
        802001f8         802001f8        0     1                 
        80200200         80200200        0     1                 
        80200204         80200204        0     1                 
        80200208         80200208        0     1                 .Lpcrel_hi10
        80200208         80200208        0     1                 
        80200210         80200210        0     1                 .Lpcrel_hi11
        8020021c         8020021c        0     1                 
        80200224         80200224        0     1                 
        80200226         80200226        0     1                 
        80200226         80200226        0     1                 
        80200228         80200228        0     1                 
        80200228         80200228        0     1                 
        80200230         80200230        0     1                 
        80200238         80200238        0     1                 
        80200238         80200238        0     1                 
        8020023c         8020023c        0     1                 
        8020023c         8020023c        0     1                 
        80200242         80200242        0     1                 
        80200244         80200244        0     1                 
        80200246         80200246        0     1                 
        80200246         80200246        0     1                 
        8020024c         8020024c        0     1                 
        8020024c         8020024c        0     1                 
        80200250         80200250        0     1                 
        80200250         80200250        0     1                 
        80200252         80200252        0     1                 
        80200258         80200258        0     1                 
        80200258         80200258        0     1                 
        8020025c         8020025c        0     1                 
        8020025e         8020025e        0     1                 
        8020025e         8020025e        0     1                 .Lpcrel_hi12
        8020025e         8020025e        0     1                 
        80200266         80200266        0     1                 
        80200266         80200266        0     1                 
        80200268         80200268        0     1                 
        8020026a         8020026a        0     1                 .Lpcrel_hi13
        8020026a         8020026a        0     1                 
        80200272         80200272        0     1                 
        80200276         80200276        0     1                 
        8020027a         8020027a        0     1                 .Lpcrel_hi14
        8020027a         8020027a        0     1                 
        80200282         80200282        0     1                 .Lpcrel_hi15
        80200296         80200296        0     1                 
        80200298         80200298        0     1                 
        8020029a         8020029a        0     1                 
        802002aa         802002aa        0     1                 
        802002aa         802002aa        0     1                 
        802002ae         802002ae        0     1                 
        802002ae         802002ae        0     1                 
        802002b4         802002b4        0     1                 
        802002b6         802002b6        0     1                 
        802002b8         802002b8        0     1                 
        802002b8         802002b8        0     1                 
        802002bc         802002bc        0     1                 
        802002bc         802002bc        0     1                 
        802002be         802002be        0     1                 
        802002c4         802002c4        0     1                 
        802002c6         802002c6        0     1                 
        802002c6         802002c6        0     1                 
        802002ca         802002ca        0     1                 
        802002ce         802002ce        0     1                 
        802002ce         802002ce        0     1                 
        802002dc         802002dc        0     1                 
        802002e0         802002e0        0     1                 
        802002e0         802002e0        0     1                 
        802002e0         802002e0        0     1                 
        802002e0         802002e0        0     1                 
        802002e0         802002e0        0     1                 
        802002e0         802002e0       24     1                 user_entry
        80200304         80200304        0     1                 
        80200304         80200304        0     1                 
        80200304         80200304        0     1                 
        80200304         80200304      240     1                 create_process
        80200320         80200320        0     1                 .Lpcrel_hi16
        80200320         80200320        0     1                 
        8020032e         8020032e        0     1                 
        8020032e         8020032e        0     1                 
        80200330         80200330        0     1                 
        80200330         80200330        0     1                 
        80200332         80200332        0     1                 
        80200332         80200332        0     1                 .Lpcrel_hi17
        80200332         80200332        0     1                 
        80200346         80200346        0     1                 
        80200348         80200348        0     1                 
        80200348         80200348        0     1                 
        8020034e         8020034e        0     1                 
        80200354         80200354        0     1                 
        80200356         80200356        0     1                 
        80200356         80200356        0     1                 
        8020035c         8020035c        0     1                 
        80200362         80200362        0     1                 
        80200364         80200364        0     1                 
        80200364         80200364        0     1                 
        8020036a         8020036a        0     1                 
        80200370         80200370        0     1                 
        80200372         80200372        0     1                 
        80200372         80200372        0     1                 
        80200378         80200378        0     1                 
        8020037e         8020037e        0     1                 
        80200380         80200380        0     1                 
        80200380         80200380        0     1                 
        80200386         80200386        0     1                 
        8020038c         8020038c        0     1                 
        8020038e         8020038e        0     1                 
        8020038e         8020038e        0     1                 
        80200394         80200394        0     1                 
        8020039a         8020039a        0     1                 
        8020039c         8020039c        0     1                 
        8020039c         8020039c        0     1                 .Lpcrel_hi18
        8020039c         8020039c        0     1                 
        802003a4         802003a4        0     1                 .Lpcrel_hi19
        802003b8         802003b8        0     1                 
        802003ba         802003ba        0     1                 
        802003ba         802003ba        0     1                 
        802003be         802003be        0     1                 
        802003c2         802003c2        0     1                 
        802003c6         802003c6        0     1                 
        802003ca         802003ca        0     1                 
        802003ce         802003ce        0     1                 
        802003d2         802003d2        0     1                 
        802003d6         802003d6        0     1                 
        802003d8         802003d8        0     1                 
        802003de         802003de        0     1                 
        802003e0         802003e0        0     1                 
        802003e0         802003e0        0     1                 
        802003e4         802003e4        0     1                 
        802003e4         802003e4        0     1                 
        802003e8         802003e8        0     1                 
        802003e8         802003e8        0     1                 
        802003ec         802003ec        0     1                 
        802003ec         802003ec        0     1                 
        802003f0         802003f0        0     1                 
        802003f0         802003f0        0     1                 
        802003f4         802003f4        0     1                 
        802003f4         802003f4        0     1                 
        802003f8         802003f8        0     1                 
        802003f8         802003f8        0     1                 
        802003fc         802003fc        0     1                 
        802003fc         802003fc        0     1                 
        80200400         80200400        0     1                 
        80200400         80200400        0     1                 
        80200404         80200404        0     1                 
        80200404         80200404        0     1                 
        80200408         80200408        0     1                 
        80200408         80200408        0     1                 
        8020040c         8020040c        0     1                 
        8020040c         8020040c        0     1                 
        80200410         80200410        0     1                 
        80200410         80200410        0     1                 .Lpcrel_hi20
        80200410         80200410        0     1                 
        80200414         80200414        0     1                 .Lpcrel_hi21
        80200414         80200414        0     1                 
        80200414         80200414        0     1                 
        8020041c         8020041c        0     1                 
        8020041c         8020041c        0     1                 
        80200426         80200426        0     1                 
        80200426         80200426        0     1                 
        80200428         80200428        0     1                 .Lpcrel_hi22
        80200428         80200428        0     1                 
        80200430         80200430        0     1                 
        80200438         80200438        0     1                 .Lpcrel_hi23
        80200438         80200438        0     1                 
        80200440         80200440        0     1                 .Lpcrel_hi24
        80200454         80200454        0     1                 
        80200456         80200456        0     1                 
        80200458         80200458        0     1                 
        80200468         80200468        0     1                 
        80200468         80200468        0     1                 .Lpcrel_hi25
        80200468         80200468        0     1                 
        80200474         80200474        0     1                 
        80200474         80200474        0     1                 
        80200484         80200484        0     1                 
        80200484         80200484        0     1                 
        80200486         80200486        0     1                 
        8020048a         8020048a        0     1                 
        8020048a         8020048a        0     1                 
        8020048e         8020048e        0     1                 
        8020049c         8020049c        0     1                 
        8020049e         8020049e        0     1                 
        8020049e         8020049e        0     1                 
        802004a0         802004a0        0     1                 
        802004aa         802004aa        0     1                 
        802004aa         802004aa        0     1                 
        802004ae         802004ae        0     1                 
        802004bc         802004bc        0     1                 
        802004bc         802004bc        0     1                 
        802004be         802004be        0     1                 
        802004be         802004be        0     1                 
        802004c6         802004c6        0     1                 
        802004ca         802004ca        0     1                 
        802004ca         802004ca        0     1                 
        802004ce         802004ce        0     1                 
        802004ce         802004ce        0     1                 
        802004d6         802004d6        0     1                 
        802004da         802004da        0     1                 
        802004e8         802004e8        0     1                 
        802004e8         802004e8        0     1                 
        802004ea         802004ea        0     1                 
        802004ea         802004ea        0     1                 
        802004ee         802004ee        0     1                 
        802004ee         802004ee        0     1                 
        802004f4         802004f4        0     1                 
        802004fa         802004fa        0     1                 
        802004fe         802004fe        0     1                 
        80200502         80200502        0     1                 
        80200506         80200506        0     1                 
        80200514         80200514        0     1                 
        80200514         80200514        0     1                 
        80200516         80200516        0     1                 
        80200518         80200518        0     1                 
        8020051c         8020051c        0     1                 
        80200522         80200522        0     1                 
        80200526         80200526        0     1                 
        80200526         80200526        0     1                 .Lpcrel_hi26
        80200526         80200526        0     1                 
        8020052e         8020052e        0     1                 .Lpcrel_hi27
        80200542         80200542        0     1                 
        80200544         80200544        0     1                 
        80200544         80200544        0     1                 
        80200544         80200544        0     1                 
        80200544         80200544        0     1                 
        80200544         80200544        0     1                 
        80200544         80200544        0     1                 .Lpcrel_hi29
        80200544         80200544        0     1                 
        80200544         80200544      18c     1                 yield
        80200550         80200550        0     1                 .Lpcrel_hi28
        80200550         80200550        0     1                 
        80200554         80200554        0     1                 
        80200554         80200554        0     1                 
        80200566         80200566        0     1                 
        8020056a         8020056a        0     1                 .Lpcrel_hi30
        80200574         80200574        0     1                 
        80200574         80200574        0     1                 
        80200576         80200576        0     1                 
        80200576         80200576        0     1                 
        8020057a         8020057a        0     1                 
        8020057a         8020057a        0     1                 
        8020057c         8020057c        0     1                 
        8020057c         8020057c        0     1                 
        80200580         80200580        0     1                 
        80200582         80200582        0     1                 
        80200586         80200586        0     1                 
        80200586         80200586        0     1                 
        8020058a         8020058a        0     1                 
        8020058e         8020058e        0     1                 
        80200598         80200598        0     1                 
        8020059e         8020059e        0     1                 
        8020059e         8020059e        0     1                 
        802005a0         802005a0        0     1                 
        802005a4         802005a4        0     1                 
        802005a6         802005a6        0     1                 
        802005aa         802005aa        0     1                 
        802005aa         802005aa        0     1                 
        802005ae         802005ae        0     1                 
        802005c0         802005c0        0     1                 
        802005c4         802005c4        0     1                 
        802005c6         802005c6        0     1                 
        802005c6         802005c6        0     1                 
        802005ca         802005ca        0     1                 
        802005ce         802005ce        0     1                 
        802005d0         802005d0        0     1                 
        802005d4         802005d4        0     1                 
        802005d4         802005d4        0     1                 
        802005d8         802005d8        0     1                 
        802005dc         802005dc        0     1                 
        802005e6         802005e6        0     1                 
        802005ec         802005ec        0     1                 
        802005ec         802005ec        0     1                 
        802005ee         802005ee        0     1                 
        802005f2         802005f2        0     1                 
        802005f4         802005f4        0     1                 
        802005f8         802005f8        0     1                 
        802005f8         802005f8        0     1                 
        802005fc         802005fc        0     1                 
        8020060e         8020060e        0     1                 
        80200612         80200612        0     1                 
        80200614         80200614        0     1                 
        80200614         80200614        0     1                 
        80200618         80200618        0     1                 
        8020061c         8020061c        0     1                 
        8020061e         8020061e        0     1                 
        80200622         80200622        0     1                 
        80200622         80200622        0     1                 
        80200626         80200626        0     1                 
        8020062a         8020062a        0     1                 
        80200634         80200634        0     1                 
        8020063a         8020063a        0     1                 
        8020063a         8020063a        0     1                 
        8020063c         8020063c        0     1                 
        80200640         80200640        0     1                 
        80200642         80200642        0     1                 
        80200646         80200646        0     1                 
        80200646         80200646        0     1                 
        8020064a         8020064a        0     1                 
        8020065c         8020065c        0     1                 
        80200660         80200660        0     1                 
        80200662         80200662        0     1                 
        80200662         80200662        0     1                 
        80200666         80200666        0     1                 
        8020066a         8020066a        0     1                 
        8020066c         8020066c        0     1                 
        80200670         80200670        0     1                 
        80200670         80200670        0     1                 
        80200672         80200672        0     1                 
        80200680         80200680        0     1                 
        80200684         80200684        0     1                 
        80200686         80200686        0     1                 
        80200686         80200686        0     1                 
        80200688         80200688        0     1                 
        8020068c         8020068c        0     1                 
        8020068e         8020068e        0     1                 
        80200692         80200692        0     1                 
        80200692         80200692        0     1                 
        80200694         80200694        0     1                 
        80200694         80200694        0     1                 
        80200698         80200698        0     1                 
        8020069a         8020069a        0     1                 
        802006a0         802006a0        0     1                 
        802006a6         802006a6        0     1                 
        802006a8         802006a8        0     1                 
        802006b8         802006b8        0     1                 
        802006bc         802006bc        0     1                 
        802006bc         802006bc        0     1                 
        802006be         802006be        0     1                 
        802006be         802006be        0     1                 
        802006c2         802006c2        0     1                 
        802006c6         802006c6        0     1                 
        802006ce         802006ce        0     1                 
        802006ce         802006ce        0     1                 
        802006d0         802006d0        0     1                 
        802006d0         802006d0        0     1                 
        802006d0         802006d0        0     1                 
        802006d0         802006d0        0     1                 
        802006d0         802006d0        0     1                 
        802006d0         802006d0       10     1                 delay
        802006d8         802006d8        0     1                 
        802006d8         802006d8        0     1                 
        802006da         802006da        0     1                 
        802006da         802006da        0     1                 
        802006dc         802006dc        0     1                 
        802006dc         802006dc        0     1                 
        802006de         802006de        0     1                 
        802006de         802006de        0     1                 
        802006e0         802006e0        0     1                 
        802006e0         802006e0        0     1                 
        802006e0         802006e0        0     1                 
        802006e0         802006e0        0     1                 
        802006e0         802006e0        0     1                 
        802006e0         802006e0       46     1                 proc_a_entry
        802006e6         802006e6        0     1                 .Lpcrel_hi31
        802006e6         802006e6        0     1                 
        802006f6         802006f6        0     1                 
        802006f6         802006f6        0     1                 
        802006fe         802006fe        0     1                 
        802006fe         802006fe        0     1                 
        80200714         80200714        0     1                 
        80200714         80200714        0     1                 
        8020071c         8020071c        0     1                 
        8020071c         8020071c        0     1                 
        8020071e         8020071e        0     1                 
        8020071e         8020071e        0     1                 
        80200720         80200720        0     1                 
        80200720         80200720        0     1                 
        80200722         80200722        0     1                 
        80200722         80200722        0     1                 
        80200726         80200726        0     1                 
        80200726         80200726        0     1                 
        80200726         80200726        0     1                 
        80200726         80200726        0     1                 
        80200726         80200726        0     1                 
        80200726         80200726        0     1                 
        80200726         80200726       46     1                 proc_b_entry
        8020072c         8020072c        0     1                 .Lpcrel_hi32
        8020072c         8020072c        0     1                 
        8020073c         8020073c        0     1                 
        8020073c         8020073c        0     1                 
        80200744         80200744        0     1                 
        80200744         80200744        0     1                 
        8020075a         8020075a        0     1                 
        8020075a         8020075a        0     1                 
        80200762         80200762        0     1                 
        80200762         80200762        0     1                 
        80200764         80200764        0     1                 
        80200764         80200764        0     1                 
        80200766         80200766        0     1                 
        80200766         80200766        0     1                 
        80200768         80200768        0     1                 
        80200768         80200768        0     1                 
        8020076c         8020076c        0     1                 
        8020076c         8020076c        0     1                 
        8020076c         8020076c        0     1                 
        8020076c         8020076c        0     1                 
        8020076c         8020076c        0     1                 
        8020076c         8020076c        0     1                 
        8020076c         8020076c       82     1                 handle_syscall
        802007ac         802007ac        0     1                 
        802007b0         802007b0        0     1                 
        802007b4         802007b4        0     1                 
        802007b4         802007b4        0     1                 
        802007c6         802007c6        0     1                 
        802007c6         802007c6        0     1                 
        802007c8         802007c8        0     1                 
        802007ca         802007ca        0     1                 
        802007cc         802007cc        0     1                 .Lpcrel_hi33
        802007cc         802007cc        0     1                 
        802007d0         802007d0        0     1                 
        802007d4         802007d4        0     1                 .Lpcrel_hi34
        802007e8         802007e8        0     1                 
        802007e8         802007e8        0     1                 
        802007ec         802007ec        0     1                 
        802007ee         802007ee        0     1                 
        802007ee         802007ee        0     1                 
        802007ee         802007ee        0     1                 
        802007ee         802007ee        0     1                 
        802007ee         802007ee        0     1                 
        802007ee         802007ee       ba     1                 handle_trap
        802007f2         802007f2        0     1                 
        802007f2         802007f2        0     1                 
        802007f6         802007f6        0     1                 
        802007f6         802007f6        0     1                 
        802007fa         802007fa        0     1                 
        802007fa         802007fa        0     1                 
        802007fc         802007fc        0     1                 
        802007fc         802007fc        0     1                 
        80200800         80200800        0     1                 
        80200800         80200800        0     1                 
        80200804         80200804        0     1                 
        80200804         80200804        0     1                 
        80200810         80200810        0     1                 
        80200814         80200814        0     1                 
        80200844         80200844        0     1                 
        80200848         80200848        0     1                 
        8020084c         8020084c        0     1                 
        8020084c         8020084c        0     1                 
        8020085e         8020085e        0     1                 
        8020085e         8020085e        0     1                 
        80200860         80200860        0     1                 
        80200860         80200860        0     1                 
        80200866         80200866        0     1                 
        8020086a         8020086a        0     1                 
        8020086a         8020086a        0     1                 .Lpcrel_hi37
        8020086a         8020086a        0     1                 
        8020086e         8020086e        0     1                 
        80200872         80200872        0     1                 .Lpcrel_hi38
        80200888         80200888        0     1                 
        8020088a         8020088a        0     1                 
        8020088a         8020088a        0     1                 .Lpcrel_hi35
        8020088a         8020088a        0     1                 
        8020088e         8020088e        0     1                 
        80200892         80200892        0     1                 .Lpcrel_hi36
        802008a6         802008a6        0     1                 
        802008a8         802008a8        0     1                 
        802008a8         802008a8        0     1                 
        802008a8         802008a8        0     1                 
        802008a8         802008a8        0     1                 
        802008a8         802008a8        0     1                 
        802008a8         802008a8        0     1                 
        802008a8         802008a8       8c     1                 kernel_main
        802008ac         802008ac        0     1                 .Lpcrel_hi39
        802008ac         802008ac        0     1                 
        802008b4         802008b4        0     1                 .Lpcrel_hi40
        802008c8         802008c8        0     1                 
        802008c8         802008c8        0     1                 .Lpcrel_hi41
        802008c8         802008c8        0     1                 
        802008d0         802008d0        0     1                 
        802008d4         802008d4        0     1                 
        802008d6         802008d6        0     1                 
        802008e0         802008e0        0     1                 
        802008e0         802008e0        0     1                 .Lpcrel_hi42
        802008e0         802008e0        0     1                 
        802008e8         802008e8        0     1                 
        802008ec         802008ec        0     1                 .Lpcrel_hi43
        802008ec         802008ec        0     1                 
        802008f4         802008f4        0     1                 .Lpcrel_hi44
        802008f4         802008f4        0     1                 
        802008fc         802008fc        0     1                 .Lpcrel_hi45
        8020090e         8020090e        0     1                 
        8020090e         8020090e        0     1                 
        80200916         80200916        0     1                 
        80200916         80200916        0     1                 .Lpcrel_hi46
        80200916         80200916        0     1                 
        8020091e         8020091e        0     1                 .Lpcrel_hi47
        80200932         80200932        0     1                 
        80200934         80200934        0     1                 
        80200934         80200934        0     1                 
        80200934         80200934      280     2         /tmp/common-e0bef5.o:(.text)
        80200934         80200934        0     1                 
        80200934         80200934        0     1                 
        80200934         80200934        0     1                 $x.0
        80200934         80200934        0     1                 
        80200934         80200934       16     1                 memset
        80200938         80200938        0     1                 
        80200938         80200938        0     1                 
        8020093a         8020093a        0     1                 
        8020093a         8020093a        0     1                 
        8020093e         8020093e        0     1                 
        8020093e         8020093e        0     1                 
        80200942         80200942        0     1                 
        80200944         80200944        0     1                 
        80200944         80200944        0     1                 
        80200948         80200948        0     1                 
        80200948         80200948        0     1                 
        8020094a         8020094a        0     1                 
        8020094a         8020094a        0     1                 
        8020094a         8020094a        0     1                 
        8020094a         8020094a        0     1                 
        8020094a         8020094a        0     1                 
        8020094a         8020094a       1c     1                 memcpy
        8020094e         8020094e        0     1                 
        8020094e         8020094e        0     1                 
        80200950         80200950        0     1                 
        80200950         80200950        0     1                 
        80200954         80200954        0     1                 
        80200956         80200956        0     1                 
        8020095a         8020095a        0     1                 
        8020095a         8020095a        0     1                 
        8020095e         8020095e        0     1                 
        80200960         80200960        0     1                 
        80200960         80200960        0     1                 
        80200964         80200964        0     1                 
        80200964         80200964        0     1                 
        80200966         80200966        0     1                 
        80200966         80200966        0     1                 
        80200966         80200966        0     1                 
        80200966         80200966        0     1                 
        80200966         80200966        0     1                 
        80200966         80200966       24     1                 strcpy
        8020096c         8020096c        0     1                 
        80200970         80200970        0     1                 
        80200970         80200970        0     1                 
        80200972         80200972        0     1                 
        80200972         80200972        0     1                 
        80200976         80200976        0     1                 
        8020097a         8020097a        0     1                 
        8020097e         8020097e        0     1                 
        8020097e         8020097e        0     1                 
        80200980         80200980        0     1                 
        80200980         80200980        0     1                 
        80200982         80200982        0     1                 
        80200984         80200984        0     1                 
        80200984         80200984        0     1                 
        80200988         80200988        0     1                 
        8020098a         8020098a        0     1                 
        8020098a         8020098a        0     1                 
        8020098a         8020098a        0     1                 
        8020098a         8020098a        0     1                 
        8020098a         8020098a        0     1                 
        8020098a         8020098a       2e     1                 strcmp
        8020098e         8020098e        0     1                 
        80200990         80200990        0     1                 
        80200992         80200992        0     1                 
        80200992         80200992        0     1                 
        8020099a         8020099a        0     1                 
        8020099e         8020099e        0     1                 
        8020099e         8020099e        0     1                 
        802009a2         802009a2        0     1                 
        802009a4         802009a4        0     1                 
        802009a6         802009a6        0     1                 
        802009a8         802009a8        0     1                 
        802009ae         802009ae        0     1                 
        802009ae         802009ae        0     1                 
        802009b0         802009b0        0     1                 
        802009b0         802009b0        0     1                 
        802009b4         802009b4        0     1                 
        802009b4         802009b4        0     1                 
        802009b6         802009b6        0     1                 
        802009b8         802009b8        0     1                 
        802009b8         802009b8        0     1                 
        802009b8         802009b8        0     1                 
        802009b8         802009b8        0     1                 
        802009b8         802009b8        0     1                 
        802009b8         802009b8      1fc     1                 printf
        802009d6         802009d6        0     1                 
        802009e6         802009e6        0     1                 
        80200a06         80200a06        0     1                 .Lpcrel_hi0
        80200a10         80200a10        0     1                 
        80200a14         80200a14        0     1                 
        80200a16         80200a16        0     1                 
        80200a1a         80200a1a        0     1                 
        80200a22         80200a22        0     1                 
        80200a2a         80200a2a        0     1                 
        80200a2a         80200a2a        0     1                 
        80200a2c         80200a2c        0     1                 
        80200a2e         80200a2e        0     1                 
        80200a32         80200a32        0     1                 
        80200a34         80200a34        0     1                 
        80200a44         80200a44        0     1                 
        80200a44         80200a44        0     1                 
        80200a50         80200a50        0     1                 
        80200a54         80200a54        0     1                 
        80200a54         80200a54        0     1                 
        80200a56         80200a56        0     1                 
        80200a5c         80200a5c        0     1                 
        80200a5c         80200a5c        0     1                 
        80200a64         80200a64        0     1                 
        80200a64         80200a64        0     1                 
        80200a70         80200a70        0     1                 
        80200a70         80200a70        0     1                 
        80200a74         80200a74        0     1                 
        80200a74         80200a74        0     1                 
        80200a76         80200a76        0     1                 
        80200a7a         80200a7a        0     1                 
        80200a82         80200a82        0     1                 
        80200a82         80200a82        0     1                 
        80200a88         80200a88        0     1                 
        80200a88         80200a88        0     1                 
        80200a8a         80200a8a        0     1                 
        80200a8e         80200a8e        0     1                 
        80200a96         80200a96        0     1                 
        80200a96         80200a96        0     1                 
        80200a9c         80200a9c        0     1                 
        80200a9c         80200a9c        0     1                 
        80200a9e         80200a9e        0     1                 
        80200aa2         80200aa2        0     1                 
        80200aaa         80200aaa        0     1                 
        80200aaa         80200aaa        0     1                 
        80200ab0         80200ab0        0     1                 
        80200ab0         80200ab0        0     1                 
        80200ab2         80200ab2        0     1                 
        80200ab6         80200ab6        0     1                 
        80200abe         80200abe        0     1                 
        80200abe         80200abe        0     1                 
        80200ac4         80200ac4        0     1                 
        80200ac4         80200ac4        0     1                 
        80200ac6         80200ac6        0     1                 
        80200aca         80200aca        0     1                 
        80200ad2         80200ad2        0     1                 
        80200ad2         80200ad2        0     1                 
        80200ad8         80200ad8        0     1                 
        80200ad8         80200ad8        0     1                 
        80200ada         80200ada        0     1                 
        80200ade         80200ade        0     1                 
        80200ae6         80200ae6        0     1                 
        80200ae6         80200ae6        0     1                 
        80200aec         80200aec        0     1                 
        80200aec         80200aec        0     1                 
        80200aee         80200aee        0     1                 
        80200af2         80200af2        0     1                 
        80200afa         80200afa        0     1                 
        80200afa         80200afa        0     1                 
        80200afc         80200afc        0     1                 
        80200b02         80200b02        0     1                 
        80200b02         80200b02        0     1                 
        80200b0a         80200b0a        0     1                 
        80200b0a         80200b0a        0     1                 
        80200b0c         80200b0c        0     1                 
        80200b0e         80200b0e        0     1                 
        80200b0e         80200b0e        0     1                 
        80200b18         80200b18        0     1                 
        80200b18         80200b18        0     1                 
        80200b1c         80200b1c        0     1                 
        80200b22         80200b22        0     1                 
        80200b22         80200b22        0     1                 
        80200b2e         80200b2e        0     1                 
        80200b2e         80200b2e        0     1                 
        80200b32         80200b32        0     1                 
        80200b34         80200b34        0     1                 
        80200b38         80200b38        0     1                 
        80200b38         80200b38        0     1                 
        80200b44         80200b44        0     1                 
        80200b44         80200b44        0     1                 
        80200b48         80200b48        0     1                 
        80200b48         80200b48        0     1                 
        80200b4a         80200b4a        0     1                 
        80200b4e         80200b4e        0     1                 
        80200b50         80200b50        0     1                 
        80200b50         80200b50        0     1                 
        80200b54         80200b54        0     1                 
        80200b58         80200b58        0     1                 
        80200b5c         80200b5c        0     1                 
        80200b5c         80200b5c        0     1                 
        80200b5e         80200b5e        0     1                 
        80200b5e         80200b5e        0     1                 
        80200b62         80200b62        0     1                 
        80200b66         80200b66        0     1                 
        80200b72         80200b72        0     1                 
        80200b72         80200b72        0     1                 
        80200b7a         80200b7a        0     1                 
        80200b84         80200b84        0     1                 
        80200b84         80200b84        0     1                 
        80200b8a         80200b8a        0     1                 
        80200b8a         80200b8a        0     1                 
        80200b96         80200b96        0     1                 
        80200b96         80200b96        0     1                 
        80200b9a         80200b9a        0     1                 
        80200bb0         80200bb0        0     1                 
        80200bb4         80200bb4        0     1                 
        80200bb4         80200bb4        0     1                 
        80200bb4         80200bb4      169     4 .rodata
        80200bb4         80200bb4      169     1         <internal>:(.rodata.str1.1)
        80200d20         80200d20    10310     4 .data
        80200d20         80200d20    10310     1         shell.bin.o:(.data)
        80200d20         80200d20        0     1                 _binary_shell_bin_start
        80211030         80211030        0     1                 _binary_shell_bin_end
        80211030         80211030        8     8 .sdata
        80211030         80211030        8     8         /tmp/kernel-221fd7.o:(.sdata)
        80211030         80211030        8     1                 alloc_pages.next_paddr
        80211030         80211030        0     1                 $d.2
        80211038         80211038    100e0     8 .bss
        80211038         80211038        0     1         __bss = .
        80211038         80211038    100c0     8         /tmp/kernel-221fd7.o:(.bss)
        80211038         80211038        0     1                 $d.4
        80211038         80211038    100c0     1                 procs
        802210f8         802210f8       20     8         /tmp/kernel-221fd7.o:(.sbss)
        802210f8         802210f8        0     1                 $d.5
        802210f8         802210f8        8     1                 idle_proc
        80221100         80221100        8     1                 current_proc
        80221108         80221108        8     1                 proc_a
        80221110         80221110        8     1                 proc_b
        80221118         80221118        0     1         __bss_end = .
        80221118         80221118        8     1 . = ALIGN ( 16 )
        80221120         80221120    20000     1 . += 128 * 1024
        80241120         80241120        0     1 __stack_top = .
        80241120         80241120      ee0     1 . = ALIGN ( 4096 )
        80242000         80242000        0     1 __free_ram = .
        80242000         80242000  4000000     1 . += 64 * 1024 * 1024
        84242000         84242000        0     1 __free_ram_end = .
               0                0     16f4     1 .debug_loc
               0                0     1235     1         /tmp/kernel-221fd7.o:(.debug_loc)
               0                0        0     1                 
               0                0        0     1                 $d.6
              33               33        0     1                 
              66               66        0     1                 
              99               99        0     1                 
              ce               ce        0     1                 
             116              116        0     1                 
             14b              14b        0     1                 
             180              180        0     1                 
             1b3              1b3        0     1                 
             1e6              1e6        0     1                 
             23f              23f        0     1                 
             285              285        0     1                 
             304              304        0     1                 
             383              383        0     1                 
             3be              3be        0     1                 
             3f1              3f1        0     1                 
             424              424        0     1                 
             457              457        0     1                 
             48a              48a        0     1                 
             4bd              4bd        0     1                 
             4f0              4f0        0     1                 
             523              523        0     1                 
             556              556        0     1                 
             59d              59d        0     1                 
             5f6              5f6        0     1                 
             77b              77b        0     1                 
             7d5              7d5        0     1                 
             91c              91c        0     1                 
             94f              94f        0     1                 
             983              983        0     1                 
             9c9              9c9        0     1                 
             9fc              9fc        0     1                 
             a56              a56        0     1                 
             a9c              a9c        0     1                 
             aec              aec        0     1                 
             b1f              b1f        0     1                 
             b67              b67        0     1                 
             bad              bad        0     1                 
             c65              c65        0     1                 
             d42              d42        0     1                 
             d88              d88        0     1                 
             dbb              dbb        0     1                 
             e1a              e1a        0     1                 
             e50              e50        0     1                 
             e85              e85        0     1                 
             ee4              ee4        0     1                 
             f1a              f1a        0     1                 
             f4f              f4f        0     1                 
             fae              fae        0     1                 
             ff4              ff4        0     1                 
            1029             1029        0     1                 
            1082             1082        0     1                 
            10c8             10c8        0     1                 
            110e             110e        0     1                 
            1141             1141        0     1                 
            1187             1187        0     1                 
            11cd             11cd        0     1                 
            1202             1202        0     1                 
            1235             1235      4bf     1         /tmp/common-e0bef5.o:(.debug_loc)
            1235             1235        0     1                 
            1235             1235        0     1                 $d.2
            1291             1291        0     1                 
            12b6             12b6        0     1                 
            12d9             12d9        0     1                 
            1335             1335        0     1                 
            135a             135a        0     1                 
            1390             1390        0     1                 
            13d9             13d9        0     1                 
            1437             1437        0     1                 
            145a             145a        0     1                 
            1490             1490        0     1                 
            14c6             14c6        0     1                 
            1524             1524        0     1                 
            15f1             15f1        0     1                 
            1614             1614        0     1                 
            16a9             16a9        0     1                 
               0                0      444     1 .debug_abbrev
               0                0      30f     1         /tmp/kernel-221fd7.o:(.debug_abbrev)
               0                0        0     1                 $d.7
             30f              30f      135     1         /tmp/common-e0bef5.o:(.debug_abbrev)
             30f              30f        0     1                 $d.3
               0                0     13ea     1 .debug_info
               0                0     1058     1         /tmp/kernel-221fd7.o:(.debug_info)
               0                0        0     1                 $d.8
            1058             1058      392     1         /tmp/common-e0bef5.o:(.debug_info)
            1058             1058        0     1                 $d.4
               0                0      1c0     1 .debug_ranges
               0                0      190     1         /tmp/kernel-221fd7.o:(.debug_ranges)
               0                0        0     1                 
               0                0        0     1                 $d.9
              30               30        0     1                 
              60               60        0     1                 
              a0               a0        0     1                 
              d0               d0        0     1                 
             100              100        0     1                 
             130              130        0     1                 
             160              160        0     1                 
             190              190       30     1         /tmp/common-e0bef5.o:(.debug_ranges)
             190              190        0     1                 
             190              190        0     1                 $d.5
               0                0      3e7     1 .debug_str
               0                0      3e7     1         <internal>:(.debug_str)
               0                0       80     1 .comment
               0                0       80     1         <internal>:(.comment)
               0                0       2b     1 .riscv.attributes
               0                0       2b     1         <internal>:(.riscv.attributes)
               0                0      2c0     8 .debug_frame
               0                0      210     8         /tmp/kernel-221fd7.o:(.debug_frame)
               0                0        0     1                 
               0                0        0     1                 $d.13
             210              210       b0     8         /tmp/common-e0bef5.o:(.debug_frame)
             210              210        0     1                 
             210              210        0     1                 $d.9
               0                0      d3f     1 .debug_line
               0                0      984     1         /tmp/kernel-221fd7.o:(.debug_line)
               0                0        0     1                 .Lline_table_start0
               0                0        0     1                 $d.14
             984              984      3bb     1         /tmp/common-e0bef5.o:(.debug_line)
             984              984        0     1                 .Lline_table_start0
             984              984        0     1                 $d.10
               0                0     5ef8     8 .symtab
               0                0     5ef8     8         <internal>:(.symtab)
               0                0       ad     1 .shstrtab
               0                0       ad     1         <internal>:(.shstrtab)
               0                0      23f     1 .strtab
               0                0      23f     1         <internal>:(.strtab)
