             VMA              LMA     Size Align Out     In      Symbol
               0                0  1000000     1 . = 0x1000000
         1000000          1000000      412     2 .text
         1000000          1000000       1a     2         /tmp/user-64676d.o:(.text.start)
         1000000          1000000        0     1                 
         1000000          1000000        0     1                 
         1000000          1000000        0     1                 $x.1
         1000000          1000000        0     1                 
         1000000          1000000       1a     1                 start
         100001a          100001a        0     1                 
         100001a          100001a       f0     2         /tmp/mal-c2afa7.o:(.text)
         100001a          100001a        0     1                 
         100001a          100001a        0     1                 
         100001a          100001a        0     1                 $x.0
         100001a          100001a        0     1                 
         100001a          100001a       f0     1                 main
         1000022          1000022        0     1                 
         1000040          1000040        0     1                 
         1000040          1000040        0     1                 
         100004e          100004e        0     1                 
         100004e          100004e        0     1                 
         100005c          100005c        0     1                 
         100005c          100005c        0     1                 
         100006a          100006a        0     1                 
         100006a          100006a        0     1                 
         1000078          1000078        0     1                 
         1000078          1000078        0     1                 
         1000086          1000086        0     1                 
         1000086          1000086        0     1                 
         1000094          1000094        0     1                 
         1000094          1000094        0     1                 
         10000a2          10000a2        0     1                 
         10000a2          10000a2        0     1                 
         10000b0          10000b0        0     1                 
         10000b0          10000b0        0     1                 
         10000be          10000be        0     1                 
         10000be          10000be        0     1                 
         10000d0          10000d0        0     1                 
         10000d0          10000d0        0     1                 
         10000da          10000da        0     1                 
         10000da          10000da        0     1                 
         10000e4          10000e4        0     1                 
         10000e4          10000e4        0     1                 
         10000ee          10000ee        0     1                 
         10000ee          10000ee        0     1                 
         10000f8          10000f8        0     1                 
         10000f8          10000f8        0     1                 
         1000102          1000102        0     1                 
         1000102          1000102        0     1                 
         100010a          100010a        0     1                 
         100010a          100010a        0     1                 
         100010a          100010a       88     2         /tmp/user-64676d.o:(.text)
         100010a          100010a        0     1                 
         100010a          100010a        0     1                 
         100010a          100010a        0     1                 $x.0
         100010a          100010a        0     1                 
         100010a          100010a       12     1                 syscall
         100010c          100010c        0     1                 
         1000118          1000118        0     1                 
         100011c          100011c        0     1                 
         100011c          100011c        0     1                 
         100011c          100011c        0     1                 
         100011c          100011c        c     1                 putchar
         1000126          1000126        0     1                 
         1000128          1000128        0     1                 
         1000128          1000128        0     1                 
         1000128          1000128        0     1                 
         1000128          1000128       10     1                 getchar
         1000134          1000134        0     1                 
         1000138          1000138        0     1                 
         1000138          1000138        0     1                 
         1000138          1000138        0     1                 
         1000138          1000138        e     1                 readfile
         100013a          100013a        0     1                 
         100013c          100013c        0     1                 
         100013c          100013c        0     1                 
         1000142          1000142        0     1                 
         1000146          1000146        0     1                 
         1000146          1000146        0     1                 
         1000146          1000146        0     1                 
         1000146          1000146        e     1                 writefile
         1000148          1000148        0     1                 
         100014a          100014a        0     1                 
         100014a          100014a        0     1                 
         1000150          1000150        0     1                 
         1000154          1000154        0     1                 
         1000154          1000154        0     1                 
         1000154          1000154        0     1                 
         1000154          1000154        a     1                 ipc_send
         100015a          100015a        0     1                 
         100015e          100015e        0     1                 
         100015e          100015e        0     1                 
         100015e          100015e        0     1                 
         100015e          100015e        e     1                 monitor_kill
         1000168          1000168        0     1                 
         100016c          100016c        0     1                 
         100016c          100016c        0     1                 
         100016c          100016c        0     1                 
         100016c          100016c        c     1                 ipc_recv
         1000174          1000174        0     1                 
         1000178          1000178        0     1                 
         1000178          1000178        0     1                 
         1000178          1000178        0     1                 
         1000178          1000178        c     1                 spawn
         1000180          1000180        0     1                 
         1000184          1000184        0     1                 
         1000184          1000184        0     1                 
         1000184          1000184        0     1                 
         1000184          1000184        e     1                 exit
         1000190          1000190        0     1                 
         1000192          1000192        0     1                 
         1000192          1000192        0     1                 
         1000192          1000192      280     2         /tmp/common-dbf31e.o:(.text)
         1000192          1000192        0     1                 
         1000192          1000192        0     1                 
         1000192          1000192        0     1                 $x.0
         1000192          1000192        0     1                 
         1000192          1000192       16     1                 memset
         1000196          1000196        0     1                 
         1000196          1000196        0     1                 
         1000198          1000198        0     1                 
         1000198          1000198        0     1                 
         100019c          100019c        0     1                 
         100019c          100019c        0     1                 
         10001a0          10001a0        0     1                 
         10001a2          10001a2        0     1                 
         10001a2          10001a2        0     1                 
         10001a6          10001a6        0     1                 
         10001a6          10001a6        0     1                 
         10001a8          10001a8        0     1                 
         10001a8          10001a8        0     1                 
         10001a8          10001a8        0     1                 
         10001a8          10001a8        0     1                 
         10001a8          10001a8        0     1                 
         10001a8          10001a8       1c     1                 memcpy
         10001ac          10001ac        0     1                 
         10001ac          10001ac        0     1                 
         10001ae          10001ae        0     1                 
         10001ae          10001ae        0     1                 
         10001b2          10001b2        0     1                 
         10001b4          10001b4        0     1                 
         10001b8          10001b8        0     1                 
         10001b8          10001b8        0     1                 
         10001bc          10001bc        0     1                 
         10001be          10001be        0     1                 
         10001be          10001be        0     1                 
         10001c2          10001c2        0     1                 
         10001c2          10001c2        0     1                 
         10001c4          10001c4        0     1                 
         10001c4          10001c4        0     1                 
         10001c4          10001c4        0     1                 
         10001c4          10001c4        0     1                 
         10001c4          10001c4        0     1                 
         10001c4          10001c4       24     1                 strcpy
         10001ca          10001ca        0     1                 
         10001ce          10001ce        0     1                 
         10001ce          10001ce        0     1                 
         10001d0          10001d0        0     1                 
         10001d0          10001d0        0     1                 
         10001d4          10001d4        0     1                 
         10001d8          10001d8        0     1                 
         10001dc          10001dc        0     1                 
         10001dc          10001dc        0     1                 
         10001de          10001de        0     1                 
         10001de          10001de        0     1                 
         10001e0          10001e0        0     1                 
         10001e2          10001e2        0     1                 
         10001e2          10001e2        0     1                 
         10001e6          10001e6        0     1                 
         10001e8          10001e8        0     1                 
         10001e8          10001e8        0     1                 
         10001e8          10001e8        0     1                 
         10001e8          10001e8        0     1                 
         10001e8          10001e8        0     1                 
         10001e8          10001e8       2e     1                 strcmp
         10001ec          10001ec        0     1                 
         10001ee          10001ee        0     1                 
         10001f0          10001f0        0     1                 
         10001f0          10001f0        0     1                 
         10001f8          10001f8        0     1                 
         10001fc          10001fc        0     1                 
         10001fc          10001fc        0     1                 
         1000200          1000200        0     1                 
         1000202          1000202        0     1                 
         1000204          1000204        0     1                 
         1000206          1000206        0     1                 
         100020c          100020c        0     1                 
         100020c          100020c        0     1                 
         100020e          100020e        0     1                 
         100020e          100020e        0     1                 
         1000212          1000212        0     1                 
         1000212          1000212        0     1                 
         1000214          1000214        0     1                 
         1000216          1000216        0     1                 
         1000216          1000216        0     1                 
         1000216          1000216        0     1                 
         1000216          1000216        0     1                 
         1000216          1000216        0     1                 
         1000216          1000216      1fc     1                 printf
         1000234          1000234        0     1                 
         1000244          1000244        0     1                 
         100026e          100026e        0     1                 
         1000272          1000272        0     1                 
         1000274          1000274        0     1                 
         1000278          1000278        0     1                 
         1000280          1000280        0     1                 
         1000288          1000288        0     1                 
         1000288          1000288        0     1                 
         100028a          100028a        0     1                 
         100028c          100028c        0     1                 
         1000290          1000290        0     1                 
         1000292          1000292        0     1                 
         10002a2          10002a2        0     1                 
         10002a2          10002a2        0     1                 
         10002ae          10002ae        0     1                 
         10002b2          10002b2        0     1                 
         10002b2          10002b2        0     1                 
         10002b4          10002b4        0     1                 
         10002ba          10002ba        0     1                 
         10002ba          10002ba        0     1                 
         10002c2          10002c2        0     1                 
         10002c2          10002c2        0     1                 
         10002ce          10002ce        0     1                 
         10002ce          10002ce        0     1                 
         10002d2          10002d2        0     1                 
         10002d2          10002d2        0     1                 
         10002d4          10002d4        0     1                 
         10002d8          10002d8        0     1                 
         10002e0          10002e0        0     1                 
         10002e0          10002e0        0     1                 
         10002e6          10002e6        0     1                 
         10002e6          10002e6        0     1                 
         10002e8          10002e8        0     1                 
         10002ec          10002ec        0     1                 
         10002f4          10002f4        0     1                 
         10002f4          10002f4        0     1                 
         10002fa          10002fa        0     1                 
         10002fa          10002fa        0     1                 
         10002fc          10002fc        0     1                 
         1000300          1000300        0     1                 
         1000308          1000308        0     1                 
         1000308          1000308        0     1                 
         100030e          100030e        0     1                 
         100030e          100030e        0     1                 
         1000310          1000310        0     1                 
         1000314          1000314        0     1                 
         100031c          100031c        0     1                 
         100031c          100031c        0     1                 
         1000322          1000322        0     1                 
         1000322          1000322        0     1                 
         1000324          1000324        0     1                 
         1000328          1000328        0     1                 
         1000330          1000330        0     1                 
         1000330          1000330        0     1                 
         1000336          1000336        0     1                 
         1000336          1000336        0     1                 
         1000338          1000338        0     1                 
         100033c          100033c        0     1                 
         1000344          1000344        0     1                 
         1000344          1000344        0     1                 
         100034a          100034a        0     1                 
         100034a          100034a        0     1                 
         100034c          100034c        0     1                 
         1000350          1000350        0     1                 
         1000358          1000358        0     1                 
         1000358          1000358        0     1                 
         100035a          100035a        0     1                 
         1000360          1000360        0     1                 
         1000360          1000360        0     1                 
         1000368          1000368        0     1                 
         1000368          1000368        0     1                 
         100036a          100036a        0     1                 
         100036c          100036c        0     1                 
         100036c          100036c        0     1                 
         1000376          1000376        0     1                 
         1000376          1000376        0     1                 
         100037a          100037a        0     1                 
         1000380          1000380        0     1                 
         1000380          1000380        0     1                 
         100038c          100038c        0     1                 
         100038c          100038c        0     1                 
         1000390          1000390        0     1                 
         1000392          1000392        0     1                 
         1000396          1000396        0     1                 
         1000396          1000396        0     1                 
         10003a2          10003a2        0     1                 
         10003a2          10003a2        0     1                 
         10003a6          10003a6        0     1                 
         10003a6          10003a6        0     1                 
         10003a8          10003a8        0     1                 
         10003ac          10003ac        0     1                 
         10003ae          10003ae        0     1                 
         10003ae          10003ae        0     1                 
         10003b2          10003b2        0     1                 
         10003b6          10003b6        0     1                 
         10003ba          10003ba        0     1                 
         10003ba          10003ba        0     1                 
         10003bc          10003bc        0     1                 
         10003bc          10003bc        0     1                 
         10003c0          10003c0        0     1                 
         10003c4          10003c4        0     1                 
         10003d0          10003d0        0     1                 
         10003d0          10003d0        0     1                 
         10003d8          10003d8        0     1                 
         10003e2          10003e2        0     1                 
         10003e2          10003e2        0     1                 
         10003e8          10003e8        0     1                 
         10003e8          10003e8        0     1                 
         10003f4          10003f4        0     1                 
         10003f4          10003f4        0     1                 
         10003f8          10003f8        0     1                 
         100040e          100040e        0     1                 
         1000412          1000412        0     1                 
         1000412          1000412        0     1                 
         1000414          1000414       57     4 .rodata
         1000414          1000414       57     1         <internal>:(.rodata.str1.1)
         100046c          100046c    10004     4 .bss
         100046c          100046c        4     1         . = ALIGN ( 16 )
         1000470          1000470    10000     1         . += 64 * 1024
         1010470          1010470        0     1         __stack_top = .
         1010470          1010470        0     1         
               0                0      347     1 .debug_abbrev
               0                0       be     1         /tmp/mal-c2afa7.o:(.debug_abbrev)
               0                0        0     1                 $d.2
              be               be      154     1         /tmp/user-64676d.o:(.debug_abbrev)
              be               be        0     1                 $d.3
             212              212      135     1         /tmp/common-dbf31e.o:(.debug_abbrev)
             212              212        0     1                 $d.3
               0                0      ad7     1 .debug_info
               0                0      1c8     1         /tmp/mal-c2afa7.o:(.debug_info)
               0                0        0     1                 $d.3
             1c8              1c8      57d     1         /tmp/user-64676d.o:(.debug_info)
             1c8              1c8        0     1                 $d.4
             745              745      392     1         /tmp/common-dbf31e.o:(.debug_info)
             745              745        0     1                 $d.4
               0                0      237     1 .debug_str
               0                0      237     1         <internal>:(.debug_str)
               0                0       80     1 .comment
               0                0       80     1         <internal>:(.comment)
               0                0       2b     1 .riscv.attributes
               0                0       2b     1         <internal>:(.riscv.attributes)
               0                0      210     8 .debug_frame
               0                0       40     8         /tmp/mal-c2afa7.o:(.debug_frame)
               0                0        0     1                 
               0                0        0     1                 $d.7
              40               40      120     8         /tmp/user-64676d.o:(.debug_frame)
              40               40        0     1                 
              40               40        0     1                 $d.9
             160              160       b0     8         /tmp/common-dbf31e.o:(.debug_frame)
             160              160        0     1                 
             160              160        0     1                 $d.9
               0                0      58b     1 .debug_line
               0                0       bc     1         /tmp/mal-c2afa7.o:(.debug_line)
               0                0        0     1                 .Lline_table_start0
               0                0        0     1                 $d.8
              bc               bc      114     1         /tmp/user-64676d.o:(.debug_line)
              bc               bc        0     1                 .Lline_table_start0
              bc               bc        0     1                 $d.10
             1d0              1d0      3bb     1         /tmp/common-dbf31e.o:(.debug_line)
             1d0              1d0        0     1                 .Lline_table_start0
             1d0              1d0        0     1                 $d.10
               0                0      902     1 .debug_loc
               0                0      443     1         /tmp/user-64676d.o:(.debug_loc)
               0                0        0     1                 
               0                0        0     1                 $d.2
              59               59        0     1                 
              9f               9f        0     1                 
              e5               e5        0     1                 
             12b              12b        0     1                 
             171              171        0     1                 
             1b7              1b7        0     1                 
             1fd              1fd        0     1                 
             230              230        0     1                 
             277              277        0     1                 
             2aa              2aa        0     1                 
             2dd              2dd        0     1                 
             310              310        0     1                 
             343              343        0     1                 
             376              376        0     1                 
             3a9              3a9        0     1                 
             3dc              3dc        0     1                 
             40f              40f        0     1                 
             443              443      4bf     1         /tmp/common-dbf31e.o:(.debug_loc)
             443              443        0     1                 
             443              443        0     1                 $d.2
             49f              49f        0     1                 
             4c4              4c4        0     1                 
             4e7              4e7        0     1                 
             543              543        0     1                 
             568              568        0     1                 
             59e              59e        0     1                 
             5e7              5e7        0     1                 
             645              645        0     1                 
             668              668        0     1                 
             69e              69e        0     1                 
             6d4              6d4        0     1                 
             732              732        0     1                 
             7ff              7ff        0     1                 
             822              822        0     1                 
             8b7              8b7        0     1                 
               0                0       60     1 .debug_ranges
               0                0       30     1         /tmp/user-64676d.o:(.debug_ranges)
               0                0        0     1                 
               0                0        0     1                 $d.5
              30               30       30     1         /tmp/common-dbf31e.o:(.debug_ranges)
              30               30        0     1                 
              30               30        0     1                 $d.5
               0                0     2b38     8 .symtab
               0                0     2b38     8         <internal>:(.symtab)
               0                0       a0     1 .shstrtab
               0                0       a0     1         <internal>:(.shstrtab)
               0                0      143     1 .strtab
               0                0      143     1         <internal>:(.strtab)
