             VMA              LMA     Size Align Out     In      Symbol
               0                0  1000000     1 . = 0x1000000
         1000000          1000000      3e8     2 .text
         1000000          1000000       1a     2         /tmp/user-d5c25b.o:(.text.start)
         1000000          1000000        0     1                 
         1000000          1000000        0     1                 
         1000000          1000000        0     1                 $x.1
         1000000          1000000        0     1                 
         1000000          1000000       1a     1                 start
         100001a          100001a        0     1                 
         100001a          100001a       a2     2         /tmp/mal-1659d2.o:(.text)
         100001a          100001a        0     1                 
         100001a          100001a        0     1                 
         100001a          100001a        0     1                 $x.0
         100001a          100001a        0     1                 
         100001a          100001a        4     1                 socket
         100001e          100001e        0     1                 
         100001e          100001e        0     1                 
         100001e          100001e        0     1                 
         100001e          100001e        e     1                 htons
         1000026          1000026        0     1                 
         100002c          100002c        0     1                 
         100002c          100002c        0     1                 
         100002c          100002c        0     1                 
         100002c          100002c        4     1                 inet_addr
         1000030          1000030        0     1                 
         1000030          1000030        0     1                 
         1000030          1000030        0     1                 
         1000030          1000030       8c     1                 main
         1000034          1000034        0     1                 
         1000044          1000044        0     1                 
         1000044          1000044        0     1                 
         100004a          100004a        0     1                 
         100004c          100004c        0     1                 
         100004e          100004e        0     1                 
         100005c          100005c        0     1                 
         100005c          100005c        0     1                 
         1000068          1000068        0     1                 
         1000068          1000068        0     1                 
         1000074          1000074        0     1                 
         1000074          1000074        0     1                 
         1000080          1000080        0     1                 
         1000080          1000080        0     1                 
         1000094          1000094        0     1                 
         1000094          1000094        0     1                 
         10000a4          10000a4        0     1                 
         10000a4          10000a4        0     1                 
         10000b4          10000b4        0     1                 
         10000b4          10000b4        0     1                 
         10000bc          10000bc        0     1                 
         10000bc          10000bc        0     1                 
         10000bc          10000bc       ac     2         /tmp/user-d5c25b.o:(.text)
         10000bc          10000bc        0     1                 
         10000bc          10000bc        0     1                 
         10000bc          10000bc        0     1                 $x.0
         10000bc          10000bc        0     1                 
         10000bc          10000bc       12     1                 syscall
         10000be          10000be        0     1                 
         10000ca          10000ca        0     1                 
         10000ce          10000ce        0     1                 
         10000ce          10000ce        0     1                 
         10000ce          10000ce        0     1                 
         10000ce          10000ce        c     1                 putchar
         10000d8          10000d8        0     1                 
         10000da          10000da        0     1                 
         10000da          10000da        0     1                 
         10000da          10000da        0     1                 
         10000da          10000da       10     1                 getchar
         10000e6          10000e6        0     1                 
         10000ea          10000ea        0     1                 
         10000ea          10000ea        0     1                 
         10000ea          10000ea        0     1                 
         10000ea          10000ea        e     1                 readfile
         10000ec          10000ec        0     1                 
         10000ee          10000ee        0     1                 
         10000ee          10000ee        0     1                 
         10000f4          10000f4        0     1                 
         10000f8          10000f8        0     1                 
         10000f8          10000f8        0     1                 
         10000f8          10000f8        0     1                 
         10000f8          10000f8        e     1                 writefile
         10000fa          10000fa        0     1                 
         10000fc          10000fc        0     1                 
         10000fc          10000fc        0     1                 
         1000102          1000102        0     1                 
         1000106          1000106        0     1                 
         1000106          1000106        0     1                 
         1000106          1000106        0     1                 
         1000106          1000106        a     1                 ipc_send
         100010c          100010c        0     1                 
         1000110          1000110        0     1                 
         1000110          1000110        0     1                 
         1000110          1000110        0     1                 
         1000110          1000110        e     1                 monitor_kill
         100011a          100011a        0     1                 
         100011e          100011e        0     1                 
         100011e          100011e        0     1                 
         100011e          100011e        0     1                 
         100011e          100011e        c     1                 ipc_recv
         1000126          1000126        0     1                 
         100012a          100012a        0     1                 
         100012a          100012a        0     1                 
         100012a          100012a        0     1                 
         100012a          100012a        c     1                 spawn
         1000132          1000132        0     1                 
         1000136          1000136        0     1                 
         1000136          1000136        0     1                 
         1000136          1000136        0     1                 
         1000136          1000136        e     1                 exit
         1000142          1000142        0     1                 
         1000144          1000144        0     1                 
         1000144          1000144        0     1                 
         1000144          1000144        0     1                 
         1000144          1000144        0     1                 
         1000144          1000144        0     1                 
         1000144          1000144        e     1                 _connect
         1000146          1000146        0     1                 
         1000148          1000148        0     1                 
         1000148          1000148        0     1                 
         100014e          100014e        0     1                 
         100014e          100014e        0     1                 
         1000152          1000152        0     1                 
         1000152          1000152        0     1                 
         1000152          1000152        0     1                 
         1000152          1000152        c     1                 _dup2
         100015a          100015a        0     1                 
         100015a          100015a        0     1                 
         100015e          100015e        0     1                 
         100015e          100015e        0     1                 
         100015e          100015e        0     1                 
         100015e          100015e        a     1                 _execve
         1000164          1000164        0     1                 
         1000164          1000164        0     1                 
         1000168          1000168        0     1                 
         1000168          1000168      280     2         /tmp/common-f19547.o:(.text)
         1000168          1000168        0     1                 
         1000168          1000168        0     1                 
         1000168          1000168        0     1                 $x.0
         1000168          1000168        0     1                 
         1000168          1000168       16     1                 memset
         100016c          100016c        0     1                 
         100016c          100016c        0     1                 
         100016e          100016e        0     1                 
         100016e          100016e        0     1                 
         1000172          1000172        0     1                 
         1000172          1000172        0     1                 
         1000176          1000176        0     1                 
         1000178          1000178        0     1                 
         1000178          1000178        0     1                 
         100017c          100017c        0     1                 
         100017c          100017c        0     1                 
         100017e          100017e        0     1                 
         100017e          100017e        0     1                 
         100017e          100017e        0     1                 
         100017e          100017e        0     1                 
         100017e          100017e        0     1                 
         100017e          100017e       1c     1                 memcpy
         1000182          1000182        0     1                 
         1000182          1000182        0     1                 
         1000184          1000184        0     1                 
         1000184          1000184        0     1                 
         1000188          1000188        0     1                 
         100018a          100018a        0     1                 
         100018e          100018e        0     1                 
         100018e          100018e        0     1                 
         1000192          1000192        0     1                 
         1000194          1000194        0     1                 
         1000194          1000194        0     1                 
         1000198          1000198        0     1                 
         1000198          1000198        0     1                 
         100019a          100019a        0     1                 
         100019a          100019a        0     1                 
         100019a          100019a        0     1                 
         100019a          100019a        0     1                 
         100019a          100019a        0     1                 
         100019a          100019a       24     1                 strcpy
         10001a0          10001a0        0     1                 
         10001a4          10001a4        0     1                 
         10001a4          10001a4        0     1                 
         10001a6          10001a6        0     1                 
         10001a6          10001a6        0     1                 
         10001aa          10001aa        0     1                 
         10001ae          10001ae        0     1                 
         10001b2          10001b2        0     1                 
         10001b2          10001b2        0     1                 
         10001b4          10001b4        0     1                 
         10001b4          10001b4        0     1                 
         10001b6          10001b6        0     1                 
         10001b8          10001b8        0     1                 
         10001b8          10001b8        0     1                 
         10001bc          10001bc        0     1                 
         10001be          10001be        0     1                 
         10001be          10001be        0     1                 
         10001be          10001be        0     1                 
         10001be          10001be        0     1                 
         10001be          10001be        0     1                 
         10001be          10001be       2e     1                 strcmp
         10001c2          10001c2        0     1                 
         10001c4          10001c4        0     1                 
         10001c6          10001c6        0     1                 
         10001c6          10001c6        0     1                 
         10001ce          10001ce        0     1                 
         10001d2          10001d2        0     1                 
         10001d2          10001d2        0     1                 
         10001d6          10001d6        0     1                 
         10001d8          10001d8        0     1                 
         10001da          10001da        0     1                 
         10001dc          10001dc        0     1                 
         10001e2          10001e2        0     1                 
         10001e2          10001e2        0     1                 
         10001e4          10001e4        0     1                 
         10001e4          10001e4        0     1                 
         10001e8          10001e8        0     1                 
         10001e8          10001e8        0     1                 
         10001ea          10001ea        0     1                 
         10001ec          10001ec        0     1                 
         10001ec          10001ec        0     1                 
         10001ec          10001ec        0     1                 
         10001ec          10001ec        0     1                 
         10001ec          10001ec        0     1                 
         10001ec          10001ec      1fc     1                 printf
         100020a          100020a        0     1                 
         100021a          100021a        0     1                 
         1000244          1000244        0     1                 
         1000248          1000248        0     1                 
         100024a          100024a        0     1                 
         100024e          100024e        0     1                 
         1000256          1000256        0     1                 
         100025e          100025e        0     1                 
         100025e          100025e        0     1                 
         1000260          1000260        0     1                 
         1000262          1000262        0     1                 
         1000266          1000266        0     1                 
         1000268          1000268        0     1                 
         1000278          1000278        0     1                 
         1000278          1000278        0     1                 
         1000284          1000284        0     1                 
         1000288          1000288        0     1                 
         1000288          1000288        0     1                 
         100028a          100028a        0     1                 
         1000290          1000290        0     1                 
         1000290          1000290        0     1                 
         1000298          1000298        0     1                 
         1000298          1000298        0     1                 
         10002a4          10002a4        0     1                 
         10002a4          10002a4        0     1                 
         10002a8          10002a8        0     1                 
         10002a8          10002a8        0     1                 
         10002aa          10002aa        0     1                 
         10002ae          10002ae        0     1                 
         10002b6          10002b6        0     1                 
         10002b6          10002b6        0     1                 
         10002bc          10002bc        0     1                 
         10002bc          10002bc        0     1                 
         10002be          10002be        0     1                 
         10002c2          10002c2        0     1                 
         10002ca          10002ca        0     1                 
         10002ca          10002ca        0     1                 
         10002d0          10002d0        0     1                 
         10002d0          10002d0        0     1                 
         10002d2          10002d2        0     1                 
         10002d6          10002d6        0     1                 
         10002de          10002de        0     1                 
         10002de          10002de        0     1                 
         10002e4          10002e4        0     1                 
         10002e4          10002e4        0     1                 
         10002e6          10002e6        0     1                 
         10002ea          10002ea        0     1                 
         10002f2          10002f2        0     1                 
         10002f2          10002f2        0     1                 
         10002f8          10002f8        0     1                 
         10002f8          10002f8        0     1                 
         10002fa          10002fa        0     1                 
         10002fe          10002fe        0     1                 
         1000306          1000306        0     1                 
         1000306          1000306        0     1                 
         100030c          100030c        0     1                 
         100030c          100030c        0     1                 
         100030e          100030e        0     1                 
         1000312          1000312        0     1                 
         100031a          100031a        0     1                 
         100031a          100031a        0     1                 
         1000320          1000320        0     1                 
         1000320          1000320        0     1                 
         1000322          1000322        0     1                 
         1000326          1000326        0     1                 
         100032e          100032e        0     1                 
         100032e          100032e        0     1                 
         1000330          1000330        0     1                 
         1000336          1000336        0     1                 
         1000336          1000336        0     1                 
         100033e          100033e        0     1                 
         100033e          100033e        0     1                 
         1000340          1000340        0     1                 
         1000342          1000342        0     1                 
         1000342          1000342        0     1                 
         100034c          100034c        0     1                 
         100034c          100034c        0     1                 
         1000350          1000350        0     1                 
         1000356          1000356        0     1                 
         1000356          1000356        0     1                 
         1000362          1000362        0     1                 
         1000362          1000362        0     1                 
         1000366          1000366        0     1                 
         1000368          1000368        0     1                 
         100036c          100036c        0     1                 
         100036c          100036c        0     1                 
         1000378          1000378        0     1                 
         1000378          1000378        0     1                 
         100037c          100037c        0     1                 
         100037c          100037c        0     1                 
         100037e          100037e        0     1                 
         1000382          1000382        0     1                 
         1000384          1000384        0     1                 
         1000384          1000384        0     1                 
         1000388          1000388        0     1                 
         100038c          100038c        0     1                 
         1000390          1000390        0     1                 
         1000390          1000390        0     1                 
         1000392          1000392        0     1                 
         1000392          1000392        0     1                 
         1000396          1000396        0     1                 
         100039a          100039a        0     1                 
         10003a6          10003a6        0     1                 
         10003a6          10003a6        0     1                 
         10003ae          10003ae        0     1                 
         10003b8          10003b8        0     1                 
         10003b8          10003b8        0     1                 
         10003be          10003be        0     1                 
         10003be          10003be        0     1                 
         10003ca          10003ca        0     1                 
         10003ca          10003ca        0     1                 
         10003ce          10003ce        0     1                 
         10003e4          10003e4        0     1                 
         10003e8          10003e8        0     1                 
         10003e8          10003e8        0     1                 
         10003e8          10003e8       46     4 .rodata
         10003e8          10003e8       46     1         <internal>:(.rodata.str1.1)
         1000430          1000430    10000     4 .bss
         1000430          1000430        0     1         . = ALIGN ( 16 )
         1000430          1000430    10000     1         . += 64 * 1024
         1010430          1010430        0     1         __stack_top = .
         1010430          1010430        0     1         
               0                0      a5c     1 .debug_loc
               0                0       8e     1         /tmp/mal-1659d2.o:(.debug_loc)
               0                0        0     1                 
               0                0        0     1                 $d.2
              23               23        0     1                 
              46               46        0     1                 
              69               69        0     1                 
              8e               8e      50f     1         /tmp/user-d5c25b.o:(.debug_loc)
              8e               8e        0     1                 
              8e               8e        0     1                 $d.2
              e7               e7        0     1                 
             12d              12d        0     1                 
             173              173        0     1                 
             1b9              1b9        0     1                 
             1ff              1ff        0     1                 
             245              245        0     1                 
             28b              28b        0     1                 
             2be              2be        0     1                 
             305              305        0     1                 
             338              338        0     1                 
             36b              36b        0     1                 
             39e              39e        0     1                 
             3d1              3d1        0     1                 
             404              404        0     1                 
             437              437        0     1                 
             46a              46a        0     1                 
             49d              49d        0     1                 
             4d1              4d1        0     1                 
             504              504        0     1                 
             537              537        0     1                 
             56a              56a        0     1                 
             59d              59d      4bf     1         /tmp/common-f19547.o:(.debug_loc)
             59d              59d        0     1                 
             59d              59d        0     1                 $d.2
             5f9              5f9        0     1                 
             61e              61e        0     1                 
             641              641        0     1                 
             69d              69d        0     1                 
             6c2              6c2        0     1                 
             6f8              6f8        0     1                 
             741              741        0     1                 
             79f              79f        0     1                 
             7c2              7c2        0     1                 
             7f8              7f8        0     1                 
             82e              82e        0     1                 
             88c              88c        0     1                 
             959              959        0     1                 
             97c              97c        0     1                 
             a11              a11        0     1                 
               0                0      406     1 .debug_abbrev
               0                0      146     1         /tmp/mal-1659d2.o:(.debug_abbrev)
               0                0        0     1                 $d.3
             146              146      18b     1         /tmp/user-d5c25b.o:(.debug_abbrev)
             146              146        0     1                 $d.3
             2d1              2d1      135     1         /tmp/common-f19547.o:(.debug_abbrev)
             2d1              2d1        0     1                 $d.3
               0                0      e6f     1 .debug_info
               0                0      34c     1         /tmp/mal-1659d2.o:(.debug_info)
               0                0        0     1                 $d.4
             34c              34c      791     1         /tmp/user-d5c25b.o:(.debug_info)
             34c              34c        0     1                 $d.4
             add              add      392     1         /tmp/common-f19547.o:(.debug_info)
             add              add        0     1                 $d.4
               0                0      35b     1 .debug_str
               0                0      35b     1         <internal>:(.debug_str)
               0                0       80     1 .comment
               0                0       80     1         <internal>:(.comment)
               0                0       2b     1 .riscv.attributes
               0                0       2b     1         <internal>:(.riscv.attributes)
               0                0      298     8 .debug_frame
               0                0       80     8         /tmp/mal-1659d2.o:(.debug_frame)
               0                0        0     1                 
               0                0        0     1                 $d.8
              80               80      168     8         /tmp/user-d5c25b.o:(.debug_frame)
              80               80        0     1                 
              80               80        0     1                 $d.9
             1e8              1e8       b0     8         /tmp/common-f19547.o:(.debug_frame)
             1e8              1e8        0     1                 
             1e8              1e8        0     1                 $d.9
               0                0      604     1 .debug_line
               0                0       f9     1         /tmp/mal-1659d2.o:(.debug_line)
               0                0        0     1                 .Lline_table_start0
               0                0        0     1                 $d.9
              f9               f9      150     1         /tmp/user-d5c25b.o:(.debug_line)
              f9               f9        0     1                 .Lline_table_start0
              f9               f9        0     1                 $d.10
             249              249      3bb     1         /tmp/common-f19547.o:(.debug_line)
             249              249        0     1                 .Lline_table_start0
             249              249        0     1                 $d.10
               0                0       60     1 .debug_ranges
               0                0       30     1         /tmp/user-d5c25b.o:(.debug_ranges)
               0                0        0     1                 
               0                0        0     1                 $d.5
              30               30       30     1         /tmp/common-f19547.o:(.debug_ranges)
              30               30        0     1                 
              30               30        0     1                 $d.5
               0                0     32b8     8 .symtab
               0                0     32b8     8         <internal>:(.symtab)
               0                0       a0     1 .shstrtab
               0                0       a0     1         <internal>:(.shstrtab)
               0                0      176     1 .strtab
               0                0      176     1         <internal>:(.strtab)
