             VMA              LMA     Size Align Out     In      Symbol
               0                0  1000000     1 . = 0x1000000
         1000000          1000000      3be     2 .text
         1000000          1000000       1a     2         /tmp/user-dc45e6.o:(.text.start)
         1000000          1000000        0     1                 
         1000000          1000000        0     1                 
         1000000          1000000        0     1                 $x.1
         1000000          1000000        0     1                 
         1000000          1000000       1a     1                 start
         100001a          100001a        0     1                 
         100001a          100001a       9c     2         /tmp/monitor-629fcc.o:(.text)
         100001a          100001a        0     1                 
         100001a          100001a        0     1                 
         100001a          100001a        0     1                 $x.0
         100001a          100001a        0     1                 
         100001a          100001a       9c     1                 main
         1000026          1000026        0     1                 
         1000036          1000036        0     1                 
         1000046          1000046        0     1                 
         1000046          1000046        0     1                 
         1000050          1000050        0     1                 
         1000050          1000050        0     1                 
         100005e          100005e        0     1                 
         100005e          100005e        0     1                 
         1000062          1000062        0     1                 
         1000064          1000064        0     1                 
         1000064          1000064        0     1                 
         1000068          1000068        0     1                 
         100006a          100006a        0     1                 
         1000070          1000070        0     1                 
         1000078          1000078        0     1                 
         100007c          100007c        0     1                 
         100008c          100008c        0     1                 
         100008c          100008c        0     1                 
         100008e          100008e        0     1                 
         1000096          1000096        0     1                 
         1000096          1000096        0     1                 
         10000a6          10000a6        0     1                 
         10000a6          10000a6        0     1                 
         10000b2          10000b2        0     1                 
         10000b6          10000b6        0     1                 
         10000b6          10000b6        0     1                 
         10000b6          10000b6       88     2         /tmp/user-dc45e6.o:(.text)
         10000b6          10000b6        0     1                 
         10000b6          10000b6        0     1                 
         10000b6          10000b6        0     1                 $x.0
         10000b6          10000b6        0     1                 
         10000b6          10000b6       12     1                 syscall
         10000b8          10000b8        0     1                 
         10000c4          10000c4        0     1                 
         10000c8          10000c8        0     1                 
         10000c8          10000c8        0     1                 
         10000c8          10000c8        0     1                 
         10000c8          10000c8        c     1                 putchar
         10000d2          10000d2        0     1                 
         10000d4          10000d4        0     1                 
         10000d4          10000d4        0     1                 
         10000d4          10000d4        0     1                 
         10000d4          10000d4       10     1                 getchar
         10000e0          10000e0        0     1                 
         10000e4          10000e4        0     1                 
         10000e4          10000e4        0     1                 
         10000e4          10000e4        0     1                 
         10000e4          10000e4        e     1                 readfile
         10000e6          10000e6        0     1                 
         10000e8          10000e8        0     1                 
         10000e8          10000e8        0     1                 
         10000ee          10000ee        0     1                 
         10000f2          10000f2        0     1                 
         10000f2          10000f2        0     1                 
         10000f2          10000f2        0     1                 
         10000f2          10000f2        e     1                 writefile
         10000f4          10000f4        0     1                 
         10000f6          10000f6        0     1                 
         10000f6          10000f6        0     1                 
         10000fc          10000fc        0     1                 
         1000100          1000100        0     1                 
         1000100          1000100        0     1                 
         1000100          1000100        0     1                 
         1000100          1000100        a     1                 ipc_send
         1000106          1000106        0     1                 
         100010a          100010a        0     1                 
         100010a          100010a        0     1                 
         100010a          100010a        0     1                 
         100010a          100010a        e     1                 monitor_kill
         1000114          1000114        0     1                 
         1000118          1000118        0     1                 
         1000118          1000118        0     1                 
         1000118          1000118        0     1                 
         1000118          1000118        c     1                 ipc_recv
         1000120          1000120        0     1                 
         1000124          1000124        0     1                 
         1000124          1000124        0     1                 
         1000124          1000124        0     1                 
         1000124          1000124        c     1                 spawn
         100012c          100012c        0     1                 
         1000130          1000130        0     1                 
         1000130          1000130        0     1                 
         1000130          1000130        0     1                 
         1000130          1000130        e     1                 exit
         100013c          100013c        0     1                 
         100013e          100013e        0     1                 
         100013e          100013e        0     1                 
         100013e          100013e      280     2         /tmp/common-d9dc33.o:(.text)
         100013e          100013e        0     1                 
         100013e          100013e        0     1                 
         100013e          100013e        0     1                 $x.0
         100013e          100013e        0     1                 
         100013e          100013e       16     1                 memset
         1000142          1000142        0     1                 
         1000142          1000142        0     1                 
         1000144          1000144        0     1                 
         1000144          1000144        0     1                 
         1000148          1000148        0     1                 
         1000148          1000148        0     1                 
         100014c          100014c        0     1                 
         100014e          100014e        0     1                 
         100014e          100014e        0     1                 
         1000152          1000152        0     1                 
         1000152          1000152        0     1                 
         1000154          1000154        0     1                 
         1000154          1000154        0     1                 
         1000154          1000154        0     1                 
         1000154          1000154        0     1                 
         1000154          1000154        0     1                 
         1000154          1000154       1c     1                 memcpy
         1000158          1000158        0     1                 
         1000158          1000158        0     1                 
         100015a          100015a        0     1                 
         100015a          100015a        0     1                 
         100015e          100015e        0     1                 
         1000160          1000160        0     1                 
         1000164          1000164        0     1                 
         1000164          1000164        0     1                 
         1000168          1000168        0     1                 
         100016a          100016a        0     1                 
         100016a          100016a        0     1                 
         100016e          100016e        0     1                 
         100016e          100016e        0     1                 
         1000170          1000170        0     1                 
         1000170          1000170        0     1                 
         1000170          1000170        0     1                 
         1000170          1000170        0     1                 
         1000170          1000170        0     1                 
         1000170          1000170       24     1                 strcpy
         1000176          1000176        0     1                 
         100017a          100017a        0     1                 
         100017a          100017a        0     1                 
         100017c          100017c        0     1                 
         100017c          100017c        0     1                 
         1000180          1000180        0     1                 
         1000184          1000184        0     1                 
         1000188          1000188        0     1                 
         1000188          1000188        0     1                 
         100018a          100018a        0     1                 
         100018a          100018a        0     1                 
         100018c          100018c        0     1                 
         100018e          100018e        0     1                 
         100018e          100018e        0     1                 
         1000192          1000192        0     1                 
         1000194          1000194        0     1                 
         1000194          1000194        0     1                 
         1000194          1000194        0     1                 
         1000194          1000194        0     1                 
         1000194          1000194        0     1                 
         1000194          1000194       2e     1                 strcmp
         1000198          1000198        0     1                 
         100019a          100019a        0     1                 
         100019c          100019c        0     1                 
         100019c          100019c        0     1                 
         10001a4          10001a4        0     1                 
         10001a8          10001a8        0     1                 
         10001a8          10001a8        0     1                 
         10001ac          10001ac        0     1                 
         10001ae          10001ae        0     1                 
         10001b0          10001b0        0     1                 
         10001b2          10001b2        0     1                 
         10001b8          10001b8        0     1                 
         10001b8          10001b8        0     1                 
         10001ba          10001ba        0     1                 
         10001ba          10001ba        0     1                 
         10001be          10001be        0     1                 
         10001be          10001be        0     1                 
         10001c0          10001c0        0     1                 
         10001c2          10001c2        0     1                 
         10001c2          10001c2        0     1                 
         10001c2          10001c2        0     1                 
         10001c2          10001c2        0     1                 
         10001c2          10001c2        0     1                 
         10001c2          10001c2      1fc     1                 printf
         10001e0          10001e0        0     1                 
         10001f0          10001f0        0     1                 
         100021a          100021a        0     1                 
         100021e          100021e        0     1                 
         1000220          1000220        0     1                 
         1000224          1000224        0     1                 
         100022c          100022c        0     1                 
         1000234          1000234        0     1                 
         1000234          1000234        0     1                 
         1000236          1000236        0     1                 
         1000238          1000238        0     1                 
         100023c          100023c        0     1                 
         100023e          100023e        0     1                 
         100024e          100024e        0     1                 
         100024e          100024e        0     1                 
         100025a          100025a        0     1                 
         100025e          100025e        0     1                 
         100025e          100025e        0     1                 
         1000260          1000260        0     1                 
         1000266          1000266        0     1                 
         1000266          1000266        0     1                 
         100026e          100026e        0     1                 
         100026e          100026e        0     1                 
         100027a          100027a        0     1                 
         100027a          100027a        0     1                 
         100027e          100027e        0     1                 
         100027e          100027e        0     1                 
         1000280          1000280        0     1                 
         1000284          1000284        0     1                 
         100028c          100028c        0     1                 
         100028c          100028c        0     1                 
         1000292          1000292        0     1                 
         1000292          1000292        0     1                 
         1000294          1000294        0     1                 
         1000298          1000298        0     1                 
         10002a0          10002a0        0     1                 
         10002a0          10002a0        0     1                 
         10002a6          10002a6        0     1                 
         10002a6          10002a6        0     1                 
         10002a8          10002a8        0     1                 
         10002ac          10002ac        0     1                 
         10002b4          10002b4        0     1                 
         10002b4          10002b4        0     1                 
         10002ba          10002ba        0     1                 
         10002ba          10002ba        0     1                 
         10002bc          10002bc        0     1                 
         10002c0          10002c0        0     1                 
         10002c8          10002c8        0     1                 
         10002c8          10002c8        0     1                 
         10002ce          10002ce        0     1                 
         10002ce          10002ce        0     1                 
         10002d0          10002d0        0     1                 
         10002d4          10002d4        0     1                 
         10002dc          10002dc        0     1                 
         10002dc          10002dc        0     1                 
         10002e2          10002e2        0     1                 
         10002e2          10002e2        0     1                 
         10002e4          10002e4        0     1                 
         10002e8          10002e8        0     1                 
         10002f0          10002f0        0     1                 
         10002f0          10002f0        0     1                 
         10002f6          10002f6        0     1                 
         10002f6          10002f6        0     1                 
         10002f8          10002f8        0     1                 
         10002fc          10002fc        0     1                 
         1000304          1000304        0     1                 
         1000304          1000304        0     1                 
         1000306          1000306        0     1                 
         100030c          100030c        0     1                 
         100030c          100030c        0     1                 
         1000314          1000314        0     1                 
         1000314          1000314        0     1                 
         1000316          1000316        0     1                 
         1000318          1000318        0     1                 
         1000318          1000318        0     1                 
         1000322          1000322        0     1                 
         1000322          1000322        0     1                 
         1000326          1000326        0     1                 
         100032c          100032c        0     1                 
         100032c          100032c        0     1                 
         1000338          1000338        0     1                 
         1000338          1000338        0     1                 
         100033c          100033c        0     1                 
         100033e          100033e        0     1                 
         1000342          1000342        0     1                 
         1000342          1000342        0     1                 
         100034e          100034e        0     1                 
         100034e          100034e        0     1                 
         1000352          1000352        0     1                 
         1000352          1000352        0     1                 
         1000354          1000354        0     1                 
         1000358          1000358        0     1                 
         100035a          100035a        0     1                 
         100035a          100035a        0     1                 
         100035e          100035e        0     1                 
         1000362          1000362        0     1                 
         1000366          1000366        0     1                 
         1000366          1000366        0     1                 
         1000368          1000368        0     1                 
         1000368          1000368        0     1                 
         100036c          100036c        0     1                 
         1000370          1000370        0     1                 
         100037c          100037c        0     1                 
         100037c          100037c        0     1                 
         1000384          1000384        0     1                 
         100038e          100038e        0     1                 
         100038e          100038e        0     1                 
         1000394          1000394        0     1                 
         1000394          1000394        0     1                 
         10003a0          10003a0        0     1                 
         10003a0          10003a0        0     1                 
         10003a4          10003a4        0     1                 
         10003ba          10003ba        0     1                 
         10003be          10003be        0     1                 
         10003be          10003be        0     1                 
         10003c0          10003c0       64     4 .rodata
         10003c0          10003c0       64     1         <internal>:(.rodata.str1.1)
         1000424          1000424    1000c     4 .bss
         1000424          1000424        c     1         . = ALIGN ( 16 )
         1000430          1000430    10000     1         . += 64 * 1024
         1010430          1010430        0     1         __stack_top = .
         1010430          1010430        0     1         
               0                0      925     1 .debug_loc
               0                0       23     1         /tmp/monitor-629fcc.o:(.debug_loc)
               0                0        0     1                 
               0                0        0     1                 $d.2
              23               23      443     1         /tmp/user-dc45e6.o:(.debug_loc)
              23               23        0     1                 
              23               23        0     1                 $d.2
              7c               7c        0     1                 
              c2               c2        0     1                 
             108              108        0     1                 
             14e              14e        0     1                 
             194              194        0     1                 
             1da              1da        0     1                 
             220              220        0     1                 
             253              253        0     1                 
             29a              29a        0     1                 
             2cd              2cd        0     1                 
             300              300        0     1                 
             333              333        0     1                 
             366              366        0     1                 
             399              399        0     1                 
             3cc              3cc        0     1                 
             3ff              3ff        0     1                 
             432              432        0     1                 
             466              466      4bf     1         /tmp/common-d9dc33.o:(.debug_loc)
             466              466        0     1                 
             466              466        0     1                 $d.2
             4c2              4c2        0     1                 
             4e7              4e7        0     1                 
             50a              50a        0     1                 
             566              566        0     1                 
             58b              58b        0     1                 
             5c1              5c1        0     1                 
             60a              60a        0     1                 
             668              668        0     1                 
             68b              68b        0     1                 
             6c1              6c1        0     1                 
             6f7              6f7        0     1                 
             755              755        0     1                 
             822              822        0     1                 
             845              845        0     1                 
             8da              8da        0     1                 
               0                0      388     1 .debug_abbrev
               0                0       ff     1         /tmp/monitor-629fcc.o:(.debug_abbrev)
               0                0        0     1                 $d.3
              ff               ff      154     1         /tmp/user-dc45e6.o:(.debug_abbrev)
              ff               ff        0     1                 $d.3
             253              253      135     1         /tmp/common-d9dc33.o:(.debug_abbrev)
             253              253        0     1                 $d.3
               0                0      ac6     1 .debug_info
               0                0      1b7     1         /tmp/monitor-629fcc.o:(.debug_info)
               0                0        0     1                 $d.4
             1b7              1b7      57d     1         /tmp/user-dc45e6.o:(.debug_info)
             1b7              1b7        0     1                 $d.4
             734              734      392     1         /tmp/common-d9dc33.o:(.debug_info)
             734              734        0     1                 $d.4
               0                0      261     1 .debug_str
               0                0      261     1         <internal>:(.debug_str)
               0                0       80     1 .comment
               0                0       80     1         <internal>:(.comment)
               0                0       2b     1 .riscv.attributes
               0                0       2b     1         <internal>:(.riscv.attributes)
               0                0      210     8 .debug_frame
               0                0       40     8         /tmp/monitor-629fcc.o:(.debug_frame)
               0                0        0     1                 
               0                0        0     1                 $d.8
              40               40      120     8         /tmp/user-dc45e6.o:(.debug_frame)
              40               40        0     1                 
              40               40        0     1                 $d.9
             160              160       b0     8         /tmp/common-d9dc33.o:(.debug_frame)
             160              160        0     1                 
             160              160        0     1                 $d.9
               0                0      5ad     1 .debug_line
               0                0       de     1         /tmp/monitor-629fcc.o:(.debug_line)
               0                0        0     1                 .Lline_table_start0
               0                0        0     1                 $d.9
              de               de      114     1         /tmp/user-dc45e6.o:(.debug_line)
              de               de        0     1                 .Lline_table_start0
              de               de        0     1                 $d.10
             1f2              1f2      3bb     1         /tmp/common-d9dc33.o:(.debug_line)
             1f2              1f2        0     1                 .Lline_table_start0
             1f2              1f2        0     1                 $d.10
               0                0       60     1 .debug_ranges
               0                0       30     1         /tmp/user-dc45e6.o:(.debug_ranges)
               0                0        0     1                 
               0                0        0     1                 $d.5
              30               30       30     1         /tmp/common-d9dc33.o:(.debug_ranges)
              30               30        0     1                 
              30               30        0     1                 $d.5
               0                0     2b68     8 .symtab
               0                0     2b68     8         <internal>:(.symtab)
               0                0       a0     1 .shstrtab
               0                0       a0     1         <internal>:(.shstrtab)
               0                0      14c     1 .strtab
               0                0      14c     1         <internal>:(.strtab)
