             VMA              LMA     Size Align Out     In      Symbol
               0                0  1000000     1 . = 0x1000000
         1000000          1000000      484     2 .text
         1000000          1000000       1a     2         /tmp/user-e47653.o:(.text.start)
         1000000          1000000        0     1                 
         1000000          1000000        0     1                 
         1000000          1000000        0     1                 $x.1
         1000000          1000000        0     1                 
         1000000          1000000       1a     1                 start
         100001a          100001a        0     1                 
         100001a          100001a      13e     2         /tmp/monitor-56036c.o:(.text)
         100001a          100001a        0     1                 
         100001a          100001a        0     1                 
         100001a          100001a        0     1                 $x.0
         100001a          100001a        0     1                 
         100001a          100001a      13e     1                 main
         1000030          1000030        0     1                 
         1000040          1000040        0     1                 
         1000040          1000040        0     1                 
         100006e          100006e        0     1                 
         1000078          1000078        0     1                 
         1000078          1000078        0     1                 
         100007a          100007a        0     1                 
         1000082          1000082        0     1                 
         1000082          1000082        0     1                 
         1000090          1000090        0     1                 
         1000090          1000090        0     1                 
         1000094          1000094        0     1                 
         1000096          1000096        0     1                 
         100009e          100009e        0     1                 
         10000a0          10000a0        0     1                 
         10000a0          10000a0        0     1                 
         10000a8          10000a8        0     1                 
         10000aa          10000aa        0     1                 
         10000b8          10000b8        0     1                 
         10000ba          10000ba        0     1                 
         10000c4          10000c4        0     1                 
         10000c6          10000c6        0     1                 
         10000d0          10000d0        0     1                 
         10000d0          10000d0        0     1                 
         10000d2          10000d2        0     1                 
         10000d8          10000d8        0     1                 
         10000d8          10000d8        0     1                 
         10000da          10000da        0     1                 
         10000da          10000da        0     1                 
         10000e8          10000e8        0     1                 
         10000f0          10000f0        0     1                 
         10000f2          10000f2        0     1                 
         1000100          1000100        0     1                 
         1000100          1000100        0     1                 
         1000108          1000108        0     1                 
         100010c          100010c        0     1                 
         1000112          1000112        0     1                 
         1000112          1000112        0     1                 
         1000118          1000118        0     1                 
         100011c          100011c        0     1                 
         1000120          1000120        0     1                 
         1000120          1000120        0     1                 
         1000122          1000122        0     1                 
         1000126          1000126        0     1                 
         100012c          100012c        0     1                 
         100012c          100012c        0     1                 
         100012e          100012e        0     1                 
         100013c          100013c        0     1                 
         100013c          100013c        0     1                 
         1000144          1000144        0     1                 
         1000148          1000148        0     1                 
         100014a          100014a        0     1                 
         100014a          100014a        0     1                 
         100014c          100014c        0     1                 
         100014c          100014c        0     1                 
         100014e          100014e        0     1                 
         1000152          1000152        0     1                 
         1000158          1000158        0     1                 
         1000158          1000158        0     1                 
         1000158          1000158        0     1                 
         1000158          1000158       ac     2         /tmp/user-e47653.o:(.text)
         1000158          1000158        0     1                 
         1000158          1000158        0     1                 
         1000158          1000158        0     1                 $x.0
         1000158          1000158        0     1                 
         1000158          1000158       12     1                 syscall
         100015a          100015a        0     1                 
         1000166          1000166        0     1                 
         100016a          100016a        0     1                 
         100016a          100016a        0     1                 
         100016a          100016a        0     1                 
         100016a          100016a        c     1                 putchar
         1000174          1000174        0     1                 
         1000176          1000176        0     1                 
         1000176          1000176        0     1                 
         1000176          1000176        0     1                 
         1000176          1000176       10     1                 getchar
         1000182          1000182        0     1                 
         1000186          1000186        0     1                 
         1000186          1000186        0     1                 
         1000186          1000186        0     1                 
         1000186          1000186        e     1                 readfile
         1000188          1000188        0     1                 
         100018a          100018a        0     1                 
         100018a          100018a        0     1                 
         1000190          1000190        0     1                 
         1000194          1000194        0     1                 
         1000194          1000194        0     1                 
         1000194          1000194        0     1                 
         1000194          1000194        e     1                 writefile
         1000196          1000196        0     1                 
         1000198          1000198        0     1                 
         1000198          1000198        0     1                 
         100019e          100019e        0     1                 
         10001a2          10001a2        0     1                 
         10001a2          10001a2        0     1                 
         10001a2          10001a2        0     1                 
         10001a2          10001a2        a     1                 ipc_send
         10001a8          10001a8        0     1                 
         10001ac          10001ac        0     1                 
         10001ac          10001ac        0     1                 
         10001ac          10001ac        0     1                 
         10001ac          10001ac        e     1                 monitor_kill
         10001b6          10001b6        0     1                 
         10001ba          10001ba        0     1                 
         10001ba          10001ba        0     1                 
         10001ba          10001ba        0     1                 
         10001ba          10001ba        c     1                 ipc_recv
         10001c2          10001c2        0     1                 
         10001c6          10001c6        0     1                 
         10001c6          10001c6        0     1                 
         10001c6          10001c6        0     1                 
         10001c6          10001c6        c     1                 spawn
         10001ce          10001ce        0     1                 
         10001d2          10001d2        0     1                 
         10001d2          10001d2        0     1                 
         10001d2          10001d2        0     1                 
         10001d2          10001d2        e     1                 exit
         10001de          10001de        0     1                 
         10001e0          10001e0        0     1                 
         10001e0          10001e0        0     1                 
         10001e0          10001e0        0     1                 
         10001e0          10001e0        0     1                 
         10001e0          10001e0        0     1                 
         10001e0          10001e0        e     1                 _connect
         10001e2          10001e2        0     1                 
         10001e4          10001e4        0     1                 
         10001e4          10001e4        0     1                 
         10001ea          10001ea        0     1                 
         10001ea          10001ea        0     1                 
         10001ee          10001ee        0     1                 
         10001ee          10001ee        0     1                 
         10001ee          10001ee        0     1                 
         10001ee          10001ee        c     1                 _dup2
         10001f6          10001f6        0     1                 
         10001f6          10001f6        0     1                 
         10001fa          10001fa        0     1                 
         10001fa          10001fa        0     1                 
         10001fa          10001fa        0     1                 
         10001fa          10001fa        a     1                 _execve
         1000200          1000200        0     1                 
         1000200          1000200        0     1                 
         1000204          1000204        0     1                 
         1000204          1000204      280     2         /tmp/common-78a58b.o:(.text)
         1000204          1000204        0     1                 
         1000204          1000204        0     1                 
         1000204          1000204        0     1                 $x.0
         1000204          1000204        0     1                 
         1000204          1000204       16     1                 memset
         1000208          1000208        0     1                 
         1000208          1000208        0     1                 
         100020a          100020a        0     1                 
         100020a          100020a        0     1                 
         100020e          100020e        0     1                 
         100020e          100020e        0     1                 
         1000212          1000212        0     1                 
         1000214          1000214        0     1                 
         1000214          1000214        0     1                 
         1000218          1000218        0     1                 
         1000218          1000218        0     1                 
         100021a          100021a        0     1                 
         100021a          100021a        0     1                 
         100021a          100021a        0     1                 
         100021a          100021a        0     1                 
         100021a          100021a        0     1                 
         100021a          100021a       1c     1                 memcpy
         100021e          100021e        0     1                 
         100021e          100021e        0     1                 
         1000220          1000220        0     1                 
         1000220          1000220        0     1                 
         1000224          1000224        0     1                 
         1000226          1000226        0     1                 
         100022a          100022a        0     1                 
         100022a          100022a        0     1                 
         100022e          100022e        0     1                 
         1000230          1000230        0     1                 
         1000230          1000230        0     1                 
         1000234          1000234        0     1                 
         1000234          1000234        0     1                 
         1000236          1000236        0     1                 
         1000236          1000236        0     1                 
         1000236          1000236        0     1                 
         1000236          1000236        0     1                 
         1000236          1000236        0     1                 
         1000236          1000236       24     1                 strcpy
         100023c          100023c        0     1                 
         1000240          1000240        0     1                 
         1000240          1000240        0     1                 
         1000242          1000242        0     1                 
         1000242          1000242        0     1                 
         1000246          1000246        0     1                 
         100024a          100024a        0     1                 
         100024e          100024e        0     1                 
         100024e          100024e        0     1                 
         1000250          1000250        0     1                 
         1000250          1000250        0     1                 
         1000252          1000252        0     1                 
         1000254          1000254        0     1                 
         1000254          1000254        0     1                 
         1000258          1000258        0     1                 
         100025a          100025a        0     1                 
         100025a          100025a        0     1                 
         100025a          100025a        0     1                 
         100025a          100025a        0     1                 
         100025a          100025a        0     1                 
         100025a          100025a       2e     1                 strcmp
         100025e          100025e        0     1                 
         1000260          1000260        0     1                 
         1000262          1000262        0     1                 
         1000262          1000262        0     1                 
         100026a          100026a        0     1                 
         100026e          100026e        0     1                 
         100026e          100026e        0     1                 
         1000272          1000272        0     1                 
         1000274          1000274        0     1                 
         1000276          1000276        0     1                 
         1000278          1000278        0     1                 
         100027e          100027e        0     1                 
         100027e          100027e        0     1                 
         1000280          1000280        0     1                 
         1000280          1000280        0     1                 
         1000284          1000284        0     1                 
         1000284          1000284        0     1                 
         1000286          1000286        0     1                 
         1000288          1000288        0     1                 
         1000288          1000288        0     1                 
         1000288          1000288        0     1                 
         1000288          1000288        0     1                 
         1000288          1000288        0     1                 
         1000288          1000288      1fc     1                 printf
         10002a6          10002a6        0     1                 
         10002b6          10002b6        0     1                 
         10002e0          10002e0        0     1                 
         10002e4          10002e4        0     1                 
         10002e6          10002e6        0     1                 
         10002ea          10002ea        0     1                 
         10002f2          10002f2        0     1                 
         10002fa          10002fa        0     1                 
         10002fa          10002fa        0     1                 
         10002fc          10002fc        0     1                 
         10002fe          10002fe        0     1                 
         1000302          1000302        0     1                 
         1000304          1000304        0     1                 
         1000314          1000314        0     1                 
         1000314          1000314        0     1                 
         1000320          1000320        0     1                 
         1000324          1000324        0     1                 
         1000324          1000324        0     1                 
         1000326          1000326        0     1                 
         100032c          100032c        0     1                 
         100032c          100032c        0     1                 
         1000334          1000334        0     1                 
         1000334          1000334        0     1                 
         1000340          1000340        0     1                 
         1000340          1000340        0     1                 
         1000344          1000344        0     1                 
         1000344          1000344        0     1                 
         1000346          1000346        0     1                 
         100034a          100034a        0     1                 
         1000352          1000352        0     1                 
         1000352          1000352        0     1                 
         1000358          1000358        0     1                 
         1000358          1000358        0     1                 
         100035a          100035a        0     1                 
         100035e          100035e        0     1                 
         1000366          1000366        0     1                 
         1000366          1000366        0     1                 
         100036c          100036c        0     1                 
         100036c          100036c        0     1                 
         100036e          100036e        0     1                 
         1000372          1000372        0     1                 
         100037a          100037a        0     1                 
         100037a          100037a        0     1                 
         1000380          1000380        0     1                 
         1000380          1000380        0     1                 
         1000382          1000382        0     1                 
         1000386          1000386        0     1                 
         100038e          100038e        0     1                 
         100038e          100038e        0     1                 
         1000394          1000394        0     1                 
         1000394          1000394        0     1                 
         1000396          1000396        0     1                 
         100039a          100039a        0     1                 
         10003a2          10003a2        0     1                 
         10003a2          10003a2        0     1                 
         10003a8          10003a8        0     1                 
         10003a8          10003a8        0     1                 
         10003aa          10003aa        0     1                 
         10003ae          10003ae        0     1                 
         10003b6          10003b6        0     1                 
         10003b6          10003b6        0     1                 
         10003bc          10003bc        0     1                 
         10003bc          10003bc        0     1                 
         10003be          10003be        0     1                 
         10003c2          10003c2        0     1                 
         10003ca          10003ca        0     1                 
         10003ca          10003ca        0     1                 
         10003cc          10003cc        0     1                 
         10003d2          10003d2        0     1                 
         10003d2          10003d2        0     1                 
         10003da          10003da        0     1                 
         10003da          10003da        0     1                 
         10003dc          10003dc        0     1                 
         10003de          10003de        0     1                 
         10003de          10003de        0     1                 
         10003e8          10003e8        0     1                 
         10003e8          10003e8        0     1                 
         10003ec          10003ec        0     1                 
         10003f2          10003f2        0     1                 
         10003f2          10003f2        0     1                 
         10003fe          10003fe        0     1                 
         10003fe          10003fe        0     1                 
         1000402          1000402        0     1                 
         1000404          1000404        0     1                 
         1000408          1000408        0     1                 
         1000408          1000408        0     1                 
         1000414          1000414        0     1                 
         1000414          1000414        0     1                 
         1000418          1000418        0     1                 
         1000418          1000418        0     1                 
         100041a          100041a        0     1                 
         100041e          100041e        0     1                 
         1000420          1000420        0     1                 
         1000420          1000420        0     1                 
         1000424          1000424        0     1                 
         1000428          1000428        0     1                 
         100042c          100042c        0     1                 
         100042c          100042c        0     1                 
         100042e          100042e        0     1                 
         100042e          100042e        0     1                 
         1000432          1000432        0     1                 
         1000436          1000436        0     1                 
         1000442          1000442        0     1                 
         1000442          1000442        0     1                 
         100044a          100044a        0     1                 
         1000454          1000454        0     1                 
         1000454          1000454        0     1                 
         100045a          100045a        0     1                 
         100045a          100045a        0     1                 
         1000466          1000466        0     1                 
         1000466          1000466        0     1                 
         100046a          100046a        0     1                 
         1000480          1000480        0     1                 
         1000484          1000484        0     1                 
         1000484          1000484        0     1                 
         1000484          1000484       74     4 .rodata
         1000484          1000484       74     1         <internal>:(.rodata.str1.1)
         10004f8          10004f8    10848     4 .bss
         10004f8          10004f8      840     4         /tmp/monitor-56036c.o:(.bss)
         10004f8          10004f8       40     1                 hist_idx
         10004f8          10004f8        0     1                 $d.2
         1000538          1000538      800     1                 history
         1000d38          1000d38        8     1         . = ALIGN ( 16 )
         1000d40          1000d40    10000     1         . += 64 * 1024
         1010d40          1010d40        0     1         __stack_top = .
         1010d40          1010d40        0     1         
               0                0      adb     1 .debug_loc
               0                0      10d     1         /tmp/monitor-56036c.o:(.debug_loc)
               0                0        0     1                 
               0                0        0     1                 $d.3
              5c               5c        0     1                 
             10d              10d      50f     1         /tmp/user-e47653.o:(.debug_loc)
             10d              10d        0     1                 
             10d              10d        0     1                 $d.2
             166              166        0     1                 
             1ac              1ac        0     1                 
             1f2              1f2        0     1                 
             238              238        0     1                 
             27e              27e        0     1                 
             2c4              2c4        0     1                 
             30a              30a        0     1                 
             33d              33d        0     1                 
             384              384        0     1                 
             3b7              3b7        0     1                 
             3ea              3ea        0     1                 
             41d              41d        0     1                 
             450              450        0     1                 
             483              483        0     1                 
             4b6              4b6        0     1                 
             4e9              4e9        0     1                 
             51c              51c        0     1                 
             550              550        0     1                 
             583              583        0     1                 
             5b6              5b6        0     1                 
             5e9              5e9        0     1                 
             61c              61c      4bf     1         /tmp/common-78a58b.o:(.debug_loc)
             61c              61c        0     1                 
             61c              61c        0     1                 $d.2
             678              678        0     1                 
             69d              69d        0     1                 
             6c0              6c0        0     1                 
             71c              71c        0     1                 
             741              741        0     1                 
             777              777        0     1                 
             7c0              7c0        0     1                 
             81e              81e        0     1                 
             841              841        0     1                 
             877              877        0     1                 
             8ad              8ad        0     1                 
             90b              90b        0     1                 
             9d8              9d8        0     1                 
             9fb              9fb        0     1                 
             a90              a90        0     1                 
               0                0      442     1 .debug_abbrev
               0                0      182     1         /tmp/monitor-56036c.o:(.debug_abbrev)
               0                0        0     1                 $d.4
             182              182      18b     1         /tmp/user-e47653.o:(.debug_abbrev)
             182              182        0     1                 $d.3
             30d              30d      135     1         /tmp/common-78a58b.o:(.debug_abbrev)
             30d              30d        0     1                 $d.3
               0                0      e4b     1 .debug_info
               0                0      328     1         /tmp/monitor-56036c.o:(.debug_info)
               0                0        0     1                 $d.5
             328              328      791     1         /tmp/user-e47653.o:(.debug_info)
             328              328        0     1                 $d.4
             ab9              ab9      392     1         /tmp/common-78a58b.o:(.debug_info)
             ab9              ab9        0     1                 $d.4
               0                0      34b     1 .debug_str
               0                0      34b     1         <internal>:(.debug_str)
               0                0       80     1 .comment
               0                0       80     1         <internal>:(.comment)
               0                0       2b     1 .riscv.attributes
               0                0       2b     1         <internal>:(.riscv.attributes)
               0                0      268     8 .debug_frame
               0                0       50     8         /tmp/monitor-56036c.o:(.debug_frame)
               0                0        0     1                 
               0                0        0     1                 $d.9
              50               50      168     8         /tmp/user-e47653.o:(.debug_frame)
              50               50        0     1                 
              50               50        0     1                 $d.9
             1b8              1b8       b0     8         /tmp/common-78a58b.o:(.debug_frame)
             1b8              1b8        0     1                 
             1b8              1b8        0     1                 $d.9
               0                0      6b3     1 .debug_line
               0                0      1a8     1         /tmp/monitor-56036c.o:(.debug_line)
               0                0        0     1                 .Lline_table_start0
               0                0        0     1                 $d.10
             1a8              1a8      150     1         /tmp/user-e47653.o:(.debug_line)
             1a8              1a8        0     1                 .Lline_table_start0
             1a8              1a8        0     1                 $d.10
             2f8              2f8      3bb     1         /tmp/common-78a58b.o:(.debug_line)
             2f8              2f8        0     1                 .Lline_table_start0
             2f8              2f8        0     1                 $d.10
               0                0       60     1 .debug_ranges
               0                0       30     1         /tmp/user-e47653.o:(.debug_ranges)
               0                0        0     1                 
               0                0        0     1                 $d.5
              30               30       30     1         /tmp/common-78a58b.o:(.debug_ranges)
              30               30        0     1                 
              30               30        0     1                 $d.5
               0                0     3468     8 .symtab
               0                0     3468     8         <internal>:(.symtab)
               0                0       a0     1 .shstrtab
               0                0       a0     1         <internal>:(.shstrtab)
               0                0      17a     1 .strtab
               0                0      17a     1         <internal>:(.strtab)
