             VMA              LMA     Size Align Out     In      Symbol
               0                0  1000000     1 . = 0x1000000
         1000000          1000000      37c     2 .text
         1000000          1000000       1a     2         /tmp/user-6ee8db.o:(.text.start)
         1000000          1000000        0     1                 
         1000000          1000000        0     1                 
         1000000          1000000        0     1                 $x.1
         1000000          1000000        0     1                 
         1000000          1000000       1a     1                 start
         100001a          100001a        0     1                 
         100001a          100001a       36     2         /tmp/myapp-f1df28.o:(.text)
         100001a          100001a        0     1                 
         100001a          100001a        0     1                 
         100001a          100001a        0     1                 $x.0
         100001a          100001a        0     1                 
         100001a          100001a       36     1                 main
         100001e          100001e        0     1                 
         100002e          100002e        0     1                 
         100002e          100002e        0     1                 
         1000048          1000048        0     1                 
         1000048          1000048        0     1                 
         1000050          1000050        0     1                 
         1000050          1000050        0     1                 
         1000050          1000050       ac     2         /tmp/user-6ee8db.o:(.text)
         1000050          1000050        0     1                 
         1000050          1000050        0     1                 
         1000050          1000050        0     1                 $x.0
         1000050          1000050        0     1                 
         1000050          1000050       12     1                 syscall
         1000052          1000052        0     1                 
         100005e          100005e        0     1                 
         1000062          1000062        0     1                 
         1000062          1000062        0     1                 
         1000062          1000062        0     1                 
         1000062          1000062        c     1                 putchar
         100006c          100006c        0     1                 
         100006e          100006e        0     1                 
         100006e          100006e        0     1                 
         100006e          100006e        0     1                 
         100006e          100006e       10     1                 getchar
         100007a          100007a        0     1                 
         100007e          100007e        0     1                 
         100007e          100007e        0     1                 
         100007e          100007e        0     1                 
         100007e          100007e        e     1                 readfile
         1000080          1000080        0     1                 
         1000082          1000082        0     1                 
         1000082          1000082        0     1                 
         1000088          1000088        0     1                 
         100008c          100008c        0     1                 
         100008c          100008c        0     1                 
         100008c          100008c        0     1                 
         100008c          100008c        e     1                 writefile
         100008e          100008e        0     1                 
         1000090          1000090        0     1                 
         1000090          1000090        0     1                 
         1000096          1000096        0     1                 
         100009a          100009a        0     1                 
         100009a          100009a        0     1                 
         100009a          100009a        0     1                 
         100009a          100009a        a     1                 ipc_send
         10000a0          10000a0        0     1                 
         10000a4          10000a4        0     1                 
         10000a4          10000a4        0     1                 
         10000a4          10000a4        0     1                 
         10000a4          10000a4        e     1                 monitor_kill
         10000ae          10000ae        0     1                 
         10000b2          10000b2        0     1                 
         10000b2          10000b2        0     1                 
         10000b2          10000b2        0     1                 
         10000b2          10000b2        c     1                 ipc_recv
         10000ba          10000ba        0     1                 
         10000be          10000be        0     1                 
         10000be          10000be        0     1                 
         10000be          10000be        0     1                 
         10000be          10000be        c     1                 spawn
         10000c6          10000c6        0     1                 
         10000ca          10000ca        0     1                 
         10000ca          10000ca        0     1                 
         10000ca          10000ca        0     1                 
         10000ca          10000ca        e     1                 exit
         10000d6          10000d6        0     1                 
         10000d8          10000d8        0     1                 
         10000d8          10000d8        0     1                 
         10000d8          10000d8        0     1                 
         10000d8          10000d8        0     1                 
         10000d8          10000d8        0     1                 
         10000d8          10000d8        e     1                 _connect
         10000da          10000da        0     1                 
         10000dc          10000dc        0     1                 
         10000dc          10000dc        0     1                 
         10000e2          10000e2        0     1                 
         10000e2          10000e2        0     1                 
         10000e6          10000e6        0     1                 
         10000e6          10000e6        0     1                 
         10000e6          10000e6        0     1                 
         10000e6          10000e6        c     1                 _dup2
         10000ee          10000ee        0     1                 
         10000ee          10000ee        0     1                 
         10000f2          10000f2        0     1                 
         10000f2          10000f2        0     1                 
         10000f2          10000f2        0     1                 
         10000f2          10000f2        a     1                 _execve
         10000f8          10000f8        0     1                 
         10000f8          10000f8        0     1                 
         10000fc          10000fc        0     1                 
         10000fc          10000fc      280     2         /tmp/common-e9da68.o:(.text)
         10000fc          10000fc        0     1                 
         10000fc          10000fc        0     1                 
         10000fc          10000fc        0     1                 $x.0
         10000fc          10000fc        0     1                 
         10000fc          10000fc       16     1                 memset
         1000100          1000100        0     1                 
         1000100          1000100        0     1                 
         1000102          1000102        0     1                 
         1000102          1000102        0     1                 
         1000106          1000106        0     1                 
         1000106          1000106        0     1                 
         100010a          100010a        0     1                 
         100010c          100010c        0     1                 
         100010c          100010c        0     1                 
         1000110          1000110        0     1                 
         1000110          1000110        0     1                 
         1000112          1000112        0     1                 
         1000112          1000112        0     1                 
         1000112          1000112        0     1                 
         1000112          1000112        0     1                 
         1000112          1000112        0     1                 
         1000112          1000112       1c     1                 memcpy
         1000116          1000116        0     1                 
         1000116          1000116        0     1                 
         1000118          1000118        0     1                 
         1000118          1000118        0     1                 
         100011c          100011c        0     1                 
         100011e          100011e        0     1                 
         1000122          1000122        0     1                 
         1000122          1000122        0     1                 
         1000126          1000126        0     1                 
         1000128          1000128        0     1                 
         1000128          1000128        0     1                 
         100012c          100012c        0     1                 
         100012c          100012c        0     1                 
         100012e          100012e        0     1                 
         100012e          100012e        0     1                 
         100012e          100012e        0     1                 
         100012e          100012e        0     1                 
         100012e          100012e        0     1                 
         100012e          100012e       24     1                 strcpy
         1000134          1000134        0     1                 
         1000138          1000138        0     1                 
         1000138          1000138        0     1                 
         100013a          100013a        0     1                 
         100013a          100013a        0     1                 
         100013e          100013e        0     1                 
         1000142          1000142        0     1                 
         1000146          1000146        0     1                 
         1000146          1000146        0     1                 
         1000148          1000148        0     1                 
         1000148          1000148        0     1                 
         100014a          100014a        0     1                 
         100014c          100014c        0     1                 
         100014c          100014c        0     1                 
         1000150          1000150        0     1                 
         1000152          1000152        0     1                 
         1000152          1000152        0     1                 
         1000152          1000152        0     1                 
         1000152          1000152        0     1                 
         1000152          1000152        0     1                 
         1000152          1000152       2e     1                 strcmp
         1000156          1000156        0     1                 
         1000158          1000158        0     1                 
         100015a          100015a        0     1                 
         100015a          100015a        0     1                 
         1000162          1000162        0     1                 
         1000166          1000166        0     1                 
         1000166          1000166        0     1                 
         100016a          100016a        0     1                 
         100016c          100016c        0     1                 
         100016e          100016e        0     1                 
         1000170          1000170        0     1                 
         1000176          1000176        0     1                 
         1000176          1000176        0     1                 
         1000178          1000178        0     1                 
         1000178          1000178        0     1                 
         100017c          100017c        0     1                 
         100017c          100017c        0     1                 
         100017e          100017e        0     1                 
         1000180          1000180        0     1                 
         1000180          1000180        0     1                 
         1000180          1000180        0     1                 
         1000180          1000180        0     1                 
         1000180          1000180        0     1                 
         1000180          1000180      1fc     1                 printf
         100019e          100019e        0     1                 
         10001ae          10001ae        0     1                 
         10001d8          10001d8        0     1                 
         10001dc          10001dc        0     1                 
         10001de          10001de        0     1                 
         10001e2          10001e2        0     1                 
         10001ea          10001ea        0     1                 
         10001f2          10001f2        0     1                 
         10001f2          10001f2        0     1                 
         10001f4          10001f4        0     1                 
         10001f6          10001f6        0     1                 
         10001fa          10001fa        0     1                 
         10001fc          10001fc        0     1                 
         100020c          100020c        0     1                 
         100020c          100020c        0     1                 
         1000218          1000218        0     1                 
         100021c          100021c        0     1                 
         100021c          100021c        0     1                 
         100021e          100021e        0     1                 
         1000224          1000224        0     1                 
         1000224          1000224        0     1                 
         100022c          100022c        0     1                 
         100022c          100022c        0     1                 
         1000238          1000238        0     1                 
         1000238          1000238        0     1                 
         100023c          100023c        0     1                 
         100023c          100023c        0     1                 
         100023e          100023e        0     1                 
         1000242          1000242        0     1                 
         100024a          100024a        0     1                 
         100024a          100024a        0     1                 
         1000250          1000250        0     1                 
         1000250          1000250        0     1                 
         1000252          1000252        0     1                 
         1000256          1000256        0     1                 
         100025e          100025e        0     1                 
         100025e          100025e        0     1                 
         1000264          1000264        0     1                 
         1000264          1000264        0     1                 
         1000266          1000266        0     1                 
         100026a          100026a        0     1                 
         1000272          1000272        0     1                 
         1000272          1000272        0     1                 
         1000278          1000278        0     1                 
         1000278          1000278        0     1                 
         100027a          100027a        0     1                 
         100027e          100027e        0     1                 
         1000286          1000286        0     1                 
         1000286          1000286        0     1                 
         100028c          100028c        0     1                 
         100028c          100028c        0     1                 
         100028e          100028e        0     1                 
         1000292          1000292        0     1                 
         100029a          100029a        0     1                 
         100029a          100029a        0     1                 
         10002a0          10002a0        0     1                 
         10002a0          10002a0        0     1                 
         10002a2          10002a2        0     1                 
         10002a6          10002a6        0     1                 
         10002ae          10002ae        0     1                 
         10002ae          10002ae        0     1                 
         10002b4          10002b4        0     1                 
         10002b4          10002b4        0     1                 
         10002b6          10002b6        0     1                 
         10002ba          10002ba        0     1                 
         10002c2          10002c2        0     1                 
         10002c2          10002c2        0     1                 
         10002c4          10002c4        0     1                 
         10002ca          10002ca        0     1                 
         10002ca          10002ca        0     1                 
         10002d2          10002d2        0     1                 
         10002d2          10002d2        0     1                 
         10002d4          10002d4        0     1                 
         10002d6          10002d6        0     1                 
         10002d6          10002d6        0     1                 
         10002e0          10002e0        0     1                 
         10002e0          10002e0        0     1                 
         10002e4          10002e4        0     1                 
         10002ea          10002ea        0     1                 
         10002ea          10002ea        0     1                 
         10002f6          10002f6        0     1                 
         10002f6          10002f6        0     1                 
         10002fa          10002fa        0     1                 
         10002fc          10002fc        0     1                 
         1000300          1000300        0     1                 
         1000300          1000300        0     1                 
         100030c          100030c        0     1                 
         100030c          100030c        0     1                 
         1000310          1000310        0     1                 
         1000310          1000310        0     1                 
         1000312          1000312        0     1                 
         1000316          1000316        0     1                 
         1000318          1000318        0     1                 
         1000318          1000318        0     1                 
         100031c          100031c        0     1                 
         1000320          1000320        0     1                 
         1000324          1000324        0     1                 
         1000324          1000324        0     1                 
         1000326          1000326        0     1                 
         1000326          1000326        0     1                 
         100032a          100032a        0     1                 
         100032e          100032e        0     1                 
         100033a          100033a        0     1                 
         100033a          100033a        0     1                 
         1000342          1000342        0     1                 
         100034c          100034c        0     1                 
         100034c          100034c        0     1                 
         1000352          1000352        0     1                 
         1000352          1000352        0     1                 
         100035e          100035e        0     1                 
         100035e          100035e        0     1                 
         1000362          1000362        0     1                 
         1000378          1000378        0     1                 
         100037c          100037c        0     1                 
         100037c          100037c        0     1                 
         100037c          100037c       4d     4 .rodata
         100037c          100037c       4d     1         <internal>:(.rodata.str1.1)
         10003cc          10003cc    10004     4 .bss
         10003cc          10003cc        4     1         . = ALIGN ( 16 )
         10003d0          10003d0    10000     1         . += 64 * 1024
         10103d0          10103d0        0     1         __stack_top = .
         10103d0          10103d0        0     1         
               0                0      37e     1 .debug_abbrev
               0                0       be     1         /tmp/myapp-f1df28.o:(.debug_abbrev)
               0                0        0     1                 $d.2
              be               be      18b     1         /tmp/user-6ee8db.o:(.debug_abbrev)
              be               be        0     1                 $d.3
             249              249      135     1         /tmp/common-e9da68.o:(.debug_abbrev)
             249              249        0     1                 $d.3
               0                0      c35     1 .debug_info
               0                0      112     1         /tmp/myapp-f1df28.o:(.debug_info)
               0                0        0     1                 $d.3
             112              112      791     1         /tmp/user-6ee8db.o:(.debug_info)
             112              112        0     1                 $d.4
             8a3              8a3      392     1         /tmp/common-e9da68.o:(.debug_info)
             8a3              8a3        0     1                 $d.4
               0                0      2c9     1 .debug_str
               0                0      2c9     1         <internal>:(.debug_str)
               0                0       80     1 .comment
               0                0       80     1         <internal>:(.comment)
               0                0       2b     1 .riscv.attributes
               0                0       2b     1         <internal>:(.riscv.attributes)
               0                0      250     8 .debug_frame
               0                0       38     8         /tmp/myapp-f1df28.o:(.debug_frame)
               0                0        0     1                 
               0                0        0     1                 $d.7
              38               38      168     8         /tmp/user-6ee8db.o:(.debug_frame)
              38               38        0     1                 
              38               38        0     1                 $d.9
             1a0              1a0       b0     8         /tmp/common-e9da68.o:(.debug_frame)
             1a0              1a0        0     1                 
             1a0              1a0        0     1                 $d.9
               0                0      573     1 .debug_line
               0                0       68     1         /tmp/myapp-f1df28.o:(.debug_line)
               0                0        0     1                 .Lline_table_start0
               0                0        0     1                 $d.8
              68               68      150     1         /tmp/user-6ee8db.o:(.debug_line)
              68               68        0     1                 .Lline_table_start0
              68               68        0     1                 $d.10
             1b8              1b8      3bb     1         /tmp/common-e9da68.o:(.debug_line)
             1b8              1b8        0     1                 .Lline_table_start0
             1b8              1b8        0     1                 $d.10
               0                0      9ce     1 .debug_loc
               0                0      50f     1         /tmp/user-6ee8db.o:(.debug_loc)
               0                0        0     1                 
               0                0        0     1                 $d.2
              59               59        0     1                 
              9f               9f        0     1                 
              e5               e5        0     1                 
             12b              12b        0     1                 
             171              171        0     1                 
             1b7              1b7        0     1                 
             1fd              1fd        0     1                 
             230              230        0     1                 
             277              277        0     1                 
             2aa              2aa        0     1                 
             2dd              2dd        0     1                 
             310              310        0     1                 
             343              343        0     1                 
             376              376        0     1                 
             3a9              3a9        0     1                 
             3dc              3dc        0     1                 
             40f              40f        0     1                 
             443              443        0     1                 
             476              476        0     1                 
             4a9              4a9        0     1                 
             4dc              4dc        0     1                 
             50f              50f      4bf     1         /tmp/common-e9da68.o:(.debug_loc)
             50f              50f        0     1                 
             50f              50f        0     1                 $d.2
             56b              56b        0     1                 
             590              590        0     1                 
             5b3              5b3        0     1                 
             60f              60f        0     1                 
             634              634        0     1                 
             66a              66a        0     1                 
             6b3              6b3        0     1                 
             711              711        0     1                 
             734              734        0     1                 
             76a              76a        0     1                 
             7a0              7a0        0     1                 
             7fe              7fe        0     1                 
             8cb              8cb        0     1                 
             8ee              8ee        0     1                 
             983              983        0     1                 
               0                0       60     1 .debug_ranges
               0                0       30     1         /tmp/user-6ee8db.o:(.debug_ranges)
               0                0        0     1                 
               0                0        0     1                 $d.5
              30               30       30     1         /tmp/common-e9da68.o:(.debug_ranges)
              30               30        0     1                 
              30               30        0     1                 $d.5
               0                0     2ce8     8 .symtab
               0                0     2ce8     8         <internal>:(.symtab)
               0                0       a0     1 .shstrtab
               0                0       a0     1         <internal>:(.shstrtab)
               0                0      15c     1 .strtab
               0                0      15c     1         <internal>:(.strtab)
