             VMA              LMA     Size Align Out     In      Symbol
               0                0  1000000     1 . = 0x1000000
         1000000          1000000      33e     2 .text
         1000000          1000000       1a     2         /tmp/user-cc5211.o:(.text.start)
         1000000          1000000        0     1                 
         1000000          1000000        0     1                 
         1000000          1000000        0     1                 $x.1
         1000000          1000000        0     1                 
         1000000          1000000       1a     1                 start
         100001a          100001a        0     1                 
         100001a          100001a       1c     2         /tmp/myapp-0ddab5.o:(.text)
         100001a          100001a        0     1                 
         100001a          100001a        0     1                 
         100001a          100001a        0     1                 $x.0
         100001a          100001a        0     1                 
         100001a          100001a       1c     1                 main
         100001e          100001e        0     1                 
         100002e          100002e        0     1                 
         100002e          100002e        0     1                 
         1000036          1000036        0     1                 
         1000036          1000036        0     1                 
         1000036          1000036       88     2         /tmp/user-cc5211.o:(.text)
         1000036          1000036        0     1                 
         1000036          1000036        0     1                 
         1000036          1000036        0     1                 $x.0
         1000036          1000036        0     1                 
         1000036          1000036       12     1                 syscall
         1000038          1000038        0     1                 
         1000044          1000044        0     1                 
         1000048          1000048        0     1                 
         1000048          1000048        0     1                 
         1000048          1000048        0     1                 
         1000048          1000048        c     1                 putchar
         1000052          1000052        0     1                 
         1000054          1000054        0     1                 
         1000054          1000054        0     1                 
         1000054          1000054        0     1                 
         1000054          1000054       10     1                 getchar
         1000060          1000060        0     1                 
         1000064          1000064        0     1                 
         1000064          1000064        0     1                 
         1000064          1000064        0     1                 
         1000064          1000064        e     1                 readfile
         1000066          1000066        0     1                 
         1000068          1000068        0     1                 
         1000068          1000068        0     1                 
         100006e          100006e        0     1                 
         1000072          1000072        0     1                 
         1000072          1000072        0     1                 
         1000072          1000072        0     1                 
         1000072          1000072        e     1                 writefile
         1000074          1000074        0     1                 
         1000076          1000076        0     1                 
         1000076          1000076        0     1                 
         100007c          100007c        0     1                 
         1000080          1000080        0     1                 
         1000080          1000080        0     1                 
         1000080          1000080        0     1                 
         1000080          1000080        a     1                 ipc_send
         1000086          1000086        0     1                 
         100008a          100008a        0     1                 
         100008a          100008a        0     1                 
         100008a          100008a        0     1                 
         100008a          100008a        e     1                 monitor_kill
         1000094          1000094        0     1                 
         1000098          1000098        0     1                 
         1000098          1000098        0     1                 
         1000098          1000098        0     1                 
         1000098          1000098        c     1                 ipc_recv
         10000a0          10000a0        0     1                 
         10000a4          10000a4        0     1                 
         10000a4          10000a4        0     1                 
         10000a4          10000a4        0     1                 
         10000a4          10000a4        c     1                 spawn
         10000ac          10000ac        0     1                 
         10000b0          10000b0        0     1                 
         10000b0          10000b0        0     1                 
         10000b0          10000b0        0     1                 
         10000b0          10000b0        e     1                 exit
         10000bc          10000bc        0     1                 
         10000be          10000be        0     1                 
         10000be          10000be        0     1                 
         10000be          10000be      280     2         /tmp/common-4a1fe6.o:(.text)
         10000be          10000be        0     1                 
         10000be          10000be        0     1                 
         10000be          10000be        0     1                 $x.0
         10000be          10000be        0     1                 
         10000be          10000be       16     1                 memset
         10000c2          10000c2        0     1                 
         10000c2          10000c2        0     1                 
         10000c4          10000c4        0     1                 
         10000c4          10000c4        0     1                 
         10000c8          10000c8        0     1                 
         10000c8          10000c8        0     1                 
         10000cc          10000cc        0     1                 
         10000ce          10000ce        0     1                 
         10000ce          10000ce        0     1                 
         10000d2          10000d2        0     1                 
         10000d2          10000d2        0     1                 
         10000d4          10000d4        0     1                 
         10000d4          10000d4        0     1                 
         10000d4          10000d4        0     1                 
         10000d4          10000d4        0     1                 
         10000d4          10000d4        0     1                 
         10000d4          10000d4       1c     1                 memcpy
         10000d8          10000d8        0     1                 
         10000d8          10000d8        0     1                 
         10000da          10000da        0     1                 
         10000da          10000da        0     1                 
         10000de          10000de        0     1                 
         10000e0          10000e0        0     1                 
         10000e4          10000e4        0     1                 
         10000e4          10000e4        0     1                 
         10000e8          10000e8        0     1                 
         10000ea          10000ea        0     1                 
         10000ea          10000ea        0     1                 
         10000ee          10000ee        0     1                 
         10000ee          10000ee        0     1                 
         10000f0          10000f0        0     1                 
         10000f0          10000f0        0     1                 
         10000f0          10000f0        0     1                 
         10000f0          10000f0        0     1                 
         10000f0          10000f0        0     1                 
         10000f0          10000f0       24     1                 strcpy
         10000f6          10000f6        0     1                 
         10000fa          10000fa        0     1                 
         10000fa          10000fa        0     1                 
         10000fc          10000fc        0     1                 
         10000fc          10000fc        0     1                 
         1000100          1000100        0     1                 
         1000104          1000104        0     1                 
         1000108          1000108        0     1                 
         1000108          1000108        0     1                 
         100010a          100010a        0     1                 
         100010a          100010a        0     1                 
         100010c          100010c        0     1                 
         100010e          100010e        0     1                 
         100010e          100010e        0     1                 
         1000112          1000112        0     1                 
         1000114          1000114        0     1                 
         1000114          1000114        0     1                 
         1000114          1000114        0     1                 
         1000114          1000114        0     1                 
         1000114          1000114        0     1                 
         1000114          1000114       2e     1                 strcmp
         1000118          1000118        0     1                 
         100011a          100011a        0     1                 
         100011c          100011c        0     1                 
         100011c          100011c        0     1                 
         1000124          1000124        0     1                 
         1000128          1000128        0     1                 
         1000128          1000128        0     1                 
         100012c          100012c        0     1                 
         100012e          100012e        0     1                 
         1000130          1000130        0     1                 
         1000132          1000132        0     1                 
         1000138          1000138        0     1                 
         1000138          1000138        0     1                 
         100013a          100013a        0     1                 
         100013a          100013a        0     1                 
         100013e          100013e        0     1                 
         100013e          100013e        0     1                 
         1000140          1000140        0     1                 
         1000142          1000142        0     1                 
         1000142          1000142        0     1                 
         1000142          1000142        0     1                 
         1000142          1000142        0     1                 
         1000142          1000142        0     1                 
         1000142          1000142      1fc     1                 printf
         1000160          1000160        0     1                 
         1000170          1000170        0     1                 
         100019a          100019a        0     1                 
         100019e          100019e        0     1                 
         10001a0          10001a0        0     1                 
         10001a4          10001a4        0     1                 
         10001ac          10001ac        0     1                 
         10001b4          10001b4        0     1                 
         10001b4          10001b4        0     1                 
         10001b6          10001b6        0     1                 
         10001b8          10001b8        0     1                 
         10001bc          10001bc        0     1                 
         10001be          10001be        0     1                 
         10001ce          10001ce        0     1                 
         10001ce          10001ce        0     1                 
         10001da          10001da        0     1                 
         10001de          10001de        0     1                 
         10001de          10001de        0     1                 
         10001e0          10001e0        0     1                 
         10001e6          10001e6        0     1                 
         10001e6          10001e6        0     1                 
         10001ee          10001ee        0     1                 
         10001ee          10001ee        0     1                 
         10001fa          10001fa        0     1                 
         10001fa          10001fa        0     1                 
         10001fe          10001fe        0     1                 
         10001fe          10001fe        0     1                 
         1000200          1000200        0     1                 
         1000204          1000204        0     1                 
         100020c          100020c        0     1                 
         100020c          100020c        0     1                 
         1000212          1000212        0     1                 
         1000212          1000212        0     1                 
         1000214          1000214        0     1                 
         1000218          1000218        0     1                 
         1000220          1000220        0     1                 
         1000220          1000220        0     1                 
         1000226          1000226        0     1                 
         1000226          1000226        0     1                 
         1000228          1000228        0     1                 
         100022c          100022c        0     1                 
         1000234          1000234        0     1                 
         1000234          1000234        0     1                 
         100023a          100023a        0     1                 
         100023a          100023a        0     1                 
         100023c          100023c        0     1                 
         1000240          1000240        0     1                 
         1000248          1000248        0     1                 
         1000248          1000248        0     1                 
         100024e          100024e        0     1                 
         100024e          100024e        0     1                 
         1000250          1000250        0     1                 
         1000254          1000254        0     1                 
         100025c          100025c        0     1                 
         100025c          100025c        0     1                 
         1000262          1000262        0     1                 
         1000262          1000262        0     1                 
         1000264          1000264        0     1                 
         1000268          1000268        0     1                 
         1000270          1000270        0     1                 
         1000270          1000270        0     1                 
         1000276          1000276        0     1                 
         1000276          1000276        0     1                 
         1000278          1000278        0     1                 
         100027c          100027c        0     1                 
         1000284          1000284        0     1                 
         1000284          1000284        0     1                 
         1000286          1000286        0     1                 
         100028c          100028c        0     1                 
         100028c          100028c        0     1                 
         1000294          1000294        0     1                 
         1000294          1000294        0     1                 
         1000296          1000296        0     1                 
         1000298          1000298        0     1                 
         1000298          1000298        0     1                 
         10002a2          10002a2        0     1                 
         10002a2          10002a2        0     1                 
         10002a6          10002a6        0     1                 
         10002ac          10002ac        0     1                 
         10002ac          10002ac        0     1                 
         10002b8          10002b8        0     1                 
         10002b8          10002b8        0     1                 
         10002bc          10002bc        0     1                 
         10002be          10002be        0     1                 
         10002c2          10002c2        0     1                 
         10002c2          10002c2        0     1                 
         10002ce          10002ce        0     1                 
         10002ce          10002ce        0     1                 
         10002d2          10002d2        0     1                 
         10002d2          10002d2        0     1                 
         10002d4          10002d4        0     1                 
         10002d8          10002d8        0     1                 
         10002da          10002da        0     1                 
         10002da          10002da        0     1                 
         10002de          10002de        0     1                 
         10002e2          10002e2        0     1                 
         10002e6          10002e6        0     1                 
         10002e6          10002e6        0     1                 
         10002e8          10002e8        0     1                 
         10002e8          10002e8        0     1                 
         10002ec          10002ec        0     1                 
         10002f0          10002f0        0     1                 
         10002fc          10002fc        0     1                 
         10002fc          10002fc        0     1                 
         1000304          1000304        0     1                 
         100030e          100030e        0     1                 
         100030e          100030e        0     1                 
         1000314          1000314        0     1                 
         1000314          1000314        0     1                 
         1000320          1000320        0     1                 
         1000320          1000320        0     1                 
         1000324          1000324        0     1                 
         100033a          100033a        0     1                 
         100033e          100033e        0     1                 
         100033e          100033e        0     1                 
         1000340          1000340       2d     4 .rodata
         1000340          1000340       2d     1         <internal>:(.rodata.str1.1)
         1000370          1000370    10000     4 .bss
         1000370          1000370        0     1         . = ALIGN ( 16 )
         1000370          1000370    10000     1         . += 64 * 1024
         1010370          1010370        0     1         __stack_top = .
         1010370          1010370        0     1         
               0                0      334     1 .debug_abbrev
               0                0       ab     1         /tmp/myapp-0ddab5.o:(.debug_abbrev)
               0                0        0     1                 $d.2
              ab               ab      154     1         /tmp/user-cc5211.o:(.debug_abbrev)
              ab               ab        0     1                 $d.3
             1ff              1ff      135     1         /tmp/common-4a1fe6.o:(.debug_abbrev)
             1ff              1ff        0     1                 $d.3
               0                0      9bf     1 .debug_info
               0                0       b0     1         /tmp/myapp-0ddab5.o:(.debug_info)
               0                0        0     1                 $d.3
              b0               b0      57d     1         /tmp/user-cc5211.o:(.debug_info)
              b0               b0        0     1                 $d.4
             62d              62d      392     1         /tmp/common-4a1fe6.o:(.debug_info)
             62d              62d        0     1                 $d.4
               0                0      239     1 .debug_str
               0                0      239     1         <internal>:(.debug_str)
               0                0       80     1 .comment
               0                0       80     1         <internal>:(.comment)
               0                0       2b     1 .riscv.attributes
               0                0       2b     1         <internal>:(.riscv.attributes)
               0                0      208     8 .debug_frame
               0                0       38     8         /tmp/myapp-0ddab5.o:(.debug_frame)
               0                0        0     1                 
               0                0        0     1                 $d.7
              38               38      120     8         /tmp/user-cc5211.o:(.debug_frame)
              38               38        0     1                 
              38               38        0     1                 $d.9
             158              158       b0     8         /tmp/common-4a1fe6.o:(.debug_frame)
             158              158        0     1                 
             158              158        0     1                 $d.9
               0                0      531     1 .debug_line
               0                0       62     1         /tmp/myapp-0ddab5.o:(.debug_line)
               0                0        0     1                 .Lline_table_start0
               0                0        0     1                 $d.8
              62               62      114     1         /tmp/user-cc5211.o:(.debug_line)
              62               62        0     1                 .Lline_table_start0
              62               62        0     1                 $d.10
             176              176      3bb     1         /tmp/common-4a1fe6.o:(.debug_line)
             176              176        0     1                 .Lline_table_start0
             176              176        0     1                 $d.10
               0                0      902     1 .debug_loc
               0                0      443     1         /tmp/user-cc5211.o:(.debug_loc)
               0                0        0     1                 
               0                0        0     1                 $d.2
              59               59        0     1                 
              9f               9f        0     1                 
              e5               e5        0     1                 
             12b              12b        0     1                 
             171              171        0     1                 
             1b7              1b7        0     1                 
             1fd              1fd        0     1                 
             230              230        0     1                 
             277              277        0     1                 
             2aa              2aa        0     1                 
             2dd              2dd        0     1                 
             310              310        0     1                 
             343              343        0     1                 
             376              376        0     1                 
             3a9              3a9        0     1                 
             3dc              3dc        0     1                 
             40f              40f        0     1                 
             443              443      4bf     1         /tmp/common-4a1fe6.o:(.debug_loc)
             443              443        0     1                 
             443              443        0     1                 $d.2
             49f              49f        0     1                 
             4c4              4c4        0     1                 
             4e7              4e7        0     1                 
             543              543        0     1                 
             568              568        0     1                 
             59e              59e        0     1                 
             5e7              5e7        0     1                 
             645              645        0     1                 
             668              668        0     1                 
             69e              69e        0     1                 
             6d4              6d4        0     1                 
             732              732        0     1                 
             7ff              7ff        0     1                 
             822              822        0     1                 
             8b7              8b7        0     1                 
               0                0       60     1 .debug_ranges
               0                0       30     1         /tmp/user-cc5211.o:(.debug_ranges)
               0                0        0     1                 
               0                0        0     1                 $d.5
              30               30       30     1         /tmp/common-4a1fe6.o:(.debug_ranges)
              30               30        0     1                 
              30               30        0     1                 $d.5
               0                0     2850     8 .symtab
               0                0     2850     8         <internal>:(.symtab)
               0                0       a0     1 .shstrtab
               0                0       a0     1         <internal>:(.shstrtab)
               0                0      145     1 .strtab
               0                0      145     1         <internal>:(.strtab)
