             VMA              LMA     Size Align Out     In      Symbol
               0                0  1000000     1 . = 0x1000000
         1000000          1000000      472     2 .text
         1000000          1000000       1a     2         /tmp/user-494b14.o:(.text.start)
         1000000          1000000        0     1                 
         1000000          1000000        0     1                 
         1000000          1000000        0     1                 $x.1
         1000000          1000000        0     1                 
         1000000          1000000       1a     1                 start
         100001a          100001a        0     1                 
         100001a          100001a      180     2         /tmp/shell-29c5cd.o:(.text)
         100001a          100001a        0     1                 
         100001a          100001a        0     1                 
         100001a          100001a        0     1                 $x.0
         100001a          100001a        0     1                 
         100001a          100001a      180     1                 main
         10000a4          10000a4        0     1                 
         10000a4          10000a4        0     1                 
         10000ac          10000ac        0     1                 
         10000ac          10000ac        0     1                 
         10000b6          10000b6        0     1                 
         10000b6          10000b6        0     1                 
         10000be          10000be        0     1                 
         10000c0          10000c0        0     1                 
         10000c4          10000c4        0     1                 
         10000cc          10000cc        0     1                 
         10000cc          10000cc        0     1                 
         10000d4          10000d4        0     1                 
         10000d4          10000d4        0     1                 
         10000d8          10000d8        0     1                 
         10000dc          10000dc        0     1                 
         10000e0          10000e0        0     1                 
         10000e0          10000e0        0     1                 
         10000e8          10000e8        0     1                 
         10000ea          10000ea        0     1                 
         10000ee          10000ee        0     1                 
         10000f6          10000f6        0     1                 
         10000f6          10000f6        0     1                 
         10000fa          10000fa        0     1                 
         10000fa          10000fa        0     1                 
         10000fe          10000fe        0     1                 
         1000108          1000108        0     1                 
         1000108          1000108        0     1                 
         100010a          100010a        0     1                 
         100010a          100010a        0     1                 
         1000114          1000114        0     1                 
         1000114          1000114        0     1                 
         1000118          1000118        0     1                 
         1000118          1000118        0     1                 
         1000124          1000124        0     1                 
         1000124          1000124        0     1                 
         1000126          1000126        0     1                 
         1000126          1000126        0     1                 
         1000132          1000132        0     1                 
         1000132          1000132        0     1                 
         1000134          1000134        0     1                 
         1000140          1000140        0     1                 
         1000140          1000140        0     1                 
         1000142          1000142        0     1                 
         100014e          100014e        0     1                 
         100014e          100014e        0     1                 
         1000150          1000150        0     1                 
         100015c          100015c        0     1                 
         100015c          100015c        0     1                 
         100015e          100015e        0     1                 
         100015e          100015e        0     1                 
         100016e          100016e        0     1                 
         100016e          100016e        0     1                 
         1000172          1000172        0     1                 
         1000178          1000178        0     1                 
         1000180          1000180        0     1                 
         1000180          1000180        0     1                 
         1000182          1000182        0     1                 
         1000182          1000182        0     1                 
         1000190          1000190        0     1                 
         1000190          1000190        0     1                 
         1000192          1000192        0     1                 
         100019a          100019a        0     1                 
         100019a          100019a        0     1                 
         100019a          100019a        0     1                 
         100019a          100019a       58     2         /tmp/user-494b14.o:(.text)
         100019a          100019a        0     1                 
         100019a          100019a        0     1                 
         100019a          100019a        0     1                 $x.0
         100019a          100019a        0     1                 
         100019a          100019a       12     1                 syscall
         100019c          100019c        0     1                 
         10001a8          10001a8        0     1                 
         10001ac          10001ac        0     1                 
         10001ac          10001ac        0     1                 
         10001ac          10001ac        0     1                 
         10001ac          10001ac        c     1                 putchar
         10001b6          10001b6        0     1                 
         10001b8          10001b8        0     1                 
         10001b8          10001b8        0     1                 
         10001b8          10001b8        0     1                 
         10001b8          10001b8       10     1                 getchar
         10001c4          10001c4        0     1                 
         10001c8          10001c8        0     1                 
         10001c8          10001c8        0     1                 
         10001c8          10001c8        0     1                 
         10001c8          10001c8        e     1                 readfile
         10001ca          10001ca        0     1                 
         10001cc          10001cc        0     1                 
         10001cc          10001cc        0     1                 
         10001d2          10001d2        0     1                 
         10001d6          10001d6        0     1                 
         10001d6          10001d6        0     1                 
         10001d6          10001d6        0     1                 
         10001d6          10001d6        e     1                 writefile
         10001d8          10001d8        0     1                 
         10001da          10001da        0     1                 
         10001da          10001da        0     1                 
         10001e0          10001e0        0     1                 
         10001e4          10001e4        0     1                 
         10001e4          10001e4        0     1                 
         10001e4          10001e4        0     1                 
         10001e4          10001e4        e     1                 exit
         10001f0          10001f0        0     1                 
         10001f2          10001f2        0     1                 
         10001f2          10001f2        0     1                 
         10001f2          10001f2      280     2         /tmp/common-38eddc.o:(.text)
         10001f2          10001f2        0     1                 
         10001f2          10001f2        0     1                 
         10001f2          10001f2        0     1                 $x.0
         10001f2          10001f2        0     1                 
         10001f2          10001f2       16     1                 memset
         10001f6          10001f6        0     1                 
         10001f6          10001f6        0     1                 
         10001f8          10001f8        0     1                 
         10001f8          10001f8        0     1                 
         10001fc          10001fc        0     1                 
         10001fc          10001fc        0     1                 
         1000200          1000200        0     1                 
         1000202          1000202        0     1                 
         1000202          1000202        0     1                 
         1000206          1000206        0     1                 
         1000206          1000206        0     1                 
         1000208          1000208        0     1                 
         1000208          1000208        0     1                 
         1000208          1000208        0     1                 
         1000208          1000208        0     1                 
         1000208          1000208        0     1                 
         1000208          1000208       1c     1                 memcpy
         100020c          100020c        0     1                 
         100020c          100020c        0     1                 
         100020e          100020e        0     1                 
         100020e          100020e        0     1                 
         1000212          1000212        0     1                 
         1000214          1000214        0     1                 
         1000218          1000218        0     1                 
         1000218          1000218        0     1                 
         100021c          100021c        0     1                 
         100021e          100021e        0     1                 
         100021e          100021e        0     1                 
         1000222          1000222        0     1                 
         1000222          1000222        0     1                 
         1000224          1000224        0     1                 
         1000224          1000224        0     1                 
         1000224          1000224        0     1                 
         1000224          1000224        0     1                 
         1000224          1000224        0     1                 
         1000224          1000224       24     1                 strcpy
         100022a          100022a        0     1                 
         100022e          100022e        0     1                 
         100022e          100022e        0     1                 
         1000230          1000230        0     1                 
         1000230          1000230        0     1                 
         1000234          1000234        0     1                 
         1000238          1000238        0     1                 
         100023c          100023c        0     1                 
         100023c          100023c        0     1                 
         100023e          100023e        0     1                 
         100023e          100023e        0     1                 
         1000240          1000240        0     1                 
         1000242          1000242        0     1                 
         1000242          1000242        0     1                 
         1000246          1000246        0     1                 
         1000248          1000248        0     1                 
         1000248          1000248        0     1                 
         1000248          1000248        0     1                 
         1000248          1000248        0     1                 
         1000248          1000248        0     1                 
         1000248          1000248       2e     1                 strcmp
         100024c          100024c        0     1                 
         100024e          100024e        0     1                 
         1000250          1000250        0     1                 
         1000250          1000250        0     1                 
         1000258          1000258        0     1                 
         100025c          100025c        0     1                 
         100025c          100025c        0     1                 
         1000260          1000260        0     1                 
         1000262          1000262        0     1                 
         1000264          1000264        0     1                 
         1000266          1000266        0     1                 
         100026c          100026c        0     1                 
         100026c          100026c        0     1                 
         100026e          100026e        0     1                 
         100026e          100026e        0     1                 
         1000272          1000272        0     1                 
         1000272          1000272        0     1                 
         1000274          1000274        0     1                 
         1000276          1000276        0     1                 
         1000276          1000276        0     1                 
         1000276          1000276        0     1                 
         1000276          1000276        0     1                 
         1000276          1000276        0     1                 
         1000276          1000276      1fc     1                 printf
         1000294          1000294        0     1                 
         10002a4          10002a4        0     1                 
         10002ce          10002ce        0     1                 
         10002d2          10002d2        0     1                 
         10002d4          10002d4        0     1                 
         10002d8          10002d8        0     1                 
         10002e0          10002e0        0     1                 
         10002e8          10002e8        0     1                 
         10002e8          10002e8        0     1                 
         10002ea          10002ea        0     1                 
         10002ec          10002ec        0     1                 
         10002f0          10002f0        0     1                 
         10002f2          10002f2        0     1                 
         1000302          1000302        0     1                 
         1000302          1000302        0     1                 
         100030e          100030e        0     1                 
         1000312          1000312        0     1                 
         1000312          1000312        0     1                 
         1000314          1000314        0     1                 
         100031a          100031a        0     1                 
         100031a          100031a        0     1                 
         1000322          1000322        0     1                 
         1000322          1000322        0     1                 
         100032e          100032e        0     1                 
         100032e          100032e        0     1                 
         1000332          1000332        0     1                 
         1000332          1000332        0     1                 
         1000334          1000334        0     1                 
         1000338          1000338        0     1                 
         1000340          1000340        0     1                 
         1000340          1000340        0     1                 
         1000346          1000346        0     1                 
         1000346          1000346        0     1                 
         1000348          1000348        0     1                 
         100034c          100034c        0     1                 
         1000354          1000354        0     1                 
         1000354          1000354        0     1                 
         100035a          100035a        0     1                 
         100035a          100035a        0     1                 
         100035c          100035c        0     1                 
         1000360          1000360        0     1                 
         1000368          1000368        0     1                 
         1000368          1000368        0     1                 
         100036e          100036e        0     1                 
         100036e          100036e        0     1                 
         1000370          1000370        0     1                 
         1000374          1000374        0     1                 
         100037c          100037c        0     1                 
         100037c          100037c        0     1                 
         1000382          1000382        0     1                 
         1000382          1000382        0     1                 
         1000384          1000384        0     1                 
         1000388          1000388        0     1                 
         1000390          1000390        0     1                 
         1000390          1000390        0     1                 
         1000396          1000396        0     1                 
         1000396          1000396        0     1                 
         1000398          1000398        0     1                 
         100039c          100039c        0     1                 
         10003a4          10003a4        0     1                 
         10003a4          10003a4        0     1                 
         10003aa          10003aa        0     1                 
         10003aa          10003aa        0     1                 
         10003ac          10003ac        0     1                 
         10003b0          10003b0        0     1                 
         10003b8          10003b8        0     1                 
         10003b8          10003b8        0     1                 
         10003ba          10003ba        0     1                 
         10003c0          10003c0        0     1                 
         10003c0          10003c0        0     1                 
         10003c8          10003c8        0     1                 
         10003c8          10003c8        0     1                 
         10003ca          10003ca        0     1                 
         10003cc          10003cc        0     1                 
         10003cc          10003cc        0     1                 
         10003d6          10003d6        0     1                 
         10003d6          10003d6        0     1                 
         10003da          10003da        0     1                 
         10003e0          10003e0        0     1                 
         10003e0          10003e0        0     1                 
         10003ec          10003ec        0     1                 
         10003ec          10003ec        0     1                 
         10003f0          10003f0        0     1                 
         10003f2          10003f2        0     1                 
         10003f6          10003f6        0     1                 
         10003f6          10003f6        0     1                 
         1000402          1000402        0     1                 
         1000402          1000402        0     1                 
         1000406          1000406        0     1                 
         1000406          1000406        0     1                 
         1000408          1000408        0     1                 
         100040c          100040c        0     1                 
         100040e          100040e        0     1                 
         100040e          100040e        0     1                 
         1000412          1000412        0     1                 
         1000416          1000416        0     1                 
         100041a          100041a        0     1                 
         100041a          100041a        0     1                 
         100041c          100041c        0     1                 
         100041c          100041c        0     1                 
         1000420          1000420        0     1                 
         1000424          1000424        0     1                 
         1000430          1000430        0     1                 
         1000430          1000430        0     1                 
         1000438          1000438        0     1                 
         1000442          1000442        0     1                 
         1000442          1000442        0     1                 
         1000448          1000448        0     1                 
         1000448          1000448        0     1                 
         1000454          1000454        0     1                 
         1000454          1000454        0     1                 
         1000458          1000458        0     1                 
         100046e          100046e        0     1                 
         1000472          1000472        0     1                 
         1000472          1000472        0     1                 
         1000474          1000474       9a     4 .rodata
         1000474          1000474       9a     1         <internal>:(.rodata.str1.1)
         1000510          1000510    10000     4 .bss
         1000510          1000510        0     1         . = ALIGN ( 16 )
         1000510          1000510    10000     1         . += 64 * 1024
         1010510          1010510        0     1         __stack_top = .
         1010510          1010510        0     1         
               0                0      8df     1 .debug_loc
               0                0       a9     1         /tmp/shell-29c5cd.o:(.debug_loc)
               0                0        0     1                 
               0                0        0     1                 $d.2
              73               73        0     1                 
              a9               a9      377     1         /tmp/user-494b14.o:(.debug_loc)
              a9               a9        0     1                 
              a9               a9        0     1                 $d.2
             102              102        0     1                 
             148              148        0     1                 
             18e              18e        0     1                 
             1d4              1d4        0     1                 
             21a              21a        0     1                 
             260              260        0     1                 
             2a6              2a6        0     1                 
             2d9              2d9        0     1                 
             320              320        0     1                 
             353              353        0     1                 
             386              386        0     1                 
             3b9              3b9        0     1                 
             3ec              3ec        0     1                 
             420              420      4bf     1         /tmp/common-38eddc.o:(.debug_loc)
             420              420        0     1                 
             420              420        0     1                 $d.2
             47c              47c        0     1                 
             4a1              4a1        0     1                 
             4c4              4c4        0     1                 
             520              520        0     1                 
             545              545        0     1                 
             57b              57b        0     1                 
             5c4              5c4        0     1                 
             622              622        0     1                 
             645              645        0     1                 
             67b              67b        0     1                 
             6b1              6b1        0     1                 
             70f              70f        0     1                 
             7dc              7dc        0     1                 
             7ff              7ff        0     1                 
             894              894        0     1                 
               0                0      38f     1 .debug_abbrev
               0                0      110     1         /tmp/shell-29c5cd.o:(.debug_abbrev)
               0                0        0     1                 $d.3
             110              110      14a     1         /tmp/user-494b14.o:(.debug_abbrev)
             110              110        0     1                 $d.3
             25a              25a      135     1         /tmp/common-38eddc.o:(.debug_abbrev)
             25a              25a        0     1                 $d.3
               0                0      ab0     1 .debug_info
               0                0      3a4     1         /tmp/shell-29c5cd.o:(.debug_info)
               0                0        0     1                 $d.4
             3a4              3a4      37a     1         /tmp/user-494b14.o:(.debug_info)
             3a4              3a4        0     1                 $d.4
             71e              71e      392     1         /tmp/common-38eddc.o:(.debug_info)
             71e              71e        0     1                 $d.4
               0                0      20b     1 .debug_str
               0                0      20b     1         <internal>:(.debug_str)
               0                0       7d     1 .comment
               0                0       7d     1         <internal>:(.comment)
               0                0       2b     1 .riscv.attributes
               0                0       2b     1         <internal>:(.riscv.attributes)
               0                0      1c0     8 .debug_frame
               0                0       50     8         /tmp/shell-29c5cd.o:(.debug_frame)
               0                0        0     1                 
               0                0        0     1                 $d.8
              50               50       c0     8         /tmp/user-494b14.o:(.debug_frame)
              50               50        0     1                 
              50               50        0     1                 $d.9
             110              110       b0     8         /tmp/common-38eddc.o:(.debug_frame)
             110              110        0     1                 
             110              110        0     1                 $d.9
               0                0      5f4     1 .debug_line
               0                0      15e     1         /tmp/shell-29c5cd.o:(.debug_line)
               0                0        0     1                 .Lline_table_start0
               0                0        0     1                 $d.9
             15e              15e       db     1         /tmp/user-494b14.o:(.debug_line)
             15e              15e        0     1                 .Lline_table_start0
             15e              15e        0     1                 $d.10
             239              239      3bb     1         /tmp/common-38eddc.o:(.debug_line)
             239              239        0     1                 .Lline_table_start0
             239              239        0     1                 $d.10
               0                0       60     1 .debug_ranges
               0                0       30     1         /tmp/user-494b14.o:(.debug_ranges)
               0                0        0     1                 
               0                0        0     1                 $d.5
              30               30       30     1         /tmp/common-38eddc.o:(.debug_ranges)
              30               30        0     1                 
              30               30        0     1                 $d.5
               0                0     2bf8     8 .symtab
               0                0     2bf8     8         <internal>:(.symtab)
               0                0       a0     1 .shstrtab
               0                0       a0     1         <internal>:(.shstrtab)
               0                0      125     1 .strtab
               0                0      125     1         <internal>:(.strtab)
