             VMA              LMA     Size Align Out     In      Symbol
               0                0  1000000     1 . = 0x1000000
         1000000          1000000      2fc     2 .text
         1000000          1000000       1a     2         /tmp/user-5fbbdc.o:(.text.start)
         1000000          1000000        0     1                 
         1000000          1000000        0     1                 
         1000000          1000000        0     1                 $x.1
         1000000          1000000        0     1                 
         1000000          1000000       1a     1                 start
         100001a          100001a        0     1                 
         100001a          100001a       12     2         /tmp/shell-41b96d.o:(.text)
         100001a          100001a        0     1                 
         100001a          100001a        0     1                 
         100001a          100001a        0     1                 $x.0
         100001a          100001a        0     1                 
         100001a          100001a       12     1                 main
         100001e          100001e        0     1                 
         100002a          100002a        0     1                 
         100002a          100002a        0     1                 
         100002c          100002c        0     1                 
         100002c          100002c        0     1                 
         100002c          100002c       50     2         /tmp/user-5fbbdc.o:(.text)
         100002c          100002c        0     1                 
         100002c          100002c        0     1                 
         100002c          100002c        0     1                 $x.0
         100002c          100002c        0     1                 
         100002c          100002c       12     1                 syscall
         100002e          100002e        0     1                 
         100003a          100003a        0     1                 
         100003e          100003e        0     1                 
         100003e          100003e        0     1                 
         100003e          100003e        0     1                 
         100003e          100003e        c     1                 putchar
         1000048          1000048        0     1                 
         100004a          100004a        0     1                 
         100004a          100004a        0     1                 
         100004a          100004a        0     1                 
         100004a          100004a       10     1                 getchar
         1000056          1000056        0     1                 
         100005a          100005a        0     1                 
         100005a          100005a        0     1                 
         100005a          100005a        0     1                 
         100005a          100005a        a     1                 readfile
         1000060          1000060        0     1                 
         1000064          1000064        0     1                 
         1000064          1000064        0     1                 
         1000064          1000064        0     1                 
         1000064          1000064        a     1                 writefile
         100006a          100006a        0     1                 
         100006e          100006e        0     1                 
         100006e          100006e        0     1                 
         100006e          100006e        0     1                 
         100006e          100006e        e     1                 exit
         100007a          100007a        0     1                 
         100007c          100007c        0     1                 
         100007c          100007c        0     1                 
         100007c          100007c      280     2         /tmp/common-2b00ee.o:(.text)
         100007c          100007c        0     1                 
         100007c          100007c        0     1                 
         100007c          100007c        0     1                 $x.0
         100007c          100007c        0     1                 
         100007c          100007c       16     1                 memset
         1000080          1000080        0     1                 
         1000080          1000080        0     1                 
         1000082          1000082        0     1                 
         1000082          1000082        0     1                 
         1000086          1000086        0     1                 
         1000086          1000086        0     1                 
         100008a          100008a        0     1                 
         100008c          100008c        0     1                 
         100008c          100008c        0     1                 
         1000090          1000090        0     1                 
         1000090          1000090        0     1                 
         1000092          1000092        0     1                 
         1000092          1000092        0     1                 
         1000092          1000092        0     1                 
         1000092          1000092        0     1                 
         1000092          1000092        0     1                 
         1000092          1000092       1c     1                 memcpy
         1000096          1000096        0     1                 
         1000096          1000096        0     1                 
         1000098          1000098        0     1                 
         1000098          1000098        0     1                 
         100009c          100009c        0     1                 
         100009e          100009e        0     1                 
         10000a2          10000a2        0     1                 
         10000a2          10000a2        0     1                 
         10000a6          10000a6        0     1                 
         10000a8          10000a8        0     1                 
         10000a8          10000a8        0     1                 
         10000ac          10000ac        0     1                 
         10000ac          10000ac        0     1                 
         10000ae          10000ae        0     1                 
         10000ae          10000ae        0     1                 
         10000ae          10000ae        0     1                 
         10000ae          10000ae        0     1                 
         10000ae          10000ae        0     1                 
         10000ae          10000ae       24     1                 strcpy
         10000b4          10000b4        0     1                 
         10000b8          10000b8        0     1                 
         10000b8          10000b8        0     1                 
         10000ba          10000ba        0     1                 
         10000ba          10000ba        0     1                 
         10000be          10000be        0     1                 
         10000c2          10000c2        0     1                 
         10000c6          10000c6        0     1                 
         10000c6          10000c6        0     1                 
         10000c8          10000c8        0     1                 
         10000c8          10000c8        0     1                 
         10000ca          10000ca        0     1                 
         10000cc          10000cc        0     1                 
         10000cc          10000cc        0     1                 
         10000d0          10000d0        0     1                 
         10000d2          10000d2        0     1                 
         10000d2          10000d2        0     1                 
         10000d2          10000d2        0     1                 
         10000d2          10000d2        0     1                 
         10000d2          10000d2        0     1                 
         10000d2          10000d2       2e     1                 strcmp
         10000d6          10000d6        0     1                 
         10000d8          10000d8        0     1                 
         10000da          10000da        0     1                 
         10000da          10000da        0     1                 
         10000e2          10000e2        0     1                 
         10000e6          10000e6        0     1                 
         10000e6          10000e6        0     1                 
         10000ea          10000ea        0     1                 
         10000ec          10000ec        0     1                 
         10000ee          10000ee        0     1                 
         10000f0          10000f0        0     1                 
         10000f6          10000f6        0     1                 
         10000f6          10000f6        0     1                 
         10000f8          10000f8        0     1                 
         10000f8          10000f8        0     1                 
         10000fc          10000fc        0     1                 
         10000fc          10000fc        0     1                 
         10000fe          10000fe        0     1                 
         1000100          1000100        0     1                 
         1000100          1000100        0     1                 
         1000100          1000100        0     1                 
         1000100          1000100        0     1                 
         1000100          1000100        0     1                 
         1000100          1000100      1fc     1                 printf
         100011e          100011e        0     1                 
         100012e          100012e        0     1                 
         1000158          1000158        0     1                 
         100015c          100015c        0     1                 
         100015e          100015e        0     1                 
         1000162          1000162        0     1                 
         100016a          100016a        0     1                 
         1000172          1000172        0     1                 
         1000172          1000172        0     1                 
         1000174          1000174        0     1                 
         1000176          1000176        0     1                 
         100017a          100017a        0     1                 
         100017c          100017c        0     1                 
         100018c          100018c        0     1                 
         100018c          100018c        0     1                 
         1000198          1000198        0     1                 
         100019c          100019c        0     1                 
         100019c          100019c        0     1                 
         100019e          100019e        0     1                 
         10001a4          10001a4        0     1                 
         10001a4          10001a4        0     1                 
         10001ac          10001ac        0     1                 
         10001ac          10001ac        0     1                 
         10001b8          10001b8        0     1                 
         10001b8          10001b8        0     1                 
         10001bc          10001bc        0     1                 
         10001bc          10001bc        0     1                 
         10001be          10001be        0     1                 
         10001c2          10001c2        0     1                 
         10001ca          10001ca        0     1                 
         10001ca          10001ca        0     1                 
         10001d0          10001d0        0     1                 
         10001d0          10001d0        0     1                 
         10001d2          10001d2        0     1                 
         10001d6          10001d6        0     1                 
         10001de          10001de        0     1                 
         10001de          10001de        0     1                 
         10001e4          10001e4        0     1                 
         10001e4          10001e4        0     1                 
         10001e6          10001e6        0     1                 
         10001ea          10001ea        0     1                 
         10001f2          10001f2        0     1                 
         10001f2          10001f2        0     1                 
         10001f8          10001f8        0     1                 
         10001f8          10001f8        0     1                 
         10001fa          10001fa        0     1                 
         10001fe          10001fe        0     1                 
         1000206          1000206        0     1                 
         1000206          1000206        0     1                 
         100020c          100020c        0     1                 
         100020c          100020c        0     1                 
         100020e          100020e        0     1                 
         1000212          1000212        0     1                 
         100021a          100021a        0     1                 
         100021a          100021a        0     1                 
         1000220          1000220        0     1                 
         1000220          1000220        0     1                 
         1000222          1000222        0     1                 
         1000226          1000226        0     1                 
         100022e          100022e        0     1                 
         100022e          100022e        0     1                 
         1000234          1000234        0     1                 
         1000234          1000234        0     1                 
         1000236          1000236        0     1                 
         100023a          100023a        0     1                 
         1000242          1000242        0     1                 
         1000242          1000242        0     1                 
         1000244          1000244        0     1                 
         100024a          100024a        0     1                 
         100024a          100024a        0     1                 
         1000252          1000252        0     1                 
         1000252          1000252        0     1                 
         1000254          1000254        0     1                 
         1000256          1000256        0     1                 
         1000256          1000256        0     1                 
         1000260          1000260        0     1                 
         1000260          1000260        0     1                 
         1000264          1000264        0     1                 
         100026a          100026a        0     1                 
         100026a          100026a        0     1                 
         1000276          1000276        0     1                 
         1000276          1000276        0     1                 
         100027a          100027a        0     1                 
         100027c          100027c        0     1                 
         1000280          1000280        0     1                 
         1000280          1000280        0     1                 
         100028c          100028c        0     1                 
         100028c          100028c        0     1                 
         1000290          1000290        0     1                 
         1000290          1000290        0     1                 
         1000292          1000292        0     1                 
         1000296          1000296        0     1                 
         1000298          1000298        0     1                 
         1000298          1000298        0     1                 
         100029c          100029c        0     1                 
         10002a0          10002a0        0     1                 
         10002a4          10002a4        0     1                 
         10002a4          10002a4        0     1                 
         10002a6          10002a6        0     1                 
         10002a6          10002a6        0     1                 
         10002aa          10002aa        0     1                 
         10002ae          10002ae        0     1                 
         10002ba          10002ba        0     1                 
         10002ba          10002ba        0     1                 
         10002c2          10002c2        0     1                 
         10002cc          10002cc        0     1                 
         10002cc          10002cc        0     1                 
         10002d2          10002d2        0     1                 
         10002d2          10002d2        0     1                 
         10002de          10002de        0     1                 
         10002de          10002de        0     1                 
         10002e2          10002e2        0     1                 
         10002f8          10002f8        0     1                 
         10002fc          10002fc        0     1                 
         10002fc          10002fc        0     1                 
         10002fc          10002fc       11     4 .rodata
         10002fc          10002fc       11     1         <internal>:(.rodata.str1.1)
         1000310          1000310    10000     4 .bss
         1000310          1000310        0     1         . = ALIGN ( 16 )
         1000310          1000310    10000     1         . += 64 * 1024
         1010310          1010310        0     1         __stack_top = .
         1010310          1010310        0     1         
               0                0      2c3     1 .debug_abbrev
               0                0       5a     1         /tmp/shell-41b96d.o:(.debug_abbrev)
               0                0        0     1                 $d.1
              5a               5a      134     1         /tmp/user-5fbbdc.o:(.debug_abbrev)
              5a               5a        0     1                 $d.3
             18e              18e      135     1         /tmp/common-2b00ee.o:(.debug_abbrev)
             18e              18e        0     1                 $d.3
               0                0      74c     1 .debug_info
               0                0       62     1         /tmp/shell-41b96d.o:(.debug_info)
               0                0        0     1                 $d.2
              62               62      358     1         /tmp/user-5fbbdc.o:(.debug_info)
              62               62        0     1                 $d.4
             3ba              3ba      392     1         /tmp/common-2b00ee.o:(.debug_info)
             3ba              3ba        0     1                 $d.4
               0                0      1f1     1 .debug_str
               0                0      1f1     1         <internal>:(.debug_str)
               0                0       80     1 .comment
               0                0       80     1         <internal>:(.comment)
               0                0       2b     1 .riscv.attributes
               0                0       2b     1         <internal>:(.riscv.attributes)
               0                0      1a8     8 .debug_frame
               0                0       38     8         /tmp/shell-41b96d.o:(.debug_frame)
               0                0        0     1                 
               0                0        0     1                 $d.6
              38               38       c0     8         /tmp/user-5fbbdc.o:(.debug_frame)
              38               38        0     1                 
              38               38        0     1                 $d.9
              f8               f8       b0     8         /tmp/common-2b00ee.o:(.debug_frame)
              f8               f8        0     1                 
              f8               f8        0     1                 $d.9
               0                0      4b8     1 .debug_line
               0                0       58     1         /tmp/shell-41b96d.o:(.debug_line)
               0                0        0     1                 .Lline_table_start0
               0                0        0     1                 $d.7
              58               58       a5     1         /tmp/user-5fbbdc.o:(.debug_line)
              58               58        0     1                 .Lline_table_start0
              58               58        0     1                 $d.10
              fd               fd      3bb     1         /tmp/common-2b00ee.o:(.debug_line)
              fd               fd        0     1                 .Lline_table_start0
              fd               fd        0     1                 $d.10
               0                0      818     1 .debug_loc
               0                0      359     1         /tmp/user-5fbbdc.o:(.debug_loc)
               0                0        0     1                 
               0                0        0     1                 $d.2
              59               59        0     1                 
              9f               9f        0     1                 
              e5               e5        0     1                 
             12b              12b        0     1                 
             171              171        0     1                 
             1b7              1b7        0     1                 
             1fd              1fd        0     1                 
             256              256        0     1                 
             289              289        0     1                 
             2be              2be        0     1                 
             2f1              2f1        0     1                 
             324              324        0     1                 
             359              359      4bf     1         /tmp/common-2b00ee.o:(.debug_loc)
             359              359        0     1                 
             359              359        0     1                 $d.2
             3b5              3b5        0     1                 
             3da              3da        0     1                 
             3fd              3fd        0     1                 
             459              459        0     1                 
             47e              47e        0     1                 
             4b4              4b4        0     1                 
             4fd              4fd        0     1                 
             55b              55b        0     1                 
             57e              57e        0     1                 
             5b4              5b4        0     1                 
             5ea              5ea        0     1                 
             648              648        0     1                 
             715              715        0     1                 
             738              738        0     1                 
             7cd              7cd        0     1                 
               0                0       60     1 .debug_ranges
               0                0       30     1         /tmp/user-5fbbdc.o:(.debug_ranges)
               0                0        0     1                 
               0                0        0     1                 $d.5
              30               30       30     1         /tmp/common-2b00ee.o:(.debug_ranges)
              30               30        0     1                 
              30               30        0     1                 $d.5
               0                0     23e8     8 .symtab
               0                0     23e8     8         <internal>:(.symtab)
               0                0       a0     1 .shstrtab
               0                0       a0     1         <internal>:(.shstrtab)
               0                0      11b     1 .strtab
               0                0      11b     1         <internal>:(.strtab)
