             VMA              LMA     Size Align Out     In      Symbol
               0                0  1000000     1 . = 0x1000000
         1000000          1000000      52a     2 .text
         1000000          1000000       1a     2         /tmp/user-87fb33.o:(.text.start)
         1000000          1000000        0     1                 
         1000000          1000000        0     1                 
         1000000          1000000        0     1                 $x.1
         1000000          1000000        0     1                 
         1000000          1000000       1a     1                 start
         100001a          100001a        0     1                 
         100001a          100001a      208     2         /tmp/shell-1c2cc7.o:(.text)
         100001a          100001a        0     1                 
         100001a          100001a        0     1                 
         100001a          100001a        0     1                 $x.0
         100001a          100001a        0     1                 
         100001a          100001a      208     1                 main
         10000d4          10000d4        0     1                 
         10000d4          10000d4        0     1                 
         10000de          10000de        0     1                 
         10000de          10000de        0     1                 
         10000e8          10000e8        0     1                 
         10000e8          10000e8        0     1                 
         10000f0          10000f0        0     1                 
         10000f2          10000f2        0     1                 
         10000f6          10000f6        0     1                 
         10000fe          10000fe        0     1                 
         10000fe          10000fe        0     1                 
         1000106          1000106        0     1                 
         1000106          1000106        0     1                 
         100010a          100010a        0     1                 
         100010e          100010e        0     1                 
         1000112          1000112        0     1                 
         1000112          1000112        0     1                 
         100011a          100011a        0     1                 
         100011c          100011c        0     1                 
         1000120          1000120        0     1                 
         1000128          1000128        0     1                 
         1000128          1000128        0     1                 
         100012c          100012c        0     1                 
         100012c          100012c        0     1                 
         1000130          1000130        0     1                 
         100013a          100013a        0     1                 
         100013a          100013a        0     1                 
         100013c          100013c        0     1                 
         100013c          100013c        0     1                 
         1000146          1000146        0     1                 
         1000146          1000146        0     1                 
         100014a          100014a        0     1                 
         100014a          100014a        0     1                 
         1000156          1000156        0     1                 
         1000156          1000156        0     1                 
         1000158          1000158        0     1                 
         1000158          1000158        0     1                 
         1000164          1000164        0     1                 
         1000164          1000164        0     1                 
         1000166          1000166        0     1                 
         1000172          1000172        0     1                 
         1000172          1000172        0     1                 
         1000174          1000174        0     1                 
         1000180          1000180        0     1                 
         1000180          1000180        0     1                 
         1000182          1000182        0     1                 
         100018e          100018e        0     1                 
         100018e          100018e        0     1                 
         1000190          1000190        0     1                 
         100019c          100019c        0     1                 
         100019c          100019c        0     1                 
         100019e          100019e        0     1                 
         10001aa          10001aa        0     1                 
         10001aa          10001aa        0     1                 
         10001ac          10001ac        0     1                 
         10001ac          10001ac        0     1                 
         10001bc          10001bc        0     1                 
         10001bc          10001bc        0     1                 
         10001c0          10001c0        0     1                 
         10001c6          10001c6        0     1                 
         10001ce          10001ce        0     1                 
         10001ce          10001ce        0     1                 
         10001d0          10001d0        0     1                 
         10001d0          10001d0        0     1                 
         10001da          10001da        0     1                 
         10001e2          10001e2        0     1                 
         10001e8          10001e8        0     1                 
         10001e8          10001e8        0     1                 
         10001f2          10001f2        0     1                 
         10001fa          10001fa        0     1                 
         1000208          1000208        0     1                 
         100020a          100020a        0     1                 
         1000218          1000218        0     1                 
         1000218          1000218        0     1                 
         100021a          100021a        0     1                 
         1000222          1000222        0     1                 
         1000222          1000222        0     1                 
         1000222          1000222        0     1                 
         1000222          1000222       88     2         /tmp/user-87fb33.o:(.text)
         1000222          1000222        0     1                 
         1000222          1000222        0     1                 
         1000222          1000222        0     1                 $x.0
         1000222          1000222        0     1                 
         1000222          1000222       12     1                 syscall
         1000224          1000224        0     1                 
         1000230          1000230        0     1                 
         1000234          1000234        0     1                 
         1000234          1000234        0     1                 
         1000234          1000234        0     1                 
         1000234          1000234        c     1                 putchar
         100023e          100023e        0     1                 
         1000240          1000240        0     1                 
         1000240          1000240        0     1                 
         1000240          1000240        0     1                 
         1000240          1000240       10     1                 getchar
         100024c          100024c        0     1                 
         1000250          1000250        0     1                 
         1000250          1000250        0     1                 
         1000250          1000250        0     1                 
         1000250          1000250        e     1                 readfile
         1000252          1000252        0     1                 
         1000254          1000254        0     1                 
         1000254          1000254        0     1                 
         100025a          100025a        0     1                 
         100025e          100025e        0     1                 
         100025e          100025e        0     1                 
         100025e          100025e        0     1                 
         100025e          100025e        e     1                 writefile
         1000260          1000260        0     1                 
         1000262          1000262        0     1                 
         1000262          1000262        0     1                 
         1000268          1000268        0     1                 
         100026c          100026c        0     1                 
         100026c          100026c        0     1                 
         100026c          100026c        0     1                 
         100026c          100026c        a     1                 ipc_send
         1000272          1000272        0     1                 
         1000276          1000276        0     1                 
         1000276          1000276        0     1                 
         1000276          1000276        0     1                 
         1000276          1000276        e     1                 monitor_kill
         1000280          1000280        0     1                 
         1000284          1000284        0     1                 
         1000284          1000284        0     1                 
         1000284          1000284        0     1                 
         1000284          1000284        c     1                 ipc_recv
         100028c          100028c        0     1                 
         1000290          1000290        0     1                 
         1000290          1000290        0     1                 
         1000290          1000290        0     1                 
         1000290          1000290        c     1                 spawn
         1000298          1000298        0     1                 
         100029c          100029c        0     1                 
         100029c          100029c        0     1                 
         100029c          100029c        0     1                 
         100029c          100029c        e     1                 exit
         10002a8          10002a8        0     1                 
         10002aa          10002aa        0     1                 
         10002aa          10002aa        0     1                 
         10002aa          10002aa      280     2         /tmp/common-e6ede0.o:(.text)
         10002aa          10002aa        0     1                 
         10002aa          10002aa        0     1                 
         10002aa          10002aa        0     1                 $x.0
         10002aa          10002aa        0     1                 
         10002aa          10002aa       16     1                 memset
         10002ae          10002ae        0     1                 
         10002ae          10002ae        0     1                 
         10002b0          10002b0        0     1                 
         10002b0          10002b0        0     1                 
         10002b4          10002b4        0     1                 
         10002b4          10002b4        0     1                 
         10002b8          10002b8        0     1                 
         10002ba          10002ba        0     1                 
         10002ba          10002ba        0     1                 
         10002be          10002be        0     1                 
         10002be          10002be        0     1                 
         10002c0          10002c0        0     1                 
         10002c0          10002c0        0     1                 
         10002c0          10002c0        0     1                 
         10002c0          10002c0        0     1                 
         10002c0          10002c0        0     1                 
         10002c0          10002c0       1c     1                 memcpy
         10002c4          10002c4        0     1                 
         10002c4          10002c4        0     1                 
         10002c6          10002c6        0     1                 
         10002c6          10002c6        0     1                 
         10002ca          10002ca        0     1                 
         10002cc          10002cc        0     1                 
         10002d0          10002d0        0     1                 
         10002d0          10002d0        0     1                 
         10002d4          10002d4        0     1                 
         10002d6          10002d6        0     1                 
         10002d6          10002d6        0     1                 
         10002da          10002da        0     1                 
         10002da          10002da        0     1                 
         10002dc          10002dc        0     1                 
         10002dc          10002dc        0     1                 
         10002dc          10002dc        0     1                 
         10002dc          10002dc        0     1                 
         10002dc          10002dc        0     1                 
         10002dc          10002dc       24     1                 strcpy
         10002e2          10002e2        0     1                 
         10002e6          10002e6        0     1                 
         10002e6          10002e6        0     1                 
         10002e8          10002e8        0     1                 
         10002e8          10002e8        0     1                 
         10002ec          10002ec        0     1                 
         10002f0          10002f0        0     1                 
         10002f4          10002f4        0     1                 
         10002f4          10002f4        0     1                 
         10002f6          10002f6        0     1                 
         10002f6          10002f6        0     1                 
         10002f8          10002f8        0     1                 
         10002fa          10002fa        0     1                 
         10002fa          10002fa        0     1                 
         10002fe          10002fe        0     1                 
         1000300          1000300        0     1                 
         1000300          1000300        0     1                 
         1000300          1000300        0     1                 
         1000300          1000300        0     1                 
         1000300          1000300        0     1                 
         1000300          1000300       2e     1                 strcmp
         1000304          1000304        0     1                 
         1000306          1000306        0     1                 
         1000308          1000308        0     1                 
         1000308          1000308        0     1                 
         1000310          1000310        0     1                 
         1000314          1000314        0     1                 
         1000314          1000314        0     1                 
         1000318          1000318        0     1                 
         100031a          100031a        0     1                 
         100031c          100031c        0     1                 
         100031e          100031e        0     1                 
         1000324          1000324        0     1                 
         1000324          1000324        0     1                 
         1000326          1000326        0     1                 
         1000326          1000326        0     1                 
         100032a          100032a        0     1                 
         100032a          100032a        0     1                 
         100032c          100032c        0     1                 
         100032e          100032e        0     1                 
         100032e          100032e        0     1                 
         100032e          100032e        0     1                 
         100032e          100032e        0     1                 
         100032e          100032e        0     1                 
         100032e          100032e      1fc     1                 printf
         100034c          100034c        0     1                 
         100035c          100035c        0     1                 
         1000386          1000386        0     1                 
         100038a          100038a        0     1                 
         100038c          100038c        0     1                 
         1000390          1000390        0     1                 
         1000398          1000398        0     1                 
         10003a0          10003a0        0     1                 
         10003a0          10003a0        0     1                 
         10003a2          10003a2        0     1                 
         10003a4          10003a4        0     1                 
         10003a8          10003a8        0     1                 
         10003aa          10003aa        0     1                 
         10003ba          10003ba        0     1                 
         10003ba          10003ba        0     1                 
         10003c6          10003c6        0     1                 
         10003ca          10003ca        0     1                 
         10003ca          10003ca        0     1                 
         10003cc          10003cc        0     1                 
         10003d2          10003d2        0     1                 
         10003d2          10003d2        0     1                 
         10003da          10003da        0     1                 
         10003da          10003da        0     1                 
         10003e6          10003e6        0     1                 
         10003e6          10003e6        0     1                 
         10003ea          10003ea        0     1                 
         10003ea          10003ea        0     1                 
         10003ec          10003ec        0     1                 
         10003f0          10003f0        0     1                 
         10003f8          10003f8        0     1                 
         10003f8          10003f8        0     1                 
         10003fe          10003fe        0     1                 
         10003fe          10003fe        0     1                 
         1000400          1000400        0     1                 
         1000404          1000404        0     1                 
         100040c          100040c        0     1                 
         100040c          100040c        0     1                 
         1000412          1000412        0     1                 
         1000412          1000412        0     1                 
         1000414          1000414        0     1                 
         1000418          1000418        0     1                 
         1000420          1000420        0     1                 
         1000420          1000420        0     1                 
         1000426          1000426        0     1                 
         1000426          1000426        0     1                 
         1000428          1000428        0     1                 
         100042c          100042c        0     1                 
         1000434          1000434        0     1                 
         1000434          1000434        0     1                 
         100043a          100043a        0     1                 
         100043a          100043a        0     1                 
         100043c          100043c        0     1                 
         1000440          1000440        0     1                 
         1000448          1000448        0     1                 
         1000448          1000448        0     1                 
         100044e          100044e        0     1                 
         100044e          100044e        0     1                 
         1000450          1000450        0     1                 
         1000454          1000454        0     1                 
         100045c          100045c        0     1                 
         100045c          100045c        0     1                 
         1000462          1000462        0     1                 
         1000462          1000462        0     1                 
         1000464          1000464        0     1                 
         1000468          1000468        0     1                 
         1000470          1000470        0     1                 
         1000470          1000470        0     1                 
         1000472          1000472        0     1                 
         1000478          1000478        0     1                 
         1000478          1000478        0     1                 
         1000480          1000480        0     1                 
         1000480          1000480        0     1                 
         1000482          1000482        0     1                 
         1000484          1000484        0     1                 
         1000484          1000484        0     1                 
         100048e          100048e        0     1                 
         100048e          100048e        0     1                 
         1000492          1000492        0     1                 
         1000498          1000498        0     1                 
         1000498          1000498        0     1                 
         10004a4          10004a4        0     1                 
         10004a4          10004a4        0     1                 
         10004a8          10004a8        0     1                 
         10004aa          10004aa        0     1                 
         10004ae          10004ae        0     1                 
         10004ae          10004ae        0     1                 
         10004ba          10004ba        0     1                 
         10004ba          10004ba        0     1                 
         10004be          10004be        0     1                 
         10004be          10004be        0     1                 
         10004c0          10004c0        0     1                 
         10004c4          10004c4        0     1                 
         10004c6          10004c6        0     1                 
         10004c6          10004c6        0     1                 
         10004ca          10004ca        0     1                 
         10004ce          10004ce        0     1                 
         10004d2          10004d2        0     1                 
         10004d2          10004d2        0     1                 
         10004d4          10004d4        0     1                 
         10004d4          10004d4        0     1                 
         10004d8          10004d8        0     1                 
         10004dc          10004dc        0     1                 
         10004e8          10004e8        0     1                 
         10004e8          10004e8        0     1                 
         10004f0          10004f0        0     1                 
         10004fa          10004fa        0     1                 
         10004fa          10004fa        0     1                 
         1000500          1000500        0     1                 
         1000500          1000500        0     1                 
         100050c          100050c        0     1                 
         100050c          100050c        0     1                 
         1000510          1000510        0     1                 
         1000526          1000526        0     1                 
         100052a          100052a        0     1                 
         100052a          100052a        0     1                 
         100052c          100052c       c6     4 .rodata
         100052c          100052c       c6     1         <internal>:(.rodata.str1.1)
         10005f4          10005f4    207b0     4 .data
         10005f4          10005f4    207b0     1         /tmp/shell-1c2cc7.o:(.data)
         10005f4          10005f4        0     1                 $d.1
         10005f4          10005f4    10370     1                 myapp_bin
         1010964          1010964    10440     1                 mal_bin
         1020da4          1020da4        8     4 .sdata
         1020da4          1020da4        8     4         /tmp/shell-1c2cc7.o:(.sdata)
         1020da4          1020da4        0     1                 $d.2
         1020da4          1020da4        4     1                 myapp_bin_len
         1020da8          1020da8        4     1                 mal_bin_len
         1020dac          1020dac    10004     4 .bss
         1020dac          1020dac        4     1         . = ALIGN ( 16 )
         1020db0          1020db0    10000     1         . += 64 * 1024
         1030db0          1030db0        0     1         __stack_top = .
         1030db0          1030db0        0     1         
               0                0      9ab     1 .debug_loc
               0                0       a9     1         /tmp/shell-1c2cc7.o:(.debug_loc)
               0                0        0     1                 
               0                0        0     1                 $d.4
              73               73        0     1                 
              a9               a9      443     1         /tmp/user-87fb33.o:(.debug_loc)
              a9               a9        0     1                 
              a9               a9        0     1                 $d.2
             102              102        0     1                 
             148              148        0     1                 
             18e              18e        0     1                 
             1d4              1d4        0     1                 
             21a              21a        0     1                 
             260              260        0     1                 
             2a6              2a6        0     1                 
             2d9              2d9        0     1                 
             320              320        0     1                 
             353              353        0     1                 
             386              386        0     1                 
             3b9              3b9        0     1                 
             3ec              3ec        0     1                 
             41f              41f        0     1                 
             452              452        0     1                 
             485              485        0     1                 
             4b8              4b8        0     1                 
             4ec              4ec      4bf     1         /tmp/common-e6ede0.o:(.debug_loc)
             4ec              4ec        0     1                 
             4ec              4ec        0     1                 $d.2
             548              548        0     1                 
             56d              56d        0     1                 
             590              590        0     1                 
             5ec              5ec        0     1                 
             611              611        0     1                 
             647              647        0     1                 
             690              690        0     1                 
             6ee              6ee        0     1                 
             711              711        0     1                 
             747              747        0     1                 
             77d              77d        0     1                 
             7db              7db        0     1                 
             8a8              8a8        0     1                 
             8cb              8cb        0     1                 
             960              960        0     1                 
               0                0      3c9     1 .debug_abbrev
               0                0      140     1         /tmp/shell-1c2cc7.o:(.debug_abbrev)
               0                0        0     1                 $d.5
             140              140      154     1         /tmp/user-87fb33.o:(.debug_abbrev)
             140              140        0     1                 $d.3
             294              294      135     1         /tmp/common-e6ede0.o:(.debug_abbrev)
             294              294        0     1                 $d.3
               0                0      e10     1 .debug_info
               0                0      501     1         /tmp/shell-1c2cc7.o:(.debug_info)
               0                0        0     1                 $d.6
             501              501      57d     1         /tmp/user-87fb33.o:(.debug_info)
             501              501        0     1                 $d.4
             a7e              a7e      392     1         /tmp/common-e6ede0.o:(.debug_info)
             a7e              a7e        0     1                 $d.4
               0                0      274     1 .debug_str
               0                0      274     1         <internal>:(.debug_str)
               0                0       80     1 .comment
               0                0       80     1         <internal>:(.comment)
               0                0       2b     1 .riscv.attributes
               0                0       2b     1         <internal>:(.riscv.attributes)
               0                0      220     8 .debug_frame
               0                0       50     8         /tmp/shell-1c2cc7.o:(.debug_frame)
               0                0        0     1                 
               0                0        0     1                 $d.10
              50               50      120     8         /tmp/user-87fb33.o:(.debug_frame)
              50               50        0     1                 
              50               50        0     1                 $d.9
             170              170       b0     8         /tmp/common-e6ede0.o:(.debug_frame)
             170              170        0     1                 
             170              170        0     1                 $d.9
               0                0      696     1 .debug_line
               0                0      1c7     1         /tmp/shell-1c2cc7.o:(.debug_line)
               0                0        0     1                 .Lline_table_start0
               0                0        0     1                 $d.11
             1c7              1c7      114     1         /tmp/user-87fb33.o:(.debug_line)
             1c7              1c7        0     1                 .Lline_table_start0
             1c7              1c7        0     1                 $d.10
             2db              2db      3bb     1         /tmp/common-e6ede0.o:(.debug_line)
             2db              2db        0     1                 .Lline_table_start0
             2db              2db        0     1                 $d.10
               0                0       60     1 .debug_ranges
               0                0       30     1         /tmp/user-87fb33.o:(.debug_ranges)
               0                0        0     1                 
               0                0        0     1                 $d.5
              30               30       30     1         /tmp/common-e6ede0.o:(.debug_ranges)
              30               30        0     1                 
              30               30        0     1                 $d.5
               0                0     31c8     8 .symtab
               0                0     31c8     8         <internal>:(.symtab)
               0                0       ad     1 .shstrtab
               0                0       ad     1         <internal>:(.shstrtab)
               0                0      182     1 .strtab
               0                0      182     1         <internal>:(.strtab)
