             VMA              LMA     Size Align Out     In      Symbol
               0                0  1000000     1 . = 0x1000000
         1000000          1000000      3ec     2 .text
         1000000          1000000       1a     2         /tmp/user-c45621.o:(.text.start)
         1000000          1000000        0     1                 
         1000000          1000000        0     1                 
         1000000          1000000        0     1                 $x.1
         1000000          1000000        0     1                 
         1000000          1000000       1a     1                 start
         100001a          100001a        0     1                 
         100001a          100001a       fa     2         /tmp/shell-954927.o:(.text)
         100001a          100001a        0     1                 
         100001a          100001a        0     1                 
         100001a          100001a        0     1                 $x.0
         100001a          100001a        0     1                 
         100001a          100001a       fa     1                 main
         1000070          1000070        0     1                 
         1000070          1000070        0     1                 
         100007a          100007a        0     1                 
         100007a          100007a        0     1                 
         1000084          1000084        0     1                 
         1000084          1000084        0     1                 
         100008c          100008c        0     1                 
         100008e          100008e        0     1                 
         1000092          1000092        0     1                 
         100009a          100009a        0     1                 
         100009a          100009a        0     1                 
         10000a0          10000a0        0     1                 
         10000a0          10000a0        0     1                 
         10000a4          10000a4        0     1                 
         10000a8          10000a8        0     1                 
         10000ac          10000ac        0     1                 
         10000ac          10000ac        0     1                 
         10000b4          10000b4        0     1                 
         10000b6          10000b6        0     1                 
         10000ba          10000ba        0     1                 
         10000c2          10000c2        0     1                 
         10000c2          10000c2        0     1                 
         10000c6          10000c6        0     1                 
         10000c6          10000c6        0     1                 
         10000c8          10000c8        0     1                 
         10000d2          10000d2        0     1                 
         10000d2          10000d2        0     1                 
         10000d4          10000d4        0     1                 
         10000d4          10000d4        0     1                 
         10000de          10000de        0     1                 
         10000de          10000de        0     1                 
         10000e2          10000e2        0     1                 
         10000e2          10000e2        0     1                 
         10000ee          10000ee        0     1                 
         10000ee          10000ee        0     1                 
         10000f0          10000f0        0     1                 
         10000f0          10000f0        0     1                 
         10000fc          10000fc        0     1                 
         10000fc          10000fc        0     1                 
         10000fe          10000fe        0     1                 
         100010a          100010a        0     1                 
         100010a          100010a        0     1                 
         100010c          100010c        0     1                 
         1000114          1000114        0     1                 
         1000114          1000114        0     1                 
         1000114          1000114        0     1                 
         1000114          1000114       58     2         /tmp/user-c45621.o:(.text)
         1000114          1000114        0     1                 
         1000114          1000114        0     1                 
         1000114          1000114        0     1                 $x.0
         1000114          1000114        0     1                 
         1000114          1000114       12     1                 syscall
         1000116          1000116        0     1                 
         1000122          1000122        0     1                 
         1000126          1000126        0     1                 
         1000126          1000126        0     1                 
         1000126          1000126        0     1                 
         1000126          1000126        c     1                 putchar
         1000130          1000130        0     1                 
         1000132          1000132        0     1                 
         1000132          1000132        0     1                 
         1000132          1000132        0     1                 
         1000132          1000132       10     1                 getchar
         100013e          100013e        0     1                 
         1000142          1000142        0     1                 
         1000142          1000142        0     1                 
         1000142          1000142        0     1                 
         1000142          1000142        e     1                 readfile
         1000144          1000144        0     1                 
         1000146          1000146        0     1                 
         1000146          1000146        0     1                 
         100014c          100014c        0     1                 
         1000150          1000150        0     1                 
         1000150          1000150        0     1                 
         1000150          1000150        0     1                 
         1000150          1000150        e     1                 writefile
         1000152          1000152        0     1                 
         1000154          1000154        0     1                 
         1000154          1000154        0     1                 
         100015a          100015a        0     1                 
         100015e          100015e        0     1                 
         100015e          100015e        0     1                 
         100015e          100015e        0     1                 
         100015e          100015e        e     1                 exit
         100016a          100016a        0     1                 
         100016c          100016c        0     1                 
         100016c          100016c        0     1                 
         100016c          100016c      280     2         /tmp/common-eae306.o:(.text)
         100016c          100016c        0     1                 
         100016c          100016c        0     1                 
         100016c          100016c        0     1                 $x.0
         100016c          100016c        0     1                 
         100016c          100016c       16     1                 memset
         1000170          1000170        0     1                 
         1000170          1000170        0     1                 
         1000172          1000172        0     1                 
         1000172          1000172        0     1                 
         1000176          1000176        0     1                 
         1000176          1000176        0     1                 
         100017a          100017a        0     1                 
         100017c          100017c        0     1                 
         100017c          100017c        0     1                 
         1000180          1000180        0     1                 
         1000180          1000180        0     1                 
         1000182          1000182        0     1                 
         1000182          1000182        0     1                 
         1000182          1000182        0     1                 
         1000182          1000182        0     1                 
         1000182          1000182        0     1                 
         1000182          1000182       1c     1                 memcpy
         1000186          1000186        0     1                 
         1000186          1000186        0     1                 
         1000188          1000188        0     1                 
         1000188          1000188        0     1                 
         100018c          100018c        0     1                 
         100018e          100018e        0     1                 
         1000192          1000192        0     1                 
         1000192          1000192        0     1                 
         1000196          1000196        0     1                 
         1000198          1000198        0     1                 
         1000198          1000198        0     1                 
         100019c          100019c        0     1                 
         100019c          100019c        0     1                 
         100019e          100019e        0     1                 
         100019e          100019e        0     1                 
         100019e          100019e        0     1                 
         100019e          100019e        0     1                 
         100019e          100019e        0     1                 
         100019e          100019e       24     1                 strcpy
         10001a4          10001a4        0     1                 
         10001a8          10001a8        0     1                 
         10001a8          10001a8        0     1                 
         10001aa          10001aa        0     1                 
         10001aa          10001aa        0     1                 
         10001ae          10001ae        0     1                 
         10001b2          10001b2        0     1                 
         10001b6          10001b6        0     1                 
         10001b6          10001b6        0     1                 
         10001b8          10001b8        0     1                 
         10001b8          10001b8        0     1                 
         10001ba          10001ba        0     1                 
         10001bc          10001bc        0     1                 
         10001bc          10001bc        0     1                 
         10001c0          10001c0        0     1                 
         10001c2          10001c2        0     1                 
         10001c2          10001c2        0     1                 
         10001c2          10001c2        0     1                 
         10001c2          10001c2        0     1                 
         10001c2          10001c2        0     1                 
         10001c2          10001c2       2e     1                 strcmp
         10001c6          10001c6        0     1                 
         10001c8          10001c8        0     1                 
         10001ca          10001ca        0     1                 
         10001ca          10001ca        0     1                 
         10001d2          10001d2        0     1                 
         10001d6          10001d6        0     1                 
         10001d6          10001d6        0     1                 
         10001da          10001da        0     1                 
         10001dc          10001dc        0     1                 
         10001de          10001de        0     1                 
         10001e0          10001e0        0     1                 
         10001e6          10001e6        0     1                 
         10001e6          10001e6        0     1                 
         10001e8          10001e8        0     1                 
         10001e8          10001e8        0     1                 
         10001ec          10001ec        0     1                 
         10001ec          10001ec        0     1                 
         10001ee          10001ee        0     1                 
         10001f0          10001f0        0     1                 
         10001f0          10001f0        0     1                 
         10001f0          10001f0        0     1                 
         10001f0          10001f0        0     1                 
         10001f0          10001f0        0     1                 
         10001f0          10001f0      1fc     1                 printf
         100020e          100020e        0     1                 
         100021e          100021e        0     1                 
         1000248          1000248        0     1                 
         100024c          100024c        0     1                 
         100024e          100024e        0     1                 
         1000252          1000252        0     1                 
         100025a          100025a        0     1                 
         1000262          1000262        0     1                 
         1000262          1000262        0     1                 
         1000264          1000264        0     1                 
         1000266          1000266        0     1                 
         100026a          100026a        0     1                 
         100026c          100026c        0     1                 
         100027c          100027c        0     1                 
         100027c          100027c        0     1                 
         1000288          1000288        0     1                 
         100028c          100028c        0     1                 
         100028c          100028c        0     1                 
         100028e          100028e        0     1                 
         1000294          1000294        0     1                 
         1000294          1000294        0     1                 
         100029c          100029c        0     1                 
         100029c          100029c        0     1                 
         10002a8          10002a8        0     1                 
         10002a8          10002a8        0     1                 
         10002ac          10002ac        0     1                 
         10002ac          10002ac        0     1                 
         10002ae          10002ae        0     1                 
         10002b2          10002b2        0     1                 
         10002ba          10002ba        0     1                 
         10002ba          10002ba        0     1                 
         10002c0          10002c0        0     1                 
         10002c0          10002c0        0     1                 
         10002c2          10002c2        0     1                 
         10002c6          10002c6        0     1                 
         10002ce          10002ce        0     1                 
         10002ce          10002ce        0     1                 
         10002d4          10002d4        0     1                 
         10002d4          10002d4        0     1                 
         10002d6          10002d6        0     1                 
         10002da          10002da        0     1                 
         10002e2          10002e2        0     1                 
         10002e2          10002e2        0     1                 
         10002e8          10002e8        0     1                 
         10002e8          10002e8        0     1                 
         10002ea          10002ea        0     1                 
         10002ee          10002ee        0     1                 
         10002f6          10002f6        0     1                 
         10002f6          10002f6        0     1                 
         10002fc          10002fc        0     1                 
         10002fc          10002fc        0     1                 
         10002fe          10002fe        0     1                 
         1000302          1000302        0     1                 
         100030a          100030a        0     1                 
         100030a          100030a        0     1                 
         1000310          1000310        0     1                 
         1000310          1000310        0     1                 
         1000312          1000312        0     1                 
         1000316          1000316        0     1                 
         100031e          100031e        0     1                 
         100031e          100031e        0     1                 
         1000324          1000324        0     1                 
         1000324          1000324        0     1                 
         1000326          1000326        0     1                 
         100032a          100032a        0     1                 
         1000332          1000332        0     1                 
         1000332          1000332        0     1                 
         1000334          1000334        0     1                 
         100033a          100033a        0     1                 
         100033a          100033a        0     1                 
         1000342          1000342        0     1                 
         1000342          1000342        0     1                 
         1000344          1000344        0     1                 
         1000346          1000346        0     1                 
         1000346          1000346        0     1                 
         1000350          1000350        0     1                 
         1000350          1000350        0     1                 
         1000354          1000354        0     1                 
         100035a          100035a        0     1                 
         100035a          100035a        0     1                 
         1000366          1000366        0     1                 
         1000366          1000366        0     1                 
         100036a          100036a        0     1                 
         100036c          100036c        0     1                 
         1000370          1000370        0     1                 
         1000370          1000370        0     1                 
         100037c          100037c        0     1                 
         100037c          100037c        0     1                 
         1000380          1000380        0     1                 
         1000380          1000380        0     1                 
         1000382          1000382        0     1                 
         1000386          1000386        0     1                 
         1000388          1000388        0     1                 
         1000388          1000388        0     1                 
         100038c          100038c        0     1                 
         1000390          1000390        0     1                 
         1000394          1000394        0     1                 
         1000394          1000394        0     1                 
         1000396          1000396        0     1                 
         1000396          1000396        0     1                 
         100039a          100039a        0     1                 
         100039e          100039e        0     1                 
         10003aa          10003aa        0     1                 
         10003aa          10003aa        0     1                 
         10003b2          10003b2        0     1                 
         10003bc          10003bc        0     1                 
         10003bc          10003bc        0     1                 
         10003c2          10003c2        0     1                 
         10003c2          10003c2        0     1                 
         10003ce          10003ce        0     1                 
         10003ce          10003ce        0     1                 
         10003d2          10003d2        0     1                 
         10003e8          10003e8        0     1                 
         10003ec          10003ec        0     1                 
         10003ec          10003ec        0     1                 
         10003ec          10003ec       66     4 .rodata
         10003ec          10003ec       66     1         <internal>:(.rodata.str1.1)
         1000454          1000454    1000c     4 .bss
         1000454          1000454        c     1         . = ALIGN ( 16 )
         1000460          1000460    10000     1         . += 64 * 1024
         1010460          1010460        0     1         __stack_top = .
         1010460          1010460        0     1         
               0                0      8dc     1 .debug_loc
               0                0       a6     1         /tmp/shell-954927.o:(.debug_loc)
               0                0        0     1                 
               0                0        0     1                 $d.2
              70               70        0     1                 
              a6               a6      377     1         /tmp/user-c45621.o:(.debug_loc)
              a6               a6        0     1                 
              a6               a6        0     1                 $d.2
              ff               ff        0     1                 
             145              145        0     1                 
             18b              18b        0     1                 
             1d1              1d1        0     1                 
             217              217        0     1                 
             25d              25d        0     1                 
             2a3              2a3        0     1                 
             2d6              2d6        0     1                 
             31d              31d        0     1                 
             350              350        0     1                 
             383              383        0     1                 
             3b6              3b6        0     1                 
             3e9              3e9        0     1                 
             41d              41d      4bf     1         /tmp/common-eae306.o:(.debug_loc)
             41d              41d        0     1                 
             41d              41d        0     1                 $d.2
             479              479        0     1                 
             49e              49e        0     1                 
             4c1              4c1        0     1                 
             51d              51d        0     1                 
             542              542        0     1                 
             578              578        0     1                 
             5c1              5c1        0     1                 
             61f              61f        0     1                 
             642              642        0     1                 
             678              678        0     1                 
             6ae              6ae        0     1                 
             70c              70c        0     1                 
             7d9              7d9        0     1                 
             7fc              7fc        0     1                 
             891              891        0     1                 
               0                0      382     1 .debug_abbrev
               0                0      103     1         /tmp/shell-954927.o:(.debug_abbrev)
               0                0        0     1                 $d.3
             103              103      14a     1         /tmp/user-c45621.o:(.debug_abbrev)
             103              103        0     1                 $d.3
             24d              24d      135     1         /tmp/common-eae306.o:(.debug_abbrev)
             24d              24d        0     1                 $d.3
               0                0      987     1 .debug_info
               0                0      27b     1         /tmp/shell-954927.o:(.debug_info)
               0                0        0     1                 $d.4
             27b              27b      37a     1         /tmp/user-c45621.o:(.debug_info)
             27b              27b        0     1                 $d.4
             5f5              5f5      392     1         /tmp/common-eae306.o:(.debug_info)
             5f5              5f5        0     1                 $d.4
               0                0      20b     1 .debug_str
               0                0      20b     1         <internal>:(.debug_str)
               0                0       7d     1 .comment
               0                0       7d     1         <internal>:(.comment)
               0                0       2b     1 .riscv.attributes
               0                0       2b     1         <internal>:(.riscv.attributes)
               0                0      1c0     8 .debug_frame
               0                0       50     8         /tmp/shell-954927.o:(.debug_frame)
               0                0        0     1                 
               0                0        0     1                 $d.8
              50               50       c0     8         /tmp/user-c45621.o:(.debug_frame)
              50               50        0     1                 
              50               50        0     1                 $d.9
             110              110       b0     8         /tmp/common-eae306.o:(.debug_frame)
             110              110        0     1                 
             110              110        0     1                 $d.9
               0                0      5a0     1 .debug_line
               0                0      10a     1         /tmp/shell-954927.o:(.debug_line)
               0                0        0     1                 .Lline_table_start0
               0                0        0     1                 $d.9
             10a              10a       db     1         /tmp/user-c45621.o:(.debug_line)
             10a              10a        0     1                 .Lline_table_start0
             10a              10a        0     1                 $d.10
             1e5              1e5      3bb     1         /tmp/common-eae306.o:(.debug_line)
             1e5              1e5        0     1                 .Lline_table_start0
             1e5              1e5        0     1                 $d.10
               0                0       60     1 .debug_ranges
               0                0       30     1         /tmp/user-c45621.o:(.debug_ranges)
               0                0        0     1                 
               0                0        0     1                 $d.5
              30               30       30     1         /tmp/common-eae306.o:(.debug_ranges)
              30               30        0     1                 
              30               30        0     1                 $d.5
               0                0     29e8     8 .symtab
               0                0     29e8     8         <internal>:(.symtab)
               0                0       a0     1 .shstrtab
               0                0       a0     1         <internal>:(.shstrtab)
               0                0      125     1 .strtab
               0                0      125     1         <internal>:(.strtab)
