             VMA              LMA     Size Align Out     In      Symbol
               0                0  1000000     1 . = 0x1000000
         1000000          1000000      54e     2 .text
         1000000          1000000       1a     2         /tmp/user-6ca2f7.o:(.text.start)
         1000000          1000000        0     1                 
         1000000          1000000        0     1                 
         1000000          1000000        0     1                 $x.1
         1000000          1000000        0     1                 
         1000000          1000000       1a     1                 start
         100001a          100001a        0     1                 
         100001a          100001a      208     2         /tmp/shell-140e88.o:(.text)
         100001a          100001a        0     1                 
         100001a          100001a        0     1                 
         100001a          100001a        0     1                 $x.0
         100001a          100001a        0     1                 
         100001a          100001a      208     1                 main
         10000d4          10000d4        0     1                 
         10000d4          10000d4        0     1                 
         10000de          10000de        0     1                 
         10000de          10000de        0     1                 
         10000e8          10000e8        0     1                 
         10000e8          10000e8        0     1                 
         10000f0          10000f0        0     1                 
         10000f2          10000f2        0     1                 
         10000f6          10000f6        0     1                 
         10000fe          10000fe        0     1                 
         10000fe          10000fe        0     1                 
         1000106          1000106        0     1                 
         1000106          1000106        0     1                 
         100010a          100010a        0     1                 
         100010e          100010e        0     1                 
         1000112          1000112        0     1                 
         1000112          1000112        0     1                 
         100011a          100011a        0     1                 
         100011c          100011c        0     1                 
         1000120          1000120        0     1                 
         1000128          1000128        0     1                 
         1000128          1000128        0     1                 
         100012c          100012c        0     1                 
         100012c          100012c        0     1                 
         1000130          1000130        0     1                 
         100013a          100013a        0     1                 
         100013a          100013a        0     1                 
         100013c          100013c        0     1                 
         100013c          100013c        0     1                 
         1000146          1000146        0     1                 
         1000146          1000146        0     1                 
         100014a          100014a        0     1                 
         100014a          100014a        0     1                 
         1000156          1000156        0     1                 
         1000156          1000156        0     1                 
         1000158          1000158        0     1                 
         1000158          1000158        0     1                 
         1000164          1000164        0     1                 
         1000164          1000164        0     1                 
         1000166          1000166        0     1                 
         1000172          1000172        0     1                 
         1000172          1000172        0     1                 
         1000174          1000174        0     1                 
         1000180          1000180        0     1                 
         1000180          1000180        0     1                 
         1000182          1000182        0     1                 
         100018e          100018e        0     1                 
         100018e          100018e        0     1                 
         1000190          1000190        0     1                 
         100019c          100019c        0     1                 
         100019c          100019c        0     1                 
         100019e          100019e        0     1                 
         10001aa          10001aa        0     1                 
         10001aa          10001aa        0     1                 
         10001ac          10001ac        0     1                 
         10001ac          10001ac        0     1                 
         10001bc          10001bc        0     1                 
         10001bc          10001bc        0     1                 
         10001c0          10001c0        0     1                 
         10001c6          10001c6        0     1                 
         10001ce          10001ce        0     1                 
         10001ce          10001ce        0     1                 
         10001d0          10001d0        0     1                 
         10001d0          10001d0        0     1                 
         10001da          10001da        0     1                 
         10001e2          10001e2        0     1                 
         10001e8          10001e8        0     1                 
         10001e8          10001e8        0     1                 
         10001f2          10001f2        0     1                 
         10001fa          10001fa        0     1                 
         1000208          1000208        0     1                 
         100020a          100020a        0     1                 
         1000218          1000218        0     1                 
         1000218          1000218        0     1                 
         100021a          100021a        0     1                 
         1000222          1000222        0     1                 
         1000222          1000222        0     1                 
         1000222          1000222        0     1                 
         1000222          1000222       ac     2         /tmp/user-6ca2f7.o:(.text)
         1000222          1000222        0     1                 
         1000222          1000222        0     1                 
         1000222          1000222        0     1                 $x.0
         1000222          1000222        0     1                 
         1000222          1000222       12     1                 syscall
         1000224          1000224        0     1                 
         1000230          1000230        0     1                 
         1000234          1000234        0     1                 
         1000234          1000234        0     1                 
         1000234          1000234        0     1                 
         1000234          1000234        c     1                 putchar
         100023e          100023e        0     1                 
         1000240          1000240        0     1                 
         1000240          1000240        0     1                 
         1000240          1000240        0     1                 
         1000240          1000240       10     1                 getchar
         100024c          100024c        0     1                 
         1000250          1000250        0     1                 
         1000250          1000250        0     1                 
         1000250          1000250        0     1                 
         1000250          1000250        e     1                 readfile
         1000252          1000252        0     1                 
         1000254          1000254        0     1                 
         1000254          1000254        0     1                 
         100025a          100025a        0     1                 
         100025e          100025e        0     1                 
         100025e          100025e        0     1                 
         100025e          100025e        0     1                 
         100025e          100025e        e     1                 writefile
         1000260          1000260        0     1                 
         1000262          1000262        0     1                 
         1000262          1000262        0     1                 
         1000268          1000268        0     1                 
         100026c          100026c        0     1                 
         100026c          100026c        0     1                 
         100026c          100026c        0     1                 
         100026c          100026c        a     1                 ipc_send
         1000272          1000272        0     1                 
         1000276          1000276        0     1                 
         1000276          1000276        0     1                 
         1000276          1000276        0     1                 
         1000276          1000276        e     1                 monitor_kill
         1000280          1000280        0     1                 
         1000284          1000284        0     1                 
         1000284          1000284        0     1                 
         1000284          1000284        0     1                 
         1000284          1000284        c     1                 ipc_recv
         100028c          100028c        0     1                 
         1000290          1000290        0     1                 
         1000290          1000290        0     1                 
         1000290          1000290        0     1                 
         1000290          1000290        c     1                 spawn
         1000298          1000298        0     1                 
         100029c          100029c        0     1                 
         100029c          100029c        0     1                 
         100029c          100029c        0     1                 
         100029c          100029c        e     1                 exit
         10002a8          10002a8        0     1                 
         10002aa          10002aa        0     1                 
         10002aa          10002aa        0     1                 
         10002aa          10002aa        0     1                 
         10002aa          10002aa        0     1                 
         10002aa          10002aa        0     1                 
         10002aa          10002aa        e     1                 _connect
         10002ac          10002ac        0     1                 
         10002ae          10002ae        0     1                 
         10002ae          10002ae        0     1                 
         10002b4          10002b4        0     1                 
         10002b4          10002b4        0     1                 
         10002b8          10002b8        0     1                 
         10002b8          10002b8        0     1                 
         10002b8          10002b8        0     1                 
         10002b8          10002b8        c     1                 _dup2
         10002c0          10002c0        0     1                 
         10002c0          10002c0        0     1                 
         10002c4          10002c4        0     1                 
         10002c4          10002c4        0     1                 
         10002c4          10002c4        0     1                 
         10002c4          10002c4        a     1                 _execve
         10002ca          10002ca        0     1                 
         10002ca          10002ca        0     1                 
         10002ce          10002ce        0     1                 
         10002ce          10002ce      280     2         /tmp/common-3ab389.o:(.text)
         10002ce          10002ce        0     1                 
         10002ce          10002ce        0     1                 
         10002ce          10002ce        0     1                 $x.0
         10002ce          10002ce        0     1                 
         10002ce          10002ce       16     1                 memset
         10002d2          10002d2        0     1                 
         10002d2          10002d2        0     1                 
         10002d4          10002d4        0     1                 
         10002d4          10002d4        0     1                 
         10002d8          10002d8        0     1                 
         10002d8          10002d8        0     1                 
         10002dc          10002dc        0     1                 
         10002de          10002de        0     1                 
         10002de          10002de        0     1                 
         10002e2          10002e2        0     1                 
         10002e2          10002e2        0     1                 
         10002e4          10002e4        0     1                 
         10002e4          10002e4        0     1                 
         10002e4          10002e4        0     1                 
         10002e4          10002e4        0     1                 
         10002e4          10002e4        0     1                 
         10002e4          10002e4       1c     1                 memcpy
         10002e8          10002e8        0     1                 
         10002e8          10002e8        0     1                 
         10002ea          10002ea        0     1                 
         10002ea          10002ea        0     1                 
         10002ee          10002ee        0     1                 
         10002f0          10002f0        0     1                 
         10002f4          10002f4        0     1                 
         10002f4          10002f4        0     1                 
         10002f8          10002f8        0     1                 
         10002fa          10002fa        0     1                 
         10002fa          10002fa        0     1                 
         10002fe          10002fe        0     1                 
         10002fe          10002fe        0     1                 
         1000300          1000300        0     1                 
         1000300          1000300        0     1                 
         1000300          1000300        0     1                 
         1000300          1000300        0     1                 
         1000300          1000300        0     1                 
         1000300          1000300       24     1                 strcpy
         1000306          1000306        0     1                 
         100030a          100030a        0     1                 
         100030a          100030a        0     1                 
         100030c          100030c        0     1                 
         100030c          100030c        0     1                 
         1000310          1000310        0     1                 
         1000314          1000314        0     1                 
         1000318          1000318        0     1                 
         1000318          1000318        0     1                 
         100031a          100031a        0     1                 
         100031a          100031a        0     1                 
         100031c          100031c        0     1                 
         100031e          100031e        0     1                 
         100031e          100031e        0     1                 
         1000322          1000322        0     1                 
         1000324          1000324        0     1                 
         1000324          1000324        0     1                 
         1000324          1000324        0     1                 
         1000324          1000324        0     1                 
         1000324          1000324        0     1                 
         1000324          1000324       2e     1                 strcmp
         1000328          1000328        0     1                 
         100032a          100032a        0     1                 
         100032c          100032c        0     1                 
         100032c          100032c        0     1                 
         1000334          1000334        0     1                 
         1000338          1000338        0     1                 
         1000338          1000338        0     1                 
         100033c          100033c        0     1                 
         100033e          100033e        0     1                 
         1000340          1000340        0     1                 
         1000342          1000342        0     1                 
         1000348          1000348        0     1                 
         1000348          1000348        0     1                 
         100034a          100034a        0     1                 
         100034a          100034a        0     1                 
         100034e          100034e        0     1                 
         100034e          100034e        0     1                 
         1000350          1000350        0     1                 
         1000352          1000352        0     1                 
         1000352          1000352        0     1                 
         1000352          1000352        0     1                 
         1000352          1000352        0     1                 
         1000352          1000352        0     1                 
         1000352          1000352      1fc     1                 printf
         1000370          1000370        0     1                 
         1000380          1000380        0     1                 
         10003aa          10003aa        0     1                 
         10003ae          10003ae        0     1                 
         10003b0          10003b0        0     1                 
         10003b4          10003b4        0     1                 
         10003bc          10003bc        0     1                 
         10003c4          10003c4        0     1                 
         10003c4          10003c4        0     1                 
         10003c6          10003c6        0     1                 
         10003c8          10003c8        0     1                 
         10003cc          10003cc        0     1                 
         10003ce          10003ce        0     1                 
         10003de          10003de        0     1                 
         10003de          10003de        0     1                 
         10003ea          10003ea        0     1                 
         10003ee          10003ee        0     1                 
         10003ee          10003ee        0     1                 
         10003f0          10003f0        0     1                 
         10003f6          10003f6        0     1                 
         10003f6          10003f6        0     1                 
         10003fe          10003fe        0     1                 
         10003fe          10003fe        0     1                 
         100040a          100040a        0     1                 
         100040a          100040a        0     1                 
         100040e          100040e        0     1                 
         100040e          100040e        0     1                 
         1000410          1000410        0     1                 
         1000414          1000414        0     1                 
         100041c          100041c        0     1                 
         100041c          100041c        0     1                 
         1000422          1000422        0     1                 
         1000422          1000422        0     1                 
         1000424          1000424        0     1                 
         1000428          1000428        0     1                 
         1000430          1000430        0     1                 
         1000430          1000430        0     1                 
         1000436          1000436        0     1                 
         1000436          1000436        0     1                 
         1000438          1000438        0     1                 
         100043c          100043c        0     1                 
         1000444          1000444        0     1                 
         1000444          1000444        0     1                 
         100044a          100044a        0     1                 
         100044a          100044a        0     1                 
         100044c          100044c        0     1                 
         1000450          1000450        0     1                 
         1000458          1000458        0     1                 
         1000458          1000458        0     1                 
         100045e          100045e        0     1                 
         100045e          100045e        0     1                 
         1000460          1000460        0     1                 
         1000464          1000464        0     1                 
         100046c          100046c        0     1                 
         100046c          100046c        0     1                 
         1000472          1000472        0     1                 
         1000472          1000472        0     1                 
         1000474          1000474        0     1                 
         1000478          1000478        0     1                 
         1000480          1000480        0     1                 
         1000480          1000480        0     1                 
         1000486          1000486        0     1                 
         1000486          1000486        0     1                 
         1000488          1000488        0     1                 
         100048c          100048c        0     1                 
         1000494          1000494        0     1                 
         1000494          1000494        0     1                 
         1000496          1000496        0     1                 
         100049c          100049c        0     1                 
         100049c          100049c        0     1                 
         10004a4          10004a4        0     1                 
         10004a4          10004a4        0     1                 
         10004a6          10004a6        0     1                 
         10004a8          10004a8        0     1                 
         10004a8          10004a8        0     1                 
         10004b2          10004b2        0     1                 
         10004b2          10004b2        0     1                 
         10004b6          10004b6        0     1                 
         10004bc          10004bc        0     1                 
         10004bc          10004bc        0     1                 
         10004c8          10004c8        0     1                 
         10004c8          10004c8        0     1                 
         10004cc          10004cc        0     1                 
         10004ce          10004ce        0     1                 
         10004d2          10004d2        0     1                 
         10004d2          10004d2        0     1                 
         10004de          10004de        0     1                 
         10004de          10004de        0     1                 
         10004e2          10004e2        0     1                 
         10004e2          10004e2        0     1                 
         10004e4          10004e4        0     1                 
         10004e8          10004e8        0     1                 
         10004ea          10004ea        0     1                 
         10004ea          10004ea        0     1                 
         10004ee          10004ee        0     1                 
         10004f2          10004f2        0     1                 
         10004f6          10004f6        0     1                 
         10004f6          10004f6        0     1                 
         10004f8          10004f8        0     1                 
         10004f8          10004f8        0     1                 
         10004fc          10004fc        0     1                 
         1000500          1000500        0     1                 
         100050c          100050c        0     1                 
         100050c          100050c        0     1                 
         1000514          1000514        0     1                 
         100051e          100051e        0     1                 
         100051e          100051e        0     1                 
         1000524          1000524        0     1                 
         1000524          1000524        0     1                 
         1000530          1000530        0     1                 
         1000530          1000530        0     1                 
         1000534          1000534        0     1                 
         100054a          100054a        0     1                 
         100054e          100054e        0     1                 
         100054e          100054e        0     1                 
         1000550          1000550       c6     4 .rodata
         1000550          1000550       c6     1         <internal>:(.rodata.str1.1)
         1000618          1000618    20800     4 .data
         1000618          1000618    20800     1         /tmp/shell-140e88.o:(.data)
         1000618          1000618        0     1                 $d.1
         1000618          1000618    103d0     1                 myapp_bin
         10109e8          10109e8    10430     1                 mal_bin
         1020e18          1020e18        8     4 .sdata
         1020e18          1020e18        8     4         /tmp/shell-140e88.o:(.sdata)
         1020e18          1020e18        0     1                 $d.2
         1020e18          1020e18        4     1                 myapp_bin_len
         1020e1c          1020e1c        4     1                 mal_bin_len
         1020e20          1020e20    10000     4 .bss
         1020e20          1020e20        0     1         . = ALIGN ( 16 )
         1020e20          1020e20    10000     1         . += 64 * 1024
         1030e20          1030e20        0     1         __stack_top = .
         1030e20          1030e20        0     1         
               0                0      a77     1 .debug_loc
               0                0       a9     1         /tmp/shell-140e88.o:(.debug_loc)
               0                0        0     1                 
               0                0        0     1                 $d.4
              73               73        0     1                 
              a9               a9      50f     1         /tmp/user-6ca2f7.o:(.debug_loc)
              a9               a9        0     1                 
              a9               a9        0     1                 $d.2
             102              102        0     1                 
             148              148        0     1                 
             18e              18e        0     1                 
             1d4              1d4        0     1                 
             21a              21a        0     1                 
             260              260        0     1                 
             2a6              2a6        0     1                 
             2d9              2d9        0     1                 
             320              320        0     1                 
             353              353        0     1                 
             386              386        0     1                 
             3b9              3b9        0     1                 
             3ec              3ec        0     1                 
             41f              41f        0     1                 
             452              452        0     1                 
             485              485        0     1                 
             4b8              4b8        0     1                 
             4ec              4ec        0     1                 
             51f              51f        0     1                 
             552              552        0     1                 
             585              585        0     1                 
             5b8              5b8      4bf     1         /tmp/common-3ab389.o:(.debug_loc)
             5b8              5b8        0     1                 
             5b8              5b8        0     1                 $d.2
             614              614        0     1                 
             639              639        0     1                 
             65c              65c        0     1                 
             6b8              6b8        0     1                 
             6dd              6dd        0     1                 
             713              713        0     1                 
             75c              75c        0     1                 
             7ba              7ba        0     1                 
             7dd              7dd        0     1                 
             813              813        0     1                 
             849              849        0     1                 
             8a7              8a7        0     1                 
             974              974        0     1                 
             997              997        0     1                 
             a2c              a2c        0     1                 
               0                0      400     1 .debug_abbrev
               0                0      140     1         /tmp/shell-140e88.o:(.debug_abbrev)
               0                0        0     1                 $d.5
             140              140      18b     1         /tmp/user-6ca2f7.o:(.debug_abbrev)
             140              140        0     1                 $d.3
             2cb              2cb      135     1         /tmp/common-3ab389.o:(.debug_abbrev)
             2cb              2cb        0     1                 $d.3
               0                0     1024     1 .debug_info
               0                0      501     1         /tmp/shell-140e88.o:(.debug_info)
               0                0        0     1                 $d.6
             501              501      791     1         /tmp/user-6ca2f7.o:(.debug_info)
             501              501        0     1                 $d.4
             c92              c92      392     1         /tmp/common-3ab389.o:(.debug_info)
             c92              c92        0     1                 $d.4
               0                0      304     1 .debug_str
               0                0      304     1         <internal>:(.debug_str)
               0                0       80     1 .comment
               0                0       80     1         <internal>:(.comment)
               0                0       2b     1 .riscv.attributes
               0                0       2b     1         <internal>:(.riscv.attributes)
               0                0      268     8 .debug_frame
               0                0       50     8         /tmp/shell-140e88.o:(.debug_frame)
               0                0        0     1                 
               0                0        0     1                 $d.10
              50               50      168     8         /tmp/user-6ca2f7.o:(.debug_frame)
              50               50        0     1                 
              50               50        0     1                 $d.9
             1b8              1b8       b0     8         /tmp/common-3ab389.o:(.debug_frame)
             1b8              1b8        0     1                 
             1b8              1b8        0     1                 $d.9
               0                0      6d2     1 .debug_line
               0                0      1c7     1         /tmp/shell-140e88.o:(.debug_line)
               0                0        0     1                 .Lline_table_start0
               0                0        0     1                 $d.11
             1c7              1c7      150     1         /tmp/user-6ca2f7.o:(.debug_line)
             1c7              1c7        0     1                 .Lline_table_start0
             1c7              1c7        0     1                 $d.10
             317              317      3bb     1         /tmp/common-3ab389.o:(.debug_line)
             317              317        0     1                 .Lline_table_start0
             317              317        0     1                 $d.10
               0                0       60     1 .debug_ranges
               0                0       30     1         /tmp/user-6ca2f7.o:(.debug_ranges)
               0                0        0     1                 
               0                0        0     1                 $d.5
              30               30       30     1         /tmp/common-3ab389.o:(.debug_ranges)
              30               30        0     1                 
              30               30        0     1                 $d.5
               0                0     3618     8 .symtab
               0                0     3618     8         <internal>:(.symtab)
               0                0       ad     1 .shstrtab
               0                0       ad     1         <internal>:(.shstrtab)
               0                0      199     1 .strtab
               0                0      199     1         <internal>:(.strtab)
