             VMA              LMA     Size Align Out     In      Symbol
               0                0  1000000     1 . = 0x1000000
         1000000          1000000      2ca     2 .text
         1000000          1000000       1a     2         /tmp/user-2248be.o:(.text.start)
         1000000          1000000        0     1                 
         1000000          1000000        0     1                 
         1000000          1000000        0     1                 $x.1
         1000000          1000000        0     1                 
         1000000          1000000       1a     1                 start
         100001a          100001a        0     1                 
         100001a          100001a       10     2         /tmp/shell-b40bce.o:(.text)
         100001a          100001a        0     1                 
         100001a          100001a        0     1                 
         100001a          100001a        0     1                 $x.0
         100001a          100001a        0     1                 
         100001a          100001a       10     1                 main
         100002a          100002a        0     1                 
         100002a          100002a        0     1                 
         100002a          100002a       20     2         /tmp/user-2248be.o:(.text)
         100002a          100002a        0     1                 
         100002a          100002a        0     1                 
         100002a          100002a        0     1                 $x.0
         100002a          100002a        0     1                 
         100002a          100002a        2     1                 exit
         100002c          100002c        0     1                 
         100002c          100002c        0     1                 
         100002c          100002c        0     1                 
         100002c          100002c        0     1                 
         100002c          100002c        0     1                 
         100002c          100002c        c     1                 putchar
         1000036          1000036        0     1                 
         1000036          1000036        0     1                 
         1000038          1000038        0     1                 
         1000038          1000038        0     1                 
         1000038          1000038        0     1                 
         1000038          1000038       12     1                 syscall
         100003a          100003a        0     1                 
         100003a          100003a        0     1                 
         100003c          100003c        0     1                 
         100003e          100003e        0     1                 
         1000040          1000040        0     1                 
         1000042          1000042        0     1                 
         1000046          1000046        0     1                 
         1000046          1000046        0     1                 
         100004a          100004a        0     1                 
         100004a          100004a      280     2         /tmp/common-24f533.o:(.text)
         100004a          100004a        0     1                 
         100004a          100004a        0     1                 
         100004a          100004a        0     1                 $x.0
         100004a          100004a        0     1                 
         100004a          100004a      1fc     1                 printf
         1000078          1000078        0     1                 
         10000a2          10000a2        0     1                 
         10000a6          10000a6        0     1                 
         10000a8          10000a8        0     1                 
         10000ac          10000ac        0     1                 
         10000b4          10000b4        0     1                 
         10000bc          10000bc        0     1                 
         10000bc          10000bc        0     1                 
         10000be          10000be        0     1                 
         10000c0          10000c0        0     1                 
         10000c4          10000c4        0     1                 
         10000c6          10000c6        0     1                 
         10000d6          10000d6        0     1                 
         10000d6          10000d6        0     1                 
         10000e2          10000e2        0     1                 
         10000e6          10000e6        0     1                 
         10000e6          10000e6        0     1                 
         10000e8          10000e8        0     1                 
         10000ee          10000ee        0     1                 
         10000ee          10000ee        0     1                 
         10000f6          10000f6        0     1                 
         10000f6          10000f6        0     1                 
         1000102          1000102        0     1                 
         1000102          1000102        0     1                 
         1000106          1000106        0     1                 
         1000106          1000106        0     1                 
         1000108          1000108        0     1                 
         100010c          100010c        0     1                 
         1000114          1000114        0     1                 
         1000114          1000114        0     1                 
         100011a          100011a        0     1                 
         100011a          100011a        0     1                 
         100011c          100011c        0     1                 
         1000120          1000120        0     1                 
         1000128          1000128        0     1                 
         1000128          1000128        0     1                 
         100012e          100012e        0     1                 
         100012e          100012e        0     1                 
         1000130          1000130        0     1                 
         1000134          1000134        0     1                 
         100013c          100013c        0     1                 
         100013c          100013c        0     1                 
         1000142          1000142        0     1                 
         1000142          1000142        0     1                 
         1000144          1000144        0     1                 
         1000148          1000148        0     1                 
         1000150          1000150        0     1                 
         1000150          1000150        0     1                 
         1000156          1000156        0     1                 
         1000156          1000156        0     1                 
         1000158          1000158        0     1                 
         100015c          100015c        0     1                 
         1000164          1000164        0     1                 
         1000164          1000164        0     1                 
         100016a          100016a        0     1                 
         100016a          100016a        0     1                 
         100016c          100016c        0     1                 
         1000170          1000170        0     1                 
         1000178          1000178        0     1                 
         1000178          1000178        0     1                 
         100017e          100017e        0     1                 
         100017e          100017e        0     1                 
         1000180          1000180        0     1                 
         1000184          1000184        0     1                 
         100018c          100018c        0     1                 
         100018c          100018c        0     1                 
         100018e          100018e        0     1                 
         1000194          1000194        0     1                 
         1000194          1000194        0     1                 
         100019c          100019c        0     1                 
         100019c          100019c        0     1                 
         100019e          100019e        0     1                 
         10001a0          10001a0        0     1                 
         10001a0          10001a0        0     1                 
         10001aa          10001aa        0     1                 
         10001aa          10001aa        0     1                 
         10001ae          10001ae        0     1                 
         10001b4          10001b4        0     1                 
         10001b4          10001b4        0     1                 
         10001c0          10001c0        0     1                 
         10001c0          10001c0        0     1                 
         10001c4          10001c4        0     1                 
         10001c6          10001c6        0     1                 
         10001ca          10001ca        0     1                 
         10001ca          10001ca        0     1                 
         10001d6          10001d6        0     1                 
         10001d6          10001d6        0     1                 
         10001da          10001da        0     1                 
         10001da          10001da        0     1                 
         10001dc          10001dc        0     1                 
         10001e0          10001e0        0     1                 
         10001e2          10001e2        0     1                 
         10001e2          10001e2        0     1                 
         10001e6          10001e6        0     1                 
         10001ea          10001ea        0     1                 
         10001ee          10001ee        0     1                 
         10001ee          10001ee        0     1                 
         10001f0          10001f0        0     1                 
         10001f0          10001f0        0     1                 
         10001f4          10001f4        0     1                 
         10001f8          10001f8        0     1                 
         1000204          1000204        0     1                 
         1000204          1000204        0     1                 
         100020c          100020c        0     1                 
         1000216          1000216        0     1                 
         1000216          1000216        0     1                 
         100021c          100021c        0     1                 
         100021c          100021c        0     1                 
         1000228          1000228        0     1                 
         1000228          1000228        0     1                 
         100022c          100022c        0     1                 
         1000242          1000242        0     1                 
         1000246          1000246        0     1                 
         1000246          1000246        0     1                 
         1000246          1000246        0     1                 
         1000246          1000246        0     1                 
         1000246          1000246        0     1                 
         1000246          1000246       1c     1                 memcpy
         100024a          100024a        0     1                 
         100024a          100024a        0     1                 
         100024c          100024c        0     1                 
         100024c          100024c        0     1                 
         1000250          1000250        0     1                 
         1000252          1000252        0     1                 
         1000256          1000256        0     1                 
         1000256          1000256        0     1                 
         100025a          100025a        0     1                 
         100025c          100025c        0     1                 
         100025c          100025c        0     1                 
         1000260          1000260        0     1                 
         1000260          1000260        0     1                 
         1000262          1000262        0     1                 
         1000262          1000262        0     1                 
         1000262          1000262        0     1                 
         1000262          1000262        0     1                 
         1000262          1000262        0     1                 
         1000262          1000262       16     1                 memset
         1000266          1000266        0     1                 
         1000266          1000266        0     1                 
         1000268          1000268        0     1                 
         1000268          1000268        0     1                 
         100026c          100026c        0     1                 
         100026c          100026c        0     1                 
         1000270          1000270        0     1                 
         1000272          1000272        0     1                 
         1000272          1000272        0     1                 
         1000276          1000276        0     1                 
         1000276          1000276        0     1                 
         1000278          1000278        0     1                 
         1000278          1000278        0     1                 
         1000278          1000278        0     1                 
         1000278          1000278        0     1                 
         1000278          1000278        0     1                 
         1000278          1000278       24     1                 strcpy
         100027e          100027e        0     1                 
         1000282          1000282        0     1                 
         1000282          1000282        0     1                 
         1000284          1000284        0     1                 
         1000284          1000284        0     1                 
         1000288          1000288        0     1                 
         100028c          100028c        0     1                 
         1000290          1000290        0     1                 
         1000290          1000290        0     1                 
         1000292          1000292        0     1                 
         1000292          1000292        0     1                 
         1000294          1000294        0     1                 
         1000296          1000296        0     1                 
         1000296          1000296        0     1                 
         100029a          100029a        0     1                 
         100029c          100029c        0     1                 
         100029c          100029c        0     1                 
         100029c          100029c        0     1                 
         100029c          100029c        0     1                 
         100029c          100029c        0     1                 
         100029c          100029c       2e     1                 strcmp
         10002a0          10002a0        0     1                 
         10002a2          10002a2        0     1                 
         10002a4          10002a4        0     1                 
         10002a4          10002a4        0     1                 
         10002ac          10002ac        0     1                 
         10002b0          10002b0        0     1                 
         10002b0          10002b0        0     1                 
         10002b4          10002b4        0     1                 
         10002b6          10002b6        0     1                 
         10002b8          10002b8        0     1                 
         10002ba          10002ba        0     1                 
         10002c0          10002c0        0     1                 
         10002c0          10002c0        0     1                 
         10002c2          10002c2        0     1                 
         10002c2          10002c2        0     1                 
         10002c6          10002c6        0     1                 
         10002c6          10002c6        0     1                 
         10002c8          10002c8        0     1                 
         10002ca          10002ca        0     1                 
         10002ca          10002ca        0     1                 
         10002cc          10002cc       2a     4 .rodata
         10002cc          10002cc       2a     1         <internal>:(.rodata.str1.1)
         10002f8          10002f8    10008     4 .bss
         10002f8          10002f8        8     1         . = ALIGN ( 16 )
         1000300          1000300    10000     1         . += 64 * 1024
         1010300          1010300        0     1         __stack_top = .
         1010300          1010300        0     1         
               0                0      2b8     1 .debug_abbrev
               0                0       98     1         /tmp/shell-b40bce.o:(.debug_abbrev)
               0                0        0     1                 $d.2
              98               98       eb     1         /tmp/user-2248be.o:(.debug_abbrev)
              98               98        0     1                 $d.3
             183              183      135     1         /tmp/common-24f533.o:(.debug_abbrev)
             183              183        0     1                 $d.3
               0                0      5a5     1 .debug_info
               0                0       91     1         /tmp/shell-b40bce.o:(.debug_info)
               0                0        0     1                 $d.3
              91               91      182     1         /tmp/user-2248be.o:(.debug_info)
              91               91        0     1                 $d.4
             213              213      392     1         /tmp/common-24f533.o:(.debug_info)
             213              213        0     1                 $d.4
               0                0      1c9     1 .debug_str
               0                0      1c9     1         <internal>:(.debug_str)
               0                0       80     1 .comment
               0                0       80     1         <internal>:(.comment)
               0                0       2b     1 .riscv.attributes
               0                0       2b     1         <internal>:(.riscv.attributes)
               0                0      158     8 .debug_frame
               0                0       30     8         /tmp/shell-b40bce.o:(.debug_frame)
               0                0        0     1                 
               0                0        0     1                 $d.7
              30               30       78     8         /tmp/user-2248be.o:(.debug_frame)
              30               30        0     1                 
              30               30        0     1                 $d.9
              a8               a8       b0     8         /tmp/common-24f533.o:(.debug_frame)
              a8               a8        0     1                 
              a8               a8        0     1                 $d.9
               0                0      480     1 .debug_line
               0                0       4e     1         /tmp/shell-b40bce.o:(.debug_line)
               0                0        0     1                 .Lline_table_start0
               0                0        0     1                 $d.8
              4e               4e       7a     1         /tmp/user-2248be.o:(.debug_line)
              4e               4e        0     1                 .Lline_table_start0
              4e               4e        0     1                 $d.10
              c8               c8      3b8     1         /tmp/common-24f533.o:(.debug_line)
              c8               c8        0     1                 .Lline_table_start0
              c8               c8        0     1                 $d.10
               0                0      748     1 .debug_loc
               0                0      289     1         /tmp/user-2248be.o:(.debug_loc)
               0                0        0     1                 
               0                0        0     1                 $d.2
              33               33        0     1                 
              8c               8c        0     1                 
              d2               d2        0     1                 
             118              118        0     1                 
             15e              15e        0     1                 
             1a4              1a4        0     1                 
             1ea              1ea        0     1                 
             230              230        0     1                 
             289              289      4bf     1         /tmp/common-24f533.o:(.debug_loc)
             289              289        0     1                 
             289              289        0     1                 $d.2
             2bf              2bf        0     1                 
             2f5              2f5        0     1                 
             353              353        0     1                 
             420              420        0     1                 
             443              443        0     1                 
             4d8              4d8        0     1                 
             523              523        0     1                 
             546              546        0     1                 
             5a2              5a2        0     1                 
             5c7              5c7        0     1                 
             623              623        0     1                 
             648              648        0     1                 
             67e              67e        0     1                 
             6c7              6c7        0     1                 
             725              725        0     1                 
               0                0       60     1 .debug_ranges
               0                0       30     1         /tmp/user-2248be.o:(.debug_ranges)
               0                0        0     1                 
               0                0        0     1                 $d.5
              30               30       30     1         /tmp/common-24f533.o:(.debug_ranges)
              30               30        0     1                 
              30               30        0     1                 $d.5
               0                0     2208     8 .symtab
               0                0     2208     8         <internal>:(.symtab)
               0                0       a0     1 .shstrtab
               0                0       a0     1         <internal>:(.shstrtab)
               0                0      105     1 .strtab
               0                0      105     1         <internal>:(.strtab)
