             VMA              LMA     Size Align Out     In      Symbol
               0                0  1000000     1 . = 0x1000000
         1000000          1000000      304     2 .text
         1000000          1000000       1a     2         /tmp/user-a50e35.o:(.text.start)
         1000000          1000000        0     1                 
         1000000          1000000        0     1                 
         1000000          1000000        0     1                 $x.1
         1000000          1000000        0     1                 
         1000000          1000000       1a     1                 start
         100001a          100001a        0     1                 
         100001a          100001a       12     2         /tmp/shell-382f73.o:(.text)
         100001a          100001a        0     1                 
         100001a          100001a        0     1                 
         100001a          100001a        0     1                 $x.0
         100001a          100001a        0     1                 
         100001a          100001a       12     1                 main
         100001e          100001e        0     1                 
         100002a          100002a        0     1                 
         100002a          100002a        0     1                 
         100002c          100002c        0     1                 
         100002c          100002c        0     1                 
         100002c          100002c       58     2         /tmp/user-a50e35.o:(.text)
         100002c          100002c        0     1                 
         100002c          100002c        0     1                 
         100002c          100002c        0     1                 $x.0
         100002c          100002c        0     1                 
         100002c          100002c       12     1                 syscall
         100002e          100002e        0     1                 
         100003a          100003a        0     1                 
         100003e          100003e        0     1                 
         100003e          100003e        0     1                 
         100003e          100003e        0     1                 
         100003e          100003e        c     1                 putchar
         1000048          1000048        0     1                 
         100004a          100004a        0     1                 
         100004a          100004a        0     1                 
         100004a          100004a        0     1                 
         100004a          100004a       10     1                 getchar
         1000056          1000056        0     1                 
         100005a          100005a        0     1                 
         100005a          100005a        0     1                 
         100005a          100005a        0     1                 
         100005a          100005a        e     1                 readfile
         100005c          100005c        0     1                 
         100005e          100005e        0     1                 
         100005e          100005e        0     1                 
         1000064          1000064        0     1                 
         1000068          1000068        0     1                 
         1000068          1000068        0     1                 
         1000068          1000068        0     1                 
         1000068          1000068        e     1                 writefile
         100006a          100006a        0     1                 
         100006c          100006c        0     1                 
         100006c          100006c        0     1                 
         1000072          1000072        0     1                 
         1000076          1000076        0     1                 
         1000076          1000076        0     1                 
         1000076          1000076        0     1                 
         1000076          1000076        e     1                 exit
         1000082          1000082        0     1                 
         1000084          1000084        0     1                 
         1000084          1000084        0     1                 
         1000084          1000084      280     2         /tmp/common-2f09b0.o:(.text)
         1000084          1000084        0     1                 
         1000084          1000084        0     1                 
         1000084          1000084        0     1                 $x.0
         1000084          1000084        0     1                 
         1000084          1000084       16     1                 memset
         1000088          1000088        0     1                 
         1000088          1000088        0     1                 
         100008a          100008a        0     1                 
         100008a          100008a        0     1                 
         100008e          100008e        0     1                 
         100008e          100008e        0     1                 
         1000092          1000092        0     1                 
         1000094          1000094        0     1                 
         1000094          1000094        0     1                 
         1000098          1000098        0     1                 
         1000098          1000098        0     1                 
         100009a          100009a        0     1                 
         100009a          100009a        0     1                 
         100009a          100009a        0     1                 
         100009a          100009a        0     1                 
         100009a          100009a        0     1                 
         100009a          100009a       1c     1                 memcpy
         100009e          100009e        0     1                 
         100009e          100009e        0     1                 
         10000a0          10000a0        0     1                 
         10000a0          10000a0        0     1                 
         10000a4          10000a4        0     1                 
         10000a6          10000a6        0     1                 
         10000aa          10000aa        0     1                 
         10000aa          10000aa        0     1                 
         10000ae          10000ae        0     1                 
         10000b0          10000b0        0     1                 
         10000b0          10000b0        0     1                 
         10000b4          10000b4        0     1                 
         10000b4          10000b4        0     1                 
         10000b6          10000b6        0     1                 
         10000b6          10000b6        0     1                 
         10000b6          10000b6        0     1                 
         10000b6          10000b6        0     1                 
         10000b6          10000b6        0     1                 
         10000b6          10000b6       24     1                 strcpy
         10000bc          10000bc        0     1                 
         10000c0          10000c0        0     1                 
         10000c0          10000c0        0     1                 
         10000c2          10000c2        0     1                 
         10000c2          10000c2        0     1                 
         10000c6          10000c6        0     1                 
         10000ca          10000ca        0     1                 
         10000ce          10000ce        0     1                 
         10000ce          10000ce        0     1                 
         10000d0          10000d0        0     1                 
         10000d0          10000d0        0     1                 
         10000d2          10000d2        0     1                 
         10000d4          10000d4        0     1                 
         10000d4          10000d4        0     1                 
         10000d8          10000d8        0     1                 
         10000da          10000da        0     1                 
         10000da          10000da        0     1                 
         10000da          10000da        0     1                 
         10000da          10000da        0     1                 
         10000da          10000da        0     1                 
         10000da          10000da       2e     1                 strcmp
         10000de          10000de        0     1                 
         10000e0          10000e0        0     1                 
         10000e2          10000e2        0     1                 
         10000e2          10000e2        0     1                 
         10000ea          10000ea        0     1                 
         10000ee          10000ee        0     1                 
         10000ee          10000ee        0     1                 
         10000f2          10000f2        0     1                 
         10000f4          10000f4        0     1                 
         10000f6          10000f6        0     1                 
         10000f8          10000f8        0     1                 
         10000fe          10000fe        0     1                 
         10000fe          10000fe        0     1                 
         1000100          1000100        0     1                 
         1000100          1000100        0     1                 
         1000104          1000104        0     1                 
         1000104          1000104        0     1                 
         1000106          1000106        0     1                 
         1000108          1000108        0     1                 
         1000108          1000108        0     1                 
         1000108          1000108        0     1                 
         1000108          1000108        0     1                 
         1000108          1000108        0     1                 
         1000108          1000108      1fc     1                 printf
         1000126          1000126        0     1                 
         1000136          1000136        0     1                 
         1000160          1000160        0     1                 
         1000164          1000164        0     1                 
         1000166          1000166        0     1                 
         100016a          100016a        0     1                 
         1000172          1000172        0     1                 
         100017a          100017a        0     1                 
         100017a          100017a        0     1                 
         100017c          100017c        0     1                 
         100017e          100017e        0     1                 
         1000182          1000182        0     1                 
         1000184          1000184        0     1                 
         1000194          1000194        0     1                 
         1000194          1000194        0     1                 
         10001a0          10001a0        0     1                 
         10001a4          10001a4        0     1                 
         10001a4          10001a4        0     1                 
         10001a6          10001a6        0     1                 
         10001ac          10001ac        0     1                 
         10001ac          10001ac        0     1                 
         10001b4          10001b4        0     1                 
         10001b4          10001b4        0     1                 
         10001c0          10001c0        0     1                 
         10001c0          10001c0        0     1                 
         10001c4          10001c4        0     1                 
         10001c4          10001c4        0     1                 
         10001c6          10001c6        0     1                 
         10001ca          10001ca        0     1                 
         10001d2          10001d2        0     1                 
         10001d2          10001d2        0     1                 
         10001d8          10001d8        0     1                 
         10001d8          10001d8        0     1                 
         10001da          10001da        0     1                 
         10001de          10001de        0     1                 
         10001e6          10001e6        0     1                 
         10001e6          10001e6        0     1                 
         10001ec          10001ec        0     1                 
         10001ec          10001ec        0     1                 
         10001ee          10001ee        0     1                 
         10001f2          10001f2        0     1                 
         10001fa          10001fa        0     1                 
         10001fa          10001fa        0     1                 
         1000200          1000200        0     1                 
         1000200          1000200        0     1                 
         1000202          1000202        0     1                 
         1000206          1000206        0     1                 
         100020e          100020e        0     1                 
         100020e          100020e        0     1                 
         1000214          1000214        0     1                 
         1000214          1000214        0     1                 
         1000216          1000216        0     1                 
         100021a          100021a        0     1                 
         1000222          1000222        0     1                 
         1000222          1000222        0     1                 
         1000228          1000228        0     1                 
         1000228          1000228        0     1                 
         100022a          100022a        0     1                 
         100022e          100022e        0     1                 
         1000236          1000236        0     1                 
         1000236          1000236        0     1                 
         100023c          100023c        0     1                 
         100023c          100023c        0     1                 
         100023e          100023e        0     1                 
         1000242          1000242        0     1                 
         100024a          100024a        0     1                 
         100024a          100024a        0     1                 
         100024c          100024c        0     1                 
         1000252          1000252        0     1                 
         1000252          1000252        0     1                 
         100025a          100025a        0     1                 
         100025a          100025a        0     1                 
         100025c          100025c        0     1                 
         100025e          100025e        0     1                 
         100025e          100025e        0     1                 
         1000268          1000268        0     1                 
         1000268          1000268        0     1                 
         100026c          100026c        0     1                 
         1000272          1000272        0     1                 
         1000272          1000272        0     1                 
         100027e          100027e        0     1                 
         100027e          100027e        0     1                 
         1000282          1000282        0     1                 
         1000284          1000284        0     1                 
         1000288          1000288        0     1                 
         1000288          1000288        0     1                 
         1000294          1000294        0     1                 
         1000294          1000294        0     1                 
         1000298          1000298        0     1                 
         1000298          1000298        0     1                 
         100029a          100029a        0     1                 
         100029e          100029e        0     1                 
         10002a0          10002a0        0     1                 
         10002a0          10002a0        0     1                 
         10002a4          10002a4        0     1                 
         10002a8          10002a8        0     1                 
         10002ac          10002ac        0     1                 
         10002ac          10002ac        0     1                 
         10002ae          10002ae        0     1                 
         10002ae          10002ae        0     1                 
         10002b2          10002b2        0     1                 
         10002b6          10002b6        0     1                 
         10002c2          10002c2        0     1                 
         10002c2          10002c2        0     1                 
         10002ca          10002ca        0     1                 
         10002d4          10002d4        0     1                 
         10002d4          10002d4        0     1                 
         10002da          10002da        0     1                 
         10002da          10002da        0     1                 
         10002e6          10002e6        0     1                 
         10002e6          10002e6        0     1                 
         10002ea          10002ea        0     1                 
         1000300          1000300        0     1                 
         1000304          1000304        0     1                 
         1000304          1000304        0     1                 
         1000304          1000304       11     4 .rodata
         1000304          1000304       11     1         <internal>:(.rodata.str1.1)
         1000318          1000318    10008     4 .bss
         1000318          1000318        8     1         . = ALIGN ( 16 )
         1000320          1000320    10000     1         . += 64 * 1024
         1010320          1010320        0     1         __stack_top = .
         1010320          1010320        0     1         
               0                0      2d9     1 .debug_abbrev
               0                0       5a     1         /tmp/shell-382f73.o:(.debug_abbrev)
               0                0        0     1                 $d.1
              5a               5a      14a     1         /tmp/user-a50e35.o:(.debug_abbrev)
              5a               5a        0     1                 $d.3
             1a4              1a4      135     1         /tmp/common-2f09b0.o:(.debug_abbrev)
             1a4              1a4        0     1                 $d.3
               0                0      76e     1 .debug_info
               0                0       62     1         /tmp/shell-382f73.o:(.debug_info)
               0                0        0     1                 $d.2
              62               62      37a     1         /tmp/user-a50e35.o:(.debug_info)
              62               62        0     1                 $d.4
             3dc              3dc      392     1         /tmp/common-2f09b0.o:(.debug_info)
             3dc              3dc        0     1                 $d.4
               0                0      1f1     1 .debug_str
               0                0      1f1     1         <internal>:(.debug_str)
               0                0       80     1 .comment
               0                0       80     1         <internal>:(.comment)
               0                0       2b     1 .riscv.attributes
               0                0       2b     1         <internal>:(.riscv.attributes)
               0                0      1a8     8 .debug_frame
               0                0       38     8         /tmp/shell-382f73.o:(.debug_frame)
               0                0        0     1                 
               0                0        0     1                 $d.6
              38               38       c0     8         /tmp/user-a50e35.o:(.debug_frame)
              38               38        0     1                 
              38               38        0     1                 $d.9
              f8               f8       b0     8         /tmp/common-2f09b0.o:(.debug_frame)
              f8               f8        0     1                 
              f8               f8        0     1                 $d.9
               0                0      4ee     1 .debug_line
               0                0       58     1         /tmp/shell-382f73.o:(.debug_line)
               0                0        0     1                 .Lline_table_start0
               0                0        0     1                 $d.7
              58               58       db     1         /tmp/user-a50e35.o:(.debug_line)
              58               58        0     1                 .Lline_table_start0
              58               58        0     1                 $d.10
             133              133      3bb     1         /tmp/common-2f09b0.o:(.debug_line)
             133              133        0     1                 .Lline_table_start0
             133              133        0     1                 $d.10
               0                0      836     1 .debug_loc
               0                0      377     1         /tmp/user-a50e35.o:(.debug_loc)
               0                0        0     1                 
               0                0        0     1                 $d.2
              59               59        0     1                 
              9f               9f        0     1                 
              e5               e5        0     1                 
             12b              12b        0     1                 
             171              171        0     1                 
             1b7              1b7        0     1                 
             1fd              1fd        0     1                 
             230              230        0     1                 
             277              277        0     1                 
             2aa              2aa        0     1                 
             2dd              2dd        0     1                 
             310              310        0     1                 
             343              343        0     1                 
             377              377      4bf     1         /tmp/common-2f09b0.o:(.debug_loc)
             377              377        0     1                 
             377              377        0     1                 $d.2
             3d3              3d3        0     1                 
             3f8              3f8        0     1                 
             41b              41b        0     1                 
             477              477        0     1                 
             49c              49c        0     1                 
             4d2              4d2        0     1                 
             51b              51b        0     1                 
             579              579        0     1                 
             59c              59c        0     1                 
             5d2              5d2        0     1                 
             608              608        0     1                 
             666              666        0     1                 
             733              733        0     1                 
             756              756        0     1                 
             7eb              7eb        0     1                 
               0                0       60     1 .debug_ranges
               0                0       30     1         /tmp/user-a50e35.o:(.debug_ranges)
               0                0        0     1                 
               0                0        0     1                 $d.5
              30               30       30     1         /tmp/common-2f09b0.o:(.debug_ranges)
              30               30        0     1                 
              30               30        0     1                 $d.5
               0                0     24c0     8 .symtab
               0                0     24c0     8         <internal>:(.symtab)
               0                0       a0     1 .shstrtab
               0                0       a0     1         <internal>:(.shstrtab)
               0                0      11b     1 .strtab
               0                0      11b     1         <internal>:(.strtab)
